
                                 *****************
                                 * O   R   C   A *
                                 *****************

           --- An Ab Initio, DFT and Semiempirical electronic structure package ---

                  #######################################################
                  #                        -***-                        #
                  #  Department of molecular theory and spectroscopy    #
                  #              Directorship: Frank Neese              #
                  # Max Planck Institute for Chemical Energy Conversion #
                  #                  D-45470 Muelheim/Ruhr              #
                  #                       Germany                       #
                  #                                                     #
                  #                  All rights reserved                #
                  #                        -***-                        #
                  #######################################################


                         Program Version 3.0.3 - RELEASE   -


 With contributions from (in alphabetic order):
   Ute Becker             : Parallelization
   Dmytro Bykov           : SCF Hessian
   Dmitry Ganyushin       : Spin-Orbit,Spin-Spin,Magnetic field MRCI
   Andreas Hansen         : Spin unrestricted coupled pair/coupled cluster methods
   Dimitrios Liakos       : Extrapolation schemes; parallel MDCI
   Robert Izsak           : Overlap fitted RIJCOSX, COSX-SCS-MP3
   Christian Kollmar      : KDIIS, OOCD, Brueckner-CCSD(T), CCSD density
   Simone Kossmann        : Meta GGA functionals, TD-DFT gradient, OOMP2, MP2 Hessian
   Taras Petrenko         : DFT Hessian,TD-DFT gradient, ASA and ECA modules, normal mode analysis, Resonance Raman, ABS, FL, XAS/XES, NRVS
   Christoph Reimann      : Effective Core Potentials
   Michael Roemelt        : Restricted open shell CIS
   Christoph Riplinger    : Improved optimizer, TS searches, QM/MM, DLPNO-CCSD
   Barbara Sandhoefer     : DKH picture change effects
   Igor Schapiro          : Molecular dynamics
   Kantharuban Sivalingam : CASSCF convergence, NEVPT2
   Boris Wezisla          : Elementary symmetry handling
   Frank Wennmohs         : Technical directorship


 We gratefully acknowledge several colleagues who have allowed us to
 interface, adapt or use parts of their codes:
   Stefan Grimme, W. Hujo, H. Kruse, T. Risthaus : VdW corrections, initial TS optimization,
                                                   DFT functionals, gCP
   Ed Valeev                                     : LibInt (2-el integral package), F12 methods
   Garnet Chan, S. Sharma, R. Olivares           : DMRG
   Ulf Ekstrom                                   : XCFun DFT Library
   Mihaly Kallay                                 : mrcc  (arbitrary order and MRCC methods)
   Andreas Klamt, Michael Diedenhofen            : otool_cosmo (COSMO solvation model)
   Frank Weinhold                                : gennbo (NPA and NBO analysis)
   Christopher J. Cramer and Donald G. Truhlar   : smd solvation model


 Your calculation uses the libint2 library for the computation of 2-el integrals
 For citations please refer to: http://libint.valeyev.net

 This ORCA versions uses:
   CBLAS   interface :  Fast vector & matrix operations
   LAPACKE interface :  Fast linear algebra routines
   SCALAPACK package :  Parallel linear algebra routines


leaving
================================================================================
                                        WARNINGS
                       Please study these warnings very carefully!
================================================================================
Now building the actual basis set

WARNING: Direct SCF is incompatible with Method<>HF and Method<>DFT
  ===> : conventional SCF is chosen

WARNING: The NDO methods need Guess=HUECKEL or Guess=HCORE or Guess=MOREAD
  ===> : Guess is set to Hueckel

WARNING: The NDO methods need %rel::SOCType==1
  ===> : %rel::SOCType is set to 1

WARNING: The NDO methods cannot have frozencore=1
  ===> : %method FrozenCore=0 end


INFO   : the flag for use of LIBINT has been found!

================================================================================
                                       INPUT FILE
================================================================================
NAME = /Users/mattyjones/GoogleDrive/Boise/Code/MorphCT/tests/output_EZ/donor_polymer/chromophores/input_orca/single/00006.inp
|  1> # ================================================================
|  2> # Orca input file made by Matty Jones
|  3> # ================================================================
|  4> ! ZINDO/S 
|  5> ! NOPOP
|  6> ! NOMOPRINT
|  7> * xyz 0   1
|  8>  C  2.04899  3.85710  -0.81484
|  9>  C  1.64652  2.52870  -0.66897
| 10>  C  2.35633  1.81144  0.34393
| 11>  C  3.32418  2.57734  1.00120
| 12>  S  3.25178  4.08051  0.30431
| 13>  H  0.83493  2.03973  -1.30889
| 14>  C  2.13897  0.26453  0.78227
| 15>  C  0.66137  -0.44587  1.21538
| 16>  C  -0.27004  -1.12654  -0.00245
| 17>  H  -0.57319  -0.28601  -0.73641
| 18>  H  0.38376  -1.89701  -0.56311
| 19>  H  0.89166  -1.28093  1.97872
| 20>  H  0.03126  0.37223  1.73134
| 21>  H  2.51378  -0.39698  -0.10914
| 22>  H  2.81882  0.00527  1.68589
| 23>  C  -1.60416  -1.86245  0.57442
| 24>  C  -2.55101  -2.49463  -0.66988
| 25>  C  -3.56323  -1.31924  -1.32068
| 26>  H  -4.57024  -1.80223  -1.62200
| 27>  H  -3.05513  -0.86208  -2.25533
| 28>  H  -3.75143  -0.48632  -0.53954
| 29>  H  -1.86568  -2.90618  -1.49739
| 30>  H  -3.19915  -3.34522  -0.24206
| 31>  H  -1.29538  -2.74167  1.26114
| 32>  H  -2.23921  -1.11884  1.18784
| 33>  H  1.66640  4.57235  -1.49722
| 34>  H  3.96911  2.26298  1.78149
| 35> *
| 36> 
| 37>                          ****END OF INPUT****
================================================================================

                       ****************************
                       * Single Point Calculation *
                       ****************************

---------------------------------
CARTESIAN COORDINATES (ANGSTROEM)
---------------------------------
  C      2.048990    3.857100   -0.814840
  C      1.646520    2.528700   -0.668970
  C      2.356330    1.811440    0.343930
  C      3.324180    2.577340    1.001200
  S      3.251780    4.080510    0.304310
  H      0.834930    2.039730   -1.308890
  C      2.138970    0.264530    0.782270
  C      0.661370   -0.445870    1.215380
  C     -0.270040   -1.126540   -0.002450
  H     -0.573190   -0.286010   -0.736410
  H      0.383760   -1.897010   -0.563110
  H      0.891660   -1.280930    1.978720
  H      0.031260    0.372230    1.731340
  H      2.513780   -0.396980   -0.109140
  H      2.818820    0.005270    1.685890
  C     -1.604160   -1.862450    0.574420
  C     -2.551010   -2.494630   -0.669880
  C     -3.563230   -1.319240   -1.320680
  H     -4.570240   -1.802230   -1.622000
  H     -3.055130   -0.862080   -2.255330
  H     -3.751430   -0.486320   -0.539540
  H     -1.865680   -2.906180   -1.497390
  H     -3.199150   -3.345220   -0.242060
  H     -1.295380   -2.741670    1.261140
  H     -2.239210   -1.118840    1.187840
  H      1.666400    4.572350   -1.497220
  H      3.969110    2.262980    1.781490

----------------------------
CARTESIAN COORDINATES (A.U.)
----------------------------
  NO LB      ZA    FRAG    MASS        X           Y           Z
   0 C     4.0000    0    12.011          3.872029951143305          7.288862671147660         -1.539824442964393
   1 C     4.0000    0    12.011          3.111471874024019          4.778550474846670         -1.264170091809300
   2 C     4.0000    0    12.011          4.452818381142663          3.423125508030312          0.649933509239536
   3 C     4.0000    0    12.011          6.281789819858346          4.870466754000598          1.891993805281957
   4 S     6.0000    0    32.060          6.144973647762448          7.711046386727007          0.575062559813576
   5 H     1.0000    0     1.008          1.577789040994870          3.854531087143195         -2.473443639428187
   6 C     4.0000    0    12.011          4.042067508673540          0.499889254206189          1.478276062782578
   7 C     4.0000    0    12.011          1.249808173191498         -0.842572191331468          2.296735348645210
   8 C     4.0000    0    12.011         -0.510301645204095         -2.128852078907647         -0.004629829028107
   9 H     1.0000    0     1.008         -1.083172122702322         -0.540480571562817         -1.391613222280949
  10 H     1.0000    0     1.008          0.725201301153619         -3.584829373309954         -1.064123683272396
  11 H     1.0000    0     1.008          1.684993204572223         -2.420606896723749          3.739238895712659
  12 H     1.0000    0     1.008          0.059072838946378          0.703412758829507          3.271758444703220
  13 H     1.0000    0     1.008          4.750355760928564         -0.750183480644058         -0.206244710256165
  14 H     1.0000    0     1.008          5.326797820819903          0.009958856725765          3.185870391916499
  15 C     4.0000    0    12.011         -3.031423074991115         -3.519520438121635          1.085496485847046
  16 C     4.0000    0    12.011         -4.820710264894452         -4.714167505463972         -1.265889742591168
  17 C     4.0000    0    12.011         -6.733528852172221         -2.493002304914272         -2.495723510547119
  18 H     1.0000    0     1.008         -8.636501966292261         -3.405721130336897         -3.065135789220270
  19 H     1.0000    0     1.008         -5.773359003526834         -1.629095105530832         -4.261956041616616
  20 H     1.0000    0     1.008         -7.089175310576201         -0.919011613448583         -1.019582838295872
  21 H     1.0000    0     1.008         -3.525624253534201         -5.491884295879263         -2.829657015672343
  22 H     1.0000    0     1.008         -6.045517361334172         -6.321549657716049         -0.457427107976978
  23 H     1.0000    0     1.008         -2.447913439358911         -5.181005449587878          2.383209216533447
  24 H     1.0000    0     1.008         -4.231493656337806         -2.114301187676453          2.244692290917019
  25 H     1.0000    0     1.008          3.149039629566374          8.640489288434836         -2.829335762229576
  26 H     1.0000    0     1.008          7.500530895408179          4.276412446541115          3.366528210319371

--------------------------------
INTERNAL COORDINATES (ANGSTROEM)
--------------------------------
 C      0   0   0   0.000000     0.000     0.000
 C      1   0   0   1.395674     0.000     0.000
 C      2   1   0   1.429776   114.102     0.000
 C      3   2   1   1.398335   113.693     0.000
 S      1   2   3   1.658045   105.479     0.000
 H      2   1   3   1.143358   123.590   181.023
 C      3   2   1   1.622442   127.099   179.543
 C      7   3   2   1.695746   125.815   307.580
 C      8   7   3   1.677482   117.929    89.284
 H      9   8   7   1.156325   108.145   297.222
 H      9   8   7   1.155603   107.976    54.991
 H      8   7   3   1.154576   107.341   210.481
 H      8   7   3   1.154357   107.031   327.403
 H      7   3   2   1.171618   106.853    69.140
 H      7   3   2   1.160147   110.181   184.094
 C      9   8   7   1.629177   112.390   175.879
 C     16   9   8   1.686552   111.581   178.111
 C     17  16   9   1.682163   111.183   276.142
 H     18  17  16   1.156781   109.443   215.353
 H     18  17  16   1.157900   108.912    95.469
 H     18  17  16   1.157305   109.853   335.676
 H     17  16   9   1.150575   109.287    36.851
 H     17  16   9   1.151789   108.584   156.563
 H     16   9   8   1.157565   109.555   297.188
 H     16   9   8   1.154352   110.346    56.843
 H      1   2   3   1.060000   127.260   179.999
 H      4   3   2   1.060004   127.206   180.000

---------------------------
INTERNAL COORDINATES (A.U.)
---------------------------
 C      0   0   0   0.000000     0.000     0.000
 C      1   0   0   2.637442     0.000     0.000
 C      2   1   0   2.701885   114.102     0.000
 C      3   2   1   2.642470   113.693     0.000
 S      1   2   3   3.133251   105.479     0.000
 H      2   1   3   2.160634   123.590   181.023
 C      3   2   1   3.065971   127.099   179.543
 C      7   3   2   3.204495   125.815   307.580
 C      8   7   3   3.169982   117.929    89.284
 H      9   8   7   2.185138   108.145   297.222
 H      9   8   7   2.183773   107.976    54.991
 H      8   7   3   2.181833   107.341   210.481
 H      8   7   3   2.181419   107.031   327.403
 H      7   3   2   2.214038   106.853    69.140
 H      7   3   2   2.192360   110.181   184.094
 C      9   8   7   3.078699   112.390   175.879
 C     16   9   8   3.187122   111.581   178.111
 C     17  16   9   3.178827   111.183   276.142
 H     18  17  16   2.185999   109.443   215.353
 H     18  17  16   2.188113   108.912    95.469
 H     18  17  16   2.186989   109.853   335.676
 H     17  16   9   2.174272   109.287    36.851
 H     17  16   9   2.176566   108.584   156.563
 H     16   9   8   2.187481   109.555   297.188
 H     16   9   8   2.181409   110.346    56.843
 H      1   2   3   2.003110   127.260   179.999
 H      4   3   2   2.003118   127.206   180.000

----------------------------
SLATER BASIS SET DIM=  60
----------------------------
  0 C     2 shells
 l=0 nsto= 1
    2       1.625000000000        1.000000000000
 l=1 nsto= 1
    2       1.625000000000        1.000000000000
  1 C     2 shells
 l=0 nsto= 1
    2       1.625000000000        1.000000000000
 l=1 nsto= 1
    2       1.625000000000        1.000000000000
  2 C     2 shells
 l=0 nsto= 1
    2       1.625000000000        1.000000000000
 l=1 nsto= 1
    2       1.625000000000        1.000000000000
  3 C     2 shells
 l=0 nsto= 1
    2       1.625000000000        1.000000000000
 l=1 nsto= 1
    2       1.625000000000        1.000000000000
  4 S     2 shells
 l=0 nsto= 1
    3       1.925000000000        1.000000000000
 l=1 nsto= 1
    3       1.925000000000        1.000000000000
  5 H     1 shells
 l=0 nsto= 1
    1       1.200000000000        1.000000000000
  6 C     2 shells
 l=0 nsto= 1
    2       1.625000000000        1.000000000000
 l=1 nsto= 1
    2       1.625000000000        1.000000000000
  7 C     2 shells
 l=0 nsto= 1
    2       1.625000000000        1.000000000000
 l=1 nsto= 1
    2       1.625000000000        1.000000000000
  8 C     2 shells
 l=0 nsto= 1
    2       1.625000000000        1.000000000000
 l=1 nsto= 1
    2       1.625000000000        1.000000000000
  9 H     1 shells
 l=0 nsto= 1
    1       1.200000000000        1.000000000000
 10 H     1 shells
 l=0 nsto= 1
    1       1.200000000000        1.000000000000
 11 H     1 shells
 l=0 nsto= 1
    1       1.200000000000        1.000000000000
 12 H     1 shells
 l=0 nsto= 1
    1       1.200000000000        1.000000000000
 13 H     1 shells
 l=0 nsto= 1
    1       1.200000000000        1.000000000000
 14 H     1 shells
 l=0 nsto= 1
    1       1.200000000000        1.000000000000
 15 C     2 shells
 l=0 nsto= 1
    2       1.625000000000        1.000000000000
 l=1 nsto= 1
    2       1.625000000000        1.000000000000
 16 C     2 shells
 l=0 nsto= 1
    2       1.625000000000        1.000000000000
 l=1 nsto= 1
    2       1.625000000000        1.000000000000
 17 C     2 shells
 l=0 nsto= 1
    2       1.625000000000        1.000000000000
 l=1 nsto= 1
    2       1.625000000000        1.000000000000
 18 H     1 shells
 l=0 nsto= 1
    1       1.200000000000        1.000000000000
 19 H     1 shells
 l=0 nsto= 1
    1       1.200000000000        1.000000000000
 20 H     1 shells
 l=0 nsto= 1
    1       1.200000000000        1.000000000000
 21 H     1 shells
 l=0 nsto= 1
    1       1.200000000000        1.000000000000
 22 H     1 shells
 l=0 nsto= 1
    1       1.200000000000        1.000000000000
 23 H     1 shells
 l=0 nsto= 1
    1       1.200000000000        1.000000000000
 24 H     1 shells
 l=0 nsto= 1
    1       1.200000000000        1.000000000000
 25 H     1 shells
 l=0 nsto= 1
    1       1.200000000000        1.000000000000
 26 H     1 shells
 l=0 nsto= 1
    1       1.200000000000        1.000000000000
------------------------------------------------------------------------------
                           ORCA NDO INTEGRAL CALCULATION
------------------------------------------------------------------------------

--------------
NDO PARAMETERS
--------------

Gamma integral treatment              ... Mataga-Nishimoto
Nuclear repulsuion treatment          ... Direct (ZA*ZB/RAB)
Interaction factors:
s-s (sigma) =    1.0000
s-p (sigma) =    1.0000
s-d (sigma) =    1.0000
p-p (sigma) =    1.2670  p-p(pi) =    0.5850
p-d (sigma) =    1.0000  p-d(pi) =    1.0000
d-d (sigma) =    1.0000  d-d(pi) =    1.0000 d-d (delta) =    1.0000

fGamma parameter for Mataga-Nishimoto gamma integrals:    1.2000

--------------------------
Parameters for Element H :
--------------------------
 One-electron parameters (in eV)
  U(s)  =   -13.060000 Beta(s) =    12.000000 Neff(s) =     1.000000
 One-center electron repulsion parameters (in eV)
  G(s,s)=    12.850000
--------------------------
Parameters for Element C :
--------------------------
 One-electron parameters (in eV)
  U(s)  =   -50.870766 Beta(s) =    17.000000 Neff(s) =     2.000000
  U(p)  =   -41.599980 Beta(p) =    17.000000 Neff(p) =     2.000000 
 One-center electron repulsion parameters (in eV)
  G(s,s)=    11.110000
  G(s,p)=    11.110000 G(p,p)  =    11.110000
 Slater-Condon parameters (in eV)
 F2(p,p)=     4.5098 G1(s,p)=    6.8977
--------------------------
Parameters for Element S :
--------------------------
 One-electron parameters (in eV)
  U(s)  =   -69.509597 Beta(s) =    15.000000 Neff(s) =     2.000000
  U(p)  =   -60.725746 Beta(p) =    15.000000 Neff(p) =     4.000000 
 One-center electron repulsion parameters (in eV)
  G(s,s)=    10.090000
  G(s,p)=    10.090000 G(p,p)  =    10.090000
 Slater-Condon parameters (in eV)
 F2(p,p)=     4.5377 G1(s,p)=    3.0756

 Number of atoms                    ....   27
 Number of basis functions          ....   60

 Overlap integrals                  .... done
 One electron matrix                .... done
 Nuclear repulsion                  .... done
 Integral list                      .... done
 Electron-electron repulsion        .... done
-------------------------------------------------------------------------------
                                 ORCA SCF
-------------------------------------------------------------------------------

------------
SCF SETTINGS
------------
Hamiltonian:
 ZDO-Hamiltonian        Method          .... INDO


General Settings:
 Integral files         IntName         .... /Users/mattyjones/GoogleDrive/Boise/Code/MorphCT/tests/output_EZ/donor_polymer/chromophores/input_orca/single/00006
 Hartree-Fock type      HFTyp           .... RHF
 Total Charge           Charge          ....    0
 Multiplicity           Mult            ....    1
 Number of Electrons    NEL             ....   62
 Basis Dimension        Dim             ....   60
 Nuclear Repulsion      ENuc            ....    293.4090845227 Eh

Convergence Acceleration:
 DIIS                   CNVDIIS         .... on
   Start iteration      DIISMaxIt       ....    12
   Startup error        DIISStart       ....  0.200000
   # of expansion vecs  DIISMaxEq       ....     5
   Bias factor          DIISBfac        ....   1.050
   Max. coefficient     DIISMaxC        ....  10.000
 Newton-Raphson         CNVNR           .... off
 SOSCF                  CNVSOSCF        .... on
   Start iteration      SOSCFMaxIt      ....   150
   Startup grad/error   SOSCFStart      ....  0.003300
 Level Shifting         CNVShift        .... on
   Level shift para.    LevelShift      ....    0.2500
   Turn off err/grad.   ShiftErr        ....    0.0010
 Zerner damping         CNVZerner       .... off
 Static damping         CNVDamp         .... on
   Fraction old density DampFac         ....    0.7000
   Max. Damping (<1)    DampMax         ....    0.9800
   Min. Damping (>=0)   DampMin         ....    0.0000
   Turn off err/grad.   DampErr         ....    0.1000
 Fernandez-Rico         CNVRico         .... off

SCF Procedure:
 Maximum # iterations   MaxIter         ....   125
 SCF integral mode      SCFMode         .... Conventional
 Integral Buffer length BufferLength    .... 1048576
 Integral index format  IndFormat       ....     0
 Integral value format  ValFormat       ....     0
 Integral Storage       Thresh          ....  1.000e-08 Eh

Convergence Tolerance:
 Convergence Check Mode ConvCheckMode   .... Total+1el-Energy
 Energy Change          TolE            ....  1.000e-06 Eh
 1-El. energy change                    ....  1.000e-03 Eh
 Orbital Gradient       TolG            ....  5.000e-05
 Orbital Rotation angle TolX            ....  5.000e-05
 DIIS Error             TolErr          ....  1.000e-06


Diagonalization of the overlap matrix:
Smallest eigenvalue                        ... 1.698e-01
Time for diagonalization                   ...    0.001 sec
Threshold for overlap eigenvalues          ... 1.000e-08
Number of eigenvalues below threshold      ... 0
Time for construction of square roots      ...    0.000 sec
Total time needed                          ...    0.002 sec

-------------------------------
INITIAL GUESS: EXTENDED HUECKEL
-------------------------------
EHT matrix was read from disk
EHT matrix was diagonalized
Initial density was built
                      ------------------
                      INITIAL GUESS DONE
                      ------------------

 InCore treatment chosen:
   Memory dedicated               ...    1024 MB
   Memory needed                  ...      0 MB
   Number of tiny    integrals    ...       0
   Number of small   integrals    ...       0
   Number of regular integrals    ...    1896

--------------
SCF ITERATIONS
--------------
ITER       Energy         Delta-E        Max-DP      RMS-DP      [F,P]     Damp
  0     -7.0370240711   0.000000000000 0.03937024  0.00202476  0.0988043 0.7000
  1     -7.0577252853  -0.020701214223 0.03606674  0.00190509  0.0708284 0.7000
                               ***Turning on DIIS***
  2     -7.0730431093  -0.015317823951 0.08803334  0.00488460  0.0465434 0.0000
  3     -7.1131320014  -0.040088892100 0.01657940  0.00100334  0.0191803 0.0000
  4     -7.1056384058   0.007493595558 0.01081793  0.00068511  0.0065867 0.0000
  5     -7.1140237738  -0.008385367977 0.00702772  0.00046453  0.0037324 0.0000
  6     -7.1154481155  -0.001424341708 0.00460527  0.00033108  0.0019224 0.0000
                      *** Initiating the SOSCF procedure ***
                           *** Shutting down DIIS ***
                      *** Re-Reading the Fockian *** 
                      *** Removing any level shift *** 
ITER      Energy       Delta-E        Grad      Rot      Max-DP    RMS-DP
  7     -7.11329183   0.0021562824  0.002999  0.002999  0.004172  0.000311
  8     -7.11233523   0.0009566020  0.000230  0.000604  0.000459  0.000033
                 **** Energy Check signals convergence ****
              ***Rediagonalizing the Fockian in SOSCF/NRSCF***

               *****************************************************
               *                     SUCCESS                       *
               *           SCF CONVERGED AFTER   9 CYCLES          *
               *****************************************************


----------------
TOTAL SCF ENERGY
----------------

Total Energy       :           -7.11233605 Eh            -193.53650 eV

Components:
Nuclear Repulsion  :          293.40908452 Eh            7984.06709 eV
Electronic Energy  :         -300.52142057 Eh           -8177.60359 eV

One Electron Energy:         -555.79490608 Eh          -15123.94828 eV
Two Electron Energy:          255.27348551 Eh            6946.34469 eV


---------------
SCF CONVERGENCE
---------------

  Last Energy change         ...   -8.1418e-07  Tolerance :   1.0000e-06
  Last MAX-Density change    ...    4.1395e-04  Tolerance :   1.0000e-05
  Last RMS-Density change    ...    2.6100e-05  Tolerance :   1.0000e-06
  Last Orbital Gradient      ...    1.3597e-04  Tolerance :   5.0000e-05
  Last Orbital Rotation      ...    5.4602e-04  Tolerance :   5.0000e-05

             **** THE GBW FILE WAS UPDATED (/Users/mattyjones/GoogleDrive/Boise/Code/MorphCT/tests/output_EZ/donor_polymer/chromophores/input_orca/single/00006.gbw) ****
             **** DENSITY FILE WAS UPDATED (/Users/mattyjones/GoogleDrive/Boise/Code/MorphCT/tests/output_EZ/donor_polymer/chromophores/input_orca/single/00006.scfp.tmp) ****
             **** ENERGY FILE WAS UPDATED (/Users/mattyjones/GoogleDrive/Boise/Code/MorphCT/tests/output_EZ/donor_polymer/chromophores/input_orca/single/00006.en.tmp) ****
----------------
ORBITAL ENERGIES
----------------

  NO   OCC          E(Eh)            E(eV) 
   0   2.0000      -1.555454       -42.3260 
   1   2.0000      -1.410580       -38.3838 
   2   2.0000      -1.295824       -35.2612 
   3   2.0000      -1.182542       -32.1786 
   4   2.0000      -1.105812       -30.0907 
   5   2.0000      -1.031030       -28.0557 
   6   2.0000      -0.967166       -26.3179 
   7   2.0000      -0.892049       -24.2739 
   8   2.0000      -0.873044       -23.7567 
   9   2.0000      -0.831483       -22.6258 
  10   2.0000      -0.773134       -21.0380 
  11   2.0000      -0.733070       -19.9478 
  12   2.0000      -0.700868       -19.0716 
  13   2.0000      -0.679643       -18.4940 
  14   2.0000      -0.626575       -17.0500 
  15   2.0000      -0.611812       -16.6482 
  16   2.0000      -0.608422       -16.5560 
  17   2.0000      -0.575903       -15.6711 
  18   2.0000      -0.557496       -15.1702 
  19   2.0000      -0.552406       -15.0317 
  20   2.0000      -0.536888       -14.6095 
  21   2.0000      -0.515916       -14.0388 
  22   2.0000      -0.504771       -13.7355 
  23   2.0000      -0.494763       -13.4632 
  24   2.0000      -0.493357       -13.4249 
  25   2.0000      -0.477742       -13.0000 
  26   2.0000      -0.471974       -12.8431 
  27   2.0000      -0.462331       -12.5807 
  28   2.0000      -0.439578       -11.9615 
  29   2.0000      -0.357373        -9.7246 
  30   2.0000      -0.304802        -8.2941 
  31   0.0000       0.007539         0.2052 
  32   0.0000       0.067750         1.8436 
  33   0.0000       0.076513         2.0820 
  34   0.0000       0.090917         2.4740 
  35   0.0000       0.105456         2.8696 
  36   0.0000       0.108780         2.9600 
  37   0.0000       0.124343         3.3835 
  38   0.0000       0.140842         3.8325 
  39   0.0000       0.153867         4.1869 
  40   0.0000       0.163974         4.4620 
  41   0.0000       0.171643         4.6706 
  42   0.0000       0.206267         5.6128 
  43   0.0000       0.233389         6.3508 
  44   0.0000       0.234127         6.3709 
  45   0.0000       0.237986         6.4759 
  46   0.0000       0.239178         6.5084 
  47   0.0000       0.241662         6.5759 
  48   0.0000       0.243951         6.6382 
  49   0.0000       0.245563         6.6821 
  50   0.0000       0.255601         6.9553 
  51   0.0000       0.266784         7.2596 
  52   0.0000       0.267186         7.2705 
  53   0.0000       0.282644         7.6911 
  54   0.0000       0.300791         8.1850 
  55   0.0000       0.310057         8.4371 
  56   0.0000       0.337436         9.1821 
  57   0.0000       0.356846         9.7103 
  58   0.0000       0.407904        11.0996 
  59   0.0000       0.433840        11.8054 
-------
TIMINGS
-------

Total SCF time: 0 days 0 hours 0 min 0 sec 

Total time                  ....       0.065 sec
Sum of individual times     ....       0.056 sec  ( 86.5%)

Fock matrix formation       ....       0.043 sec  ( 66.3%)
Diagonalization             ....       0.005 sec  (  7.7%)
Density matrix formation    ....       0.001 sec  (  0.9%)
Population analysis         ....       0.000 sec  (  0.0%)
Initial guess               ....       0.001 sec  (  0.9%)
Orbital Transformation      ....       0.000 sec  (  0.0%)
Orbital Orthonormalization  ....       0.000 sec  (  0.0%)
DIIS solution               ....       0.006 sec  (  9.3%)
SOSCF solution              ....       0.001 sec  (  1.4%)

-------------------------   --------------------
FINAL SINGLE POINT ENERGY        -7.112336045273
-------------------------   --------------------


                            ***************************************
                            *     ORCA property calculations      *
                            ***************************************

                                    ---------------------
                                    Active property flags
                                    ---------------------
   (+) Dipole Moment


------------------------------------------------------------------------------
                       ORCA ELECTRIC PROPERTIES CALCULATION
------------------------------------------------------------------------------

Dipole Moment Calculation                       ... on
Quadrupole Moment Calculation                   ... off
Polarizability Calculation                      ... off
GBWName                                         ... /Users/mattyjones/GoogleDrive/Boise/Code/MorphCT/tests/output_EZ/donor_polymer/chromophores/input_orca/single/00006.gbw
Electron density file                           ... /Users/mattyjones/GoogleDrive/Boise/Code/MorphCT/tests/output_EZ/donor_polymer/chromophores/input_orca/single/00006.scfp.tmp

-------------
DIPOLE MOMENT
-------------
                                X             Y             Z
Electronic contribution:     88.95789     106.92219       8.57182
Nuclear contribution   :    -47.90673     -57.19991      -4.57969
                        -----------------------------------------
Total Dipole Moment    :     41.05115      49.72228       3.99212
                        -----------------------------------------
Magnitude (a.u.)       :     64.60216
Magnitude (Debye)      :    164.20564


Timings for individual modules:

Sum of individual times         ...        0.136 sec (=   0.002 min)
STO integral calculation        ...        0.039 sec (=   0.001 min)  28.6 %
SCF iterations                  ...        0.097 sec (=   0.002 min)  71.4 %
                             ****ORCA TERMINATED NORMALLY****
TOTAL RUN TIME: 0 days 0 hours 0 minutes 0 seconds 467 msec

