
                                 *****************
                                 * O   R   C   A *
                                 *****************

           --- An Ab Initio, DFT and Semiempirical electronic structure package ---

                  #######################################################
                  #                        -***-                        #
                  #  Department of molecular theory and spectroscopy    #
                  #              Directorship: Frank Neese              #
                  # Max Planck Institute for Chemical Energy Conversion #
                  #                  D-45470 Muelheim/Ruhr              #
                  #                       Germany                       #
                  #                                                     #
                  #                  All rights reserved                #
                  #                        -***-                        #
                  #######################################################


                         Program Version 3.0.3 - RELEASE   -


 With contributions from (in alphabetic order):
   Ute Becker             : Parallelization
   Dmytro Bykov           : SCF Hessian
   Dmitry Ganyushin       : Spin-Orbit,Spin-Spin,Magnetic field MRCI
   Andreas Hansen         : Spin unrestricted coupled pair/coupled cluster methods
   Dimitrios Liakos       : Extrapolation schemes; parallel MDCI
   Robert Izsak           : Overlap fitted RIJCOSX, COSX-SCS-MP3
   Christian Kollmar      : KDIIS, OOCD, Brueckner-CCSD(T), CCSD density
   Simone Kossmann        : Meta GGA functionals, TD-DFT gradient, OOMP2, MP2 Hessian
   Taras Petrenko         : DFT Hessian,TD-DFT gradient, ASA and ECA modules, normal mode analysis, Resonance Raman, ABS, FL, XAS/XES, NRVS
   Christoph Reimann      : Effective Core Potentials
   Michael Roemelt        : Restricted open shell CIS
   Christoph Riplinger    : Improved optimizer, TS searches, QM/MM, DLPNO-CCSD
   Barbara Sandhoefer     : DKH picture change effects
   Igor Schapiro          : Molecular dynamics
   Kantharuban Sivalingam : CASSCF convergence, NEVPT2
   Boris Wezisla          : Elementary symmetry handling
   Frank Wennmohs         : Technical directorship


 We gratefully acknowledge several colleagues who have allowed us to
 interface, adapt or use parts of their codes:
   Stefan Grimme, W. Hujo, H. Kruse, T. Risthaus : VdW corrections, initial TS optimization,
                                                   DFT functionals, gCP
   Ed Valeev                                     : LibInt (2-el integral package), F12 methods
   Garnet Chan, S. Sharma, R. Olivares           : DMRG
   Ulf Ekstrom                                   : XCFun DFT Library
   Mihaly Kallay                                 : mrcc  (arbitrary order and MRCC methods)
   Andreas Klamt, Michael Diedenhofen            : otool_cosmo (COSMO solvation model)
   Frank Weinhold                                : gennbo (NPA and NBO analysis)
   Christopher J. Cramer and Donald G. Truhlar   : smd solvation model


 Your calculation uses the libint2 library for the computation of 2-el integrals
 For citations please refer to: http://libint.valeyev.net

 This ORCA versions uses:
   CBLAS   interface :  Fast vector & matrix operations
   LAPACKE interface :  Fast linear algebra routines
   SCALAPACK package :  Parallel linear algebra routines


leaving
================================================================================
                                        WARNINGS
                       Please study these warnings very carefully!
================================================================================
Now building the actual basis set

WARNING: Direct SCF is incompatible with Method<>HF and Method<>DFT
  ===> : conventional SCF is chosen

WARNING: The NDO methods need Guess=HUECKEL or Guess=HCORE or Guess=MOREAD
  ===> : Guess is set to Hueckel

WARNING: The NDO methods need %rel::SOCType==1
  ===> : %rel::SOCType is set to 1

WARNING: The NDO methods cannot have frozencore=1
  ===> : %method FrozenCore=0 end


INFO   : the flag for use of LIBINT has been found!

================================================================================
                                       INPUT FILE
================================================================================
NAME = /Users/mattyjones/GoogleDrive/Boise/Code/MorphCT/tests/output_EZ/donor_polymer/chromophores/input_orca/single/00007.inp
|  1> # ================================================================
|  2> # Orca input file made by Matty Jones
|  3> # ================================================================
|  4> ! ZINDO/S 
|  5> ! NOPOP
|  6> ! NOMOPRINT
|  7> * xyz 0   1
|  8>  C  -3.26834  -2.02967  1.93765
|  9>  C  -2.01605  -1.79970  1.36601
| 10>  C  -0.91740  -2.22446  2.17644
| 11>  C  -1.30411  -2.79269  3.39417
| 12>  S  -2.96170  -2.74041  3.40391
| 13>  H  -1.90549  -1.63490  0.22990
| 14>  C  0.51990  -1.91558  1.47964
| 15>  C  0.44956  -0.24429  0.95956
| 16>  C  1.32629  0.89801  0.01472
| 17>  H  1.32777  1.90777  0.56658
| 18>  H  2.40283  0.52438  -0.12761
| 19>  H  -0.61738  -0.07239  0.57440
| 20>  H  0.52135  0.26487  2.00974
| 21>  H  1.38886  -2.03796  2.22246
| 22>  H  0.68954  -2.58005  0.54396
| 23>  C  0.54911  1.03442  -1.42655
| 24>  C  0.56402  2.49025  -2.29689
| 25>  C  1.67037  2.69772  -3.54294
| 26>  H  1.24695  2.22184  -4.50975
| 27>  H  2.67055  2.19135  -3.26182
| 28>  H  1.84022  3.83070  -3.71473
| 29>  H  -0.49133  2.65346  -2.73338
| 30>  H  0.79283  3.29198  -1.51952
| 31>  H  0.98682  0.22982  -2.13642
| 32>  H  -0.57901  0.81071  -1.28391
| 33>  H  -4.21571  -1.79866  1.52205
| 34>  H  -0.67047  -3.17651  4.15232
| 35> *
| 36> 
| 37>                          ****END OF INPUT****
================================================================================

                       ****************************
                       * Single Point Calculation *
                       ****************************

---------------------------------
CARTESIAN COORDINATES (ANGSTROEM)
---------------------------------
  C     -3.268340   -2.029670    1.937650
  C     -2.016050   -1.799700    1.366010
  C     -0.917400   -2.224460    2.176440
  C     -1.304110   -2.792690    3.394170
  S     -2.961700   -2.740410    3.403910
  H     -1.905490   -1.634900    0.229900
  C      0.519900   -1.915580    1.479640
  C      0.449560   -0.244290    0.959560
  C      1.326290    0.898010    0.014720
  H      1.327770    1.907770    0.566580
  H      2.402830    0.524380   -0.127610
  H     -0.617380   -0.072390    0.574400
  H      0.521350    0.264870    2.009740
  H      1.388860   -2.037960    2.222460
  H      0.689540   -2.580050    0.543960
  C      0.549110    1.034420   -1.426550
  C      0.564020    2.490250   -2.296890
  C      1.670370    2.697720   -3.542940
  H      1.246950    2.221840   -4.509750
  H      2.670550    2.191350   -3.261820
  H      1.840220    3.830700   -3.714730
  H     -0.491330    2.653460   -2.733380
  H      0.792830    3.291980   -1.519520
  H      0.986820    0.229820   -2.136420
  H     -0.579010    0.810710   -1.283910
  H     -4.215710   -1.798660    1.522050
  H     -0.670470   -3.176510    4.152320

----------------------------
CARTESIAN COORDINATES (A.U.)
----------------------------
  NO LB      ZA    FRAG    MASS        X           Y           Z
   0 C     4.0000    0    12.011         -6.176267512540183         -3.835520442235947          3.661627843392513
   1 C     4.0000    0    12.011         -3.809782372291939         -3.400940123218077          2.581384796197769
   2 C     4.0000    0    12.011         -1.733634755259356         -4.203620195862467          4.112875546911569
   3 C     4.0000    0    12.011         -2.464410748508044         -5.277419276940540          6.414051751971495
   4 S     6.0000    0    32.060         -5.596801890834571         -5.178624394659137          6.432457684515888
   5 H     1.0000    0     1.008         -3.600854250925606         -3.089513256347854          0.434448038188496
   6 C     4.0000    0    12.011          0.982468617025659         -3.619921587616871          2.796114376795241
   7 C     4.0000    0    12.011          0.849545280765638         -0.461641197255623          1.813305609065476
   8 C     4.0000    0    12.011          2.506324874158417          1.696992965522623          0.027816768691321
   9 H     1.0000    0     1.008          2.509121668836620          3.605162826510946          1.070681032957103
  10 H     1.0000    0     1.008          4.540690646370001          0.990934590105626         -0.241147951949691
  11 H     1.0000    0     1.008         -1.166679120560302         -0.136797274834559          1.085458691324367
  12 H     1.0000    0     1.008          0.985208719919844          0.500531761091722          3.797858200386896
  13 H     1.0000    0     1.008          2.624565038357869         -3.851186271886154          4.199840743594625
  14 H     1.0000    0     1.008          1.303041758384060         -4.875587911823525          1.027935427807804
  15 C     4.0000    0    12.011          1.037667517397499          1.954770507450821         -2.695788816345361
  16 C     4.0000    0    12.011          1.065843334054264          4.705890504997397         -4.340493059742384
  17 C     4.0000    0    12.011          3.156541842318041          5.097951986002039         -6.695186308914960
  18 H     1.0000    0     1.008          2.356394002693105          4.198669113391594         -8.522192432451366
  19 H     1.0000    0     1.008          5.046608126943399          4.141051363568335         -6.163946498147017
  20 H     1.0000    0     1.008          3.477511826164566          7.238973901212139         -7.019822361461291
  21 H     1.0000    0     1.008         -0.928479141379529          5.014312707314684         -5.165339619937670
  22 H     1.0000    0     1.008          1.498231570756786          6.220940638346082         -2.871476655016020
  23 H     1.0000    0     1.008          1.864819543476170          0.434296860097782         -4.037248707032041
  24 H     1.0000    0     1.008         -1.094170328801744          1.532019874031298         -2.426238280602834
  25 H     1.0000    0     1.008         -7.966537360033159         -3.398974808038798          2.876257662134841
  26 H     1.0000    0     1.008         -1.267004681010182         -6.002733961662195          7.846747620403891

--------------------------------
INTERNAL COORDINATES (ANGSTROEM)
--------------------------------
 C      0   0   0   0.000000     0.000     0.000
 C      1   0   0   1.395668     0.000     0.000
 C      2   1   0   1.429773   114.102     0.000
 C      3   2   1   1.398319   113.693     0.000
 S      1   2   3   1.658040   105.480     0.000
 H      2   1   3   1.153312   120.866   160.080
 C      3   2   1   1.626889   112.314   180.875
 C      7   3   2   1.751754   105.832    48.807
 C      8   7   3   1.722274   140.825   189.652
 H      9   8   7   1.150725   108.636   221.684
 H      9   8   7   1.148388   109.233   341.806
 H      8   7   3   1.147283   106.258   321.793
 H      8   7   3   1.169306    98.414    72.406
 H      7   3   2   1.149717   111.765   167.201
 H      7   3   2   1.160084   111.463   291.359
 C      9   8   7   1.643130   107.187   102.396
 C     16   9   8   1.696218   121.142   149.208
 C     17  16   9   1.679195   119.511    97.310
 H     18  17  16   1.157786   109.142    83.782
 H     18  17  16   1.155768   109.605   323.442
 H     18  17  16   1.158449   109.116   203.254
 H     17  16   9   1.153657   107.910   220.718
 H     17  16   9   1.139925   104.803   337.932
 H     16   9   8   1.158830   107.519   271.328
 H     16   9   8   1.158899   109.660    28.517
 H      1   2   3   1.059999   127.260   180.000
 H      4   3   2   1.060004   127.206   180.000

---------------------------
INTERNAL COORDINATES (A.U.)
---------------------------
 C      0   0   0   0.000000     0.000     0.000
 C      1   0   0   2.637430     0.000     0.000
 C      2   1   0   2.701879   114.102     0.000
 C      3   2   1   2.642440   113.693     0.000
 S      1   2   3   3.133242   105.480     0.000
 H      2   1   3   2.179444   120.866   160.080
 C      3   2   1   3.074375   112.314   180.875
 C      7   3   2   3.310335   105.832    48.807
 C      8   7   3   3.254626   140.825   189.652
 H      9   8   7   2.174554   108.636   221.684
 H      9   8   7   2.170139   109.233   341.806
 H      8   7   3   2.168051   106.258   321.793
 H      8   7   3   2.209667    98.414    72.406
 H      7   3   2   2.172651   111.765   167.201
 H      7   3   2   2.192241   111.463   291.359
 C      9   8   7   3.105065   107.187   102.396
 C     16   9   8   3.205387   121.142   149.208
 C     17  16   9   3.173218   119.511    97.310
 H     18  17  16   2.187898   109.142    83.782
 H     18  17  16   2.184084   109.605   323.442
 H     18  17  16   2.189152   109.116   203.254
 H     17  16   9   2.180096   107.910   220.718
 H     17  16   9   2.154146   104.803   337.932
 H     16   9   8   2.189871   107.519   271.328
 H     16   9   8   2.190002   109.660    28.517
 H      1   2   3   2.003109   127.260   180.000
 H      4   3   2   2.003118   127.206   180.000

----------------------------
SLATER BASIS SET DIM=  60
----------------------------
  0 C     2 shells
 l=0 nsto= 1
    2       1.625000000000        1.000000000000
 l=1 nsto= 1
    2       1.625000000000        1.000000000000
  1 C     2 shells
 l=0 nsto= 1
    2       1.625000000000        1.000000000000
 l=1 nsto= 1
    2       1.625000000000        1.000000000000
  2 C     2 shells
 l=0 nsto= 1
    2       1.625000000000        1.000000000000
 l=1 nsto= 1
    2       1.625000000000        1.000000000000
  3 C     2 shells
 l=0 nsto= 1
    2       1.625000000000        1.000000000000
 l=1 nsto= 1
    2       1.625000000000        1.000000000000
  4 S     2 shells
 l=0 nsto= 1
    3       1.925000000000        1.000000000000
 l=1 nsto= 1
    3       1.925000000000        1.000000000000
  5 H     1 shells
 l=0 nsto= 1
    1       1.200000000000        1.000000000000
  6 C     2 shells
 l=0 nsto= 1
    2       1.625000000000        1.000000000000
 l=1 nsto= 1
    2       1.625000000000        1.000000000000
  7 C     2 shells
 l=0 nsto= 1
    2       1.625000000000        1.000000000000
 l=1 nsto= 1
    2       1.625000000000        1.000000000000
  8 C     2 shells
 l=0 nsto= 1
    2       1.625000000000        1.000000000000
 l=1 nsto= 1
    2       1.625000000000        1.000000000000
  9 H     1 shells
 l=0 nsto= 1
    1       1.200000000000        1.000000000000
 10 H     1 shells
 l=0 nsto= 1
    1       1.200000000000        1.000000000000
 11 H     1 shells
 l=0 nsto= 1
    1       1.200000000000        1.000000000000
 12 H     1 shells
 l=0 nsto= 1
    1       1.200000000000        1.000000000000
 13 H     1 shells
 l=0 nsto= 1
    1       1.200000000000        1.000000000000
 14 H     1 shells
 l=0 nsto= 1
    1       1.200000000000        1.000000000000
 15 C     2 shells
 l=0 nsto= 1
    2       1.625000000000        1.000000000000
 l=1 nsto= 1
    2       1.625000000000        1.000000000000
 16 C     2 shells
 l=0 nsto= 1
    2       1.625000000000        1.000000000000
 l=1 nsto= 1
    2       1.625000000000        1.000000000000
 17 C     2 shells
 l=0 nsto= 1
    2       1.625000000000        1.000000000000
 l=1 nsto= 1
    2       1.625000000000        1.000000000000
 18 H     1 shells
 l=0 nsto= 1
    1       1.200000000000        1.000000000000
 19 H     1 shells
 l=0 nsto= 1
    1       1.200000000000        1.000000000000
 20 H     1 shells
 l=0 nsto= 1
    1       1.200000000000        1.000000000000
 21 H     1 shells
 l=0 nsto= 1
    1       1.200000000000        1.000000000000
 22 H     1 shells
 l=0 nsto= 1
    1       1.200000000000        1.000000000000
 23 H     1 shells
 l=0 nsto= 1
    1       1.200000000000        1.000000000000
 24 H     1 shells
 l=0 nsto= 1
    1       1.200000000000        1.000000000000
 25 H     1 shells
 l=0 nsto= 1
    1       1.200000000000        1.000000000000
 26 H     1 shells
 l=0 nsto= 1
    1       1.200000000000        1.000000000000
------------------------------------------------------------------------------
                           ORCA NDO INTEGRAL CALCULATION
------------------------------------------------------------------------------

--------------
NDO PARAMETERS
--------------

Gamma integral treatment              ... Mataga-Nishimoto
Nuclear repulsuion treatment          ... Direct (ZA*ZB/RAB)
Interaction factors:
s-s (sigma) =    1.0000
s-p (sigma) =    1.0000
s-d (sigma) =    1.0000
p-p (sigma) =    1.2670  p-p(pi) =    0.5850
p-d (sigma) =    1.0000  p-d(pi) =    1.0000
d-d (sigma) =    1.0000  d-d(pi) =    1.0000 d-d (delta) =    1.0000

fGamma parameter for Mataga-Nishimoto gamma integrals:    1.2000

--------------------------
Parameters for Element H :
--------------------------
 One-electron parameters (in eV)
  U(s)  =   -13.060000 Beta(s) =    12.000000 Neff(s) =     1.000000
 One-center electron repulsion parameters (in eV)
  G(s,s)=    12.850000
--------------------------
Parameters for Element C :
--------------------------
 One-electron parameters (in eV)
  U(s)  =   -50.870766 Beta(s) =    17.000000 Neff(s) =     2.000000
  U(p)  =   -41.599980 Beta(p) =    17.000000 Neff(p) =     2.000000 
 One-center electron repulsion parameters (in eV)
  G(s,s)=    11.110000
  G(s,p)=    11.110000 G(p,p)  =    11.110000
 Slater-Condon parameters (in eV)
 F2(p,p)=     4.5098 G1(s,p)=    6.8977
--------------------------
Parameters for Element S :
--------------------------
 One-electron parameters (in eV)
  U(s)  =   -69.509597 Beta(s) =    15.000000 Neff(s) =     2.000000
  U(p)  =   -60.725746 Beta(p) =    15.000000 Neff(p) =     4.000000 
 One-center electron repulsion parameters (in eV)
  G(s,s)=    10.090000
  G(s,p)=    10.090000 G(p,p)  =    10.090000
 Slater-Condon parameters (in eV)
 F2(p,p)=     4.5377 G1(s,p)=    3.0756

 Number of atoms                    ....   27
 Number of basis functions          ....   60

 Overlap integrals                  .... done
 One electron matrix                .... done
 Nuclear repulsion                  .... done
 Integral list                      .... done
 Electron-electron repulsion        .... done
-------------------------------------------------------------------------------
                                 ORCA SCF
-------------------------------------------------------------------------------

------------
SCF SETTINGS
------------
Hamiltonian:
 ZDO-Hamiltonian        Method          .... INDO


General Settings:
 Integral files         IntName         .... /Users/mattyjones/GoogleDrive/Boise/Code/MorphCT/tests/output_EZ/donor_polymer/chromophores/input_orca/single/00007
 Hartree-Fock type      HFTyp           .... RHF
 Total Charge           Charge          ....    0
 Multiplicity           Mult            ....    1
 Number of Electrons    NEL             ....   62
 Basis Dimension        Dim             ....   60
 Nuclear Repulsion      ENuc            ....    292.6059315525 Eh

Convergence Acceleration:
 DIIS                   CNVDIIS         .... on
   Start iteration      DIISMaxIt       ....    12
   Startup error        DIISStart       ....  0.200000
   # of expansion vecs  DIISMaxEq       ....     5
   Bias factor          DIISBfac        ....   1.050
   Max. coefficient     DIISMaxC        ....  10.000
 Newton-Raphson         CNVNR           .... off
 SOSCF                  CNVSOSCF        .... on
   Start iteration      SOSCFMaxIt      ....   150
   Startup grad/error   SOSCFStart      ....  0.003300
 Level Shifting         CNVShift        .... on
   Level shift para.    LevelShift      ....    0.2500
   Turn off err/grad.   ShiftErr        ....    0.0010
 Zerner damping         CNVZerner       .... off
 Static damping         CNVDamp         .... on
   Fraction old density DampFac         ....    0.7000
   Max. Damping (<1)    DampMax         ....    0.9800
   Min. Damping (>=0)   DampMin         ....    0.0000
   Turn off err/grad.   DampErr         ....    0.1000
 Fernandez-Rico         CNVRico         .... off

SCF Procedure:
 Maximum # iterations   MaxIter         ....   125
 SCF integral mode      SCFMode         .... Conventional
 Integral Buffer length BufferLength    .... 1048576
 Integral index format  IndFormat       ....     0
 Integral value format  ValFormat       ....     0
 Integral Storage       Thresh          ....  1.000e-08 Eh

Convergence Tolerance:
 Convergence Check Mode ConvCheckMode   .... Total+1el-Energy
 Energy Change          TolE            ....  1.000e-06 Eh
 1-El. energy change                    ....  1.000e-03 Eh
 Orbital Gradient       TolG            ....  5.000e-05
 Orbital Rotation angle TolX            ....  5.000e-05
 DIIS Error             TolErr          ....  1.000e-06


Diagonalization of the overlap matrix:
Smallest eigenvalue                        ... 1.695e-01
Time for diagonalization                   ...    0.001 sec
Threshold for overlap eigenvalues          ... 1.000e-08
Number of eigenvalues below threshold      ... 0
Time for construction of square roots      ...    0.000 sec
Total time needed                          ...    0.002 sec

-------------------------------
INITIAL GUESS: EXTENDED HUECKEL
-------------------------------
EHT matrix was read from disk
EHT matrix was diagonalized
Initial density was built
                      ------------------
                      INITIAL GUESS DONE
                      ------------------

 InCore treatment chosen:
   Memory dedicated               ...    1024 MB
   Memory needed                  ...      0 MB
   Number of tiny    integrals    ...       0
   Number of small   integrals    ...       0
   Number of regular integrals    ...    1896

--------------
SCF ITERATIONS
--------------
ITER       Energy         Delta-E        Max-DP      RMS-DP      [F,P]     Damp
  0     -7.0782692732   0.000000000000 0.04325457  0.00204451  0.1174004 0.7000
  1     -7.0991845440  -0.020915270845 0.04207051  0.00192778  0.0803552 0.7000
                               ***Turning on DIIS***
  2     -7.1146743172  -0.015489773121 0.11040431  0.00495589  0.0487860 0.0000
  3     -7.1541974246  -0.039523107466 0.02078078  0.00105264  0.0216738 0.0000
  4     -7.1473188652   0.006878559445 0.01369862  0.00071772  0.0083472 0.0000
  5     -7.1562466733  -0.008927808157 0.00969201  0.00048292  0.0048876 0.0000
  6     -7.1576914169  -0.001444743520 0.00767866  0.00034363  0.0027829 0.0000
                      *** Initiating the SOSCF procedure ***
                           *** Shutting down DIIS ***
                      *** Re-Reading the Fockian *** 
                      *** Removing any level shift *** 
ITER      Energy       Delta-E        Grad      Rot      Max-DP    RMS-DP
  7     -7.15569975   0.0019916667  0.003030  0.003030  0.004674  0.000196
  8     -7.15451543   0.0011843200  0.000838  0.002351  0.002361  0.000092
  9     -7.15452331  -0.0000078794  0.000366  0.002313  0.002709  0.000099
 10     -7.15452623  -0.0000029204  0.000038  0.000105  0.000202  0.000008
                 **** Energy Check signals convergence ****
              ***Rediagonalizing the Fockian in SOSCF/NRSCF***

               *****************************************************
               *                     SUCCESS                       *
               *           SCF CONVERGED AFTER  11 CYCLES          *
               *****************************************************


----------------
TOTAL SCF ENERGY
----------------

Total Energy       :           -7.15452627 Eh            -194.68456 eV

Components:
Nuclear Repulsion  :          292.60593155 Eh            7962.21219 eV
Electronic Energy  :         -299.76045782 Eh           -8156.89675 eV

One Electron Energy:         -554.40521332 Eh          -15086.13282 eV
Two Electron Energy:          254.64475550 Eh            6929.23607 eV


---------------
SCF CONVERGENCE
---------------

  Last Energy change         ...   -4.0140e-08  Tolerance :   1.0000e-06
  Last MAX-Density change    ...    8.5268e-05  Tolerance :   1.0000e-05
  Last RMS-Density change    ...    3.0107e-06  Tolerance :   1.0000e-06
  Last Orbital Gradient      ...    1.6116e-05  Tolerance :   5.0000e-05
  Last Orbital Rotation      ...    3.8230e-05  Tolerance :   5.0000e-05

             **** THE GBW FILE WAS UPDATED (/Users/mattyjones/GoogleDrive/Boise/Code/MorphCT/tests/output_EZ/donor_polymer/chromophores/input_orca/single/00007.gbw) ****
             **** DENSITY FILE WAS UPDATED (/Users/mattyjones/GoogleDrive/Boise/Code/MorphCT/tests/output_EZ/donor_polymer/chromophores/input_orca/single/00007.scfp.tmp) ****
             **** ENERGY FILE WAS UPDATED (/Users/mattyjones/GoogleDrive/Boise/Code/MorphCT/tests/output_EZ/donor_polymer/chromophores/input_orca/single/00007.en.tmp) ****
----------------
ORBITAL ENERGIES
----------------

  NO   OCC          E(Eh)            E(eV) 
   0   2.0000      -1.563925       -42.5566 
   1   2.0000      -1.391788       -37.8725 
   2   2.0000      -1.289731       -35.0954 
   3   2.0000      -1.193156       -32.4674 
   4   2.0000      -1.119448       -30.4617 
   5   2.0000      -1.027528       -27.9605 
   6   2.0000      -0.950540       -25.8655 
   7   2.0000      -0.897036       -24.4096 
   8   2.0000      -0.863952       -23.5093 
   9   2.0000      -0.837662       -22.7939 
  10   2.0000      -0.772035       -21.0081 
  11   2.0000      -0.732336       -19.9279 
  12   2.0000      -0.689970       -18.7750 
  13   2.0000      -0.672905       -18.3107 
  14   2.0000      -0.654023       -17.7969 
  15   2.0000      -0.609392       -16.5824 
  16   2.0000      -0.589846       -16.0505 
  17   2.0000      -0.575974       -15.6731 
  18   2.0000      -0.575262       -15.6537 
  19   2.0000      -0.552048       -15.0220 
  20   2.0000      -0.529780       -14.4161 
  21   2.0000      -0.520645       -14.1675 
  22   2.0000      -0.498680       -13.5698 
  23   2.0000      -0.490248       -13.3403 
  24   2.0000      -0.482945       -13.1416 
  25   2.0000      -0.474207       -12.9038 
  26   2.0000      -0.470048       -12.7906 
  27   2.0000      -0.444258       -12.0889 
  28   2.0000      -0.433095       -11.7851 
  29   2.0000      -0.349830        -9.5193 
  30   2.0000      -0.305588        -8.3155 
  31   0.0000       0.006910         0.1880 
  32   0.0000       0.058141         1.5821 
  33   0.0000       0.068227         1.8566 
  34   0.0000       0.087385         2.3779 
  35   0.0000       0.103533         2.8173 
  36   0.0000       0.107871         2.9353 
  37   0.0000       0.123162         3.3514 
  38   0.0000       0.142705         3.8832 
  39   0.0000       0.158290         4.3073 
  40   0.0000       0.166864         4.5406 
  41   0.0000       0.173584         4.7235 
  42   0.0000       0.199817         5.4373 
  43   0.0000       0.226572         6.1653 
  44   0.0000       0.236187         6.4270 
  45   0.0000       0.238098         6.4790 
  46   0.0000       0.238604         6.4927 
  47   0.0000       0.239447         6.5157 
  48   0.0000       0.240712         6.5501 
  49   0.0000       0.246616         6.7108 
  50   0.0000       0.247530         6.7356 
  51   0.0000       0.253031         6.8853 
  52   0.0000       0.267019         7.2660 
  53   0.0000       0.286879         7.8064 
  54   0.0000       0.309791         8.4299 
  55   0.0000       0.316150         8.6029 
  56   0.0000       0.334610         9.1052 
  57   0.0000       0.352090         9.5808 
  58   0.0000       0.420478        11.4418 
  59   0.0000       0.422200        11.4886 
-------
TIMINGS
-------

Total SCF time: 0 days 0 hours 0 min 0 sec 

Total time                  ....       0.076 sec
Sum of individual times     ....       0.065 sec  ( 85.3%)

Fock matrix formation       ....       0.052 sec  ( 68.2%)
Diagonalization             ....       0.005 sec  (  6.8%)
Density matrix formation    ....       0.001 sec  (  0.9%)
Population analysis         ....       0.000 sec  (  0.0%)
Initial guess               ....       0.001 sec  (  0.8%)
Orbital Transformation      ....       0.000 sec  (  0.0%)
Orbital Orthonormalization  ....       0.000 sec  (  0.0%)
DIIS solution               ....       0.005 sec  (  6.2%)
SOSCF solution              ....       0.002 sec  (  2.3%)

-------------------------   --------------------
FINAL SINGLE POINT ENERGY        -7.154526270082
-------------------------   --------------------


                            ***************************************
                            *     ORCA property calculations      *
                            ***************************************

                                    ---------------------
                                    Active property flags
                                    ---------------------
   (+) Dipole Moment


------------------------------------------------------------------------------
                       ORCA ELECTRIC PROPERTIES CALCULATION
------------------------------------------------------------------------------

Dipole Moment Calculation                       ... on
Quadrupole Moment Calculation                   ... off
Polarizability Calculation                      ... off
GBWName                                         ... /Users/mattyjones/GoogleDrive/Boise/Code/MorphCT/tests/output_EZ/donor_polymer/chromophores/input_orca/single/00007.gbw
Electron density file                           ... /Users/mattyjones/GoogleDrive/Boise/Code/MorphCT/tests/output_EZ/donor_polymer/chromophores/input_orca/single/00007.scfp.tmp

-------------
DIPOLE MOMENT
-------------
                                X             Y             Z
Electronic contribution:    -76.08543     -75.99183      92.02827
Nuclear contribution   :     40.87065      41.08302     -49.50693
                        -----------------------------------------
Total Dipole Moment    :    -35.21478     -34.90881      42.52134
                        -----------------------------------------
Magnitude (a.u.)       :     65.32052
Magnitude (Debye)      :    166.03157


Timings for individual modules:

Sum of individual times         ...        0.145 sec (=   0.002 min)
STO integral calculation        ...        0.037 sec (=   0.001 min)  25.8 %
SCF iterations                  ...        0.108 sec (=   0.002 min)  74.2 %
                             ****ORCA TERMINATED NORMALLY****
TOTAL RUN TIME: 0 days 0 hours 0 minutes 0 seconds 412 msec

