
                                 *****************
                                 * O   R   C   A *
                                 *****************

           --- An Ab Initio, DFT and Semiempirical electronic structure package ---

                  #######################################################
                  #                        -***-                        #
                  #  Department of molecular theory and spectroscopy    #
                  #              Directorship: Frank Neese              #
                  # Max Planck Institute for Chemical Energy Conversion #
                  #                  D-45470 Muelheim/Ruhr              #
                  #                       Germany                       #
                  #                                                     #
                  #                  All rights reserved                #
                  #                        -***-                        #
                  #######################################################


                         Program Version 3.0.3 - RELEASE   -


 With contributions from (in alphabetic order):
   Ute Becker             : Parallelization
   Dmytro Bykov           : SCF Hessian
   Dmitry Ganyushin       : Spin-Orbit,Spin-Spin,Magnetic field MRCI
   Andreas Hansen         : Spin unrestricted coupled pair/coupled cluster methods
   Dimitrios Liakos       : Extrapolation schemes; parallel MDCI
   Robert Izsak           : Overlap fitted RIJCOSX, COSX-SCS-MP3
   Christian Kollmar      : KDIIS, OOCD, Brueckner-CCSD(T), CCSD density
   Simone Kossmann        : Meta GGA functionals, TD-DFT gradient, OOMP2, MP2 Hessian
   Taras Petrenko         : DFT Hessian,TD-DFT gradient, ASA and ECA modules, normal mode analysis, Resonance Raman, ABS, FL, XAS/XES, NRVS
   Christoph Reimann      : Effective Core Potentials
   Michael Roemelt        : Restricted open shell CIS
   Christoph Riplinger    : Improved optimizer, TS searches, QM/MM, DLPNO-CCSD
   Barbara Sandhoefer     : DKH picture change effects
   Igor Schapiro          : Molecular dynamics
   Kantharuban Sivalingam : CASSCF convergence, NEVPT2
   Boris Wezisla          : Elementary symmetry handling
   Frank Wennmohs         : Technical directorship


 We gratefully acknowledge several colleagues who have allowed us to
 interface, adapt or use parts of their codes:
   Stefan Grimme, W. Hujo, H. Kruse, T. Risthaus : VdW corrections, initial TS optimization,
                                                   DFT functionals, gCP
   Ed Valeev                                     : LibInt (2-el integral package), F12 methods
   Garnet Chan, S. Sharma, R. Olivares           : DMRG
   Ulf Ekstrom                                   : XCFun DFT Library
   Mihaly Kallay                                 : mrcc  (arbitrary order and MRCC methods)
   Andreas Klamt, Michael Diedenhofen            : otool_cosmo (COSMO solvation model)
   Frank Weinhold                                : gennbo (NPA and NBO analysis)
   Christopher J. Cramer and Donald G. Truhlar   : smd solvation model


 Your calculation uses the libint2 library for the computation of 2-el integrals
 For citations please refer to: http://libint.valeyev.net

 This ORCA versions uses:
   CBLAS   interface :  Fast vector & matrix operations
   LAPACKE interface :  Fast linear algebra routines
   SCALAPACK package :  Parallel linear algebra routines


leaving
================================================================================
                                        WARNINGS
                       Please study these warnings very carefully!
================================================================================
Now building the actual basis set

WARNING: Direct SCF is incompatible with Method<>HF and Method<>DFT
  ===> : conventional SCF is chosen

WARNING: The NDO methods need Guess=HUECKEL or Guess=HCORE or Guess=MOREAD
  ===> : Guess is set to Hueckel

WARNING: The NDO methods need %rel::SOCType==1
  ===> : %rel::SOCType is set to 1

WARNING: The NDO methods cannot have frozencore=1
  ===> : %method FrozenCore=0 end


INFO   : the flag for use of LIBINT has been found!

================================================================================
                                       INPUT FILE
================================================================================
NAME = /Users/mattyjones/GoogleDrive/Boise/Code/MorphCT/tests/output_EZ/donor_polymer/chromophores/input_orca/single/00002.inp
|  1> # ================================================================
|  2> # Orca input file made by Matty Jones
|  3> # ================================================================
|  4> ! ZINDO/S 
|  5> ! NOPOP
|  6> ! NOMOPRINT
|  7> * xyz 0   1
|  8>  C  2.07387  3.12002  0.81432
|  9>  C  1.38965  1.90741  0.71782
| 10>  C  1.96845  0.84786  1.48373
| 11>  C  3.11549  1.22573  2.18858
| 12>  S  3.34989  2.82835  1.83206
| 13>  H  0.31583  1.88578  0.33830
| 14>  C  1.29059  -0.58561  1.44682
| 15>  C  -0.39183  -0.52384  1.65605
| 16>  C  -1.05364  -0.33281  0.11953
| 17>  H  -2.02033  0.28814  0.21488
| 18>  H  -0.30290  0.22231  -0.55969
| 19>  H  -0.76319  -1.49241  2.14433
| 20>  H  -0.66829  0.38253  2.30951
| 21>  H  1.63974  -1.30214  2.27546
| 22>  H  1.52236  -1.10130  0.41980
| 23>  C  -1.33975  -1.76415  -0.59577
| 24>  C  -1.79299  -1.66747  -2.21895
| 25>  C  -1.84219  -0.12363  -2.88921
| 26>  H  -2.12451  -0.21020  -4.00901
| 27>  H  -0.80412  0.37808  -2.79507
| 28>  H  -2.63612  0.51136  -2.33733
| 29>  H  -1.03723  -2.29012  -2.82852
| 30>  H  -2.84334  -2.13145  -2.32009
| 31>  H  -0.38979  -2.42241  -0.53546
| 32>  H  -2.19558  -2.30020  -0.02843
| 33>  H  1.82933  4.03459  0.33751
| 34>  H  3.71060  0.61560  2.81881
| 35> *
| 36> 
| 37>                          ****END OF INPUT****
================================================================================

                       ****************************
                       * Single Point Calculation *
                       ****************************

---------------------------------
CARTESIAN COORDINATES (ANGSTROEM)
---------------------------------
  C      2.073870    3.120020    0.814320
  C      1.389650    1.907410    0.717820
  C      1.968450    0.847860    1.483730
  C      3.115490    1.225730    2.188580
  S      3.349890    2.828350    1.832060
  H      0.315830    1.885780    0.338300
  C      1.290590   -0.585610    1.446820
  C     -0.391830   -0.523840    1.656050
  C     -1.053640   -0.332810    0.119530
  H     -2.020330    0.288140    0.214880
  H     -0.302900    0.222310   -0.559690
  H     -0.763190   -1.492410    2.144330
  H     -0.668290    0.382530    2.309510
  H      1.639740   -1.302140    2.275460
  H      1.522360   -1.101300    0.419800
  C     -1.339750   -1.764150   -0.595770
  C     -1.792990   -1.667470   -2.218950
  C     -1.842190   -0.123630   -2.889210
  H     -2.124510   -0.210200   -4.009010
  H     -0.804120    0.378080   -2.795070
  H     -2.636120    0.511360   -2.337330
  H     -1.037230   -2.290120   -2.828520
  H     -2.843340   -2.131450   -2.320090
  H     -0.389790   -2.422410   -0.535460
  H     -2.195580   -2.300200   -0.028430
  H      1.829330    4.034590    0.337510
  H      3.710600    0.615600    2.818810

----------------------------
CARTESIAN COORDINATES (A.U.)
----------------------------
  NO LB      ZA    FRAG    MASS        X           Y           Z
   0 C     4.0000    0    12.011          3.919046337355266          5.895983332356983          1.538841785374754
   1 C     4.0000    0    12.011          2.626057922003667          3.604482525102735          1.356483213451353
   2 C     4.0000    0    12.011          3.719831408317288          1.602223199906472          2.803843356682979
   3 C     4.0000    0    12.011          5.887422872970320          2.316294014131296          4.135816822177373
   4 S     6.0000    0    32.060          6.330374678761461          5.344806910876172          3.462091660911768
   5 H     1.0000    0     1.008          0.596832204876349          3.563607748826018          0.639294351105559
   6 C     4.0000    0    12.011          2.438861651177428         -1.106642521285624          2.734093565079945
   7 C     4.0000    0    12.011         -0.740451391054364         -0.989914137993308          3.129480964080289
   8 C     4.0000    0    12.011         -1.991091043744788         -0.628919754630332          0.225878964787607
   9 H     1.0000    0     1.008         -3.817870400145122          0.544505688228069          0.406064351656999
  10 H     1.0000    0     1.008         -0.572398045964747          0.420105016832033         -1.057660819894385
  11 H     1.0000    0     1.008         -1.442220088147360         -2.820246179525415          4.052196440751358
  12 H     1.0000    0     1.008         -1.262885078038233          0.722876938008896          4.364341403552470
  13 H     1.0000    0     1.008          3.098659530836033         -2.460687988024219          4.299996228692451
  14 H     1.0000    0     1.008          2.876843477236357         -2.081155391287474          0.793307031020141
  15 C     4.0000    0    12.011         -2.531760587920997         -3.333760359157176         -1.125842138806264
  16 C     4.0000    0    12.011         -3.388260060859465         -3.151061636529669         -4.193207804864561
  17 C     4.0000    0    12.011         -3.481234586648390         -0.233626841936684         -5.459815643386619
  18 H     1.0000    0     1.008         -4.014742068777038         -0.397220433350247         -7.575930968151637
  19 H     1.0000    0     1.008         -1.519566578808757          0.714467656712947         -5.281916825139273
  20 H     1.0000    0     1.008         -4.981544856152490          0.966330355841971         -4.416913584598159
  21 H     1.0000    0     1.008         -1.960080637887140         -4.327699613815737         -5.345128164318939
  22 H     1.0000    0     1.008         -5.373133905623652         -4.027856768146452         -4.384334706049357
  23 H     1.0000    0     1.008         -0.736596349741165         -4.577691484072179         -1.011872755669474
  24 H     1.0000    0     1.008         -4.149044905114822         -4.346748053245663         -0.053724913987381
  25 H     1.0000    0     1.008          3.456932708566163          7.624270162657342          0.637801467459762
  26 H     1.0000    0     1.008          7.012017792528196          1.163315408041923          5.326778923558564

--------------------------------
INTERNAL COORDINATES (ANGSTROEM)
--------------------------------
 C      0   0   0   0.000000     0.000     0.000
 C      1   0   0   1.395669     0.000     0.000
 C      2   1   0   1.429781   114.102     0.000
 C      3   2   1   1.398320   113.693     0.000
 S      1   2   3   1.658039   105.479     0.000
 H      2   1   3   1.139119   120.111   161.973
 C      3   2   1   1.586094   118.965   180.565
 C      7   3   2   1.696505   112.833   313.035
 C      8   7   3   1.683858   106.341    88.542
 H      9   8   7   1.152892   108.372   211.958
 H      9   8   7   1.154603   109.620   331.499
 H      8   7   3   1.146496   110.059   208.760
 H      8   7   3   1.151063   109.686   330.189
 H      7   3   2   1.149767   114.625   194.778
 H      7   3   2   1.172358   109.478    74.188
 C      9   8   7   1.625499   111.767    88.964
 C     16   9   8   1.688042   114.833   188.429
 C     17  16   9   1.683779   116.304     1.817
 H     18  17  16   1.158081   108.874   177.774
 H     18  17  16   1.156791   109.819    58.185
 H     18  17  16   1.156766   109.479   297.542
 H     17  16   9   1.153448   107.537   122.583
 H     17  16   9   1.152711   107.817   240.541
 H     16   9   8   1.157310   109.477   309.620
 H     16   9   8   1.158304   108.785    68.063
 H      1   2   3   1.059993   127.260   180.000
 H      4   3   2   1.060002   127.206   180.000

---------------------------
INTERNAL COORDINATES (A.U.)
---------------------------
 C      0   0   0   0.000000     0.000     0.000
 C      1   0   0   2.637432     0.000     0.000
 C      2   1   0   2.701895   114.102     0.000
 C      3   2   1   2.642443   113.693     0.000
 S      1   2   3   3.133240   105.479     0.000
 H      2   1   3   2.152623   120.111   161.973
 C      3   2   1   2.997282   118.965   180.565
 C      7   3   2   3.205930   112.833   313.035
 C      8   7   3   3.182031   106.341    88.542
 H      9   8   7   2.178650   108.372   211.958
 H      9   8   7   2.181884   109.620   331.499
 H      8   7   3   2.166564   110.059   208.760
 H      8   7   3   2.175194   109.686   330.189
 H      7   3   2   2.172746   114.625   194.778
 H      7   3   2   2.215436   109.478    74.188
 C      9   8   7   3.071748   111.767    88.964
 C     16   9   8   3.189938   114.833   188.429
 C     17  16   9   3.181881   116.304     1.817
 H     18  17  16   2.188455   108.874   177.774
 H     18  17  16   2.186018   109.819    58.185
 H     18  17  16   2.185972   109.479   297.542
 H     17  16   9   2.179700   107.537   122.583
 H     17  16   9   2.178307   107.817   240.541
 H     16   9   8   2.187000   109.477   309.620
 H     16   9   8   2.188878   108.785    68.063
 H      1   2   3   2.003097   127.260   180.000
 H      4   3   2   2.003114   127.206   180.000

----------------------------
SLATER BASIS SET DIM=  60
----------------------------
  0 C     2 shells
 l=0 nsto= 1
    2       1.625000000000        1.000000000000
 l=1 nsto= 1
    2       1.625000000000        1.000000000000
  1 C     2 shells
 l=0 nsto= 1
    2       1.625000000000        1.000000000000
 l=1 nsto= 1
    2       1.625000000000        1.000000000000
  2 C     2 shells
 l=0 nsto= 1
    2       1.625000000000        1.000000000000
 l=1 nsto= 1
    2       1.625000000000        1.000000000000
  3 C     2 shells
 l=0 nsto= 1
    2       1.625000000000        1.000000000000
 l=1 nsto= 1
    2       1.625000000000        1.000000000000
  4 S     2 shells
 l=0 nsto= 1
    3       1.925000000000        1.000000000000
 l=1 nsto= 1
    3       1.925000000000        1.000000000000
  5 H     1 shells
 l=0 nsto= 1
    1       1.200000000000        1.000000000000
  6 C     2 shells
 l=0 nsto= 1
    2       1.625000000000        1.000000000000
 l=1 nsto= 1
    2       1.625000000000        1.000000000000
  7 C     2 shells
 l=0 nsto= 1
    2       1.625000000000        1.000000000000
 l=1 nsto= 1
    2       1.625000000000        1.000000000000
  8 C     2 shells
 l=0 nsto= 1
    2       1.625000000000        1.000000000000
 l=1 nsto= 1
    2       1.625000000000        1.000000000000
  9 H     1 shells
 l=0 nsto= 1
    1       1.200000000000        1.000000000000
 10 H     1 shells
 l=0 nsto= 1
    1       1.200000000000        1.000000000000
 11 H     1 shells
 l=0 nsto= 1
    1       1.200000000000        1.000000000000
 12 H     1 shells
 l=0 nsto= 1
    1       1.200000000000        1.000000000000
 13 H     1 shells
 l=0 nsto= 1
    1       1.200000000000        1.000000000000
 14 H     1 shells
 l=0 nsto= 1
    1       1.200000000000        1.000000000000
 15 C     2 shells
 l=0 nsto= 1
    2       1.625000000000        1.000000000000
 l=1 nsto= 1
    2       1.625000000000        1.000000000000
 16 C     2 shells
 l=0 nsto= 1
    2       1.625000000000        1.000000000000
 l=1 nsto= 1
    2       1.625000000000        1.000000000000
 17 C     2 shells
 l=0 nsto= 1
    2       1.625000000000        1.000000000000
 l=1 nsto= 1
    2       1.625000000000        1.000000000000
 18 H     1 shells
 l=0 nsto= 1
    1       1.200000000000        1.000000000000
 19 H     1 shells
 l=0 nsto= 1
    1       1.200000000000        1.000000000000
 20 H     1 shells
 l=0 nsto= 1
    1       1.200000000000        1.000000000000
 21 H     1 shells
 l=0 nsto= 1
    1       1.200000000000        1.000000000000
 22 H     1 shells
 l=0 nsto= 1
    1       1.200000000000        1.000000000000
 23 H     1 shells
 l=0 nsto= 1
    1       1.200000000000        1.000000000000
 24 H     1 shells
 l=0 nsto= 1
    1       1.200000000000        1.000000000000
 25 H     1 shells
 l=0 nsto= 1
    1       1.200000000000        1.000000000000
 26 H     1 shells
 l=0 nsto= 1
    1       1.200000000000        1.000000000000
------------------------------------------------------------------------------
                           ORCA NDO INTEGRAL CALCULATION
------------------------------------------------------------------------------

--------------
NDO PARAMETERS
--------------

Gamma integral treatment              ... Mataga-Nishimoto
Nuclear repulsuion treatment          ... Direct (ZA*ZB/RAB)
Interaction factors:
s-s (sigma) =    1.0000
s-p (sigma) =    1.0000
s-d (sigma) =    1.0000
p-p (sigma) =    1.2670  p-p(pi) =    0.5850
p-d (sigma) =    1.0000  p-d(pi) =    1.0000
d-d (sigma) =    1.0000  d-d(pi) =    1.0000 d-d (delta) =    1.0000

fGamma parameter for Mataga-Nishimoto gamma integrals:    1.2000

--------------------------
Parameters for Element H :
--------------------------
 One-electron parameters (in eV)
  U(s)  =   -13.060000 Beta(s) =    12.000000 Neff(s) =     1.000000
 One-center electron repulsion parameters (in eV)
  G(s,s)=    12.850000
--------------------------
Parameters for Element C :
--------------------------
 One-electron parameters (in eV)
  U(s)  =   -50.870766 Beta(s) =    17.000000 Neff(s) =     2.000000
  U(p)  =   -41.599980 Beta(p) =    17.000000 Neff(p) =     2.000000 
 One-center electron repulsion parameters (in eV)
  G(s,s)=    11.110000
  G(s,p)=    11.110000 G(p,p)  =    11.110000
 Slater-Condon parameters (in eV)
 F2(p,p)=     4.5098 G1(s,p)=    6.8977
--------------------------
Parameters for Element S :
--------------------------
 One-electron parameters (in eV)
  U(s)  =   -69.509597 Beta(s) =    15.000000 Neff(s) =     2.000000
  U(p)  =   -60.725746 Beta(p) =    15.000000 Neff(p) =     4.000000 
 One-center electron repulsion parameters (in eV)
  G(s,s)=    10.090000
  G(s,p)=    10.090000 G(p,p)  =    10.090000
 Slater-Condon parameters (in eV)
 F2(p,p)=     4.5377 G1(s,p)=    3.0756

 Number of atoms                    ....   27
 Number of basis functions          ....   60

 Overlap integrals                  .... done
 One electron matrix                .... done
 Nuclear repulsion                  .... done
 Integral list                      .... done
 Electron-electron repulsion        .... done
-------------------------------------------------------------------------------
                                 ORCA SCF
-------------------------------------------------------------------------------

------------
SCF SETTINGS
------------
Hamiltonian:
 ZDO-Hamiltonian        Method          .... INDO


General Settings:
 Integral files         IntName         .... /Users/mattyjones/GoogleDrive/Boise/Code/MorphCT/tests/output_EZ/donor_polymer/chromophores/input_orca/single/00002
 Hartree-Fock type      HFTyp           .... RHF
 Total Charge           Charge          ....    0
 Multiplicity           Mult            ....    1
 Number of Electrons    NEL             ....   62
 Basis Dimension        Dim             ....   60
 Nuclear Repulsion      ENuc            ....    305.8347525336 Eh

Convergence Acceleration:
 DIIS                   CNVDIIS         .... on
   Start iteration      DIISMaxIt       ....    12
   Startup error        DIISStart       ....  0.200000
   # of expansion vecs  DIISMaxEq       ....     5
   Bias factor          DIISBfac        ....   1.050
   Max. coefficient     DIISMaxC        ....  10.000
 Newton-Raphson         CNVNR           .... off
 SOSCF                  CNVSOSCF        .... on
   Start iteration      SOSCFMaxIt      ....   150
   Startup grad/error   SOSCFStart      ....  0.003300
 Level Shifting         CNVShift        .... on
   Level shift para.    LevelShift      ....    0.2500
   Turn off err/grad.   ShiftErr        ....    0.0010
 Zerner damping         CNVZerner       .... off
 Static damping         CNVDamp         .... on
   Fraction old density DampFac         ....    0.7000
   Max. Damping (<1)    DampMax         ....    0.9800
   Min. Damping (>=0)   DampMin         ....    0.0000
   Turn off err/grad.   DampErr         ....    0.1000
 Fernandez-Rico         CNVRico         .... off

SCF Procedure:
 Maximum # iterations   MaxIter         ....   125
 SCF integral mode      SCFMode         .... Conventional
 Integral Buffer length BufferLength    .... 1048576
 Integral index format  IndFormat       ....     0
 Integral value format  ValFormat       ....     0
 Integral Storage       Thresh          ....  1.000e-08 Eh

Convergence Tolerance:
 Convergence Check Mode ConvCheckMode   .... Total+1el-Energy
 Energy Change          TolE            ....  1.000e-06 Eh
 1-El. energy change                    ....  1.000e-03 Eh
 Orbital Gradient       TolG            ....  5.000e-05
 Orbital Rotation angle TolX            ....  5.000e-05
 DIIS Error             TolErr          ....  1.000e-06


Diagonalization of the overlap matrix:
Smallest eigenvalue                        ... 1.695e-01
Time for diagonalization                   ...    0.001 sec
Threshold for overlap eigenvalues          ... 1.000e-08
Number of eigenvalues below threshold      ... 0
Time for construction of square roots      ...    0.000 sec
Total time needed                          ...    0.002 sec

-------------------------------
INITIAL GUESS: EXTENDED HUECKEL
-------------------------------
EHT matrix was read from disk
EHT matrix was diagonalized
Initial density was built
                      ------------------
                      INITIAL GUESS DONE
                      ------------------

 InCore treatment chosen:
   Memory dedicated               ...    1024 MB
   Memory needed                  ...      0 MB
   Number of tiny    integrals    ...       0
   Number of small   integrals    ...       0
   Number of regular integrals    ...    1896

--------------
SCF ITERATIONS
--------------
ITER       Energy         Delta-E        Max-DP      RMS-DP      [F,P]     Damp
  0     -3.3518415555   0.000000000000 0.04094953  0.00203780  0.1069810 0.7000
  1     -3.3726306291  -0.020789073633 0.03864396  0.00191944  0.0727799 0.7000
                               ***Turning on DIIS***
  2     -3.3880237893  -0.015393160220 0.09779755  0.00492702  0.0458485 0.0000
  3     -3.4273131155  -0.039289326177 0.01874952  0.00102044  0.0211772 0.0000
  4     -3.4211114287   0.006201686819 0.01046164  0.00069932  0.0074795 0.0000
  5     -3.4293435572  -0.008232128520 0.00771130  0.00047454  0.0042705 0.0000
  6     -3.4310929489  -0.001749391673 0.00612531  0.00033895  0.0022615 0.0000
                      *** Initiating the SOSCF procedure ***
                           *** Shutting down DIIS ***
                      *** Re-Reading the Fockian *** 
                      *** Removing any level shift *** 
ITER      Energy       Delta-E        Grad      Rot      Max-DP    RMS-DP
  7     -3.42875045   0.0023424940  0.003035  0.003035  0.003663  0.000192
  8     -3.42756535   0.0011851051  0.000822  0.002278  0.001852  0.000091
  9     -3.42757319  -0.0000078402  0.000368  0.002263  0.002111  0.000097
 10     -3.42757612  -0.0000029256  0.000025  0.000044  0.000096  0.000005
                 **** Energy Check signals convergence ****
              ***Rediagonalizing the Fockian in SOSCF/NRSCF***

               *****************************************************
               *                     SUCCESS                       *
               *           SCF CONVERGED AFTER  11 CYCLES          *
               *****************************************************


----------------
TOTAL SCF ENERGY
----------------

Total Energy       :           -3.42757614 Eh             -93.26909 eV

Components:
Nuclear Repulsion  :          305.83475253 Eh            8322.18671 eV
Electronic Energy  :         -309.26232867 Eh           -8415.45580 eV

One Electron Energy:         -573.23354196 Eh          -15598.47769 eV
Two Electron Energy:          263.97121329 Eh            7183.02189 eV


---------------
SCF CONVERGENCE
---------------

  Last Energy change         ...   -2.3624e-08  Tolerance :   1.0000e-06
  Last MAX-Density change    ...    3.0926e-05  Tolerance :   1.0000e-05
  Last RMS-Density change    ...    1.5890e-06  Tolerance :   1.0000e-06
  Last Orbital Gradient      ...    6.3112e-06  Tolerance :   5.0000e-05
  Last Orbital Rotation      ...    1.9862e-05  Tolerance :   5.0000e-05

             **** THE GBW FILE WAS UPDATED (/Users/mattyjones/GoogleDrive/Boise/Code/MorphCT/tests/output_EZ/donor_polymer/chromophores/input_orca/single/00002.gbw) ****
             **** DENSITY FILE WAS UPDATED (/Users/mattyjones/GoogleDrive/Boise/Code/MorphCT/tests/output_EZ/donor_polymer/chromophores/input_orca/single/00002.scfp.tmp) ****
             **** ENERGY FILE WAS UPDATED (/Users/mattyjones/GoogleDrive/Boise/Code/MorphCT/tests/output_EZ/donor_polymer/chromophores/input_orca/single/00002.en.tmp) ****
----------------
ORBITAL ENERGIES
----------------

  NO   OCC          E(Eh)            E(eV) 
   0   2.0000      -1.566763       -42.6338 
   1   2.0000      -1.424192       -38.7542 
   2   2.0000      -1.299340       -35.3568 
   3   2.0000      -1.168040       -31.7840 
   4   2.0000      -1.109730       -30.1973 
   5   2.0000      -1.030940       -28.0533 
   6   2.0000      -0.986410       -26.8416 
   7   2.0000      -0.908966       -24.7342 
   8   2.0000      -0.847650       -23.0657 
   9   2.0000      -0.821914       -22.3654 
  10   2.0000      -0.785122       -21.3643 
  11   2.0000      -0.730810       -19.8863 
  12   2.0000      -0.709563       -19.3082 
  13   2.0000      -0.683576       -18.6010 
  14   2.0000      -0.627513       -17.0755 
  15   2.0000      -0.613948       -16.7064 
  16   2.0000      -0.588914       -16.0252 
  17   2.0000      -0.576559       -15.6890 
  18   2.0000      -0.566937       -15.4272 
  19   2.0000      -0.555676       -15.1207 
  20   2.0000      -0.534874       -14.5547 
  21   2.0000      -0.527628       -14.3575 
  22   2.0000      -0.510330       -13.8868 
  23   2.0000      -0.496002       -13.4969 
  24   2.0000      -0.488972       -13.3056 
  25   2.0000      -0.472671       -12.8620 
  26   2.0000      -0.471515       -12.8306 
  27   2.0000      -0.446836       -12.1590 
  28   2.0000      -0.437007       -11.8916 
  29   2.0000      -0.352947        -9.6042 
  30   2.0000      -0.304233        -8.2786 
  31   0.0000       0.008101         0.2205 
  32   0.0000       0.068186         1.8554 
  33   0.0000       0.084286         2.2936 
  34   0.0000       0.091142         2.4801 
  35   0.0000       0.105996         2.8843 
  36   0.0000       0.107667         2.9298 
  37   0.0000       0.121223         3.2986 
  38   0.0000       0.144215         3.9243 
  39   0.0000       0.154825         4.2130 
  40   0.0000       0.165126         4.4933 
  41   0.0000       0.172189         4.6855 
  42   0.0000       0.208675         5.6783 
  43   0.0000       0.233780         6.3615 
  44   0.0000       0.236535         6.4364 
  45   0.0000       0.238475         6.4892 
  46   0.0000       0.239539         6.5182 
  47   0.0000       0.242053         6.5866 
  48   0.0000       0.243955         6.6384 
  49   0.0000       0.246852         6.7172 
  50   0.0000       0.260629         7.0921 
  51   0.0000       0.266801         7.2600 
  52   0.0000       0.269845         7.3429 
  53   0.0000       0.284852         7.7512 
  54   0.0000       0.301225         8.1968 
  55   0.0000       0.310815         8.4577 
  56   0.0000       0.341456         9.2915 
  57   0.0000       0.346493         9.4286 
  58   0.0000       0.417437        11.3590 
  59   0.0000       0.429211        11.6794 
-------
TIMINGS
-------

Total SCF time: 0 days 0 hours 0 min 0 sec 

Total time                  ....       0.067 sec
Sum of individual times     ....       0.057 sec  ( 85.6%)

Fock matrix formation       ....       0.044 sec  ( 66.6%)
Diagonalization             ....       0.005 sec  (  7.8%)
Density matrix formation    ....       0.001 sec  (  1.0%)
Population analysis         ....       0.000 sec  (  0.0%)
Initial guess               ....       0.001 sec  (  0.9%)
Orbital Transformation      ....       0.000 sec  (  0.0%)
Orbital Orthonormalization  ....       0.000 sec  (  0.0%)
DIIS solution               ....       0.004 sec  (  6.6%)
SOSCF solution              ....       0.002 sec  (  2.8%)

-------------------------   --------------------
FINAL SINGLE POINT ENERGY        -3.427576139163
-------------------------   --------------------


                            ***************************************
                            *     ORCA property calculations      *
                            ***************************************

                                    ---------------------
                                    Active property flags
                                    ---------------------
   (+) Dipole Moment


------------------------------------------------------------------------------
                       ORCA ELECTRIC PROPERTIES CALCULATION
------------------------------------------------------------------------------

Dipole Moment Calculation                       ... on
Quadrupole Moment Calculation                   ... off
Polarizability Calculation                      ... off
GBWName                                         ... /Users/mattyjones/GoogleDrive/Boise/Code/MorphCT/tests/output_EZ/donor_polymer/chromophores/input_orca/single/00002.gbw
Electron density file                           ... /Users/mattyjones/GoogleDrive/Boise/Code/MorphCT/tests/output_EZ/donor_polymer/chromophores/input_orca/single/00002.scfp.tmp

-------------
DIPOLE MOMENT
-------------
                                X             Y             Z
Electronic contribution:     88.74750      72.49540      51.14757
Nuclear contribution   :    -47.56723     -38.60468     -27.71429
                        -----------------------------------------
Total Dipole Moment    :     41.18028      33.89071      23.43328
                        -----------------------------------------
Magnitude (a.u.)       :     58.25388
Magnitude (Debye)      :    148.06959


Timings for individual modules:

Sum of individual times         ...        0.130 sec (=   0.002 min)
STO integral calculation        ...        0.034 sec (=   0.001 min)  25.9 %
SCF iterations                  ...        0.097 sec (=   0.002 min)  74.1 %
                             ****ORCA TERMINATED NORMALLY****
TOTAL RUN TIME: 0 days 0 hours 0 minutes 0 seconds 469 msec

