
                                 *****************
                                 * O   R   C   A *
                                 *****************

           --- An Ab Initio, DFT and Semiempirical electronic structure package ---

                  #######################################################
                  #                        -***-                        #
                  #  Department of molecular theory and spectroscopy    #
                  #              Directorship: Frank Neese              #
                  # Max Planck Institute for Chemical Energy Conversion #
                  #                  D-45470 Muelheim/Ruhr              #
                  #                       Germany                       #
                  #                                                     #
                  #                  All rights reserved                #
                  #                        -***-                        #
                  #######################################################


                         Program Version 3.0.3 - RELEASE   -


 With contributions from (in alphabetic order):
   Ute Becker             : Parallelization
   Dmytro Bykov           : SCF Hessian
   Dmitry Ganyushin       : Spin-Orbit,Spin-Spin,Magnetic field MRCI
   Andreas Hansen         : Spin unrestricted coupled pair/coupled cluster methods
   Dimitrios Liakos       : Extrapolation schemes; parallel MDCI
   Robert Izsak           : Overlap fitted RIJCOSX, COSX-SCS-MP3
   Christian Kollmar      : KDIIS, OOCD, Brueckner-CCSD(T), CCSD density
   Simone Kossmann        : Meta GGA functionals, TD-DFT gradient, OOMP2, MP2 Hessian
   Taras Petrenko         : DFT Hessian,TD-DFT gradient, ASA and ECA modules, normal mode analysis, Resonance Raman, ABS, FL, XAS/XES, NRVS
   Christoph Reimann      : Effective Core Potentials
   Michael Roemelt        : Restricted open shell CIS
   Christoph Riplinger    : Improved optimizer, TS searches, QM/MM, DLPNO-CCSD
   Barbara Sandhoefer     : DKH picture change effects
   Igor Schapiro          : Molecular dynamics
   Kantharuban Sivalingam : CASSCF convergence, NEVPT2
   Boris Wezisla          : Elementary symmetry handling
   Frank Wennmohs         : Technical directorship


 We gratefully acknowledge several colleagues who have allowed us to
 interface, adapt or use parts of their codes:
   Stefan Grimme, W. Hujo, H. Kruse, T. Risthaus : VdW corrections, initial TS optimization,
                                                   DFT functionals, gCP
   Ed Valeev                                     : LibInt (2-el integral package), F12 methods
   Garnet Chan, S. Sharma, R. Olivares           : DMRG
   Ulf Ekstrom                                   : XCFun DFT Library
   Mihaly Kallay                                 : mrcc  (arbitrary order and MRCC methods)
   Andreas Klamt, Michael Diedenhofen            : otool_cosmo (COSMO solvation model)
   Frank Weinhold                                : gennbo (NPA and NBO analysis)
   Christopher J. Cramer and Donald G. Truhlar   : smd solvation model


 Your calculation uses the libint2 library for the computation of 2-el integrals
 For citations please refer to: http://libint.valeyev.net

 This ORCA versions uses:
   CBLAS   interface :  Fast vector & matrix operations
   LAPACKE interface :  Fast linear algebra routines
   SCALAPACK package :  Parallel linear algebra routines


leaving
================================================================================
                                        WARNINGS
                       Please study these warnings very carefully!
================================================================================
Now building the actual basis set

WARNING: Direct SCF is incompatible with Method<>HF and Method<>DFT
  ===> : conventional SCF is chosen

WARNING: The NDO methods need Guess=HUECKEL or Guess=HCORE or Guess=MOREAD
  ===> : Guess is set to Hueckel

WARNING: The NDO methods need %rel::SOCType==1
  ===> : %rel::SOCType is set to 1

WARNING: The NDO methods cannot have frozencore=1
  ===> : %method FrozenCore=0 end


INFO   : the flag for use of LIBINT has been found!

================================================================================
                                       INPUT FILE
================================================================================
NAME = /Users/mattyjones/GoogleDrive/Boise/Code/MorphCT/tests/output_EZ/donor_polymer/chromophores/input_orca/single/00001.inp
|  1> # ================================================================
|  2> # Orca input file made by Matty Jones
|  3> # ================================================================
|  4> ! ZINDO/S 
|  5> ! NOPOP
|  6> ! NOMOPRINT
|  7> * xyz 0   1
|  8>  C  -4.47317  -1.88916  -2.63878
|  9>  C  -3.31513  -1.23660  -2.21335
| 10>  C  -2.49564  -2.01375  -1.33657
| 11>  C  -3.00920  -3.28639  -1.06830
| 12>  S  -4.43018  -3.38177  -1.91811
| 13>  H  -3.02925  -0.17465  -2.51913
| 14>  C  -1.05639  -1.68169  -0.59128
| 15>  C  -0.18659  -0.46047  0.33924
| 16>  C  0.93262  0.77465  -0.07954
| 17>  H  0.37620  1.78219  -0.03939
| 18>  H  1.27965  0.56627  -1.15980
| 19>  H  0.39886  -1.10782  1.09798
| 20>  H  -1.03346  0.09382  0.88998
| 21>  H  -0.90665  -2.52542  0.18893
| 22>  H  -0.26955  -1.84214  -1.43683
| 23>  C  2.25827  0.84221  0.89815
| 24>  C  2.46221  2.04704  2.08779
| 25>  C  3.43575  3.34423  1.61704
| 26>  H  2.80624  4.31452  1.60137
| 27>  H  3.86786  3.14584  0.56237
| 28>  H  4.30647  3.46053  2.37234
| 29>  H  1.42297  2.45919  2.36009
| 30>  H  2.94154  1.56119  3.01552
| 31>  H  3.19530  0.90708  0.21978
| 32>  H  2.32361  -0.15480  1.48767
| 33>  H  -5.22224  -1.51041  -3.28612
| 34>  H  -2.58011  -4.03370  -0.45103
| 35> *
| 36> 
| 37>                          ****END OF INPUT****
================================================================================

                       ****************************
                       * Single Point Calculation *
                       ****************************

---------------------------------
CARTESIAN COORDINATES (ANGSTROEM)
---------------------------------
  C     -4.473170   -1.889160   -2.638780
  C     -3.315130   -1.236600   -2.213350
  C     -2.495640   -2.013750   -1.336570
  C     -3.009200   -3.286390   -1.068300
  S     -4.430180   -3.381770   -1.918110
  H     -3.029250   -0.174650   -2.519130
  C     -1.056390   -1.681690   -0.591280
  C     -0.186590   -0.460470    0.339240
  C      0.932620    0.774650   -0.079540
  H      0.376200    1.782190   -0.039390
  H      1.279650    0.566270   -1.159800
  H      0.398860   -1.107820    1.097980
  H     -1.033460    0.093820    0.889980
  H     -0.906650   -2.525420    0.188930
  H     -0.269550   -1.842140   -1.436830
  C      2.258270    0.842210    0.898150
  C      2.462210    2.047040    2.087790
  C      3.435750    3.344230    1.617040
  H      2.806240    4.314520    1.601370
  H      3.867860    3.145840    0.562370
  H      4.306470    3.460530    2.372340
  H      1.422970    2.459190    2.360090
  H      2.941540    1.561190    3.015520
  H      3.195300    0.907080    0.219780
  H      2.323610   -0.154800    1.487670
  H     -5.222240   -1.510410   -3.286120
  H     -2.580110   -4.033700   -0.451030

----------------------------
CARTESIAN COORDINATES (A.U.)
----------------------------
  NO LB      ZA    FRAG    MASS        X           Y           Z
   0 C     4.0000    0    12.011         -8.453066250472524         -3.569995023158672         -4.986571527668721
   1 C     4.0000    0    12.011         -6.264687798346359         -2.336835337207020         -4.182625338514603
   2 C     4.0000    0    12.011         -4.716076128859232         -3.805436002183920         -2.525751258815127
   3 C     4.0000    0    12.011         -5.686563882195831         -6.210377069257462         -2.018794428868073
   4 S     6.0000    0    32.060         -8.371826923975251         -6.390619147910871         -3.624702594735692
   5 H     1.0000    0     1.008         -5.724452891180952         -0.330040669289347         -4.760465795745043
   6 C     4.0000    0    12.011         -1.996287790613071         -3.177933542154030         -1.117357268464958
   7 C     4.0000    0    12.011         -0.352603999328366         -0.870162192886719          0.641070693671445
   8 C     4.0000    0    12.011          1.762396387017638          1.463876349642097         -0.150308816692096
   9 H     1.0000    0     1.008          0.710914971581175          3.367851018613115         -0.074436312415158
  10 H     1.0000    0     1.008          2.418188047272329          1.070095217855587         -2.191704370121867
  11 H     1.0000    0     1.008          0.753736165775830         -2.093476405680641          2.074881500522856
  12 H     1.0000    0     1.008         -1.952956370362257          0.177294105884492          1.681818464667236
  13 H     1.0000    0     1.008         -1.713320199319703         -4.772352173127407          0.357025958481742
  14 H     1.0000    0     1.008         -0.509375679398473         -3.481140100341695         -2.715215201002072
  15 C     4.0000    0    12.011          4.267511836450345          1.591546247249817          1.697257527181372
  16 C     4.0000    0    12.011          4.652902584202245          3.868344985182159          3.945351325139450
  17 C     4.0000    0    12.011          6.492626564619941          6.319678828843467          3.055762747596021
  18 H     1.0000    0     1.008          5.303025066055173          8.153261199325918          3.026150739077475
  19 H     1.0000    0     1.008          7.309196124348652          5.944776061134831          1.062725285933294
  20 H     1.0000    0     1.008          8.138048903947853          6.539453978218509          4.483072896546742
  21 H     1.0000    0     1.008          2.689023596785924          4.647195611277803          4.459923751406206
  22 H     1.0000    0     1.008          5.558705011974718          2.950221543016519          5.698506951362213
  23 H     1.0000    0     1.008          6.038241915718576          1.714132781557289          0.415324009713213
  24 H     1.0000    0     1.008          4.390986542040760         -0.292529605531010          2.811288877650628
  25 H     1.0000    0     1.008         -9.868603405608917         -2.854261249935998         -6.209866843201303
  26 H     1.0000    0     1.008         -4.875701295391560         -7.622588306398153         -0.852323178182502

--------------------------------
INTERNAL COORDINATES (ANGSTROEM)
--------------------------------
 C      0   0   0   0.000000     0.000     0.000
 C      1   0   0   1.395665     0.000     0.000
 C      2   1   0   1.429779   114.102     0.000
 C      3   2   1   1.398329   113.693     0.000
 S      1   2   3   1.658040   105.480     0.000
 H      2   1   3   1.141476   124.135   180.373
 C      3   2   1   1.654437   131.741   179.780
 C      7   3   2   1.764596   143.635    46.169
 C      8   7   3   1.718583   133.621   263.919
 H      9   8   7   1.151674   107.795   104.695
 H      9   8   7   1.153609   107.114   346.786
 H      8   7   3   1.156503   102.011   141.840
 H      8   7   3   1.152276   102.867    28.742
 H      7   3   2   1.158892   105.638   168.127
 H      7   3   2   1.166112   103.458   280.968
 C      9   8   7   1.648572   114.118   226.410
 C     16   9   8   1.705418   122.602   255.273
 C     17  16   9   1.688812   114.654   262.121
 H     18  17  16   1.156716   109.534   116.233
 H     18  17  16   1.156895   109.737   355.923
 H     18  17  16   1.158515   109.186   236.121
 H     17  16   9   1.150667   108.066    22.799
 H     17  16   9   1.151734   108.279   141.507
 H     16   9   8   1.158628   107.782   132.290
 H     16   9   8   1.160100   108.146    16.393
 H      1   2   3   1.060003   127.261   180.000
 H      4   3   2   1.060006   127.206   180.000

---------------------------
INTERNAL COORDINATES (A.U.)
---------------------------
 C      0   0   0   0.000000     0.000     0.000
 C      1   0   0   2.637425     0.000     0.000
 C      2   1   0   2.701892   114.102     0.000
 C      3   2   1   2.642460   113.693     0.000
 S      1   2   3   3.133242   105.480     0.000
 H      2   1   3   2.157076   124.135   180.373
 C      3   2   1   3.126433   131.741   179.780
 C      7   3   2   3.334603   143.635    46.169
 C      8   7   3   3.247652   133.621   263.919
 H      9   8   7   2.176348   107.795   104.695
 H      9   8   7   2.180005   107.114   346.786
 H      8   7   3   2.185475   102.011   141.840
 H      8   7   3   2.177487   102.867    28.742
 H      7   3   2   2.189988   105.638   168.127
 H      7   3   2   2.203632   103.458   280.968
 C      9   8   7   3.115350   114.118   226.410
 C     16   9   8   3.222773   122.602   255.273
 C     17  16   9   3.191393   114.654   262.121
 H     18  17  16   2.185876   109.534   116.233
 H     18  17  16   2.186215   109.737   355.923
 H     18  17  16   2.189276   109.186   236.121
 H     17  16   9   2.174446   108.066    22.799
 H     17  16   9   2.176461   108.279   141.507
 H     16   9   8   2.189490   107.782   132.290
 H     16   9   8   2.192271   108.146    16.393
 H      1   2   3   2.003115   127.261   180.000
 H      4   3   2   2.003121   127.206   180.000

----------------------------
SLATER BASIS SET DIM=  60
----------------------------
  0 C     2 shells
 l=0 nsto= 1
    2       1.625000000000        1.000000000000
 l=1 nsto= 1
    2       1.625000000000        1.000000000000
  1 C     2 shells
 l=0 nsto= 1
    2       1.625000000000        1.000000000000
 l=1 nsto= 1
    2       1.625000000000        1.000000000000
  2 C     2 shells
 l=0 nsto= 1
    2       1.625000000000        1.000000000000
 l=1 nsto= 1
    2       1.625000000000        1.000000000000
  3 C     2 shells
 l=0 nsto= 1
    2       1.625000000000        1.000000000000
 l=1 nsto= 1
    2       1.625000000000        1.000000000000
  4 S     2 shells
 l=0 nsto= 1
    3       1.925000000000        1.000000000000
 l=1 nsto= 1
    3       1.925000000000        1.000000000000
  5 H     1 shells
 l=0 nsto= 1
    1       1.200000000000        1.000000000000
  6 C     2 shells
 l=0 nsto= 1
    2       1.625000000000        1.000000000000
 l=1 nsto= 1
    2       1.625000000000        1.000000000000
  7 C     2 shells
 l=0 nsto= 1
    2       1.625000000000        1.000000000000
 l=1 nsto= 1
    2       1.625000000000        1.000000000000
  8 C     2 shells
 l=0 nsto= 1
    2       1.625000000000        1.000000000000
 l=1 nsto= 1
    2       1.625000000000        1.000000000000
  9 H     1 shells
 l=0 nsto= 1
    1       1.200000000000        1.000000000000
 10 H     1 shells
 l=0 nsto= 1
    1       1.200000000000        1.000000000000
 11 H     1 shells
 l=0 nsto= 1
    1       1.200000000000        1.000000000000
 12 H     1 shells
 l=0 nsto= 1
    1       1.200000000000        1.000000000000
 13 H     1 shells
 l=0 nsto= 1
    1       1.200000000000        1.000000000000
 14 H     1 shells
 l=0 nsto= 1
    1       1.200000000000        1.000000000000
 15 C     2 shells
 l=0 nsto= 1
    2       1.625000000000        1.000000000000
 l=1 nsto= 1
    2       1.625000000000        1.000000000000
 16 C     2 shells
 l=0 nsto= 1
    2       1.625000000000        1.000000000000
 l=1 nsto= 1
    2       1.625000000000        1.000000000000
 17 C     2 shells
 l=0 nsto= 1
    2       1.625000000000        1.000000000000
 l=1 nsto= 1
    2       1.625000000000        1.000000000000
 18 H     1 shells
 l=0 nsto= 1
    1       1.200000000000        1.000000000000
 19 H     1 shells
 l=0 nsto= 1
    1       1.200000000000        1.000000000000
 20 H     1 shells
 l=0 nsto= 1
    1       1.200000000000        1.000000000000
 21 H     1 shells
 l=0 nsto= 1
    1       1.200000000000        1.000000000000
 22 H     1 shells
 l=0 nsto= 1
    1       1.200000000000        1.000000000000
 23 H     1 shells
 l=0 nsto= 1
    1       1.200000000000        1.000000000000
 24 H     1 shells
 l=0 nsto= 1
    1       1.200000000000        1.000000000000
 25 H     1 shells
 l=0 nsto= 1
    1       1.200000000000        1.000000000000
 26 H     1 shells
 l=0 nsto= 1
    1       1.200000000000        1.000000000000
------------------------------------------------------------------------------
                           ORCA NDO INTEGRAL CALCULATION
------------------------------------------------------------------------------

--------------
NDO PARAMETERS
--------------

Gamma integral treatment              ... Mataga-Nishimoto
Nuclear repulsuion treatment          ... Direct (ZA*ZB/RAB)
Interaction factors:
s-s (sigma) =    1.0000
s-p (sigma) =    1.0000
s-d (sigma) =    1.0000
p-p (sigma) =    1.2670  p-p(pi) =    0.5850
p-d (sigma) =    1.0000  p-d(pi) =    1.0000
d-d (sigma) =    1.0000  d-d(pi) =    1.0000 d-d (delta) =    1.0000

fGamma parameter for Mataga-Nishimoto gamma integrals:    1.2000

--------------------------
Parameters for Element H :
--------------------------
 One-electron parameters (in eV)
  U(s)  =   -13.060000 Beta(s) =    12.000000 Neff(s) =     1.000000
 One-center electron repulsion parameters (in eV)
  G(s,s)=    12.850000
--------------------------
Parameters for Element C :
--------------------------
 One-electron parameters (in eV)
  U(s)  =   -50.870766 Beta(s) =    17.000000 Neff(s) =     2.000000
  U(p)  =   -41.599980 Beta(p) =    17.000000 Neff(p) =     2.000000 
 One-center electron repulsion parameters (in eV)
  G(s,s)=    11.110000
  G(s,p)=    11.110000 G(p,p)  =    11.110000
 Slater-Condon parameters (in eV)
 F2(p,p)=     4.5098 G1(s,p)=    6.8977
--------------------------
Parameters for Element S :
--------------------------
 One-electron parameters (in eV)
  U(s)  =   -69.509597 Beta(s) =    15.000000 Neff(s) =     2.000000
  U(p)  =   -60.725746 Beta(p) =    15.000000 Neff(p) =     4.000000 
 One-center electron repulsion parameters (in eV)
  G(s,s)=    10.090000
  G(s,p)=    10.090000 G(p,p)  =    10.090000
 Slater-Condon parameters (in eV)
 F2(p,p)=     4.5377 G1(s,p)=    3.0756

 Number of atoms                    ....   27
 Number of basis functions          ....   60

 Overlap integrals                  .... done
 One electron matrix                .... done
 Nuclear repulsion                  .... done
 Integral list                      .... done
 Electron-electron repulsion        .... done
-------------------------------------------------------------------------------
                                 ORCA SCF
-------------------------------------------------------------------------------

------------
SCF SETTINGS
------------
Hamiltonian:
 ZDO-Hamiltonian        Method          .... INDO


General Settings:
 Integral files         IntName         .... /Users/mattyjones/GoogleDrive/Boise/Code/MorphCT/tests/output_EZ/donor_polymer/chromophores/input_orca/single/00001
 Hartree-Fock type      HFTyp           .... RHF
 Total Charge           Charge          ....    0
 Multiplicity           Mult            ....    1
 Number of Electrons    NEL             ....   62
 Basis Dimension        Dim             ....   60
 Nuclear Repulsion      ENuc            ....    281.8680571737 Eh

Convergence Acceleration:
 DIIS                   CNVDIIS         .... on
   Start iteration      DIISMaxIt       ....    12
   Startup error        DIISStart       ....  0.200000
   # of expansion vecs  DIISMaxEq       ....     5
   Bias factor          DIISBfac        ....   1.050
   Max. coefficient     DIISMaxC        ....  10.000
 Newton-Raphson         CNVNR           .... off
 SOSCF                  CNVSOSCF        .... on
   Start iteration      SOSCFMaxIt      ....   150
   Startup grad/error   SOSCFStart      ....  0.003300
 Level Shifting         CNVShift        .... on
   Level shift para.    LevelShift      ....    0.2500
   Turn off err/grad.   ShiftErr        ....    0.0010
 Zerner damping         CNVZerner       .... off
 Static damping         CNVDamp         .... on
   Fraction old density DampFac         ....    0.7000
   Max. Damping (<1)    DampMax         ....    0.9800
   Min. Damping (>=0)   DampMin         ....    0.0000
   Turn off err/grad.   DampErr         ....    0.1000
 Fernandez-Rico         CNVRico         .... off

SCF Procedure:
 Maximum # iterations   MaxIter         ....   125
 SCF integral mode      SCFMode         .... Conventional
 Integral Buffer length BufferLength    .... 1048576
 Integral index format  IndFormat       ....     0
 Integral value format  ValFormat       ....     0
 Integral Storage       Thresh          ....  1.000e-08 Eh

Convergence Tolerance:
 Convergence Check Mode ConvCheckMode   .... Total+1el-Energy
 Energy Change          TolE            ....  1.000e-06 Eh
 1-El. energy change                    ....  1.000e-03 Eh
 Orbital Gradient       TolG            ....  5.000e-05
 Orbital Rotation angle TolX            ....  5.000e-05
 DIIS Error             TolErr          ....  1.000e-06


Diagonalization of the overlap matrix:
Smallest eigenvalue                        ... 1.699e-01
Time for diagonalization                   ...    0.001 sec
Threshold for overlap eigenvalues          ... 1.000e-08
Number of eigenvalues below threshold      ... 0
Time for construction of square roots      ...    0.000 sec
Total time needed                          ...    0.002 sec

-------------------------------
INITIAL GUESS: EXTENDED HUECKEL
-------------------------------
EHT matrix was read from disk
EHT matrix was diagonalized
Initial density was built
                      ------------------
                      INITIAL GUESS DONE
                      ------------------

 InCore treatment chosen:
   Memory dedicated               ...    1024 MB
   Memory needed                  ...      0 MB
   Number of tiny    integrals    ...       0
   Number of small   integrals    ...       0
   Number of regular integrals    ...    1896

--------------
SCF ITERATIONS
--------------
ITER       Energy         Delta-E        Max-DP      RMS-DP      [F,P]     Damp
  0    -10.0038765125   0.000000000000 0.04158032  0.00202934  0.0886525 0.7000
  1    -10.0246359134  -0.020759400956 0.03908769  0.00190995  0.0632742 0.7000
                               ***Turning on DIIS***
  2    -10.0400047787  -0.015368865258 0.09864333  0.00489865  0.0413174 0.0000
  3    -10.0806561173  -0.040651338638 0.01469067  0.00101808  0.0196911 0.0000
  4    -10.0725853154   0.008070801924 0.01071027  0.00069393  0.0064179 0.0000
  5    -10.0810277832  -0.008442467864 0.00749923  0.00047025  0.0037451 0.0000
  6    -10.0822557677  -0.001227984445 0.00543182  0.00033343  0.0020352 0.0000
                      *** Initiating the SOSCF procedure ***
                           *** Shutting down DIIS ***
                      *** Re-Reading the Fockian *** 
                      *** Removing any level shift *** 
ITER      Energy       Delta-E        Grad      Rot      Max-DP    RMS-DP
  7    -10.08031326   0.0019425079  0.002972  0.002972  0.003243  0.000189
  8    -10.07950848   0.0008047771  0.000796  0.002189  0.001618  0.000088
  9    -10.07951585  -0.0000073716  0.000357  0.002167  0.001813  0.000093
 10    -10.07951856  -0.0000027087  0.000030  0.000047  0.000099  0.000005
                 **** Energy Check signals convergence ****
              ***Rediagonalizing the Fockian in SOSCF/NRSCF***

               *****************************************************
               *                     SUCCESS                       *
               *           SCF CONVERGED AFTER  11 CYCLES          *
               *****************************************************


----------------
TOTAL SCF ENERGY
----------------

Total Energy       :          -10.07951858 Eh            -274.27764 eV

Components:
Nuclear Repulsion  :          281.86805717 Eh            7670.01977 eV
Electronic Energy  :         -291.94757576 Eh           -7944.29742 eV

One Electron Energy:         -538.83365783 Eh          -14662.40925 eV
Two Electron Energy:          246.88608207 Eh            6718.11184 eV


---------------
SCF CONVERGENCE
---------------

  Last Energy change         ...   -2.1693e-08  Tolerance :   1.0000e-06
  Last MAX-Density change    ...    2.6649e-05  Tolerance :   1.0000e-05
  Last RMS-Density change    ...    1.2643e-06  Tolerance :   1.0000e-06
  Last Orbital Gradient      ...    5.8514e-06  Tolerance :   5.0000e-05
  Last Orbital Rotation      ...    1.2761e-05  Tolerance :   5.0000e-05

             **** THE GBW FILE WAS UPDATED (/Users/mattyjones/GoogleDrive/Boise/Code/MorphCT/tests/output_EZ/donor_polymer/chromophores/input_orca/single/00001.gbw) ****
             **** DENSITY FILE WAS UPDATED (/Users/mattyjones/GoogleDrive/Boise/Code/MorphCT/tests/output_EZ/donor_polymer/chromophores/input_orca/single/00001.scfp.tmp) ****
             **** ENERGY FILE WAS UPDATED (/Users/mattyjones/GoogleDrive/Boise/Code/MorphCT/tests/output_EZ/donor_polymer/chromophores/input_orca/single/00001.en.tmp) ****
----------------
ORBITAL ENERGIES
----------------

  NO   OCC          E(Eh)            E(eV) 
   0   2.0000      -1.554518       -42.3006 
   1   2.0000      -1.383263       -37.6405 
   2   2.0000      -1.278801       -34.7980 
   3   2.0000      -1.194007       -32.4906 
   4   2.0000      -1.102301       -29.9951 
   5   2.0000      -1.033796       -28.1310 
   6   2.0000      -0.977628       -26.6026 
   7   2.0000      -0.910967       -24.7887 
   8   2.0000      -0.859319       -23.3833 
   9   2.0000      -0.829833       -22.5809 
  10   2.0000      -0.770015       -20.9532 
  11   2.0000      -0.714150       -19.4330 
  12   2.0000      -0.693695       -18.8764 
  13   2.0000      -0.678229       -18.4556 
  14   2.0000      -0.628732       -17.1087 
  15   2.0000      -0.617871       -16.8131 
  16   2.0000      -0.593849       -16.1595 
  17   2.0000      -0.577583       -15.7168 
  18   2.0000      -0.565105       -15.3773 
  19   2.0000      -0.558276       -15.1915 
  20   2.0000      -0.528550       -14.3826 
  21   2.0000      -0.515747       -14.0342 
  22   2.0000      -0.506645       -13.7865 
  23   2.0000      -0.490612       -13.3502 
  24   2.0000      -0.484633       -13.1875 
  25   2.0000      -0.476472       -12.9655 
  26   2.0000      -0.460518       -12.5313 
  27   2.0000      -0.445948       -12.1349 
  28   2.0000      -0.436037       -11.8652 
  29   2.0000      -0.358100        -9.7444 
  30   2.0000      -0.305544        -8.3143 
  31   0.0000       0.005633         0.1533 
  32   0.0000       0.041337         1.1248 
  33   0.0000       0.072315         1.9678 
  34   0.0000       0.081682         2.2227 
  35   0.0000       0.100297         2.7292 
  36   0.0000       0.106993         2.9114 
  37   0.0000       0.123088         3.3494 
  38   0.0000       0.141422         3.8483 
  39   0.0000       0.157237         4.2786 
  40   0.0000       0.165195         4.4952 
  41   0.0000       0.172562         4.6957 
  42   0.0000       0.204112         5.5542 
  43   0.0000       0.225249         6.1293 
  44   0.0000       0.234263         6.3746 
  45   0.0000       0.236754         6.4424 
  46   0.0000       0.237792         6.4706 
  47   0.0000       0.239889         6.5277 
  48   0.0000       0.241903         6.5825 
  49   0.0000       0.244737         6.6596 
  50   0.0000       0.246425         6.7056 
  51   0.0000       0.251372         6.8402 
  52   0.0000       0.265154         7.2152 
  53   0.0000       0.279118         7.5952 
  54   0.0000       0.296000         8.0546 
  55   0.0000       0.308654         8.3989 
  56   0.0000       0.339338         9.2339 
  57   0.0000       0.360062         9.7978 
  58   0.0000       0.402218        10.9449 
  59   0.0000       0.437343        11.9007 
-------
TIMINGS
-------

Total SCF time: 0 days 0 hours 0 min 0 sec 

Total time                  ....       0.091 sec
Sum of individual times     ....       0.072 sec  ( 78.7%)

Fock matrix formation       ....       0.056 sec  ( 61.5%)
Diagonalization             ....       0.005 sec  (  6.0%)
Density matrix formation    ....       0.001 sec  (  0.8%)
Population analysis         ....       0.000 sec  (  0.0%)
Initial guess               ....       0.001 sec  (  0.7%)
Orbital Transformation      ....       0.000 sec  (  0.0%)
Orbital Orthonormalization  ....       0.000 sec  (  0.0%)
DIIS solution               ....       0.006 sec  (  6.3%)
SOSCF solution              ....       0.003 sec  (  3.4%)

-------------------------   --------------------
FINAL SINGLE POINT ENERGY       -10.079518584632
-------------------------   --------------------


                            ***************************************
                            *     ORCA property calculations      *
                            ***************************************

                                    ---------------------
                                    Active property flags
                                    ---------------------
   (+) Dipole Moment


------------------------------------------------------------------------------
                       ORCA ELECTRIC PROPERTIES CALCULATION
------------------------------------------------------------------------------

Dipole Moment Calculation                       ... on
Quadrupole Moment Calculation                   ... off
Polarizability Calculation                      ... off
GBWName                                         ... /Users/mattyjones/GoogleDrive/Boise/Code/MorphCT/tests/output_EZ/donor_polymer/chromophores/input_orca/single/00001.gbw
Electron density file                           ... /Users/mattyjones/GoogleDrive/Boise/Code/MorphCT/tests/output_EZ/donor_polymer/chromophores/input_orca/single/00001.scfp.tmp

-------------
DIPOLE MOMENT
-------------
                                X             Y             Z
Electronic contribution:   -119.65775     -89.68062     -53.69656
Nuclear contribution   :     64.75329      48.23839      29.28432
                        -----------------------------------------
Total Dipole Moment    :    -54.90446     -41.44223     -24.41224
                        -----------------------------------------
Magnitude (a.u.)       :     72.99257
Magnitude (Debye)      :    185.53238


Timings for individual modules:

Sum of individual times         ...        0.161 sec (=   0.003 min)
STO integral calculation        ...        0.036 sec (=   0.001 min)  22.4 %
SCF iterations                  ...        0.125 sec (=   0.002 min)  77.6 %
                             ****ORCA TERMINATED NORMALLY****
TOTAL RUN TIME: 0 days 0 hours 0 minutes 0 seconds 482 msec

