
                                 *****************
                                 * O   R   C   A *
                                 *****************

           --- An Ab Initio, DFT and Semiempirical electronic structure package ---

                  #######################################################
                  #                        -***-                        #
                  #  Department of molecular theory and spectroscopy    #
                  #              Directorship: Frank Neese              #
                  # Max Planck Institute for Chemical Energy Conversion #
                  #                  D-45470 Muelheim/Ruhr              #
                  #                       Germany                       #
                  #                                                     #
                  #                  All rights reserved                #
                  #                        -***-                        #
                  #######################################################


                         Program Version 4.0.1.2 - RELEASE -


 With contributions from (in alphabetic order):
   Daniel Aravena         : Magnetic Properties
   Michael Atanasov       : Ab Initio Ligand Field Theory
   Ute Becker             : Parallelization
   Martin Brehm           : Molecular dynamics
   Dmytro Bykov           : SCF Hessian
   Vijay G. Chilkuri      : MRCI spin determinant printing
   Dipayan Datta          : RHF DLPNO-CCSD density
   Achintya Kumar Dutta   : EOM-CC, STEOM-CC
   Dmitry Ganyushin       : Spin-Orbit,Spin-Spin,Magnetic field MRCI
   Yang Guo               : DLPNO-NEVPT2, CIM, IAO-localization
   Andreas Hansen         : Spin unrestricted coupled pair/coupled cluster methods
   Lee Huntington         : MR-EOM, pCC
   Robert Izsak           : Overlap fitted RIJCOSX, COSX-SCS-MP3, EOM
   Christian Kollmar      : KDIIS, OOCD, Brueckner-CCSD(T), CCSD density
   Simone Kossmann        : Meta GGA functionals, TD-DFT gradient, OOMP2, MP2 Hessian
   Martin Krupicka        : AUTO-CI
   Dagmar Lenk            : GEPOL surface
   Dimitrios Liakos       : Extrapolation schemes; parallel MDCI
   Dimitrios Manganas     : ROCIS; embedding schemes
   Dimitrios Pantazis     : SARC Basis sets
   Taras Petrenko         : DFT Hessian,TD-DFT gradient, ASA, ECA, R-Raman, ABS, FL, XAS/XES, NRVS
   Peter Pinski           : DLPNO-MP2
   Christoph Reimann      : Effective Core Potentials
   Marius Retegan         : Local ZFS, SOC
   Christoph Riplinger    : Optimizer, TS searches, QM/MM, DLPNO-CCSD(T), (RO)-DLPNO pert. Triples
   Tobias Risthaus        : Range-separated hybrids, TD-DFT gradient, RPA, STAB
   Michael Roemelt        : Restricted open shell CIS
   Masaaki Saitow         : Open-shell DLPNO
   Barbara Sandhoefer     : DKH picture change effects
   Kantharuban Sivalingam : CASSCF convergence, NEVPT2, FIC-MRCI
   Georgi Stoychev        : AutoAux
   Boris Wezisla          : Elementary symmetry handling
   Frank Wennmohs         : Technical directorship


 We gratefully acknowledge several colleagues who have allowed us to
 interface, adapt or use parts of their codes:
   Stefan Grimme, W. Hujo, H. Kruse,             : VdW corrections, initial TS optimization,
                  C. Bannwarth                     DFT functionals, gCP, sTDA/sTD-DF
   Ed Valeev                                     : LibInt (2-el integral package), F12 methods
   Garnet Chan, S. Sharma, J. Yang, R. Olivares  : DMRG
   Ulf Ekstrom                                   : XCFun DFT Library
   Mihaly Kallay                                 : mrcc  (arbitrary order and MRCC methods)
   Andreas Klamt, Michael Diedenhofen            : otool_cosmo (COSMO solvation model)
   Jiri Pittner, Ondrej Demel                    : Mk-CCSD
   Frank Weinhold                                : gennbo (NPA and NBO analysis)
   Christopher J. Cramer and Donald G. Truhlar   : smd solvation model


 Your calculation uses the libint2 library for the computation of 2-el integrals
 For citations please refer to: http://libint.valeyev.net

 This ORCA versions uses:
   CBLAS   interface :  Fast vector & matrix operations
   LAPACKE interface :  Fast linear algebra routines
   SCALAPACK package :  Parallel linear algebra routines


leaving
Your calculation utilizes the basis: def2-SVP
   F. Weigend and R. Ahlrichs, Phys. Chem. Chem. Phys. 7, 3297 (2005).

================================================================================
                                        WARNINGS
                       Please study these warnings very carefully!
================================================================================

Warning: TCutStore was < 0. Adjusted to Thresh (uncritical)

WARNING: Direct SCF is incompatible with Method<>HF and Method<>DFT
  ===> : conventional SCF is chosen

WARNING: The NDO methods need Guess=HUECKEL or Guess=HCORE or Guess=MOREAD
  ===> : Guess is set to Hueckel

WARNING: The NDO methods need %rel::SOCType==1
  ===> : %rel::SOCType is set to 1

WARNING: The NDO methods cannot have frozencore=1
  ===> : %method FrozenCore=0 end

INFO   : the flag for use of LIBINT has been found!

================================================================================
                                       INPUT FILE
================================================================================
NAME = /home/mattyjones/Software/morphct/tests/output_EZ/donor_polymer/chromophores/input_orca/single/00003.inp
|  1> # ================================================================
|  2> # Orca input file made by Matty Jones
|  3> # ================================================================
|  4> ! ZINDO/S 
|  5> ! NOPOP
|  6> ! NOMOPRINT
|  7> * xyz 0   1
|  8>  C  -4.19823  -1.57365  -2.20622
|  9>  C  -2.99871  -0.90065  -1.96934
| 10>  C  -2.08140  -1.61708  -1.13895
| 11>  C  -2.55901  -2.86207  -0.71801
| 12>  S  -4.06986  -3.00887  -1.38599
| 13>  H  -2.78362  0.24851  -1.79699
| 14>  C  -0.58471  -1.26247  -0.56370
| 15>  C  0.86166  -0.58744  -1.17840
| 16>  C  1.18726  1.05718  -0.93084
| 17>  H  1.72296  1.44998  -1.87670
| 18>  H  0.17902  1.60437  -0.81195
| 19>  H  1.73448  -1.18405  -0.71683
| 20>  H  0.84754  -0.76275  -2.31716
| 21>  H  -0.78201  -0.56312  0.35971
| 22>  H  -0.16529  -2.26494  -0.11542
| 23>  C  2.13169  1.36176  0.37547
| 24>  C  1.35931  1.58687  1.86606
| 25>  C  2.38884  1.98830  3.14160
| 26>  H  3.36052  1.36588  3.06747
| 27>  H  1.85734  1.76148  4.14407
| 28>  H  2.64271  3.11590  3.08400
| 29>  H  0.58883  2.43393  1.74624
| 30>  H  0.82057  0.60590  2.13948
| 31>  H  2.87515  0.48591  0.51874
| 32>  H  2.74323  2.32398  0.17267
| 33>  H  -5.01838  -1.23801  -2.78786
| 34>  H  -2.05988  -3.56488  -0.10113
| 35> *
| 36> 
| 37>                          ****END OF INPUT****
================================================================================

                       ****************************
                       * Single Point Calculation *
                       ****************************

---------------------------------
CARTESIAN COORDINATES (ANGSTROEM)
---------------------------------
  C     -4.198230   -1.573650   -2.206220
  C     -2.998710   -0.900650   -1.969340
  C     -2.081400   -1.617080   -1.138950
  C     -2.559010   -2.862070   -0.718010
  S     -4.069860   -3.008870   -1.385990
  H     -2.783620    0.248510   -1.796990
  C     -0.584710   -1.262470   -0.563700
  C      0.861660   -0.587440   -1.178400
  C      1.187260    1.057180   -0.930840
  H      1.722960    1.449980   -1.876700
  H      0.179020    1.604370   -0.811950
  H      1.734480   -1.184050   -0.716830
  H      0.847540   -0.762750   -2.317160
  H     -0.782010   -0.563120    0.359710
  H     -0.165290   -2.264940   -0.115420
  C      2.131690    1.361760    0.375470
  C      1.359310    1.586870    1.866060
  C      2.388840    1.988300    3.141600
  H      3.360520    1.365880    3.067470
  H      1.857340    1.761480    4.144070
  H      2.642710    3.115900    3.084000
  H      0.588830    2.433930    1.746240
  H      0.820570    0.605900    2.139480
  H      2.875150    0.485910    0.518740
  H      2.743230    2.323980    0.172670
  H     -5.018380   -1.238010   -2.787860
  H     -2.059880   -3.564880   -0.101130

----------------------------
CARTESIAN COORDINATES (A.U.)
----------------------------
  NO LB      ZA    FRAG     MASS         X           Y           Z
   0 C     4.0000    0    12.011   -7.933505   -2.973768   -4.169152
   1 C     4.0000    0    12.011   -5.666741   -1.701982   -3.721513
   2 C     4.0000    0    12.011   -3.933276   -3.055838   -2.152304
   3 C     4.0000    0    12.011   -4.835828   -5.408528   -1.356842
   4 S     6.0000    0    32.060   -7.690921   -5.685940   -2.619142
   5 H     1.0000    0     1.008   -5.260279    0.469616   -3.395819
   6 C     4.0000    0    12.011   -1.104942   -2.385723   -1.065239
   7 C     4.0000    0    12.011    1.628301   -1.110101   -2.226853
   8 C     4.0000    0    12.011    2.243596    1.997781   -1.759033
   9 H     1.0000    0     1.008    3.255923    2.740065   -3.546449
  10 H     1.0000    0     1.008    0.338299    3.031820   -1.534363
  11 H     1.0000    0     1.008    3.277692   -2.237530   -1.354612
  12 H     1.0000    0     1.008    1.601618   -1.441389   -4.378798
  13 H     1.0000    0     1.008   -1.477785   -1.064143    0.679753
  14 H     1.0000    0     1.008   -0.312353   -4.280116   -0.218112
  15 C     4.0000    0    12.011    4.028310    2.573353    0.709535
  16 C     4.0000    0    12.011    2.568724    2.998750    3.526342
  17 C     4.0000    0    12.011    4.514253    3.757342    5.936764
  18 H     1.0000    0     1.008    6.350462    2.581139    5.796678
  19 H     1.0000    0     1.008    3.509864    3.328715    7.831157
  20 H     1.0000    0     1.008    4.993998    5.888198    5.827915
  21 H     1.0000    0     1.008    1.112727    4.599461    3.299915
  22 H     1.0000    0     1.008    1.550653    1.144985    4.043031
  23 H     1.0000    0     1.008    5.433246    0.918237    0.980277
  24 H     1.0000    0     1.008    5.183953    4.391686    0.326299
  25 H     1.0000    0     1.008   -9.483364   -2.339500   -5.268292
  26 H     1.0000    0     1.008   -3.892609   -6.736647   -0.191108

--------------------------------
INTERNAL COORDINATES (ANGSTROEM)
--------------------------------
 C      0   0   0     0.000000000000     0.00000000     0.00000000
 C      1   0   0     1.395668071140     0.00000000     0.00000000
 C      2   1   0     1.429782197784   114.10167006     0.00000000
 C      3   2   1     1.398321098961   113.69261706     0.00000000
 S      1   2   3     1.658044799817   105.47979420     0.00000000
 H      2   1   3     1.181751638966   130.54842418   217.36819994
 C      3   2   1     1.642175925624   132.84193420   180.92001909
 C      7   3   2     1.710411578480   136.88974073   315.98389737
 C      8   7   3     1.694720111995   119.53538734    97.33861207
 H      9   8   7     1.155818960564   107.41580396   215.88307326
 H      9   8   7     1.153299451920   107.91030462   333.46266867
 H      8   7   3     1.153605265851   106.97187496   219.41905513
 H      8   7   3     1.152261822721   106.54500542   335.92175603
 H      7   3   2     1.175033506161   104.52315615    80.26169444
 H      7   3   2     1.175505931801   105.93955132   191.46462417
 C      9   8   7     1.640476399525   114.02316287    95.28791839
 C     16   9   8     1.693842945671   117.57470546   271.31219313
 C     17  16   9     1.687625656773   114.74371770   183.55724518
 H     18  17  16     1.156314808216   109.64210490   319.64708411
 H     18  17  16     1.157102270026   109.14554133   199.54262936
 H     18  17  16     1.157259476911   109.14610332    79.82120429
 H     17  16   9     1.151306608337   108.14087705   304.38146016
 H     17  16   9     1.152085684704   107.99416740    63.10813960
 H     16   9   8     1.157744482604   109.13400865    32.70245144
 H     16   9   8     1.158005328140   108.59329409   150.36117105
 H      1   2   3     1.060002510233   127.25975618   180.00010801
 H      4   3   2     1.060006409132   127.20567188   179.99924218

---------------------------
INTERNAL COORDINATES (A.U.)
---------------------------
 C      0   0   0     0.000000000000     0.00000000     0.00000000
 C      1   0   0     2.637430428313     0.00000000     0.00000000
 C      2   1   0     2.701896784968   114.10167006     0.00000000
 C      3   2   1     2.642443924320   113.69261706     0.00000000
 S      1   2   3     3.133250589426   105.47979420     0.00000000
 H      2   1   3     2.233186955959   130.54842418   217.36819994
 C      3   2   1     3.103262763149   132.84193420   180.92001909
 C      7   3   2     3.232209459616   136.88974073   315.98389737
 C      8   7   3     3.202556885319   119.53538734    97.33861207
 H      9   8   7     2.184181295860   107.41580396   215.88307326
 H      9   8   7     2.179420114531   107.91030462   333.46266867
 H      8   7   3     2.179998019108   106.97187496   219.41905513
 H      8   7   3     2.177459279515   106.54500542   335.92175603
 H      7   3   2     2.220491524825   104.52315615    80.26169444
 H      7   3   2     2.221384279904   105.93955132   191.46462417
 C      9   8   7     3.100051124264   114.02316287    95.28791839
 C     16   9   8     3.200899281193   117.57470546   271.31219313
 C     17  16   9     3.189150307881   114.74371770   183.55724518
 H     18  17  16     2.185118312126   109.64210490   319.64708411
 H     18  17  16     2.186606399288   109.14554133   199.54262936
 H     18  17  16     2.186903477246   109.14610332    79.82120429
 H     17  16   9     2.175654185930   108.14087705   304.38146016
 H     17  16   9     2.177126426902   107.99416740    63.10813960
 H     16   9   8     2.187820005180   109.13400865    32.70245144
 H     16   9   8     2.188312931806   108.59329409   150.36117105
 H      1   2   3     2.003114445609   127.25975618   180.00010801
 H      4   3   2     2.003121813460   127.20567188   179.99924218

----------------------------
SLATER BASIS SET DIM=  60
----------------------------
  0 C     2 shells
 l=0 nsto= 1
    2       1.625000000000        1.000000000000
 l=1 nsto= 1
    2       1.625000000000        1.000000000000
  1 C     2 shells
 l=0 nsto= 1
    2       1.625000000000        1.000000000000
 l=1 nsto= 1
    2       1.625000000000        1.000000000000
  2 C     2 shells
 l=0 nsto= 1
    2       1.625000000000        1.000000000000
 l=1 nsto= 1
    2       1.625000000000        1.000000000000
  3 C     2 shells
 l=0 nsto= 1
    2       1.625000000000        1.000000000000
 l=1 nsto= 1
    2       1.625000000000        1.000000000000
  4 S     2 shells
 l=0 nsto= 1
    3       1.925000000000        1.000000000000
 l=1 nsto= 1
    3       1.925000000000        1.000000000000
  5 H     1 shells
 l=0 nsto= 1
    1       1.200000000000        1.000000000000
  6 C     2 shells
 l=0 nsto= 1
    2       1.625000000000        1.000000000000
 l=1 nsto= 1
    2       1.625000000000        1.000000000000
  7 C     2 shells
 l=0 nsto= 1
    2       1.625000000000        1.000000000000
 l=1 nsto= 1
    2       1.625000000000        1.000000000000
  8 C     2 shells
 l=0 nsto= 1
    2       1.625000000000        1.000000000000
 l=1 nsto= 1
    2       1.625000000000        1.000000000000
  9 H     1 shells
 l=0 nsto= 1
    1       1.200000000000        1.000000000000
 10 H     1 shells
 l=0 nsto= 1
    1       1.200000000000        1.000000000000
 11 H     1 shells
 l=0 nsto= 1
    1       1.200000000000        1.000000000000
 12 H     1 shells
 l=0 nsto= 1
    1       1.200000000000        1.000000000000
 13 H     1 shells
 l=0 nsto= 1
    1       1.200000000000        1.000000000000
 14 H     1 shells
 l=0 nsto= 1
    1       1.200000000000        1.000000000000
 15 C     2 shells
 l=0 nsto= 1
    2       1.625000000000        1.000000000000
 l=1 nsto= 1
    2       1.625000000000        1.000000000000
 16 C     2 shells
 l=0 nsto= 1
    2       1.625000000000        1.000000000000
 l=1 nsto= 1
    2       1.625000000000        1.000000000000
 17 C     2 shells
 l=0 nsto= 1
    2       1.625000000000        1.000000000000
 l=1 nsto= 1
    2       1.625000000000        1.000000000000
 18 H     1 shells
 l=0 nsto= 1
    1       1.200000000000        1.000000000000
 19 H     1 shells
 l=0 nsto= 1
    1       1.200000000000        1.000000000000
 20 H     1 shells
 l=0 nsto= 1
    1       1.200000000000        1.000000000000
 21 H     1 shells
 l=0 nsto= 1
    1       1.200000000000        1.000000000000
 22 H     1 shells
 l=0 nsto= 1
    1       1.200000000000        1.000000000000
 23 H     1 shells
 l=0 nsto= 1
    1       1.200000000000        1.000000000000
 24 H     1 shells
 l=0 nsto= 1
    1       1.200000000000        1.000000000000
 25 H     1 shells
 l=0 nsto= 1
    1       1.200000000000        1.000000000000
 26 H     1 shells
 l=0 nsto= 1
    1       1.200000000000        1.000000000000
------------------------------------------------------------------------------
                           ORCA NDO INTEGRAL CALCULATION
------------------------------------------------------------------------------

--------------
NDO PARAMETERS
--------------

Gamma integral treatment              ... Mataga-Nishimoto
Nuclear repulsuion treatment          ... Direct (ZA*ZB/RAB)
Interaction factors:
s-s (sigma) =    1.0000
s-p (sigma) =    1.0000
s-d (sigma) =    1.0000
p-p (sigma) =    1.2670  p-p(pi) =    0.5850
p-d (sigma) =    1.0000  p-d(pi) =    1.0000
d-d (sigma) =    1.0000  d-d(pi) =    1.0000 d-d (delta) =    1.0000

fGamma parameter for Mataga-Nishimoto gamma integrals:    1.2000

--------------------------
Parameters for Element H :
--------------------------
 One-electron parameters (in eV)
  U(s)  =   -13.060000 Beta(s) =    12.000000 Neff(s) =     1.000000
 One-center electron repulsion parameters (in eV)
  G(s,s)=    12.850000
--------------------------
Parameters for Element C :
--------------------------
 One-electron parameters (in eV)
  U(s)  =   -50.870766 Beta(s) =    17.000000 Neff(s) =     2.000000
  U(p)  =   -41.599980 Beta(p) =    17.000000 Neff(p) =     2.000000 
 One-center electron repulsion parameters (in eV)
  G(s,s)=    11.110000
  G(s,p)=    11.110000 G(p,p)  =    11.110000
 Slater-Condon parameters (in eV)
 F2(p,p)=     4.5098 G1(s,p)=    6.8977
--------------------------
Parameters for Element S :
--------------------------
 One-electron parameters (in eV)
  U(s)  =   -69.509597 Beta(s) =    15.000000 Neff(s) =     2.000000
  U(p)  =   -60.725746 Beta(p) =    15.000000 Neff(p) =     4.000000 
 One-center electron repulsion parameters (in eV)
  G(s,s)=    10.090000
  G(s,p)=    10.090000 G(p,p)  =    10.090000
 Slater-Condon parameters (in eV)
 F2(p,p)=     4.5377 G1(s,p)=    3.0756

 Number of atoms                    ....   27
 Number of basis functions          ....   60

 Overlap integrals                  .... done
 One electron matrix                .... done
 Nuclear repulsion                  .... done
 Integral list                      .... done
 Electron-electron repulsion        .... done
-------------------------------------------------------------------------------
                                 ORCA SCF
-------------------------------------------------------------------------------

------------
SCF SETTINGS
------------
Hamiltonian:
 ZDO-Hamiltonian        Method          .... INDO


General Settings:
 Integral files         IntName         .... /home/mattyjones/Software/morphct/tests/output_EZ/donor_polymer/chromophores/input_orca/single/00003
 Hartree-Fock type      HFTyp           .... RHF
 Total Charge           Charge          ....    0
 Multiplicity           Mult            ....    1
 Number of Electrons    NEL             ....   62
 Basis Dimension        Dim             ....   60
 Nuclear Repulsion      ENuc            ....    291.8241162113 Eh

Convergence Acceleration:
 DIIS                   CNVDIIS         .... on
   Start iteration      DIISMaxIt       ....    12
   Startup error        DIISStart       ....  0.200000
   # of expansion vecs  DIISMaxEq       ....     5
   Bias factor          DIISBfac        ....   1.050
   Max. coefficient     DIISMaxC        ....  10.000
 Newton-Raphson         CNVNR           .... off
 SOSCF                  CNVSOSCF        .... on
   Start iteration      SOSCFMaxIt      ....   150
   Startup grad/error   SOSCFStart      ....  0.003300
 Level Shifting         CNVShift        .... on
   Level shift para.    LevelShift      ....    0.2500
   Turn off err/grad.   ShiftErr        ....    0.0010
 Zerner damping         CNVZerner       .... off
 Static damping         CNVDamp         .... on
   Fraction old density DampFac         ....    0.7000
   Max. Damping (<1)    DampMax         ....    0.9800
   Min. Damping (>=0)   DampMin         ....    0.0000
   Turn off err/grad.   DampErr         ....    0.1000
 Fernandez-Rico         CNVRico         .... off

SCF Procedure:
 Maximum # iterations   MaxIter         ....   125
 SCF integral mode      SCFMode         .... Conventional
 Integral Buffer length BufferLength    .... 1048576
 Integral index format  IndFormat       ....     0
 Integral value format  ValFormat       ....     0
 Integral Storage       Thresh          ....  1.000e-08 Eh

Convergence Tolerance:
 Convergence Check Mode ConvCheckMode   .... Total+1el-Energy
 Convergence forced     ConvForced      .... 0
 Energy Change          TolE            ....  1.000e-06 Eh
 1-El. energy change                    ....  1.000e-03 Eh
 Orbital Gradient       TolG            ....  5.000e-05
 Orbital Rotation angle TolX            ....  5.000e-05
 DIIS Error             TolErr          ....  1.000e-06


Diagonalization of the overlap matrix:
Smallest eigenvalue                        ... 1.693e-01
Time for diagonalization                   ...    0.002 sec
Threshold for overlap eigenvalues          ... 1.000e-08
Number of eigenvalues below threshold      ... 0
Time for construction of square roots      ...    0.000 sec
Total time needed                          ...    0.002 sec

-------------------------------
INITIAL GUESS: EXTENDED HUECKEL
-------------------------------
EHT matrix was read from disk
EHT matrix was diagonalized
Initial density was built
                      ------------------
                      INITIAL GUESS DONE
                      ------------------

 InCore treatment chosen:
   Memory dedicated               ...    1024 MB
   Memory needed                  ...      0 MB
   Number of tiny    integrals    ...       0
   Number of small   integrals    ...       0
   Number of regular integrals    ...    1896

--------------
SCF ITERATIONS
--------------
ITER       Energy         Delta-E        Max-DP      RMS-DP      [F,P]     Damp
  0     -7.6089029687   0.000000000000 0.04376543  0.00209858  0.0921199 0.7000
  1     -7.6308091861  -0.021906217416 0.04138877  0.00198069  0.0619926 0.7000
                               ***Turning on DIIS***
  2     -7.6469877409  -0.016178554821 0.10495094  0.00508334  0.0370141 0.0000
  3     -7.6892127102  -0.042224969291 0.01519910  0.00105176  0.0205169 0.0000
  4     -7.6809855739   0.008227136290 0.01168761  0.00073330  0.0073213 0.0000
  5     -7.6901782078  -0.009192633830 0.00838832  0.00050249  0.0042286 0.0000
  6     -7.6910573680  -0.000879160262 0.00659866  0.00035988  0.0023943 0.0000
                      *** Initiating the SOSCF procedure ***
                           *** Shutting down DIIS ***
                      *** Re-Reading the Fockian *** 
                      *** Removing any level shift *** 
ITER      Energy       Delta-E        Grad      Rot      Max-DP    RMS-DP
  7     -7.68940895   0.0016484222  0.003144  0.003144  0.004028  0.000208
  8     -7.68841836   0.0009905905  0.000878  0.002473  0.001992  0.000099
  9     -7.68842758  -0.0000092289  0.000391  0.002515  0.002393  0.000111
 10     -7.68843121  -0.0000036289  0.000030  0.000045  0.000114  0.000005
                 **** Energy Check signals convergence ****
              ***Rediagonalizing the Fockian in SOSCF/NRSCF***

               *****************************************************
               *                     SUCCESS                       *
               *           SCF CONVERGED AFTER  11 CYCLES          *
               *****************************************************


----------------
TOTAL SCF ENERGY
----------------

Total Energy       :           -7.68843125 Eh            -209.21285 eV

Components:
Nuclear Repulsion  :          291.82411621 Eh            7940.93791 eV
Electronic Energy  :         -299.51254746 Eh           -8150.15076 eV
One Electron Energy:         -553.92532391 Eh          -15073.07436 eV
Two Electron Energy:          254.41277645 Eh            6922.92360 eV


---------------
SCF CONVERGENCE
---------------

  Last Energy change         ...   -3.3064e-08  Tolerance :   1.0000e-06
  Last MAX-Density change    ...    6.9201e-05  Tolerance :   1.0000e-05
  Last RMS-Density change    ...    2.3409e-06  Tolerance :   1.0000e-06
  Last Orbital Gradient      ...    1.2497e-05  Tolerance :   5.0000e-05
  Last Orbital Rotation      ...    3.5671e-05  Tolerance :   5.0000e-05

             **** THE GBW FILE WAS UPDATED (/home/mattyjones/Software/morphct/tests/output_EZ/donor_polymer/chromophores/input_orca/single/00003.gbw) ****
             **** DENSITY FILE WAS UPDATED (/home/mattyjones/Software/morphct/tests/output_EZ/donor_polymer/chromophores/input_orca/single/00003.scfp.tmp) ****
             **** ENERGY FILE WAS UPDATED (/home/mattyjones/Software/morphct/tests/output_EZ/donor_polymer/chromophores/input_orca/single/00003.en.tmp) ****
----------------
ORBITAL ENERGIES
----------------

  NO   OCC          E(Eh)            E(eV) 
   0   2.0000      -1.557520       -42.3823 
   1   2.0000      -1.396952       -38.0130 
   2   2.0000      -1.281537       -34.8724 
   3   2.0000      -1.193130       -32.4667 
   4   2.0000      -1.099808       -29.9273 
   5   2.0000      -1.036163       -28.1954 
   6   2.0000      -0.972348       -26.4589 
   7   2.0000      -0.903443       -24.5839 
   8   2.0000      -0.867422       -23.6038 
   9   2.0000      -0.814914       -22.1749 
  10   2.0000      -0.770354       -20.9624 
  11   2.0000      -0.721740       -19.6396 
  12   2.0000      -0.706420       -19.2227 
  13   2.0000      -0.659867       -17.9559 
  14   2.0000      -0.642426       -17.4813 
  15   2.0000      -0.614527       -16.7221 
  16   2.0000      -0.597323       -16.2540 
  17   2.0000      -0.573185       -15.5971 
  18   2.0000      -0.559561       -15.2264 
  19   2.0000      -0.550892       -14.9905 
  20   2.0000      -0.535011       -14.5584 
  21   2.0000      -0.524707       -14.2780 
  22   2.0000      -0.503931       -13.7126 
  23   2.0000      -0.496982       -13.5236 
  24   2.0000      -0.482581       -13.1317 
  25   2.0000      -0.477749       -13.0002 
  26   2.0000      -0.461140       -12.5483 
  27   2.0000      -0.452631       -12.3167 
  28   2.0000      -0.438647       -11.9362 
  29   2.0000      -0.352509        -9.5923 
  30   2.0000      -0.304498        -8.2858 
  31   0.0000       0.002654         0.0722 
  32   0.0000       0.061186         1.6650 
  33   0.0000       0.063958         1.7404 
  34   0.0000       0.086005         2.3403 
  35   0.0000       0.103712         2.8222 
  36   0.0000       0.110839         3.0161 
  37   0.0000       0.127557         3.4710 
  38   0.0000       0.140286         3.8174 
  39   0.0000       0.157270         4.2795 
  40   0.0000       0.168317         4.5801 
  41   0.0000       0.172342         4.6897 
  42   0.0000       0.200003         5.4424 
  43   0.0000       0.231902         6.3104 
  44   0.0000       0.235122         6.3980 
  45   0.0000       0.238967         6.5026 
  46   0.0000       0.240025         6.5314 
  47   0.0000       0.240599         6.5470 
  48   0.0000       0.244091         6.6421 
  49   0.0000       0.245543         6.6816 
  50   0.0000       0.246277         6.7015 
  51   0.0000       0.259852         7.0709 
  52   0.0000       0.265394         7.2217 
  53   0.0000       0.275728         7.5029 
  54   0.0000       0.297553         8.0968 
  55   0.0000       0.308828         8.4036 
  56   0.0000       0.340840         9.2747 
  57   0.0000       0.356321         9.6960 
  58   0.0000       0.402028        10.9397 
  59   0.0000       0.439210        11.9515 
-------
TIMINGS
-------

Total SCF time: 0 days 0 hours 0 min 0 sec 

Total time                  ....       0.078 sec
Sum of individual times     ....       0.066 sec  ( 84.5%)

Fock matrix formation       ....       0.044 sec  ( 56.6%)
Diagonalization             ....       0.005 sec  (  6.8%)
Density matrix formation    ....       0.000 sec  (  0.6%)
Population analysis         ....       0.000 sec  (  0.0%)
Initial guess               ....       0.002 sec  (  2.1%)
Orbital Transformation      ....       0.000 sec  (  0.0%)
Orbital Orthonormalization  ....       0.000 sec  (  0.0%)
DIIS solution               ....       0.002 sec  (  2.3%)
SOSCF solution              ....       0.013 sec  ( 16.1%)

-------------------------   --------------------
FINAL SINGLE POINT ENERGY        -7.688431246209
-------------------------   --------------------


                            ***************************************
                            *     ORCA property calculations      *
                            ***************************************

                                    ---------------------
                                    Active property flags
                                    ---------------------
   (+) Dipole Moment


------------------------------------------------------------------------------
                       ORCA ELECTRIC PROPERTIES CALCULATION
------------------------------------------------------------------------------

Dipole Moment Calculation                       ... on
Quadrupole Moment Calculation                   ... off
Polarizability Calculation                      ... off
GBWName                                         ... /home/mattyjones/Software/morphct/tests/output_EZ/donor_polymer/chromophores/input_orca/single/00003.gbw
Electron density file                           ... /home/mattyjones/Software/morphct/tests/output_EZ/donor_polymer/chromophores/input_orca/single/00003.scfp.tmp
The origin for moment calculation is the CENTER OF MASS  = (-1.974154, -1.396164 -0.893710)

-------------
DIPOLE MOMENT
-------------
                                X             Y             Z
Electronic contribution:   -108.98277     -78.91398     -43.08248
Nuclear contribution   :     58.46962      42.20628      23.47947
                        -----------------------------------------
Total Dipole Moment    :    -50.51316     -36.70770     -19.60301
                        -----------------------------------------
Magnitude (a.u.)       :     65.44702
Magnitude (Debye)      :    166.35309


Timings for individual modules:

Sum of individual times         ...        0.151 sec (=   0.003 min)
STO integral calculation        ...        0.035 sec (=   0.001 min)  23.4 %
SCF iterations                  ...        0.116 sec (=   0.002 min)  76.6 %
                             ****ORCA TERMINATED NORMALLY****
TOTAL RUN TIME: 0 days 0 hours 0 minutes 0 seconds 439 msec

