
                                 *****************
                                 * O   R   C   A *
                                 *****************

           --- An Ab Initio, DFT and Semiempirical electronic structure package ---

                  #######################################################
                  #                        -***-                        #
                  #  Department of molecular theory and spectroscopy    #
                  #              Directorship: Frank Neese              #
                  # Max Planck Institute for Chemical Energy Conversion #
                  #                  D-45470 Muelheim/Ruhr              #
                  #                       Germany                       #
                  #                                                     #
                  #                  All rights reserved                #
                  #                        -***-                        #
                  #######################################################


                         Program Version 3.0.3 - RELEASE   -


 With contributions from (in alphabetic order):
   Ute Becker             : Parallelization
   Dmytro Bykov           : SCF Hessian
   Dmitry Ganyushin       : Spin-Orbit,Spin-Spin,Magnetic field MRCI
   Andreas Hansen         : Spin unrestricted coupled pair/coupled cluster methods
   Dimitrios Liakos       : Extrapolation schemes; parallel MDCI
   Robert Izsak           : Overlap fitted RIJCOSX, COSX-SCS-MP3
   Christian Kollmar      : KDIIS, OOCD, Brueckner-CCSD(T), CCSD density
   Simone Kossmann        : Meta GGA functionals, TD-DFT gradient, OOMP2, MP2 Hessian
   Taras Petrenko         : DFT Hessian,TD-DFT gradient, ASA and ECA modules, normal mode analysis, Resonance Raman, ABS, FL, XAS/XES, NRVS
   Christoph Reimann      : Effective Core Potentials
   Michael Roemelt        : Restricted open shell CIS
   Christoph Riplinger    : Improved optimizer, TS searches, QM/MM, DLPNO-CCSD
   Barbara Sandhoefer     : DKH picture change effects
   Igor Schapiro          : Molecular dynamics
   Kantharuban Sivalingam : CASSCF convergence, NEVPT2
   Boris Wezisla          : Elementary symmetry handling
   Frank Wennmohs         : Technical directorship


 We gratefully acknowledge several colleagues who have allowed us to
 interface, adapt or use parts of their codes:
   Stefan Grimme, W. Hujo, H. Kruse, T. Risthaus : VdW corrections, initial TS optimization,
                                                   DFT functionals, gCP
   Ed Valeev                                     : LibInt (2-el integral package), F12 methods
   Garnet Chan, S. Sharma, R. Olivares           : DMRG
   Ulf Ekstrom                                   : XCFun DFT Library
   Mihaly Kallay                                 : mrcc  (arbitrary order and MRCC methods)
   Andreas Klamt, Michael Diedenhofen            : otool_cosmo (COSMO solvation model)
   Frank Weinhold                                : gennbo (NPA and NBO analysis)
   Christopher J. Cramer and Donald G. Truhlar   : smd solvation model


 Your calculation uses the libint2 library for the computation of 2-el integrals
 For citations please refer to: http://libint.valeyev.net

 This ORCA versions uses:
   CBLAS   interface :  Fast vector & matrix operations
   LAPACKE interface :  Fast linear algebra routines
   SCALAPACK package :  Parallel linear algebra routines


leaving
================================================================================
                                        WARNINGS
                       Please study these warnings very carefully!
================================================================================
Now building the actual basis set

WARNING: Direct SCF is incompatible with Method<>HF and Method<>DFT
  ===> : conventional SCF is chosen

WARNING: The NDO methods need Guess=HUECKEL or Guess=HCORE or Guess=MOREAD
  ===> : Guess is set to Hueckel

WARNING: The NDO methods need %rel::SOCType==1
  ===> : %rel::SOCType is set to 1

WARNING: The NDO methods cannot have frozencore=1
  ===> : %method FrozenCore=0 end


INFO   : the flag for use of LIBINT has been found!

================================================================================
                                       INPUT FILE
================================================================================
NAME = /Users/mattyjones/GoogleDrive/Boise/Code/MorphCT/tests/output_EZ/donor_polymer/chromophores/input_orca/single/00005.inp
|  1> # ================================================================
|  2> # Orca input file made by Matty Jones
|  3> # ================================================================
|  4> ! ZINDO/S 
|  5> ! NOPOP
|  6> ! NOMOPRINT
|  7> * xyz 0   1
|  8>  C  -4.62313  -1.76637  -2.03171
|  9>  C  -3.39912  -1.12868  -1.82425
| 10>  C  -2.49210  -1.86108  -0.99649
| 11>  C  -3.00249  -3.08327  -0.54807
| 12>  S  -4.52766  -3.19187  -1.19031
| 13>  H  -2.71891  -0.55559  -2.62174
| 14>  C  -1.02768  -1.26098  -0.65583
| 15>  C  -0.88119  0.29388  0.04999
| 16>  C  0.65678  1.02348  0.26362
| 17>  H  0.37193  2.14850  0.42313
| 18>  H  1.18035  0.94372  -0.76442
| 19>  H  -1.49533  1.00676  -0.61269
| 20>  H  -1.35603  0.22020  1.09601
| 21>  H  -0.47054  -1.98509  0.06039
| 22>  H  -0.40749  -1.20693  -1.64374
| 23>  C  1.74099  0.70530  1.44200
| 24>  C  3.33672  1.12209  0.99228
| 25>  C  3.99075  2.62861  1.35793
| 26>  H  3.98973  2.77476  2.50497
| 27>  H  3.36937  3.45918  0.84885
| 28>  H  5.08187  2.66403  0.96744
| 29>  H  4.03312  0.34442  1.48447
| 30>  H  3.39331  1.02513  -0.15679
| 31>  H  1.72757  -0.42074  1.69316
| 32>  H  1.48677  1.30623  2.39542
| 33>  H  -5.44127  -1.41372  -2.60607
| 34>  H  -2.51634  -3.79196  0.07243
| 35> *
| 36> 
| 37>                          ****END OF INPUT****
================================================================================

                       ****************************
                       * Single Point Calculation *
                       ****************************

---------------------------------
CARTESIAN COORDINATES (ANGSTROEM)
---------------------------------
  C     -4.623130   -1.766370   -2.031710
  C     -3.399120   -1.128680   -1.824250
  C     -2.492100   -1.861080   -0.996490
  C     -3.002490   -3.083270   -0.548070
  S     -4.527660   -3.191870   -1.190310
  H     -2.718910   -0.555590   -2.621740
  C     -1.027680   -1.260980   -0.655830
  C     -0.881190    0.293880    0.049990
  C      0.656780    1.023480    0.263620
  H      0.371930    2.148500    0.423130
  H      1.180350    0.943720   -0.764420
  H     -1.495330    1.006760   -0.612690
  H     -1.356030    0.220200    1.096010
  H     -0.470540   -1.985090    0.060390
  H     -0.407490   -1.206930   -1.643740
  C      1.740990    0.705300    1.442000
  C      3.336720    1.122090    0.992280
  C      3.990750    2.628610    1.357930
  H      3.989730    2.774760    2.504970
  H      3.369370    3.459180    0.848850
  H      5.081870    2.664030    0.967440
  H      4.033120    0.344420    1.484470
  H      3.393310    1.025130   -0.156790
  H      1.727570   -0.420740    1.693160
  H      1.486770    1.306230    2.395420
  H     -5.441270   -1.413720   -2.606070
  H     -2.516340   -3.791960    0.072430

----------------------------
CARTESIAN COORDINATES (A.U.)
----------------------------
  NO LB      ZA    FRAG    MASS        X           Y           Z
   0 C     4.0000    0    12.011         -8.736449581515355         -3.337955551174481         -3.839375483549146
   1 C     4.0000    0    12.011         -6.423405896334405         -2.132896092834238         -3.447332899805843
   2 C     4.0000    0    12.011         -4.709386498345151         -3.516931513318163         -1.883093195191188
   3 C     4.0000    0    12.011         -5.673883819837219         -5.826535896935378         -1.035702202218220
   4 S     6.0000    0    32.060         -8.556037427509894         -6.031760155079226         -2.249359914467805
   5 H     1.0000    0     1.008         -5.137995282779831         -1.049912942745308         -4.954370594346702
   6 C     4.0000    0    12.011         -1.942033753308192         -2.382906860352020         -1.239339090409574
   7 C     4.0000    0    12.011         -1.665207771950068          0.555352716236777          0.094467409434723
   8 C     4.0000    0    12.011          1.241134330236800          1.934096903545723          0.498169603424320
   9 H     1.0000    0     1.008          0.702845840989331          4.060076598729809          0.799599819046099
  10 H     1.0000    0     1.008          2.230538242173949          1.783372347104164         -1.444544451292083
  11 H     1.0000    0     1.008         -2.825764179836465          1.902500682586560         -1.157816304992212
  12 H     1.0000    0     1.008         -2.562525329381235          0.416117694689460          2.071158740039031
  13 H     1.0000    0     1.008         -0.889191735055306         -3.751276451185737          0.114120561227504
  14 H     1.0000    0     1.008         -0.770044502311571         -2.280767162813576         -3.106218435371718
  15 C     4.0000    0    12.011          3.289994301895560          1.332823842254659          2.724985085114445
  16 C     4.0000    0    12.011          6.305486985577719          2.120442797611697          1.875137448167380
  17 C     4.0000    0    12.011          7.541424568946234          4.967353012886742          2.566115809035685
  18 H     1.0000    0     1.008          7.539497048289636          5.243536487359332          4.733707273688718
  19 H     1.0000    0     1.008          6.367186543850248          6.536902847937715          1.604094028779054
  20 H     1.0000    0     1.008          9.603342548190392          5.034287112550232          1.828196651000776
  21 H     1.0000    0     1.008          7.621492265240479          0.650859475045158          2.805241754022080
  22 H     1.0000    0     1.008          6.412426587496323          1.937214951666693         -0.296290160537513
  23 H     1.0000    0     1.008          3.264634177178337         -0.795083373586027          3.199608700910106
  24 H     1.0000    0     1.008          2.809588124130099          2.468416967911957          4.526687775717645
  25 H     1.0000    0     1.008        -10.282510120721689         -2.671543630047152         -4.924758585828156
  26 H     1.0000    0     1.008         -4.755193459831403         -7.165765910784029          0.136872863879916

--------------------------------
INTERNAL COORDINATES (ANGSTROEM)
--------------------------------
 C      0   0   0   0.000000     0.000     0.000
 C      1   0   0   1.395668     0.000     0.000
 C      2   1   0   1.429784   114.102     0.000
 C      3   2   1   1.398330   113.693     0.000
 S      1   2   3   1.658047   105.480     0.000
 H      2   1   3   1.194616   128.267   136.972
 C      3   2   1   1.618856   120.384   180.045
 C      7   3   2   1.713835   120.019    55.308
 C      8   7   3   1.715606   120.913   186.712
 H      9   8   7   1.171432   101.970   162.408
 H      9   8   7   1.156440   105.417    50.458
 H      8   7   3   1.150874   106.213   308.183
 H      8   7   3   1.151112   106.314    65.380
 H      7   3   2   1.160910   109.435   177.687
 H      7   3   2   1.167700   108.637   294.442
 C      9   8   7   1.632584   127.038   281.133
 C     16   9   8   1.709478   112.490   156.690
 C     17  16   9   1.682575   121.599    92.919
 H     18  17  16   1.156314   109.172    59.935
 H     18  17  16   1.155475   109.805   298.988
 H     18  17  16   1.159431   108.661   179.102
 H     17  16   9   1.154121   106.665   214.420
 H     17  16   9   1.154541   106.685   331.701
 H     16   9   8   1.153788   109.853    36.579
 H     16   9   8   1.155316   110.374   276.368
 H      1   2   3   1.060002   127.260   180.000
 H      4   3   2   1.060002   127.206   180.000

---------------------------
INTERNAL COORDINATES (A.U.)
---------------------------
 C      0   0   0   0.000000     0.000     0.000
 C      1   0   0   2.637430     0.000     0.000
 C      2   1   0   2.701900   114.102     0.000
 C      3   2   1   2.642461   113.693     0.000
 S      1   2   3   3.133254   105.480     0.000
 H      2   1   3   2.257498   128.267   136.972
 C      3   2   1   3.059195   120.384   180.045
 C      7   3   2   3.238679   120.019    55.308
 C      8   7   3   3.242026   120.913   186.712
 H      9   8   7   2.213686   101.970   162.408
 H      9   8   7   2.185355   105.417    50.458
 H      8   7   3   2.174836   106.213   308.183
 H      8   7   3   2.175287   106.314    65.380
 H      7   3   2   2.193801   109.435   177.687
 H      7   3   2   2.206633   108.637   294.442
 C      9   8   7   3.085136   127.038   281.133
 C     16   9   8   3.230446   112.490   156.690
 C     17  16   9   3.179605   121.599    92.919
 H     18  17  16   2.185116   109.172    59.935
 H     18  17  16   2.183531   109.805   298.988
 H     18  17  16   2.191007   108.661   179.102
 H     17  16   9   2.180972   106.665   214.420
 H     17  16   9   2.181767   106.685   331.701
 H     16   9   8   2.180344   109.853    36.579
 H     16   9   8   2.183230   110.374   276.368
 H      1   2   3   2.003114   127.260   180.000
 H      4   3   2   2.003113   127.206   180.000

----------------------------
SLATER BASIS SET DIM=  60
----------------------------
  0 C     2 shells
 l=0 nsto= 1
    2       1.625000000000        1.000000000000
 l=1 nsto= 1
    2       1.625000000000        1.000000000000
  1 C     2 shells
 l=0 nsto= 1
    2       1.625000000000        1.000000000000
 l=1 nsto= 1
    2       1.625000000000        1.000000000000
  2 C     2 shells
 l=0 nsto= 1
    2       1.625000000000        1.000000000000
 l=1 nsto= 1
    2       1.625000000000        1.000000000000
  3 C     2 shells
 l=0 nsto= 1
    2       1.625000000000        1.000000000000
 l=1 nsto= 1
    2       1.625000000000        1.000000000000
  4 S     2 shells
 l=0 nsto= 1
    3       1.925000000000        1.000000000000
 l=1 nsto= 1
    3       1.925000000000        1.000000000000
  5 H     1 shells
 l=0 nsto= 1
    1       1.200000000000        1.000000000000
  6 C     2 shells
 l=0 nsto= 1
    2       1.625000000000        1.000000000000
 l=1 nsto= 1
    2       1.625000000000        1.000000000000
  7 C     2 shells
 l=0 nsto= 1
    2       1.625000000000        1.000000000000
 l=1 nsto= 1
    2       1.625000000000        1.000000000000
  8 C     2 shells
 l=0 nsto= 1
    2       1.625000000000        1.000000000000
 l=1 nsto= 1
    2       1.625000000000        1.000000000000
  9 H     1 shells
 l=0 nsto= 1
    1       1.200000000000        1.000000000000
 10 H     1 shells
 l=0 nsto= 1
    1       1.200000000000        1.000000000000
 11 H     1 shells
 l=0 nsto= 1
    1       1.200000000000        1.000000000000
 12 H     1 shells
 l=0 nsto= 1
    1       1.200000000000        1.000000000000
 13 H     1 shells
 l=0 nsto= 1
    1       1.200000000000        1.000000000000
 14 H     1 shells
 l=0 nsto= 1
    1       1.200000000000        1.000000000000
 15 C     2 shells
 l=0 nsto= 1
    2       1.625000000000        1.000000000000
 l=1 nsto= 1
    2       1.625000000000        1.000000000000
 16 C     2 shells
 l=0 nsto= 1
    2       1.625000000000        1.000000000000
 l=1 nsto= 1
    2       1.625000000000        1.000000000000
 17 C     2 shells
 l=0 nsto= 1
    2       1.625000000000        1.000000000000
 l=1 nsto= 1
    2       1.625000000000        1.000000000000
 18 H     1 shells
 l=0 nsto= 1
    1       1.200000000000        1.000000000000
 19 H     1 shells
 l=0 nsto= 1
    1       1.200000000000        1.000000000000
 20 H     1 shells
 l=0 nsto= 1
    1       1.200000000000        1.000000000000
 21 H     1 shells
 l=0 nsto= 1
    1       1.200000000000        1.000000000000
 22 H     1 shells
 l=0 nsto= 1
    1       1.200000000000        1.000000000000
 23 H     1 shells
 l=0 nsto= 1
    1       1.200000000000        1.000000000000
 24 H     1 shells
 l=0 nsto= 1
    1       1.200000000000        1.000000000000
 25 H     1 shells
 l=0 nsto= 1
    1       1.200000000000        1.000000000000
 26 H     1 shells
 l=0 nsto= 1
    1       1.200000000000        1.000000000000
------------------------------------------------------------------------------
                           ORCA NDO INTEGRAL CALCULATION
------------------------------------------------------------------------------

--------------
NDO PARAMETERS
--------------

Gamma integral treatment              ... Mataga-Nishimoto
Nuclear repulsuion treatment          ... Direct (ZA*ZB/RAB)
Interaction factors:
s-s (sigma) =    1.0000
s-p (sigma) =    1.0000
s-d (sigma) =    1.0000
p-p (sigma) =    1.2670  p-p(pi) =    0.5850
p-d (sigma) =    1.0000  p-d(pi) =    1.0000
d-d (sigma) =    1.0000  d-d(pi) =    1.0000 d-d (delta) =    1.0000

fGamma parameter for Mataga-Nishimoto gamma integrals:    1.2000

--------------------------
Parameters for Element H :
--------------------------
 One-electron parameters (in eV)
  U(s)  =   -13.060000 Beta(s) =    12.000000 Neff(s) =     1.000000
 One-center electron repulsion parameters (in eV)
  G(s,s)=    12.850000
--------------------------
Parameters for Element C :
--------------------------
 One-electron parameters (in eV)
  U(s)  =   -50.870766 Beta(s) =    17.000000 Neff(s) =     2.000000
  U(p)  =   -41.599980 Beta(p) =    17.000000 Neff(p) =     2.000000 
 One-center electron repulsion parameters (in eV)
  G(s,s)=    11.110000
  G(s,p)=    11.110000 G(p,p)  =    11.110000
 Slater-Condon parameters (in eV)
 F2(p,p)=     4.5098 G1(s,p)=    6.8977
--------------------------
Parameters for Element S :
--------------------------
 One-electron parameters (in eV)
  U(s)  =   -69.509597 Beta(s) =    15.000000 Neff(s) =     2.000000
  U(p)  =   -60.725746 Beta(p) =    15.000000 Neff(p) =     4.000000 
 One-center electron repulsion parameters (in eV)
  G(s,s)=    10.090000
  G(s,p)=    10.090000 G(p,p)  =    10.090000
 Slater-Condon parameters (in eV)
 F2(p,p)=     4.5377 G1(s,p)=    3.0756

 Number of atoms                    ....   27
 Number of basis functions          ....   60

 Overlap integrals                  .... done
 One electron matrix                .... done
 Nuclear repulsion                  .... done
 Integral list                      .... done
 Electron-electron repulsion        .... done
-------------------------------------------------------------------------------
                                 ORCA SCF
-------------------------------------------------------------------------------

------------
SCF SETTINGS
------------
Hamiltonian:
 ZDO-Hamiltonian        Method          .... INDO


General Settings:
 Integral files         IntName         .... /Users/mattyjones/GoogleDrive/Boise/Code/MorphCT/tests/output_EZ/donor_polymer/chromophores/input_orca/single/00005
 Hartree-Fock type      HFTyp           .... RHF
 Total Charge           Charge          ....    0
 Multiplicity           Mult            ....    1
 Number of Electrons    NEL             ....   62
 Basis Dimension        Dim             ....   60
 Nuclear Repulsion      ENuc            ....    286.7828322397 Eh

Convergence Acceleration:
 DIIS                   CNVDIIS         .... on
   Start iteration      DIISMaxIt       ....    12
   Startup error        DIISStart       ....  0.200000
   # of expansion vecs  DIISMaxEq       ....     5
   Bias factor          DIISBfac        ....   1.050
   Max. coefficient     DIISMaxC        ....  10.000
 Newton-Raphson         CNVNR           .... off
 SOSCF                  CNVSOSCF        .... on
   Start iteration      SOSCFMaxIt      ....   150
   Startup grad/error   SOSCFStart      ....  0.003300
 Level Shifting         CNVShift        .... on
   Level shift para.    LevelShift      ....    0.2500
   Turn off err/grad.   ShiftErr        ....    0.0010
 Zerner damping         CNVZerner       .... off
 Static damping         CNVDamp         .... on
   Fraction old density DampFac         ....    0.7000
   Max. Damping (<1)    DampMax         ....    0.9800
   Min. Damping (>=0)   DampMin         ....    0.0000
   Turn off err/grad.   DampErr         ....    0.1000
 Fernandez-Rico         CNVRico         .... off

SCF Procedure:
 Maximum # iterations   MaxIter         ....   125
 SCF integral mode      SCFMode         .... Conventional
 Integral Buffer length BufferLength    .... 1048576
 Integral index format  IndFormat       ....     0
 Integral value format  ValFormat       ....     0
 Integral Storage       Thresh          ....  1.000e-08 Eh

Convergence Tolerance:
 Convergence Check Mode ConvCheckMode   .... Total+1el-Energy
 Energy Change          TolE            ....  1.000e-06 Eh
 1-El. energy change                    ....  1.000e-03 Eh
 Orbital Gradient       TolG            ....  5.000e-05
 Orbital Rotation angle TolX            ....  5.000e-05
 DIIS Error             TolErr          ....  1.000e-06


Diagonalization of the overlap matrix:
Smallest eigenvalue                        ... 1.690e-01
Time for diagonalization                   ...    0.001 sec
Threshold for overlap eigenvalues          ... 1.000e-08
Number of eigenvalues below threshold      ... 0
Time for construction of square roots      ...    0.000 sec
Total time needed                          ...    0.002 sec

-------------------------------
INITIAL GUESS: EXTENDED HUECKEL
-------------------------------
EHT matrix was read from disk
EHT matrix was diagonalized
Initial density was built
                      ------------------
                      INITIAL GUESS DONE
                      ------------------

 InCore treatment chosen:
   Memory dedicated               ...    1024 MB
   Memory needed                  ...      0 MB
   Number of tiny    integrals    ...       0
   Number of small   integrals    ...       0
   Number of regular integrals    ...    1896

--------------
SCF ITERATIONS
--------------
ITER       Energy         Delta-E        Max-DP      RMS-DP      [F,P]     Damp
  0     -8.6150041761   0.000000000000 0.04491324  0.00212842  0.0953366 0.7000
  1     -8.6374956045  -0.022491428411 0.04253363  0.00201053  0.0684259 0.7000
                               ***Turning on DIIS***
  2     -8.6540934223  -0.016597817799 0.10843240  0.00516150  0.0453147 0.0000
  3     -8.6973137237  -0.043220301328 0.01550700  0.00105905  0.0204856 0.0000
  4     -8.6887153996   0.008598324096 0.01273394  0.00074952  0.0081120 0.0000
  5     -8.6984275512  -0.009712151650 0.00891670  0.00051270  0.0047041 0.0000
  6     -8.6992372883  -0.000809737066 0.00621871  0.00036743  0.0025275 0.0000
                      *** Initiating the SOSCF procedure ***
                           *** Shutting down DIIS ***
                      *** Re-Reading the Fockian *** 
                      *** Removing any level shift *** 
ITER      Energy       Delta-E        Grad      Rot      Max-DP    RMS-DP
  7     -8.69768337   0.0015539143  0.003235  0.003235  0.003524  0.000215
  8     -8.69653607   0.0011473046  0.000927  0.002636  0.001880  0.000104
  9     -8.69654597  -0.0000098974  0.000403  0.002660  0.002200  0.000117
 10     -8.69654990  -0.0000039313  0.000042  0.000096  0.000139  0.000008
                 **** Energy Check signals convergence ****
              ***Rediagonalizing the Fockian in SOSCF/NRSCF***

               *****************************************************
               *                     SUCCESS                       *
               *           SCF CONVERGED AFTER  11 CYCLES          *
               *****************************************************


----------------
TOTAL SCF ENERGY
----------------

Total Energy       :           -8.69654994 Eh            -236.64515 eV

Components:
Nuclear Repulsion  :          286.78283224 Eh            7803.75760 eV
Electronic Energy  :         -295.47938218 Eh           -8040.40276 eV

One Electron Energy:         -545.85739944 Eh          -14853.53498 eV
Two Electron Energy:          250.37801725 Eh            6813.13222 eV


---------------
SCF CONVERGENCE
---------------

  Last Energy change         ...   -4.6437e-08  Tolerance :   1.0000e-06
  Last MAX-Density change    ...    6.7347e-05  Tolerance :   1.0000e-05
  Last RMS-Density change    ...    3.0742e-06  Tolerance :   1.0000e-06
  Last Orbital Gradient      ...    2.0045e-05  Tolerance :   5.0000e-05
  Last Orbital Rotation      ...    5.1638e-05  Tolerance :   5.0000e-05

             **** THE GBW FILE WAS UPDATED (/Users/mattyjones/GoogleDrive/Boise/Code/MorphCT/tests/output_EZ/donor_polymer/chromophores/input_orca/single/00005.gbw) ****
             **** DENSITY FILE WAS UPDATED (/Users/mattyjones/GoogleDrive/Boise/Code/MorphCT/tests/output_EZ/donor_polymer/chromophores/input_orca/single/00005.scfp.tmp) ****
             **** ENERGY FILE WAS UPDATED (/Users/mattyjones/GoogleDrive/Boise/Code/MorphCT/tests/output_EZ/donor_polymer/chromophores/input_orca/single/00005.en.tmp) ****
----------------
ORBITAL ENERGIES
----------------

  NO   OCC          E(Eh)            E(eV) 
   0   2.0000      -1.559191       -42.4277 
   1   2.0000      -1.384778       -37.6817 
   2   2.0000      -1.287439       -35.0330 
   3   2.0000      -1.180755       -32.1300 
   4   2.0000      -1.110473       -30.2175 
   5   2.0000      -1.049464       -28.5574 
   6   2.0000      -0.959644       -26.1132 
   7   2.0000      -0.897122       -24.4119 
   8   2.0000      -0.857759       -23.3408 
   9   2.0000      -0.819677       -22.3046 
  10   2.0000      -0.772957       -21.0332 
  11   2.0000      -0.732958       -19.9448 
  12   2.0000      -0.679305       -18.4848 
  13   2.0000      -0.669911       -18.2292 
  14   2.0000      -0.656643       -17.8682 
  15   2.0000      -0.613597       -16.6968 
  16   2.0000      -0.590579       -16.0705 
  17   2.0000      -0.576743       -15.6940 
  18   2.0000      -0.570329       -15.5194 
  19   2.0000      -0.551630       -15.0106 
  20   2.0000      -0.533453       -14.5160 
  21   2.0000      -0.526211       -14.3189 
  22   2.0000      -0.499941       -13.6041 
  23   2.0000      -0.495731       -13.4895 
  24   2.0000      -0.483649       -13.1608 
  25   2.0000      -0.481813       -13.1108 
  26   2.0000      -0.462019       -12.5722 
  27   2.0000      -0.454439       -12.3659 
  28   2.0000      -0.437621       -11.9083 
  29   2.0000      -0.349628        -9.5139 
  30   2.0000      -0.305276        -8.3070 
  31   0.0000       0.002179         0.0593 
  32   0.0000       0.058046         1.5795 
  33   0.0000       0.067487         1.8364 
  34   0.0000       0.086192         2.3454 
  35   0.0000       0.105251         2.8640 
  36   0.0000       0.108435         2.9507 
  37   0.0000       0.126683         3.4472 
  38   0.0000       0.144173         3.9232 
  39   0.0000       0.157441         4.2842 
  40   0.0000       0.170565         4.6413 
  41   0.0000       0.174762         4.7555 
  42   0.0000       0.199593         5.4312 
  43   0.0000       0.232900         6.3375 
  44   0.0000       0.236091         6.4244 
  45   0.0000       0.236979         6.4485 
  46   0.0000       0.239014         6.5039 
  47   0.0000       0.240561         6.5460 
  48   0.0000       0.241718         6.5775 
  49   0.0000       0.244091         6.6420 
  50   0.0000       0.246949         6.7198 
  51   0.0000       0.251872         6.8538 
  52   0.0000       0.265108         7.2140 
  53   0.0000       0.272682         7.4201 
  54   0.0000       0.308232         8.3874 
  55   0.0000       0.308923         8.4062 
  56   0.0000       0.335307         9.1242 
  57   0.0000       0.355580         9.6758 
  58   0.0000       0.414167        11.2700 
  59   0.0000       0.429852        11.6969 
-------
TIMINGS
-------

Total SCF time: 0 days 0 hours 0 min 0 sec 

Total time                  ....       0.122 sec
Sum of individual times     ....       0.111 sec  ( 91.3%)

Fock matrix formation       ....       0.052 sec  ( 42.5%)
Diagonalization             ....       0.005 sec  (  4.0%)
Density matrix formation    ....       0.001 sec  (  0.6%)
Population analysis         ....       0.000 sec  (  0.0%)
Initial guess               ....       0.001 sec  (  0.5%)
Orbital Transformation      ....       0.000 sec  (  0.0%)
Orbital Orthonormalization  ....       0.000 sec  (  0.0%)
DIIS solution               ....       0.047 sec  ( 38.6%)
SOSCF solution              ....       0.006 sec  (  5.0%)

-------------------------   --------------------
FINAL SINGLE POINT ENERGY        -8.696549944467
-------------------------   --------------------


                            ***************************************
                            *     ORCA property calculations      *
                            ***************************************

                                    ---------------------
                                    Active property flags
                                    ---------------------
   (+) Dipole Moment


------------------------------------------------------------------------------
                       ORCA ELECTRIC PROPERTIES CALCULATION
------------------------------------------------------------------------------

Dipole Moment Calculation                       ... on
Quadrupole Moment Calculation                   ... off
Polarizability Calculation                      ... off
GBWName                                         ... /Users/mattyjones/GoogleDrive/Boise/Code/MorphCT/tests/output_EZ/donor_polymer/chromophores/input_orca/single/00005.gbw
Electron density file                           ... /Users/mattyjones/GoogleDrive/Boise/Code/MorphCT/tests/output_EZ/donor_polymer/chromophores/input_orca/single/00005.scfp.tmp

-------------
DIPOLE MOMENT
-------------
                                X             Y             Z
Electronic contribution:   -123.47369     -84.53612     -33.95594
Nuclear contribution   :     66.44352      45.46393      18.36740
                        -----------------------------------------
Total Dipole Moment    :    -57.03017     -39.07219     -15.58854
                        -----------------------------------------
Magnitude (a.u.)       :     70.86663
Magnitude (Debye)      :    180.12865


Timings for individual modules:

Sum of individual times         ...        0.200 sec (=   0.003 min)
STO integral calculation        ...        0.041 sec (=   0.001 min)  20.3 %
SCF iterations                  ...        0.160 sec (=   0.003 min)  79.7 %
                             ****ORCA TERMINATED NORMALLY****
TOTAL RUN TIME: 0 days 0 hours 0 minutes 0 seconds 513 msec

