
                                 *****************
                                 * O   R   C   A *
                                 *****************

           --- An Ab Initio, DFT and Semiempirical electronic structure package ---

                  #######################################################
                  #                        -***-                        #
                  #  Department of molecular theory and spectroscopy    #
                  #              Directorship: Frank Neese              #
                  # Max Planck Institute for Chemical Energy Conversion #
                  #                  D-45470 Muelheim/Ruhr              #
                  #                       Germany                       #
                  #                                                     #
                  #                  All rights reserved                #
                  #                        -***-                        #
                  #######################################################


                         Program Version 4.0.1.2 - RELEASE -


 With contributions from (in alphabetic order):
   Daniel Aravena         : Magnetic Properties
   Michael Atanasov       : Ab Initio Ligand Field Theory
   Ute Becker             : Parallelization
   Martin Brehm           : Molecular dynamics
   Dmytro Bykov           : SCF Hessian
   Vijay G. Chilkuri      : MRCI spin determinant printing
   Dipayan Datta          : RHF DLPNO-CCSD density
   Achintya Kumar Dutta   : EOM-CC, STEOM-CC
   Dmitry Ganyushin       : Spin-Orbit,Spin-Spin,Magnetic field MRCI
   Yang Guo               : DLPNO-NEVPT2, CIM, IAO-localization
   Andreas Hansen         : Spin unrestricted coupled pair/coupled cluster methods
   Lee Huntington         : MR-EOM, pCC
   Robert Izsak           : Overlap fitted RIJCOSX, COSX-SCS-MP3, EOM
   Christian Kollmar      : KDIIS, OOCD, Brueckner-CCSD(T), CCSD density
   Simone Kossmann        : Meta GGA functionals, TD-DFT gradient, OOMP2, MP2 Hessian
   Martin Krupicka        : AUTO-CI
   Dagmar Lenk            : GEPOL surface
   Dimitrios Liakos       : Extrapolation schemes; parallel MDCI
   Dimitrios Manganas     : ROCIS; embedding schemes
   Dimitrios Pantazis     : SARC Basis sets
   Taras Petrenko         : DFT Hessian,TD-DFT gradient, ASA, ECA, R-Raman, ABS, FL, XAS/XES, NRVS
   Peter Pinski           : DLPNO-MP2
   Christoph Reimann      : Effective Core Potentials
   Marius Retegan         : Local ZFS, SOC
   Christoph Riplinger    : Optimizer, TS searches, QM/MM, DLPNO-CCSD(T), (RO)-DLPNO pert. Triples
   Tobias Risthaus        : Range-separated hybrids, TD-DFT gradient, RPA, STAB
   Michael Roemelt        : Restricted open shell CIS
   Masaaki Saitow         : Open-shell DLPNO
   Barbara Sandhoefer     : DKH picture change effects
   Kantharuban Sivalingam : CASSCF convergence, NEVPT2, FIC-MRCI
   Georgi Stoychev        : AutoAux
   Boris Wezisla          : Elementary symmetry handling
   Frank Wennmohs         : Technical directorship


 We gratefully acknowledge several colleagues who have allowed us to
 interface, adapt or use parts of their codes:
   Stefan Grimme, W. Hujo, H. Kruse,             : VdW corrections, initial TS optimization,
                  C. Bannwarth                     DFT functionals, gCP, sTDA/sTD-DF
   Ed Valeev                                     : LibInt (2-el integral package), F12 methods
   Garnet Chan, S. Sharma, J. Yang, R. Olivares  : DMRG
   Ulf Ekstrom                                   : XCFun DFT Library
   Mihaly Kallay                                 : mrcc  (arbitrary order and MRCC methods)
   Andreas Klamt, Michael Diedenhofen            : otool_cosmo (COSMO solvation model)
   Jiri Pittner, Ondrej Demel                    : Mk-CCSD
   Frank Weinhold                                : gennbo (NPA and NBO analysis)
   Christopher J. Cramer and Donald G. Truhlar   : smd solvation model


 Your calculation uses the libint2 library for the computation of 2-el integrals
 For citations please refer to: http://libint.valeyev.net

 This ORCA versions uses:
   CBLAS   interface :  Fast vector & matrix operations
   LAPACKE interface :  Fast linear algebra routines
   SCALAPACK package :  Parallel linear algebra routines


leaving
Your calculation utilizes the basis: def2-SVP
   F. Weigend and R. Ahlrichs, Phys. Chem. Chem. Phys. 7, 3297 (2005).

================================================================================
                                        WARNINGS
                       Please study these warnings very carefully!
================================================================================

Warning: TCutStore was < 0. Adjusted to Thresh (uncritical)

WARNING: Direct SCF is incompatible with Method<>HF and Method<>DFT
  ===> : conventional SCF is chosen

WARNING: The NDO methods need Guess=HUECKEL or Guess=HCORE or Guess=MOREAD
  ===> : Guess is set to Hueckel

WARNING: The NDO methods need %rel::SOCType==1
  ===> : %rel::SOCType is set to 1

WARNING: The NDO methods cannot have frozencore=1
  ===> : %method FrozenCore=0 end

INFO   : the flag for use of LIBINT has been found!

================================================================================
                                       INPUT FILE
================================================================================
NAME = /home/mattyjones/Software/morphct/tests/output_EZ/donor_polymer/chromophores/input_orca/single/00000.inp
|  1> # ================================================================
|  2> # Orca input file made by Matty Jones
|  3> # ================================================================
|  4> ! ZINDO/S 
|  5> ! NOPOP
|  6> ! NOMOPRINT
|  7> * xyz 0   1
|  8>  C  0.23328  2.25438  2.57584
|  9>  C  0.78790  1.38778  1.63282
| 10>  C  1.93194  0.66963  2.10151
| 11>  C  2.28246  0.97067  3.42129
| 12>  S  1.17404  2.09376  3.93167
| 13>  H  0.49413  1.54837  0.54272
| 14>  C  2.53904  -0.33546  0.97856
| 15>  C  1.33466  -0.61750  -0.27429
| 16>  C  -0.04230  -1.62096  -0.18143
| 17>  H  0.32074  -2.69578  -0.40646
| 18>  H  -0.37603  -1.57274  0.92791
| 19>  H  2.00088  -1.22418  -1.02809
| 20>  H  1.06594  0.34184  -0.84365
| 21>  H  2.80117  -1.36128  1.43936
| 22>  H  3.46793  0.12530  0.46973
| 23>  C  -1.37838  -1.33764  -1.10413
| 24>  C  -1.61516  0.05163  -2.06090
| 25>  C  -3.09506  0.08955  -2.88587
| 26>  H  -3.86998  -0.55908  -2.32328
| 27>  H  -2.94607  -0.32410  -3.95611
| 28>  H  -3.47335  1.18185  -2.94284
| 29>  H  -0.77032  0.10165  -2.83931
| 30>  H  -1.57077  0.97162  -1.37130
| 31>  H  -1.47892  -2.22649  -1.84287
| 32>  H  -2.29446  -1.36139  -0.39114
| 33>  H  -0.61129  2.88275  2.45148
| 34>  H  3.08798  0.56581  3.97881
| 35> *
| 36> 
| 37>                          ****END OF INPUT****
================================================================================

                       ****************************
                       * Single Point Calculation *
                       ****************************

---------------------------------
CARTESIAN COORDINATES (ANGSTROEM)
---------------------------------
  C      0.233280    2.254380    2.575840
  C      0.787900    1.387780    1.632820
  C      1.931940    0.669630    2.101510
  C      2.282460    0.970670    3.421290
  S      1.174040    2.093760    3.931670
  H      0.494130    1.548370    0.542720
  C      2.539040   -0.335460    0.978560
  C      1.334660   -0.617500   -0.274290
  C     -0.042300   -1.620960   -0.181430
  H      0.320740   -2.695780   -0.406460
  H     -0.376030   -1.572740    0.927910
  H      2.000880   -1.224180   -1.028090
  H      1.065940    0.341840   -0.843650
  H      2.801170   -1.361280    1.439360
  H      3.467930    0.125300    0.469730
  C     -1.378380   -1.337640   -1.104130
  C     -1.615160    0.051630   -2.060900
  C     -3.095060    0.089550   -2.885870
  H     -3.869980   -0.559080   -2.323280
  H     -2.946070   -0.324100   -3.956110
  H     -3.473350    1.181850   -2.942840
  H     -0.770320    0.101650   -2.839310
  H     -1.570770    0.971620   -1.371300
  H     -1.478920   -2.226490   -1.842870
  H     -2.294460   -1.361390   -0.391140
  H     -0.611290    2.882750    2.451480
  H      3.087980    0.565810    3.978810

----------------------------
CARTESIAN COORDINATES (A.U.)
----------------------------
  NO LB      ZA    FRAG     MASS         X           Y           Z
   0 C     4.0000    0    12.011    0.440835    4.260161    4.867632
   1 C     4.0000    0    12.011    1.488915    2.622524    3.085583
   2 C     4.0000    0    12.011    3.650838    1.265417    3.971278
   3 C     4.0000    0    12.011    4.313224    1.834300    6.465301
   4 S     6.0000    0    32.060    2.218614    3.956633    7.429780
   5 H     1.0000    0     1.008    0.933770    2.925995    1.025592
   6 C     4.0000    0    12.011    4.798090   -0.633928    1.849210
   7 C     4.0000    0    12.011    2.522142   -1.166906   -0.518333
   8 C     4.0000    0    12.011   -0.079935   -3.063170   -0.342853
   9 H     1.0000    0     1.008    0.606111   -5.094286   -0.768098
  10 H     1.0000    0     1.008   -0.710594   -2.972048    1.753496
  11 H     1.0000    0     1.008    3.781115   -2.313365   -1.942809
  12 H     1.0000    0     1.008    2.014335    0.645984   -1.594267
  13 H     1.0000    0     1.008    5.293444   -2.572446    2.719996
  14 H     1.0000    0     1.008    6.553438    0.236783    0.887661
  15 C     4.0000    0    12.011   -2.604761   -2.527773   -2.086503
  16 C     4.0000    0    12.011   -3.052210    0.097567   -3.894537
  17 C     4.0000    0    12.011   -5.848816    0.169225   -5.453504
  18 H     1.0000    0     1.008   -7.313202   -1.056508   -4.390363
  19 H     1.0000    0     1.008   -5.567265   -0.612460   -7.475964
  20 H     1.0000    0     1.008   -6.563680    2.233373   -5.561162
  21 H     1.0000    0     1.008   -1.455694    0.192091   -5.365518
  22 H     1.0000    0     1.008   -2.968325    1.836096   -2.591381
  23 H     1.0000    0     1.008   -2.794754   -4.207456   -3.482520
  24 H     1.0000    0     1.008   -4.335901   -2.572654   -0.739147
  25 H     1.0000    0     1.008   -1.155171    5.447608    4.632626
  26 H     1.0000    0     1.008    5.835437    1.069226    7.518861

--------------------------------
INTERNAL COORDINATES (ANGSTROEM)
--------------------------------
 C      0   0   0     0.000000000000     0.00000000     0.00000000
 C      1   0   0     1.395666731279     0.00000000     0.00000000
 C      2   1   0     1.429768254019   114.10179134     0.00000000
 C      3   2   1     1.398323496334   113.69308798     0.00000000
 S      1   2   3     1.658041962949   105.47964668     0.00000000
 H      2   1   3     1.140354318184   117.13492529   197.09173057
 C      3   2   1     1.624743986171   112.52830661   179.54240030
 C      7   3   2     1.760599576423   109.59186268   342.21958543
 C      8   7   3     1.706333435411   127.40958119   283.84397855
 H      9   8   7     1.156578823470   106.41657295   277.47282778
 H      9   8   7     1.159455094818   105.06319151    32.27784749
 H      8   7   3     1.174786853348    98.70748630   172.88684394
 H      8   7   3     1.147481800989   112.29365013    63.49912932
 H      7   3   2     1.154710114834   111.01269614   223.90128479
 H      7   3   2     1.155008388974   110.99031134   100.79197972
 C      9   8   7     1.648258256099   121.50551222   153.84153466
 C     16   9   8     1.703392125789   124.56236112   351.54677647
 C     17  16   9     1.694732261244   114.39675637   180.96558944
 H     18  17  16     1.156602520921   109.61734466    25.20897065
 H     18  17  16     1.157029818198   109.25817673   265.07330936
 H     18  17  16     1.157353962710   109.29929782   145.25991360
 H     17  16   9     1.149860319387   108.27547626    60.33398215
 H     17  16   9     1.150608635549   108.06644317   301.17503847
 H     16   9   8     1.160129045279   107.15876594   114.02538952
 H     16   9   8     1.161086288352   106.99434073   229.51272478
 H      1   2   3     1.060006014794   127.26001387   179.99936978
 H      4   3   2     1.060001245471   127.20601070   179.99982068

---------------------------
INTERNAL COORDINATES (A.U.)
---------------------------
 C      0   0   0     0.000000000000     0.00000000     0.00000000
 C      1   0   0     2.637427896343     0.00000000     0.00000000
 C      2   1   0     2.701870435070   114.10179134     0.00000000
 C      3   2   1     2.642448454699   113.69308798     0.00000000
 S      1   2   3     3.133245228523   105.47964668     0.00000000
 H      2   1   3     2.154957357002   117.13492529   197.09173057
 C      3   2   1     3.070321171599   112.52830661   179.54240030
 C      7   3   2     3.327051030937   109.59186268   342.21958543
 C      8   7   3     3.224502886079   127.40958119   283.84397855
 H      9   8   7     2.185617228652   106.41657295   277.47282778
 H      9   8   7     2.191052593786   105.06319151    32.27784749
 H      8   7   3     2.220025418559    98.70748630   172.88684394
 H      8   7   3     2.168426347527   112.29365013    63.49912932
 H      7   3   2     2.182085881105   111.01269614   223.90128479
 H      7   3   2     2.182649537542   110.99031134   100.79197972
 C      9   8   7     3.114756702003   121.50551222   153.84153466
 C     16   9   8     3.218944616419   124.56236112   351.54677647
 C     17  16   9     3.202579844072   114.39675637   180.96558944
 H     18  17  16     2.185662010343   109.61734466    25.20897065
 H     18  17  16     2.186469485175   109.25817673   265.07330936
 H     18  17  16     2.187082029530   109.29929782   145.25991360
 H     17  16   9     2.172921095904   108.27547626    60.33398215
 H     17  16   9     2.174335208512   108.06644317   301.17503847
 H     16   9   8     2.192326175585   107.15876594   114.02538952
 H     16   9   8     2.194135102837   106.99434073   229.51272478
 H      1   2   3     2.003121068270   127.26001387   179.99936978
 H      4   3   2     2.003112055556   127.20601070   179.99982068

----------------------------
SLATER BASIS SET DIM=  60
----------------------------
  0 C     2 shells
 l=0 nsto= 1
    2       1.625000000000        1.000000000000
 l=1 nsto= 1
    2       1.625000000000        1.000000000000
  1 C     2 shells
 l=0 nsto= 1
    2       1.625000000000        1.000000000000
 l=1 nsto= 1
    2       1.625000000000        1.000000000000
  2 C     2 shells
 l=0 nsto= 1
    2       1.625000000000        1.000000000000
 l=1 nsto= 1
    2       1.625000000000        1.000000000000
  3 C     2 shells
 l=0 nsto= 1
    2       1.625000000000        1.000000000000
 l=1 nsto= 1
    2       1.625000000000        1.000000000000
  4 S     2 shells
 l=0 nsto= 1
    3       1.925000000000        1.000000000000
 l=1 nsto= 1
    3       1.925000000000        1.000000000000
  5 H     1 shells
 l=0 nsto= 1
    1       1.200000000000        1.000000000000
  6 C     2 shells
 l=0 nsto= 1
    2       1.625000000000        1.000000000000
 l=1 nsto= 1
    2       1.625000000000        1.000000000000
  7 C     2 shells
 l=0 nsto= 1
    2       1.625000000000        1.000000000000
 l=1 nsto= 1
    2       1.625000000000        1.000000000000
  8 C     2 shells
 l=0 nsto= 1
    2       1.625000000000        1.000000000000
 l=1 nsto= 1
    2       1.625000000000        1.000000000000
  9 H     1 shells
 l=0 nsto= 1
    1       1.200000000000        1.000000000000
 10 H     1 shells
 l=0 nsto= 1
    1       1.200000000000        1.000000000000
 11 H     1 shells
 l=0 nsto= 1
    1       1.200000000000        1.000000000000
 12 H     1 shells
 l=0 nsto= 1
    1       1.200000000000        1.000000000000
 13 H     1 shells
 l=0 nsto= 1
    1       1.200000000000        1.000000000000
 14 H     1 shells
 l=0 nsto= 1
    1       1.200000000000        1.000000000000
 15 C     2 shells
 l=0 nsto= 1
    2       1.625000000000        1.000000000000
 l=1 nsto= 1
    2       1.625000000000        1.000000000000
 16 C     2 shells
 l=0 nsto= 1
    2       1.625000000000        1.000000000000
 l=1 nsto= 1
    2       1.625000000000        1.000000000000
 17 C     2 shells
 l=0 nsto= 1
    2       1.625000000000        1.000000000000
 l=1 nsto= 1
    2       1.625000000000        1.000000000000
 18 H     1 shells
 l=0 nsto= 1
    1       1.200000000000        1.000000000000
 19 H     1 shells
 l=0 nsto= 1
    1       1.200000000000        1.000000000000
 20 H     1 shells
 l=0 nsto= 1
    1       1.200000000000        1.000000000000
 21 H     1 shells
 l=0 nsto= 1
    1       1.200000000000        1.000000000000
 22 H     1 shells
 l=0 nsto= 1
    1       1.200000000000        1.000000000000
 23 H     1 shells
 l=0 nsto= 1
    1       1.200000000000        1.000000000000
 24 H     1 shells
 l=0 nsto= 1
    1       1.200000000000        1.000000000000
 25 H     1 shells
 l=0 nsto= 1
    1       1.200000000000        1.000000000000
 26 H     1 shells
 l=0 nsto= 1
    1       1.200000000000        1.000000000000
------------------------------------------------------------------------------
                           ORCA NDO INTEGRAL CALCULATION
------------------------------------------------------------------------------

--------------
NDO PARAMETERS
--------------

Gamma integral treatment              ... Mataga-Nishimoto
Nuclear repulsuion treatment          ... Direct (ZA*ZB/RAB)
Interaction factors:
s-s (sigma) =    1.0000
s-p (sigma) =    1.0000
s-d (sigma) =    1.0000
p-p (sigma) =    1.2670  p-p(pi) =    0.5850
p-d (sigma) =    1.0000  p-d(pi) =    1.0000
d-d (sigma) =    1.0000  d-d(pi) =    1.0000 d-d (delta) =    1.0000

fGamma parameter for Mataga-Nishimoto gamma integrals:    1.2000

--------------------------
Parameters for Element H :
--------------------------
 One-electron parameters (in eV)
  U(s)  =   -13.060000 Beta(s) =    12.000000 Neff(s) =     1.000000
 One-center electron repulsion parameters (in eV)
  G(s,s)=    12.850000
--------------------------
Parameters for Element C :
--------------------------
 One-electron parameters (in eV)
  U(s)  =   -50.870766 Beta(s) =    17.000000 Neff(s) =     2.000000
  U(p)  =   -41.599980 Beta(p) =    17.000000 Neff(p) =     2.000000 
 One-center electron repulsion parameters (in eV)
  G(s,s)=    11.110000
  G(s,p)=    11.110000 G(p,p)  =    11.110000
 Slater-Condon parameters (in eV)
 F2(p,p)=     4.5098 G1(s,p)=    6.8977
--------------------------
Parameters for Element S :
--------------------------
 One-electron parameters (in eV)
  U(s)  =   -69.509597 Beta(s) =    15.000000 Neff(s) =     2.000000
  U(p)  =   -60.725746 Beta(p) =    15.000000 Neff(p) =     4.000000 
 One-center electron repulsion parameters (in eV)
  G(s,s)=    10.090000
  G(s,p)=    10.090000 G(p,p)  =    10.090000
 Slater-Condon parameters (in eV)
 F2(p,p)=     4.5377 G1(s,p)=    3.0756

 Number of atoms                    ....   27
 Number of basis functions          ....   60

 Overlap integrals                  .... done
 One electron matrix                .... done
 Nuclear repulsion                  .... done
 Integral list                      .... done
 Electron-electron repulsion        .... done
-------------------------------------------------------------------------------
                                 ORCA SCF
-------------------------------------------------------------------------------

------------
SCF SETTINGS
------------
Hamiltonian:
 ZDO-Hamiltonian        Method          .... INDO


General Settings:
 Integral files         IntName         .... /home/mattyjones/Software/morphct/tests/output_EZ/donor_polymer/chromophores/input_orca/single/00000
 Hartree-Fock type      HFTyp           .... RHF
 Total Charge           Charge          ....    0
 Multiplicity           Mult            ....    1
 Number of Electrons    NEL             ....   62
 Basis Dimension        Dim             ....   60
 Nuclear Repulsion      ENuc            ....    300.1812935066 Eh

Convergence Acceleration:
 DIIS                   CNVDIIS         .... on
   Start iteration      DIISMaxIt       ....    12
   Startup error        DIISStart       ....  0.200000
   # of expansion vecs  DIISMaxEq       ....     5
   Bias factor          DIISBfac        ....   1.050
   Max. coefficient     DIISMaxC        ....  10.000
 Newton-Raphson         CNVNR           .... off
 SOSCF                  CNVSOSCF        .... on
   Start iteration      SOSCFMaxIt      ....   150
   Startup grad/error   SOSCFStart      ....  0.003300
 Level Shifting         CNVShift        .... on
   Level shift para.    LevelShift      ....    0.2500
   Turn off err/grad.   ShiftErr        ....    0.0010
 Zerner damping         CNVZerner       .... off
 Static damping         CNVDamp         .... on
   Fraction old density DampFac         ....    0.7000
   Max. Damping (<1)    DampMax         ....    0.9800
   Min. Damping (>=0)   DampMin         ....    0.0000
   Turn off err/grad.   DampErr         ....    0.1000
 Fernandez-Rico         CNVRico         .... off

SCF Procedure:
 Maximum # iterations   MaxIter         ....   125
 SCF integral mode      SCFMode         .... Conventional
 Integral Buffer length BufferLength    .... 1048576
 Integral index format  IndFormat       ....     0
 Integral value format  ValFormat       ....     0
 Integral Storage       Thresh          ....  1.000e-08 Eh

Convergence Tolerance:
 Convergence Check Mode ConvCheckMode   .... Total+1el-Energy
 Convergence forced     ConvForced      .... 0
 Energy Change          TolE            ....  1.000e-06 Eh
 1-El. energy change                    ....  1.000e-03 Eh
 Orbital Gradient       TolG            ....  5.000e-05
 Orbital Rotation angle TolX            ....  5.000e-05
 DIIS Error             TolErr          ....  1.000e-06


Diagonalization of the overlap matrix:
Smallest eigenvalue                        ... 1.695e-01
Time for diagonalization                   ...    0.001 sec
Threshold for overlap eigenvalues          ... 1.000e-08
Number of eigenvalues below threshold      ... 0
Time for construction of square roots      ...    0.000 sec
Total time needed                          ...    0.001 sec

-------------------------------
INITIAL GUESS: EXTENDED HUECKEL
-------------------------------
EHT matrix was read from disk
EHT matrix was diagonalized
Initial density was built
                      ------------------
                      INITIAL GUESS DONE
                      ------------------

 InCore treatment chosen:
   Memory dedicated               ...    1024 MB
   Memory needed                  ...      0 MB
   Number of tiny    integrals    ...       0
   Number of small   integrals    ...       0
   Number of regular integrals    ...    1896

--------------
SCF ITERATIONS
--------------
ITER       Energy         Delta-E        Max-DP      RMS-DP      [F,P]     Damp
  0     -5.4240682218   0.000000000000 0.04033106  0.00203816  0.0907011 0.7000
  1     -5.4451889379  -0.021120716080 0.03783997  0.00192418  0.0648985 0.7000
                               ***Turning on DIIS***
  2     -5.4608498294  -0.015660891526 0.09514118  0.00495092  0.0425573 0.0000
  3     -5.5008845430  -0.040034713583 0.01621715  0.00102128  0.0166302 0.0000
  4     -5.4937634270   0.007121116029 0.01020761  0.00070993  0.0062149 0.0000
  5     -5.5030048609  -0.009241433903 0.00649664  0.00047878  0.0035090 0.0000
  6     -5.5044478765  -0.001443015611 0.00484114  0.00034075  0.0017966 0.0000
                      *** Initiating the SOSCF procedure ***
                           *** Shutting down DIIS ***
                      *** Re-Reading the Fockian *** 
                      *** Removing any level shift *** 
ITER      Energy       Delta-E        Grad      Rot      Max-DP    RMS-DP
  7     -5.50228962   0.0021582579  0.003081  0.003081  0.002936  0.000194
  8     -5.50116195   0.0011276725  0.000833  0.002303  0.001481  0.000091
  9     -5.50116976  -0.0000078184  0.000369  0.002288  0.001679  0.000098
 10     -5.50117266  -0.0000028977  0.000036  0.000103  0.000145  0.000008
                 **** Energy Check signals convergence ****
              ***Rediagonalizing the Fockian in SOSCF/NRSCF***

               *****************************************************
               *                     SUCCESS                       *
               *           SCF CONVERGED AFTER  11 CYCLES          *
               *****************************************************


----------------
TOTAL SCF ENERGY
----------------

Total Energy       :           -5.50117270 Eh            -149.69452 eV

Components:
Nuclear Repulsion  :          300.18129351 Eh            8168.34827 eV
Electronic Energy  :         -305.68246620 Eh           -8318.04279 eV
One Electron Energy:         -566.26719753 Eh          -15408.91382 eV
Two Electron Energy:          260.58473133 Eh            7090.87103 eV


---------------
SCF CONVERGENCE
---------------

  Last Energy change         ...   -3.3992e-08  Tolerance :   1.0000e-06
  Last MAX-Density change    ...    5.5721e-05  Tolerance :   1.0000e-05
  Last RMS-Density change    ...    2.5386e-06  Tolerance :   1.0000e-06
  Last Orbital Gradient      ...    1.5189e-05  Tolerance :   5.0000e-05
  Last Orbital Rotation      ...    2.9914e-05  Tolerance :   5.0000e-05

             **** THE GBW FILE WAS UPDATED (/home/mattyjones/Software/morphct/tests/output_EZ/donor_polymer/chromophores/input_orca/single/00000.gbw) ****
             **** DENSITY FILE WAS UPDATED (/home/mattyjones/Software/morphct/tests/output_EZ/donor_polymer/chromophores/input_orca/single/00000.scfp.tmp) ****
             **** ENERGY FILE WAS UPDATED (/home/mattyjones/Software/morphct/tests/output_EZ/donor_polymer/chromophores/input_orca/single/00000.en.tmp) ****
----------------
ORBITAL ENERGIES
----------------

  NO   OCC          E(Eh)            E(eV) 
   0   2.0000      -1.560475       -42.4627 
   1   2.0000      -1.380609       -37.5683 
   2   2.0000      -1.285119       -34.9699 
   3   2.0000      -1.184566       -32.2337 
   4   2.0000      -1.124749       -30.6060 
   5   2.0000      -1.021889       -27.8070 
   6   2.0000      -0.956109       -26.0171 
   7   2.0000      -0.933013       -25.3886 
   8   2.0000      -0.843886       -22.9633 
   9   2.0000      -0.831877       -22.6365 
  10   2.0000      -0.757636       -20.6163 
  11   2.0000      -0.741135       -20.1673 
  12   2.0000      -0.701936       -19.1007 
  13   2.0000      -0.666208       -18.1284 
  14   2.0000      -0.633497       -17.2383 
  15   2.0000      -0.615663       -16.7530 
  16   2.0000      -0.604889       -16.4599 
  17   2.0000      -0.575672       -15.6648 
  18   2.0000      -0.561323       -15.2744 
  19   2.0000      -0.545171       -14.8349 
  20   2.0000      -0.538493       -14.6531 
  21   2.0000      -0.522353       -14.2140 
  22   2.0000      -0.500480       -13.6188 
  23   2.0000      -0.499252       -13.5853 
  24   2.0000      -0.487009       -13.2522 
  25   2.0000      -0.476496       -12.9661 
  26   2.0000      -0.467997       -12.7348 
  27   2.0000      -0.450454       -12.2575 
  28   2.0000      -0.423366       -11.5204 
  29   2.0000      -0.353244        -9.6122 
  30   2.0000      -0.304322        -8.2810 
  31   0.0000       0.008515         0.2317 
  32   0.0000       0.061549         1.6748 
  33   0.0000       0.070459         1.9173 
  34   0.0000       0.082856         2.2546 
  35   0.0000       0.098871         2.6904 
  36   0.0000       0.108737         2.9589 
  37   0.0000       0.125805         3.4233 
  38   0.0000       0.140484         3.8228 
  39   0.0000       0.159611         4.3432 
  40   0.0000       0.166538         4.5317 
  41   0.0000       0.175487         4.7753 
  42   0.0000       0.203668         5.5421 
  43   0.0000       0.226943         6.1754 
  44   0.0000       0.232798         6.3348 
  45   0.0000       0.237553         6.4641 
  46   0.0000       0.238294         6.4843 
  47   0.0000       0.238499         6.4899 
  48   0.0000       0.241351         6.5675 
  49   0.0000       0.244521         6.6537 
  50   0.0000       0.248602         6.7648 
  51   0.0000       0.253081         6.8867 
  52   0.0000       0.267841         7.2883 
  53   0.0000       0.275483         7.4963 
  54   0.0000       0.301206         8.1962 
  55   0.0000       0.310996         8.4626 
  56   0.0000       0.337257         9.1772 
  57   0.0000       0.357271         9.7218 
  58   0.0000       0.421038        11.4570 
  59   0.0000       0.424572        11.5532 
-------
TIMINGS
-------

Total SCF time: 0 days 0 hours 0 min 0 sec 

Total time                  ....       0.088 sec
Sum of individual times     ....       0.077 sec  ( 88.3%)

Fock matrix formation       ....       0.051 sec  ( 58.3%)
Diagonalization             ....       0.009 sec  ( 10.6%)
Density matrix formation    ....       0.000 sec  (  0.5%)
Population analysis         ....       0.000 sec  (  0.0%)
Initial guess               ....       0.001 sec  (  1.0%)
Orbital Transformation      ....       0.000 sec  (  0.0%)
Orbital Orthonormalization  ....       0.000 sec  (  0.0%)
DIIS solution               ....       0.002 sec  (  1.9%)
SOSCF solution              ....       0.014 sec  ( 16.0%)

-------------------------   --------------------
FINAL SINGLE POINT ENERGY        -5.501172696103
-------------------------   --------------------


                            ***************************************
                            *     ORCA property calculations      *
                            ***************************************

                                    ---------------------
                                    Active property flags
                                    ---------------------
   (+) Dipole Moment


------------------------------------------------------------------------------
                       ORCA ELECTRIC PROPERTIES CALCULATION
------------------------------------------------------------------------------

Dipole Moment Calculation                       ... on
Quadrupole Moment Calculation                   ... off
Polarizability Calculation                      ... off
GBWName                                         ... /home/mattyjones/Software/morphct/tests/output_EZ/donor_polymer/chromophores/input_orca/single/00000.gbw
Electron density file                           ... /home/mattyjones/Software/morphct/tests/output_EZ/donor_polymer/chromophores/input_orca/single/00000.scfp.tmp
The origin for moment calculation is the CENTER OF MASS  = ( 0.777317,  0.916835  1.890156)

-------------
DIPOLE MOMENT
-------------
                                X             Y             Z
Electronic contribution:     36.75133      52.97128     104.30452
Nuclear contribution   :    -20.21559     -28.48838     -56.21087
                        -----------------------------------------
Total Dipole Moment    :     16.53573      24.48291      48.09365
                        -----------------------------------------
Magnitude (a.u.)       :     56.44327
Magnitude (Debye)      :    143.46738


Timings for individual modules:

Sum of individual times         ...        0.119 sec (=   0.002 min)
STO integral calculation        ...        0.016 sec (=   0.000 min)  13.9 %
SCF iterations                  ...        0.102 sec (=   0.002 min)  86.1 %
                             ****ORCA TERMINATED NORMALLY****
TOTAL RUN TIME: 0 days 0 hours 0 minutes 0 seconds 375 msec

