
                                 *****************
                                 * O   R   C   A *
                                 *****************

           --- An Ab Initio, DFT and Semiempirical electronic structure package ---

                  #######################################################
                  #                        -***-                        #
                  #  Department of molecular theory and spectroscopy    #
                  #              Directorship: Frank Neese              #
                  # Max Planck Institute for Chemical Energy Conversion #
                  #                  D-45470 Muelheim/Ruhr              #
                  #                       Germany                       #
                  #                                                     #
                  #                  All rights reserved                #
                  #                        -***-                        #
                  #######################################################


                         Program Version 3.0.3 - RELEASE   -


 With contributions from (in alphabetic order):
   Ute Becker             : Parallelization
   Dmytro Bykov           : SCF Hessian
   Dmitry Ganyushin       : Spin-Orbit,Spin-Spin,Magnetic field MRCI
   Andreas Hansen         : Spin unrestricted coupled pair/coupled cluster methods
   Dimitrios Liakos       : Extrapolation schemes; parallel MDCI
   Robert Izsak           : Overlap fitted RIJCOSX, COSX-SCS-MP3
   Christian Kollmar      : KDIIS, OOCD, Brueckner-CCSD(T), CCSD density
   Simone Kossmann        : Meta GGA functionals, TD-DFT gradient, OOMP2, MP2 Hessian
   Taras Petrenko         : DFT Hessian,TD-DFT gradient, ASA and ECA modules, normal mode analysis, Resonance Raman, ABS, FL, XAS/XES, NRVS
   Christoph Reimann      : Effective Core Potentials
   Michael Roemelt        : Restricted open shell CIS
   Christoph Riplinger    : Improved optimizer, TS searches, QM/MM, DLPNO-CCSD
   Barbara Sandhoefer     : DKH picture change effects
   Igor Schapiro          : Molecular dynamics
   Kantharuban Sivalingam : CASSCF convergence, NEVPT2
   Boris Wezisla          : Elementary symmetry handling
   Frank Wennmohs         : Technical directorship


 We gratefully acknowledge several colleagues who have allowed us to
 interface, adapt or use parts of their codes:
   Stefan Grimme, W. Hujo, H. Kruse, T. Risthaus : VdW corrections, initial TS optimization,
                                                   DFT functionals, gCP
   Ed Valeev                                     : LibInt (2-el integral package), F12 methods
   Garnet Chan, S. Sharma, R. Olivares           : DMRG
   Ulf Ekstrom                                   : XCFun DFT Library
   Mihaly Kallay                                 : mrcc  (arbitrary order and MRCC methods)
   Andreas Klamt, Michael Diedenhofen            : otool_cosmo (COSMO solvation model)
   Frank Weinhold                                : gennbo (NPA and NBO analysis)
   Christopher J. Cramer and Donald G. Truhlar   : smd solvation model


 Your calculation uses the libint2 library for the computation of 2-el integrals
 For citations please refer to: http://libint.valeyev.net

 This ORCA versions uses:
   CBLAS   interface :  Fast vector & matrix operations
   LAPACKE interface :  Fast linear algebra routines
   SCALAPACK package :  Parallel linear algebra routines


leaving
================================================================================
                                        WARNINGS
                       Please study these warnings very carefully!
================================================================================
Now building the actual basis set

WARNING: Direct SCF is incompatible with Method<>HF and Method<>DFT
  ===> : conventional SCF is chosen

WARNING: The NDO methods need Guess=HUECKEL or Guess=HCORE or Guess=MOREAD
  ===> : Guess is set to Hueckel

WARNING: The NDO methods need %rel::SOCType==1
  ===> : %rel::SOCType is set to 1

WARNING: The NDO methods cannot have frozencore=1
  ===> : %method FrozenCore=0 end


INFO   : the flag for use of LIBINT has been found!

================================================================================
                                       INPUT FILE
================================================================================
NAME = /Users/mattyjones/GoogleDrive/Boise/Code/MorphCT/tests/output_EZ/donor_polymer/chromophores/input_orca/single/00008.inp
|  1> # ================================================================
|  2> # Orca input file made by Matty Jones
|  3> # ================================================================
|  4> ! ZINDO/S 
|  5> ! NOPOP
|  6> ! NOMOPRINT
|  7> * xyz 0   1
|  8>  C  2.43252  3.96317  -1.13934
|  9>  C  1.70272  2.83140  -0.77273
| 10>  C  2.33860  2.02312  0.22054
| 11>  C  3.57676  2.51913  0.64036
| 12>  S  3.81622  3.91207  -0.22728
| 13>  H  0.77639  2.46541  -1.33423
| 14>  C  1.68554  0.66127  0.80825
| 15>  C  0.69716  -0.43807  -0.06955
| 16>  C  -0.96849  -0.16259  0.21959
| 17>  H  -1.14170  -0.50560  1.31428
| 18>  H  -1.13336  0.98086  0.16581
| 19>  H  0.95982  -1.51660  0.21442
| 20>  H  0.88318  -0.26166  -1.19066
| 21>  H  1.05953  0.93959  1.74773
| 22>  H  2.56458  -0.02662  1.16561
| 23>  C  -2.08594  -0.91376  -0.71017
| 24>  C  -2.78646  -2.45389  -0.48682
| 25>  C  -2.47582  -3.40484  0.86282
| 26>  H  -2.88028  -2.87450  1.80791
| 27>  H  -1.33786  -3.58187  0.96395
| 28>  H  -3.01556  -4.42298  0.73421
| 29>  H  -2.45354  -3.07965  -1.40246
| 30>  H  -3.93144  -2.30775  -0.53727
| 31>  H  -3.01027  -0.20199  -0.71728
| 32>  H  -1.65830  -0.93754  -1.78892
| 33>  H  2.15970  4.70002  -1.85083
| 34>  H  4.22630  2.09387  1.36206
| 35> *
| 36> 
| 37>                          ****END OF INPUT****
================================================================================

                       ****************************
                       * Single Point Calculation *
                       ****************************

---------------------------------
CARTESIAN COORDINATES (ANGSTROEM)
---------------------------------
  C      2.432520    3.963170   -1.139340
  C      1.702720    2.831400   -0.772730
  C      2.338600    2.023120    0.220540
  C      3.576760    2.519130    0.640360
  S      3.816220    3.912070   -0.227280
  H      0.776390    2.465410   -1.334230
  C      1.685540    0.661270    0.808250
  C      0.697160   -0.438070   -0.069550
  C     -0.968490   -0.162590    0.219590
  H     -1.141700   -0.505600    1.314280
  H     -1.133360    0.980860    0.165810
  H      0.959820   -1.516600    0.214420
  H      0.883180   -0.261660   -1.190660
  H      1.059530    0.939590    1.747730
  H      2.564580   -0.026620    1.165610
  C     -2.085940   -0.913760   -0.710170
  C     -2.786460   -2.453890   -0.486820
  C     -2.475820   -3.404840    0.862820
  H     -2.880280   -2.874500    1.807910
  H     -1.337860   -3.581870    0.963950
  H     -3.015560   -4.422980    0.734210
  H     -2.453540   -3.079650   -1.402460
  H     -3.931440   -2.307750   -0.537270
  H     -3.010270   -0.201990   -0.717280
  H     -1.658300   -0.937540   -1.788920
  H      2.159700    4.700020   -1.850830
  H      4.226300    2.093870    1.362060

----------------------------
CARTESIAN COORDINATES (A.U.)
----------------------------
  NO LB      ZA    FRAG    MASS        X           Y           Z
   0 C     4.0000    0    12.011          4.596796615286123          7.489305922172687         -2.153040573421839
   1 C     4.0000    0    12.011          3.217674482750394          5.350570575584632         -1.460248075464969
   2 C     4.0000    0    12.011          4.419313536788239          3.823142736058763          0.416760201574993
   3 C     4.0000    0    12.011          6.759096846764177          4.760465795745043          1.210105027117813
   4 S     6.0000    0    32.060          7.211610666792959          7.392740916729311         -0.429496955717622
   5 H     1.0000    0     1.008          1.467164473115121          4.658949707830793         -2.521329299661752
   6 C     4.0000    0    12.011          3.185208987769627          1.249619200578106          1.527371147741852
   7 C     4.0000    0    12.011          1.317441471524540         -0.827832327486883         -0.131430452614223
   8 C     4.0000    0    12.011         -1.830180863441393         -0.307250572114256          0.414964961747768
   9 H     1.0000    0     1.008         -2.157500327097893         -0.955445533310585          2.483629263290022
  10 H     1.0000    0     1.008         -2.141740011140989          1.853556775717999          0.313335490265483
  11 H     1.0000    0     1.008          1.813796937860296         -2.865958654704970          0.405195077635395
  12 H     1.0000    0     1.008          1.668968326956571         -0.494465740201835         -2.250021318614678
  13 H     1.0000    0     1.008          2.002221530673584          1.775567778171069          3.302731056038189
  14 H     1.0000    0     1.008          4.846353848531764         -0.050304509684984          2.202683678959950
  15 C     4.0000    0    12.011         -3.941855331791695         -1.726756152131883         -1.342026808526855
  16 C     4.0000    0    12.011         -5.265646283126211         -4.637180062768020         -0.919956476515544
  17 C     4.0000    0    12.011         -4.678621756884914         -6.434215129820434          1.630493502869934
  18 H     1.0000    0     1.008         -5.442940389010703         -5.432017771956637          3.416454774777570
  19 H     1.0000    0     1.008         -2.528189005527886         -6.768753347308514          1.821601506793390
  20 H     1.0000    0     1.008         -5.698582540407569         -8.358220895811018          1.387455824786322
  21 H     1.0000    0     1.008         -4.636518658621148         -5.819695088330582         -2.650265313779199
  22 H     1.0000    0     1.008         -7.429344911943366         -4.361015485556768         -1.015293159971871
  23 H     1.0000    0     1.008         -5.688585889159126         -0.381705781790754         -1.355462761339036
  24 H     1.0000    0     1.008         -3.133732847881612         -1.771693839596530         -3.380568875494406
  25 H     1.0000    0     1.008          4.081241531429727          8.881750623952561         -3.497561820445470
  26 H     1.0000    0     1.008          7.986549559791386          3.956840860033691          2.573920377968780

--------------------------------
INTERNAL COORDINATES (ANGSTROEM)
--------------------------------
 C      0   0   0   0.000000     0.000     0.000
 C      1   0   0   1.395677     0.000     0.000
 C      2   1   0   1.429771   114.101     0.000
 C      3   2   1   1.398326   113.694     0.000
 S      1   2   3   1.658038   105.480     0.000
 H      2   1   3   1.143380   123.656   190.606
 C      3   2   1   1.620656   123.213   179.870
 C      7   3   2   1.719295   125.719    33.155
 C      8   7   3   1.712858   111.716   262.235
 H      9   8   7   1.160174   104.887   289.650
 H      9   8   7   1.156526   106.845    44.544
 H      8   7   3   1.145799   110.094   140.448
 H      8   7   3   1.150049   107.857    19.905
 H      7   3   2   1.162744   107.988   268.748
 H      7   3   2   1.172011   107.550   153.202
 C      9   8   7   1.636278   119.627   169.223
 C     16   9   8   1.706638   128.333    87.436
 C     17  16   9   1.679980   122.688     4.795
 H     18  17  16   1.156738   109.402    64.424
 H     18  17  16   1.156080   109.814   303.538
 H     18  17  16   1.159512   108.775   183.748
 H     17  16   9   1.157933   105.437   243.620
 H     17  16   9   1.155371   106.673   128.285
 H     16   9   8   1.166642   105.335   208.486
 H     16   9   8   1.160665   106.613   322.383
 H      1   2   3   1.059998   127.260   180.001
 H      4   3   2   1.060000   127.206   180.000

---------------------------
INTERNAL COORDINATES (A.U.)
---------------------------
 C      0   0   0   0.000000     0.000     0.000
 C      1   0   0   2.637447     0.000     0.000
 C      2   1   0   2.701876   114.101     0.000
 C      3   2   1   2.642453   113.694     0.000
 S      1   2   3   3.133238   105.480     0.000
 H      2   1   3   2.160675   123.656   190.606
 C      3   2   1   3.062596   123.213   179.870
 C      7   3   2   3.248997   125.719    33.155
 C      8   7   3   3.236832   111.716   262.235
 H      9   8   7   2.192411   104.887   289.650
 H      9   8   7   2.185517   106.845    44.544
 H      8   7   3   2.165247   110.094   140.448
 H      8   7   3   2.173277   107.857    19.905
 H      7   3   2   2.197267   107.988   268.748
 H      7   3   2   2.214780   107.550   153.202
 C      9   8   7   3.092117   119.627   169.223
 C     16   9   8   3.225079   128.333    87.436
 C     17  16   9   3.174701   122.688     4.795
 H     18  17  16   2.185919   109.402    64.424
 H     18  17  16   2.184674   109.814   303.538
 H     18  17  16   2.191161   108.775   183.748
 H     17  16   9   2.188176   105.437   243.620
 H     17  16   9   2.183334   106.673   128.285
 H     16   9   8   2.204633   105.335   208.486
 H     16   9   8   2.193339   106.613   322.383
 H      1   2   3   2.003107   127.260   180.001
 H      4   3   2   2.003109   127.206   180.000

----------------------------
SLATER BASIS SET DIM=  60
----------------------------
  0 C     2 shells
 l=0 nsto= 1
    2       1.625000000000        1.000000000000
 l=1 nsto= 1
    2       1.625000000000        1.000000000000
  1 C     2 shells
 l=0 nsto= 1
    2       1.625000000000        1.000000000000
 l=1 nsto= 1
    2       1.625000000000        1.000000000000
  2 C     2 shells
 l=0 nsto= 1
    2       1.625000000000        1.000000000000
 l=1 nsto= 1
    2       1.625000000000        1.000000000000
  3 C     2 shells
 l=0 nsto= 1
    2       1.625000000000        1.000000000000
 l=1 nsto= 1
    2       1.625000000000        1.000000000000
  4 S     2 shells
 l=0 nsto= 1
    3       1.925000000000        1.000000000000
 l=1 nsto= 1
    3       1.925000000000        1.000000000000
  5 H     1 shells
 l=0 nsto= 1
    1       1.200000000000        1.000000000000
  6 C     2 shells
 l=0 nsto= 1
    2       1.625000000000        1.000000000000
 l=1 nsto= 1
    2       1.625000000000        1.000000000000
  7 C     2 shells
 l=0 nsto= 1
    2       1.625000000000        1.000000000000
 l=1 nsto= 1
    2       1.625000000000        1.000000000000
  8 C     2 shells
 l=0 nsto= 1
    2       1.625000000000        1.000000000000
 l=1 nsto= 1
    2       1.625000000000        1.000000000000
  9 H     1 shells
 l=0 nsto= 1
    1       1.200000000000        1.000000000000
 10 H     1 shells
 l=0 nsto= 1
    1       1.200000000000        1.000000000000
 11 H     1 shells
 l=0 nsto= 1
    1       1.200000000000        1.000000000000
 12 H     1 shells
 l=0 nsto= 1
    1       1.200000000000        1.000000000000
 13 H     1 shells
 l=0 nsto= 1
    1       1.200000000000        1.000000000000
 14 H     1 shells
 l=0 nsto= 1
    1       1.200000000000        1.000000000000
 15 C     2 shells
 l=0 nsto= 1
    2       1.625000000000        1.000000000000
 l=1 nsto= 1
    2       1.625000000000        1.000000000000
 16 C     2 shells
 l=0 nsto= 1
    2       1.625000000000        1.000000000000
 l=1 nsto= 1
    2       1.625000000000        1.000000000000
 17 C     2 shells
 l=0 nsto= 1
    2       1.625000000000        1.000000000000
 l=1 nsto= 1
    2       1.625000000000        1.000000000000
 18 H     1 shells
 l=0 nsto= 1
    1       1.200000000000        1.000000000000
 19 H     1 shells
 l=0 nsto= 1
    1       1.200000000000        1.000000000000
 20 H     1 shells
 l=0 nsto= 1
    1       1.200000000000        1.000000000000
 21 H     1 shells
 l=0 nsto= 1
    1       1.200000000000        1.000000000000
 22 H     1 shells
 l=0 nsto= 1
    1       1.200000000000        1.000000000000
 23 H     1 shells
 l=0 nsto= 1
    1       1.200000000000        1.000000000000
 24 H     1 shells
 l=0 nsto= 1
    1       1.200000000000        1.000000000000
 25 H     1 shells
 l=0 nsto= 1
    1       1.200000000000        1.000000000000
 26 H     1 shells
 l=0 nsto= 1
    1       1.200000000000        1.000000000000
------------------------------------------------------------------------------
                           ORCA NDO INTEGRAL CALCULATION
------------------------------------------------------------------------------

--------------
NDO PARAMETERS
--------------

Gamma integral treatment              ... Mataga-Nishimoto
Nuclear repulsuion treatment          ... Direct (ZA*ZB/RAB)
Interaction factors:
s-s (sigma) =    1.0000
s-p (sigma) =    1.0000
s-d (sigma) =    1.0000
p-p (sigma) =    1.2670  p-p(pi) =    0.5850
p-d (sigma) =    1.0000  p-d(pi) =    1.0000
d-d (sigma) =    1.0000  d-d(pi) =    1.0000 d-d (delta) =    1.0000

fGamma parameter for Mataga-Nishimoto gamma integrals:    1.2000

--------------------------
Parameters for Element H :
--------------------------
 One-electron parameters (in eV)
  U(s)  =   -13.060000 Beta(s) =    12.000000 Neff(s) =     1.000000
 One-center electron repulsion parameters (in eV)
  G(s,s)=    12.850000
--------------------------
Parameters for Element C :
--------------------------
 One-electron parameters (in eV)
  U(s)  =   -50.870766 Beta(s) =    17.000000 Neff(s) =     2.000000
  U(p)  =   -41.599980 Beta(p) =    17.000000 Neff(p) =     2.000000 
 One-center electron repulsion parameters (in eV)
  G(s,s)=    11.110000
  G(s,p)=    11.110000 G(p,p)  =    11.110000
 Slater-Condon parameters (in eV)
 F2(p,p)=     4.5098 G1(s,p)=    6.8977
--------------------------
Parameters for Element S :
--------------------------
 One-electron parameters (in eV)
  U(s)  =   -69.509597 Beta(s) =    15.000000 Neff(s) =     2.000000
  U(p)  =   -60.725746 Beta(p) =    15.000000 Neff(p) =     4.000000 
 One-center electron repulsion parameters (in eV)
  G(s,s)=    10.090000
  G(s,p)=    10.090000 G(p,p)  =    10.090000
 Slater-Condon parameters (in eV)
 F2(p,p)=     4.5377 G1(s,p)=    3.0756

 Number of atoms                    ....   27
 Number of basis functions          ....   60

 Overlap integrals                  .... done
 One electron matrix                .... done
 Nuclear repulsion                  .... done
 Integral list                      .... done
 Electron-electron repulsion        .... done
-------------------------------------------------------------------------------
                                 ORCA SCF
-------------------------------------------------------------------------------

------------
SCF SETTINGS
------------
Hamiltonian:
 ZDO-Hamiltonian        Method          .... INDO


General Settings:
 Integral files         IntName         .... /Users/mattyjones/GoogleDrive/Boise/Code/MorphCT/tests/output_EZ/donor_polymer/chromophores/input_orca/single/00008
 Hartree-Fock type      HFTyp           .... RHF
 Total Charge           Charge          ....    0
 Multiplicity           Mult            ....    1
 Number of Electrons    NEL             ....   62
 Basis Dimension        Dim             ....   60
 Nuclear Repulsion      ENuc            ....    291.3713267323 Eh

Convergence Acceleration:
 DIIS                   CNVDIIS         .... on
   Start iteration      DIISMaxIt       ....    12
   Startup error        DIISStart       ....  0.200000
   # of expansion vecs  DIISMaxEq       ....     5
   Bias factor          DIISBfac        ....   1.050
   Max. coefficient     DIISMaxC        ....  10.000
 Newton-Raphson         CNVNR           .... off
 SOSCF                  CNVSOSCF        .... on
   Start iteration      SOSCFMaxIt      ....   150
   Startup grad/error   SOSCFStart      ....  0.003300
 Level Shifting         CNVShift        .... on
   Level shift para.    LevelShift      ....    0.2500
   Turn off err/grad.   ShiftErr        ....    0.0010
 Zerner damping         CNVZerner       .... off
 Static damping         CNVDamp         .... on
   Fraction old density DampFac         ....    0.7000
   Max. Damping (<1)    DampMax         ....    0.9800
   Min. Damping (>=0)   DampMin         ....    0.0000
   Turn off err/grad.   DampErr         ....    0.1000
 Fernandez-Rico         CNVRico         .... off

SCF Procedure:
 Maximum # iterations   MaxIter         ....   125
 SCF integral mode      SCFMode         .... Conventional
 Integral Buffer length BufferLength    .... 1048576
 Integral index format  IndFormat       ....     0
 Integral value format  ValFormat       ....     0
 Integral Storage       Thresh          ....  1.000e-08 Eh

Convergence Tolerance:
 Convergence Check Mode ConvCheckMode   .... Total+1el-Energy
 Energy Change          TolE            ....  1.000e-06 Eh
 1-El. energy change                    ....  1.000e-03 Eh
 Orbital Gradient       TolG            ....  5.000e-05
 Orbital Rotation angle TolX            ....  5.000e-05
 DIIS Error             TolErr          ....  1.000e-06


Diagonalization of the overlap matrix:
Smallest eigenvalue                        ... 1.697e-01
Time for diagonalization                   ...    0.001 sec
Threshold for overlap eigenvalues          ... 1.000e-08
Number of eigenvalues below threshold      ... 0
Time for construction of square roots      ...    0.000 sec
Total time needed                          ...    0.002 sec

-------------------------------
INITIAL GUESS: EXTENDED HUECKEL
-------------------------------
EHT matrix was read from disk
EHT matrix was diagonalized
Initial density was built
                      ------------------
                      INITIAL GUESS DONE
                      ------------------

 InCore treatment chosen:
   Memory dedicated               ...    1024 MB
   Memory needed                  ...      0 MB
   Number of tiny    integrals    ...       0
   Number of small   integrals    ...       0
   Number of regular integrals    ...    1896

--------------
SCF ITERATIONS
--------------
ITER       Energy         Delta-E        Max-DP      RMS-DP      [F,P]     Damp
  0     -7.6447571229   0.000000000000 0.04066614  0.00203866  0.0869150 0.7000
  1     -7.6657217060  -0.020964583043 0.03757064  0.00191864  0.0618128 0.7000
                               ***Turning on DIIS***
  2     -7.6812319935  -0.015510287597 0.09280042  0.00491970  0.0401003 0.0000
  3     -7.7217491638  -0.040517170252 0.01475305  0.00100921  0.0180278 0.0000
  4     -7.7144620575   0.007287106262 0.00913410  0.00069525  0.0061806 0.0000
  5     -7.7228303944  -0.008368336902 0.00634196  0.00047055  0.0035293 0.0000
  6     -7.7242053499  -0.001374955479 0.00442942  0.00033470  0.0018573 0.0000
                      *** Initiating the SOSCF procedure ***
                           *** Shutting down DIIS ***
                      *** Re-Reading the Fockian *** 
                      *** Removing any level shift *** 
ITER      Energy       Delta-E        Grad      Rot      Max-DP    RMS-DP
  7     -7.72206755   0.0021378045  0.003041  0.003041  0.004434  0.000316
  8     -7.72105459   0.0010129600  0.000265  0.000702  0.000484  0.000034
                 **** Energy Check signals convergence ****
              ***Rediagonalizing the Fockian in SOSCF/NRSCF***

               *****************************************************
               *                     SUCCESS                       *
               *           SCF CONVERGED AFTER   9 CYCLES          *
               *****************************************************


----------------
TOTAL SCF ENERGY
----------------

Total Energy       :           -7.72105546 Eh            -210.10060 eV

Components:
Nuclear Repulsion  :          291.37132673 Eh            7928.61688 eV
Electronic Energy  :         -299.09238219 Eh           -8138.71748 eV

One Electron Energy:         -553.03071174 Eh          -15048.73073 eV
Two Electron Energy:          253.93832955 Eh            6910.01325 eV


---------------
SCF CONVERGENCE
---------------

  Last Energy change         ...   -8.7014e-07  Tolerance :   1.0000e-06
  Last MAX-Density change    ...    4.4282e-04  Tolerance :   1.0000e-05
  Last RMS-Density change    ...    2.7389e-05  Tolerance :   1.0000e-06
  Last Orbital Gradient      ...    1.3974e-04  Tolerance :   5.0000e-05
  Last Orbital Rotation      ...    5.7168e-04  Tolerance :   5.0000e-05

             **** THE GBW FILE WAS UPDATED (/Users/mattyjones/GoogleDrive/Boise/Code/MorphCT/tests/output_EZ/donor_polymer/chromophores/input_orca/single/00008.gbw) ****
             **** DENSITY FILE WAS UPDATED (/Users/mattyjones/GoogleDrive/Boise/Code/MorphCT/tests/output_EZ/donor_polymer/chromophores/input_orca/single/00008.scfp.tmp) ****
             **** ENERGY FILE WAS UPDATED (/Users/mattyjones/GoogleDrive/Boise/Code/MorphCT/tests/output_EZ/donor_polymer/chromophores/input_orca/single/00008.en.tmp) ****
----------------
ORBITAL ENERGIES
----------------

  NO   OCC          E(Eh)            E(eV) 
   0   2.0000      -1.556038       -42.3420 
   1   2.0000      -1.381921       -37.6040 
   2   2.0000      -1.286860       -35.0172 
   3   2.0000      -1.182365       -32.1738 
   4   2.0000      -1.115285       -30.3485 
   5   2.0000      -1.044018       -28.4092 
   6   2.0000      -0.974202       -26.5094 
   7   2.0000      -0.913576       -24.8597 
   8   2.0000      -0.833564       -22.6824 
   9   2.0000      -0.825439       -22.4613 
  10   2.0000      -0.768327       -20.9072 
  11   2.0000      -0.733929       -19.9712 
  12   2.0000      -0.690267       -18.7831 
  13   2.0000      -0.677103       -18.4249 
  14   2.0000      -0.638818       -17.3831 
  15   2.0000      -0.609727       -16.5915 
  16   2.0000      -0.601636       -16.3713 
  17   2.0000      -0.578445       -15.7403 
  18   2.0000      -0.566539       -15.4163 
  19   2.0000      -0.551589       -15.0095 
  20   2.0000      -0.540160       -14.6985 
  21   2.0000      -0.518882       -14.1195 
  22   2.0000      -0.507175       -13.8009 
  23   2.0000      -0.493469       -13.4280 
  24   2.0000      -0.491370       -13.3709 
  25   2.0000      -0.476603       -12.9690 
  26   2.0000      -0.462274       -12.5791 
  27   2.0000      -0.454217       -12.3599 
  28   2.0000      -0.441075       -12.0023 
  29   2.0000      -0.357132        -9.7180 
  30   2.0000      -0.304857        -8.2956 
  31   0.0000       0.006989         0.1902 
  32   0.0000       0.064768         1.7624 
  33   0.0000       0.072820         1.9815 
  34   0.0000       0.083461         2.2711 
  35   0.0000       0.102367         2.7855 
  36   0.0000       0.106967         2.9107 
  37   0.0000       0.121898         3.3170 
  38   0.0000       0.141346         3.8462 
  39   0.0000       0.158684         4.3180 
  40   0.0000       0.166118         4.5203 
  41   0.0000       0.173064         4.7093 
  42   0.0000       0.204292         5.5591 
  43   0.0000       0.232574         6.3287 
  44   0.0000       0.234305         6.3758 
  45   0.0000       0.237614         6.4658 
  46   0.0000       0.239099         6.5062 
  47   0.0000       0.239381         6.5139 
  48   0.0000       0.241235         6.5643 
  49   0.0000       0.242941         6.6108 
  50   0.0000       0.244036         6.6406 
  51   0.0000       0.257050         6.9947 
  52   0.0000       0.265103         7.2138 
  53   0.0000       0.269181         7.3248 
  54   0.0000       0.297360         8.0916 
  55   0.0000       0.309668         8.4265 
  56   0.0000       0.347235         9.4488 
  57   0.0000       0.361739         9.8434 
  58   0.0000       0.411225        11.1900 
  59   0.0000       0.430099        11.7036 
-------
TIMINGS
-------

Total SCF time: 0 days 0 hours 0 min 0 sec 

Total time                  ....       0.056 sec
Sum of individual times     ....       0.046 sec  ( 82.7%)

Fock matrix formation       ....       0.034 sec  ( 61.4%)
Diagonalization             ....       0.005 sec  (  8.7%)
Density matrix formation    ....       0.001 sec  (  1.3%)
Population analysis         ....       0.000 sec  (  0.0%)
Initial guess               ....       0.001 sec  (  1.0%)
Orbital Transformation      ....       0.000 sec  (  0.0%)
Orbital Orthonormalization  ....       0.000 sec  (  0.0%)
DIIS solution               ....       0.005 sec  (  8.4%)
SOSCF solution              ....       0.001 sec  (  2.0%)

-------------------------   --------------------
FINAL SINGLE POINT ENERGY        -7.721055455564
-------------------------   --------------------


                            ***************************************
                            *     ORCA property calculations      *
                            ***************************************

                                    ---------------------
                                    Active property flags
                                    ---------------------
   (+) Dipole Moment


------------------------------------------------------------------------------
                       ORCA ELECTRIC PROPERTIES CALCULATION
------------------------------------------------------------------------------

Dipole Moment Calculation                       ... on
Quadrupole Moment Calculation                   ... off
Polarizability Calculation                      ... off
GBWName                                         ... /Users/mattyjones/GoogleDrive/Boise/Code/MorphCT/tests/output_EZ/donor_polymer/chromophores/input_orca/single/00008.gbw
Electron density file                           ... /Users/mattyjones/GoogleDrive/Boise/Code/MorphCT/tests/output_EZ/donor_polymer/chromophores/input_orca/single/00008.scfp.tmp

-------------
DIPOLE MOMENT
-------------
                                X             Y             Z
Electronic contribution:    101.34070     105.08387      -6.59093
Nuclear contribution   :    -54.63323     -56.81157       3.61583
                        -----------------------------------------
Total Dipole Moment    :     46.70747      48.27230      -2.97510
                        -----------------------------------------
Magnitude (a.u.)       :     67.23581
Magnitude (Debye)      :    170.89985


Timings for individual modules:

Sum of individual times         ...        0.121 sec (=   0.002 min)
STO integral calculation        ...        0.035 sec (=   0.001 min)  28.5 %
SCF iterations                  ...        0.087 sec (=   0.001 min)  71.5 %
                             ****ORCA TERMINATED NORMALLY****
TOTAL RUN TIME: 0 days 0 hours 0 minutes 0 seconds 478 msec

