
                                 *****************
                                 * O   R   C   A *
                                 *****************

           --- An Ab Initio, DFT and Semiempirical electronic structure package ---

                  #######################################################
                  #                        -***-                        #
                  #  Department of molecular theory and spectroscopy    #
                  #              Directorship: Frank Neese              #
                  # Max Planck Institute for Chemical Energy Conversion #
                  #                  D-45470 Muelheim/Ruhr              #
                  #                       Germany                       #
                  #                                                     #
                  #                  All rights reserved                #
                  #                        -***-                        #
                  #######################################################


                         Program Version 3.0.3 - RELEASE   -


 With contributions from (in alphabetic order):
   Ute Becker             : Parallelization
   Dmytro Bykov           : SCF Hessian
   Dmitry Ganyushin       : Spin-Orbit,Spin-Spin,Magnetic field MRCI
   Andreas Hansen         : Spin unrestricted coupled pair/coupled cluster methods
   Dimitrios Liakos       : Extrapolation schemes; parallel MDCI
   Robert Izsak           : Overlap fitted RIJCOSX, COSX-SCS-MP3
   Christian Kollmar      : KDIIS, OOCD, Brueckner-CCSD(T), CCSD density
   Simone Kossmann        : Meta GGA functionals, TD-DFT gradient, OOMP2, MP2 Hessian
   Taras Petrenko         : DFT Hessian,TD-DFT gradient, ASA and ECA modules, normal mode analysis, Resonance Raman, ABS, FL, XAS/XES, NRVS
   Christoph Reimann      : Effective Core Potentials
   Michael Roemelt        : Restricted open shell CIS
   Christoph Riplinger    : Improved optimizer, TS searches, QM/MM, DLPNO-CCSD
   Barbara Sandhoefer     : DKH picture change effects
   Igor Schapiro          : Molecular dynamics
   Kantharuban Sivalingam : CASSCF convergence, NEVPT2
   Boris Wezisla          : Elementary symmetry handling
   Frank Wennmohs         : Technical directorship


 We gratefully acknowledge several colleagues who have allowed us to
 interface, adapt or use parts of their codes:
   Stefan Grimme, W. Hujo, H. Kruse, T. Risthaus : VdW corrections, initial TS optimization,
                                                   DFT functionals, gCP
   Ed Valeev                                     : LibInt (2-el integral package), F12 methods
   Garnet Chan, S. Sharma, R. Olivares           : DMRG
   Ulf Ekstrom                                   : XCFun DFT Library
   Mihaly Kallay                                 : mrcc  (arbitrary order and MRCC methods)
   Andreas Klamt, Michael Diedenhofen            : otool_cosmo (COSMO solvation model)
   Frank Weinhold                                : gennbo (NPA and NBO analysis)
   Christopher J. Cramer and Donald G. Truhlar   : smd solvation model


 Your calculation uses the libint2 library for the computation of 2-el integrals
 For citations please refer to: http://libint.valeyev.net

 This ORCA versions uses:
   CBLAS   interface :  Fast vector & matrix operations
   LAPACKE interface :  Fast linear algebra routines
   SCALAPACK package :  Parallel linear algebra routines


leaving
================================================================================
                                        WARNINGS
                       Please study these warnings very carefully!
================================================================================
Now building the actual basis set

WARNING: Direct SCF is incompatible with Method<>HF and Method<>DFT
  ===> : conventional SCF is chosen

WARNING: The NDO methods need Guess=HUECKEL or Guess=HCORE or Guess=MOREAD
  ===> : Guess is set to Hueckel

WARNING: The NDO methods need %rel::SOCType==1
  ===> : %rel::SOCType is set to 1

WARNING: The NDO methods cannot have frozencore=1
  ===> : %method FrozenCore=0 end


INFO   : the flag for use of LIBINT has been found!

================================================================================
                                       INPUT FILE
================================================================================
NAME = /Users/mattyjones/GoogleDrive/Boise/Code/MorphCT/tests/output_EZ/donor_polymer/chromophores/input_orca/single/00011.inp
|  1> # ================================================================
|  2> # Orca input file made by Matty Jones
|  3> # ================================================================
|  4> ! ZINDO/S 
|  5> ! NOPOP
|  6> ! NOMOPRINT
|  7> * xyz 0   1
|  8>  C  -3.23174  -2.78832  -1.05993
|  9>  C  -2.27107  -1.95866  -0.47970
| 10>  C  -1.71594  -2.46888  0.73512
| 11>  C  -2.24093  -3.70766  1.11607
| 12>  S  -3.34873  -4.10096  -0.05376
| 13>  H  -1.96513  -0.95615  -0.92659
| 14>  C  -0.60320  -1.61233  1.53218
| 15>  C  0.78489  -1.06540  0.68874
| 16>  C  0.79169  0.35756  -0.25159
| 17>  H  1.65055  0.19537  -1.01901
| 18>  H  -0.20769  0.36940  -0.83198
| 19>  H  1.08418  -1.92481  -0.01899
| 20>  H  1.60903  -0.92378  1.48495
| 21>  H  -1.09441  -0.65699  1.97629
| 22>  H  -0.19105  -2.24647  2.42148
| 23>  C  1.01515  1.83400  0.40268
| 24>  C  1.06735  3.09649  -0.73660
| 25>  C  2.60217  3.60870  -1.20490
| 26>  H  3.23997  3.80909  -0.26025
| 27>  H  2.50356  4.58668  -1.81722
| 28>  H  3.10552  2.79360  -1.85171
| 29>  H  0.52343  2.73026  -1.68627
| 30>  H  0.50304  3.99909  -0.29686
| 31>  H  0.14109  2.06604  1.12355
| 32>  H  2.00534  1.85606  0.99625
| 33>  H  -3.77254  -2.61566  -1.95509
| 34>  H  -1.98452  -4.27628  1.97312
| 35> *
| 36> 
| 37>                          ****END OF INPUT****
================================================================================

                       ****************************
                       * Single Point Calculation *
                       ****************************

---------------------------------
CARTESIAN COORDINATES (ANGSTROEM)
---------------------------------
  C     -3.231740   -2.788320   -1.059930
  C     -2.271070   -1.958660   -0.479700
  C     -1.715940   -2.468880    0.735120
  C     -2.240930   -3.707660    1.116070
  S     -3.348730   -4.100960   -0.053760
  H     -1.965130   -0.956150   -0.926590
  C     -0.603200   -1.612330    1.532180
  C      0.784890   -1.065400    0.688740
  C      0.791690    0.357560   -0.251590
  H      1.650550    0.195370   -1.019010
  H     -0.207690    0.369400   -0.831980
  H      1.084180   -1.924810   -0.018990
  H      1.609030   -0.923780    1.484950
  H     -1.094410   -0.656990    1.976290
  H     -0.191050   -2.246470    2.421480
  C      1.015150    1.834000    0.402680
  C      1.067350    3.096490   -0.736600
  C      2.602170    3.608700   -1.204900
  H      3.239970    3.809090   -0.260250
  H      2.503560    4.586680   -1.817220
  H      3.105520    2.793600   -1.851710
  H      0.523430    2.730260   -1.686270
  H      0.503040    3.999090   -0.296860
  H      0.141090    2.066040    1.123550
  H      2.005340    1.856060    0.996250
  H     -3.772540   -2.615660   -1.955090
  H     -1.984520   -4.276280    1.973120

----------------------------
CARTESIAN COORDINATES (A.U.)
----------------------------
  NO LB      ZA    FRAG    MASS        X           Y           Z
   0 C     4.0000    0    12.011         -6.107103536038665         -5.269161173735305         -2.002977421127152
   1 C     4.0000    0    12.011         -4.291700330964537         -3.701330989466199         -0.906501626442024
   2 C     4.0000    0    12.011         -3.242656662240833         -4.665507057515500          1.389175475568190
   3 C     4.0000    0    12.011         -4.234743985288151         -7.006461997694468          2.109066646285491
   4 S     6.0000    0    32.060         -6.328182596446114         -7.749691286165696         -0.101591676959606
   5 H     1.0000    0     1.008         -3.713557517552669         -1.806861642948805         -1.751001338430093
   6 C     4.0000    0    12.011         -1.139882803981299         -3.046862137505252          2.895400587871463
   7 C     4.0000    0    12.011          1.483227145253451         -2.013314223079701          1.301529977476923
   8 C     4.0000    0    12.011          1.496077282964116          0.675690476444883         -0.475436198033248
   9 H     1.0000    0     1.008          3.119087470343722          0.369195794784195         -1.925649827727095
  10 H     1.0000    0     1.008         -0.392477220754105          0.698064833870510         -1.572214348899803
  11 H     1.0000    0     1.008          2.048803279874742         -3.637363759832964         -0.035885899283165
  12 H     1.0000    0     1.008          3.040626041263311         -1.745691207993774          2.806148822566362
  13 H     1.0000    0     1.008         -2.068135178224757         -1.241531172724923          3.734646861207231
  14 H     1.0000    0     1.008         -0.361032177885655         -4.245213068070075          4.575934038767632
  15 C     4.0000    0    12.011          1.918355484850159          3.465757729611576          0.760954919607410
  16 C     4.0000    0    12.011          2.016999189040848          5.851518076425817         -1.391972270246394
  17 C     4.0000    0    12.011          4.917388653905864          6.819454699481621         -2.276931018761716
  18 H     1.0000    0     1.008          6.122655982120838          7.198136919458101         -0.491801226353006
  19 H     1.0000    0     1.008          4.731042759839888          8.667569063933927         -3.434048125084377
  20 H     1.0000    0     1.008          5.868582303415125          5.279138927722409         -3.499224779443321
  21 H     1.0000    0     1.008          0.989139350278401          5.159443674399836         -3.186588487847389
  22 H     1.0000    0     1.008          0.950607834407747          7.557184884903138         -0.560984100115863
  23 H     1.0000    0     1.008          0.266621460234949          3.904249781726663          2.123201797767222
  24 H     1.0000    0     1.008          3.789543405397643          3.507445088125878          1.882639660919047
  25 H     1.0000    0     1.008         -7.129067429263278         -4.942881059452461         -3.694584667168100
  26 H     1.0000    0     1.008         -3.750199307289403         -8.080998071964769          3.728656429362700

--------------------------------
INTERNAL COORDINATES (ANGSTROEM)
--------------------------------
 C      0   0   0   0.000000     0.000     0.000
 C      1   0   0   1.395668     0.000     0.000
 C      2   1   0   1.429784   114.101     0.000
 C      3   2   1   1.398325   113.693     0.000
 S      1   2   3   1.658038   105.480     0.000
 H      2   1   3   1.139446   123.009   180.766
 C      3   2   1   1.614674   119.847   180.687
 C      7   3   2   1.713860   118.980   307.195
 C      8   7   3   1.705603   122.737    83.065
 H      9   8   7   1.163134   104.499   204.191
 H      9   8   7   1.155748   106.377   318.285
 H      8   7   3   1.152841   105.931   320.876
 H      8   7   3   1.154649   106.133   204.821
 H      7   3   2   1.162409   109.473    68.580
 H      7   3   2   1.167414   109.340   186.386
 C      9   8   7   1.630300   122.333    82.992
 C     16   9   8   1.701342   114.047   176.844
 C     17  16   9   1.684439   116.089   262.327
 H     18  17  16   1.157285   109.140   310.001
 H     18  17  16   1.158061   109.039   190.538
 H     18  17  16   1.155903   109.750    70.381
 H     17  16   9   1.154057   107.523    22.433
 H     17  16   9   1.151739   108.109   140.436
 H     16   9   8   1.156493   109.163   296.397
 H     16   9   8   1.154681   109.947    55.794
 H      1   2   3   1.059994   127.260   180.000
 H      4   3   2   1.060004   127.206   180.001

---------------------------
INTERNAL COORDINATES (A.U.)
---------------------------
 C      0   0   0   0.000000     0.000     0.000
 C      1   0   0   2.637430     0.000     0.000
 C      2   1   0   2.701900   114.101     0.000
 C      3   2   1   2.642452   113.693     0.000
 S      1   2   3   3.133237   105.480     0.000
 H      2   1   3   2.153240   123.009   180.766
 C      3   2   1   3.051292   119.847   180.687
 C      7   3   2   3.238727   118.980   307.195
 C      8   7   3   3.223123   122.737    83.065
 H      9   8   7   2.198004   104.499   204.191
 H      9   8   7   2.184047   106.377   318.285
 H      8   7   3   2.178553   105.931   320.876
 H      8   7   3   2.181970   106.133   204.821
 H      7   3   2   2.196635   109.473    68.580
 H      7   3   2   2.206093   109.340   186.386
 C      9   8   7   3.080821   122.333    82.992
 C     16   9   8   3.215071   114.047   176.844
 C     17  16   9   3.183129   116.089   262.327
 H     18  17  16   2.186952   109.140   310.001
 H     18  17  16   2.188418   109.039   190.538
 H     18  17  16   2.184341   109.750    70.381
 H     17  16   9   2.180851   107.523    22.433
 H     17  16   9   2.176472   108.109   140.436
 H     16   9   8   2.185456   109.163   296.397
 H     16   9   8   2.182031   109.947    55.794
 H      1   2   3   2.003099   127.260   180.000
 H      4   3   2   2.003118   127.206   180.001

----------------------------
SLATER BASIS SET DIM=  60
----------------------------
  0 C     2 shells
 l=0 nsto= 1
    2       1.625000000000        1.000000000000
 l=1 nsto= 1
    2       1.625000000000        1.000000000000
  1 C     2 shells
 l=0 nsto= 1
    2       1.625000000000        1.000000000000
 l=1 nsto= 1
    2       1.625000000000        1.000000000000
  2 C     2 shells
 l=0 nsto= 1
    2       1.625000000000        1.000000000000
 l=1 nsto= 1
    2       1.625000000000        1.000000000000
  3 C     2 shells
 l=0 nsto= 1
    2       1.625000000000        1.000000000000
 l=1 nsto= 1
    2       1.625000000000        1.000000000000
  4 S     2 shells
 l=0 nsto= 1
    3       1.925000000000        1.000000000000
 l=1 nsto= 1
    3       1.925000000000        1.000000000000
  5 H     1 shells
 l=0 nsto= 1
    1       1.200000000000        1.000000000000
  6 C     2 shells
 l=0 nsto= 1
    2       1.625000000000        1.000000000000
 l=1 nsto= 1
    2       1.625000000000        1.000000000000
  7 C     2 shells
 l=0 nsto= 1
    2       1.625000000000        1.000000000000
 l=1 nsto= 1
    2       1.625000000000        1.000000000000
  8 C     2 shells
 l=0 nsto= 1
    2       1.625000000000        1.000000000000
 l=1 nsto= 1
    2       1.625000000000        1.000000000000
  9 H     1 shells
 l=0 nsto= 1
    1       1.200000000000        1.000000000000
 10 H     1 shells
 l=0 nsto= 1
    1       1.200000000000        1.000000000000
 11 H     1 shells
 l=0 nsto= 1
    1       1.200000000000        1.000000000000
 12 H     1 shells
 l=0 nsto= 1
    1       1.200000000000        1.000000000000
 13 H     1 shells
 l=0 nsto= 1
    1       1.200000000000        1.000000000000
 14 H     1 shells
 l=0 nsto= 1
    1       1.200000000000        1.000000000000
 15 C     2 shells
 l=0 nsto= 1
    2       1.625000000000        1.000000000000
 l=1 nsto= 1
    2       1.625000000000        1.000000000000
 16 C     2 shells
 l=0 nsto= 1
    2       1.625000000000        1.000000000000
 l=1 nsto= 1
    2       1.625000000000        1.000000000000
 17 C     2 shells
 l=0 nsto= 1
    2       1.625000000000        1.000000000000
 l=1 nsto= 1
    2       1.625000000000        1.000000000000
 18 H     1 shells
 l=0 nsto= 1
    1       1.200000000000        1.000000000000
 19 H     1 shells
 l=0 nsto= 1
    1       1.200000000000        1.000000000000
 20 H     1 shells
 l=0 nsto= 1
    1       1.200000000000        1.000000000000
 21 H     1 shells
 l=0 nsto= 1
    1       1.200000000000        1.000000000000
 22 H     1 shells
 l=0 nsto= 1
    1       1.200000000000        1.000000000000
 23 H     1 shells
 l=0 nsto= 1
    1       1.200000000000        1.000000000000
 24 H     1 shells
 l=0 nsto= 1
    1       1.200000000000        1.000000000000
 25 H     1 shells
 l=0 nsto= 1
    1       1.200000000000        1.000000000000
 26 H     1 shells
 l=0 nsto= 1
    1       1.200000000000        1.000000000000
------------------------------------------------------------------------------
                           ORCA NDO INTEGRAL CALCULATION
------------------------------------------------------------------------------

--------------
NDO PARAMETERS
--------------

Gamma integral treatment              ... Mataga-Nishimoto
Nuclear repulsuion treatment          ... Direct (ZA*ZB/RAB)
Interaction factors:
s-s (sigma) =    1.0000
s-p (sigma) =    1.0000
s-d (sigma) =    1.0000
p-p (sigma) =    1.2670  p-p(pi) =    0.5850
p-d (sigma) =    1.0000  p-d(pi) =    1.0000
d-d (sigma) =    1.0000  d-d(pi) =    1.0000 d-d (delta) =    1.0000

fGamma parameter for Mataga-Nishimoto gamma integrals:    1.2000

--------------------------
Parameters for Element H :
--------------------------
 One-electron parameters (in eV)
  U(s)  =   -13.060000 Beta(s) =    12.000000 Neff(s) =     1.000000
 One-center electron repulsion parameters (in eV)
  G(s,s)=    12.850000
--------------------------
Parameters for Element C :
--------------------------
 One-electron parameters (in eV)
  U(s)  =   -50.870766 Beta(s) =    17.000000 Neff(s) =     2.000000
  U(p)  =   -41.599980 Beta(p) =    17.000000 Neff(p) =     2.000000 
 One-center electron repulsion parameters (in eV)
  G(s,s)=    11.110000
  G(s,p)=    11.110000 G(p,p)  =    11.110000
 Slater-Condon parameters (in eV)
 F2(p,p)=     4.5098 G1(s,p)=    6.8977
--------------------------
Parameters for Element S :
--------------------------
 One-electron parameters (in eV)
  U(s)  =   -69.509597 Beta(s) =    15.000000 Neff(s) =     2.000000
  U(p)  =   -60.725746 Beta(p) =    15.000000 Neff(p) =     4.000000 
 One-center electron repulsion parameters (in eV)
  G(s,s)=    10.090000
  G(s,p)=    10.090000 G(p,p)  =    10.090000
 Slater-Condon parameters (in eV)
 F2(p,p)=     4.5377 G1(s,p)=    3.0756

 Number of atoms                    ....   27
 Number of basis functions          ....   60

 Overlap integrals                  .... done
 One electron matrix                .... done
 Nuclear repulsion                  .... done
 Integral list                      .... done
 Electron-electron repulsion        .... done
-------------------------------------------------------------------------------
                                 ORCA SCF
-------------------------------------------------------------------------------

------------
SCF SETTINGS
------------
Hamiltonian:
 ZDO-Hamiltonian        Method          .... INDO


General Settings:
 Integral files         IntName         .... /Users/mattyjones/GoogleDrive/Boise/Code/MorphCT/tests/output_EZ/donor_polymer/chromophores/input_orca/single/00011
 Hartree-Fock type      HFTyp           .... RHF
 Total Charge           Charge          ....    0
 Multiplicity           Mult            ....    1
 Number of Electrons    NEL             ....   62
 Basis Dimension        Dim             ....   60
 Nuclear Repulsion      ENuc            ....    293.1231998177 Eh

Convergence Acceleration:
 DIIS                   CNVDIIS         .... on
   Start iteration      DIISMaxIt       ....    12
   Startup error        DIISStart       ....  0.200000
   # of expansion vecs  DIISMaxEq       ....     5
   Bias factor          DIISBfac        ....   1.050
   Max. coefficient     DIISMaxC        ....  10.000
 Newton-Raphson         CNVNR           .... off
 SOSCF                  CNVSOSCF        .... on
   Start iteration      SOSCFMaxIt      ....   150
   Startup grad/error   SOSCFStart      ....  0.003300
 Level Shifting         CNVShift        .... on
   Level shift para.    LevelShift      ....    0.2500
   Turn off err/grad.   ShiftErr        ....    0.0010
 Zerner damping         CNVZerner       .... off
 Static damping         CNVDamp         .... on
   Fraction old density DampFac         ....    0.7000
   Max. Damping (<1)    DampMax         ....    0.9800
   Min. Damping (>=0)   DampMin         ....    0.0000
   Turn off err/grad.   DampErr         ....    0.1000
 Fernandez-Rico         CNVRico         .... off

SCF Procedure:
 Maximum # iterations   MaxIter         ....   125
 SCF integral mode      SCFMode         .... Conventional
 Integral Buffer length BufferLength    .... 1048576
 Integral index format  IndFormat       ....     0
 Integral value format  ValFormat       ....     0
 Integral Storage       Thresh          ....  1.000e-08 Eh

Convergence Tolerance:
 Convergence Check Mode ConvCheckMode   .... Total+1el-Energy
 Energy Change          TolE            ....  1.000e-06 Eh
 1-El. energy change                    ....  1.000e-03 Eh
 Orbital Gradient       TolG            ....  5.000e-05
 Orbital Rotation angle TolX            ....  5.000e-05
 DIIS Error             TolErr          ....  1.000e-06


Diagonalization of the overlap matrix:
Smallest eigenvalue                        ... 1.697e-01
Time for diagonalization                   ...    0.001 sec
Threshold for overlap eigenvalues          ... 1.000e-08
Number of eigenvalues below threshold      ... 0
Time for construction of square roots      ...    0.000 sec
Total time needed                          ...    0.002 sec

-------------------------------
INITIAL GUESS: EXTENDED HUECKEL
-------------------------------
EHT matrix was read from disk
EHT matrix was diagonalized
Initial density was built
                      ------------------
                      INITIAL GUESS DONE
                      ------------------

 InCore treatment chosen:
   Memory dedicated               ...    1024 MB
   Memory needed                  ...      0 MB
   Number of tiny    integrals    ...       0
   Number of small   integrals    ...       0
   Number of regular integrals    ...    1896

--------------
SCF ITERATIONS
--------------
ITER       Energy         Delta-E        Max-DP      RMS-DP      [F,P]     Damp
  0     -7.1311572411   0.000000000000 0.03856106  0.00202313  0.0902768 0.7000
  1     -7.1519396007  -0.020782359671 0.03623951  0.00190529  0.0641734 0.7000
                               ***Turning on DIIS***
  2     -7.1673292561  -0.015389655341 0.09118675  0.00489088  0.0416310 0.0000
  3     -7.2072169499  -0.039887693801 0.01503289  0.00100266  0.0160853 0.0000
  4     -7.2001356476   0.007081302269 0.00852117  0.00068821  0.0059447 0.0000
  5     -7.2085729118  -0.008437264186 0.00604968  0.00046475  0.0034358 0.0000
  6     -7.2100928077  -0.001519895927 0.00456290  0.00033002  0.0017682 0.0000
                      *** Initiating the SOSCF procedure ***
                           *** Shutting down DIIS ***
                      *** Re-Reading the Fockian *** 
                      *** Removing any level shift *** 
ITER      Energy       Delta-E        Grad      Rot      Max-DP    RMS-DP
  7     -7.20789914   0.0021936716  0.003000  0.003000  0.004554  0.000310
  8     -7.20685070   0.0010484368  0.000269  0.000707  0.000494  0.000033
                 **** Energy Check signals convergence ****
              ***Rediagonalizing the Fockian in SOSCF/NRSCF***

               *****************************************************
               *                     SUCCESS                       *
               *           SCF CONVERGED AFTER   9 CYCLES          *
               *****************************************************


----------------
TOTAL SCF ENERGY
----------------

Total Energy       :           -7.20685152 Eh            -196.10840 eV

Components:
Nuclear Repulsion  :          293.12319982 Eh            7976.28777 eV
Electronic Energy  :         -300.33005133 Eh           -8172.39617 eV

One Electron Energy:         -555.46193346 Eh          -15114.88764 eV
Two Electron Energy:          255.13188212 Eh            6942.49146 eV


---------------
SCF CONVERGENCE
---------------

  Last Energy change         ...   -8.1666e-07  Tolerance :   1.0000e-06
  Last MAX-Density change    ...    4.4866e-04  Tolerance :   1.0000e-05
  Last RMS-Density change    ...    2.6010e-05  Tolerance :   1.0000e-06
  Last Orbital Gradient      ...    1.3712e-04  Tolerance :   5.0000e-05
  Last Orbital Rotation      ...    5.4995e-04  Tolerance :   5.0000e-05

             **** THE GBW FILE WAS UPDATED (/Users/mattyjones/GoogleDrive/Boise/Code/MorphCT/tests/output_EZ/donor_polymer/chromophores/input_orca/single/00011.gbw) ****
             **** DENSITY FILE WAS UPDATED (/Users/mattyjones/GoogleDrive/Boise/Code/MorphCT/tests/output_EZ/donor_polymer/chromophores/input_orca/single/00011.scfp.tmp) ****
             **** ENERGY FILE WAS UPDATED (/Users/mattyjones/GoogleDrive/Boise/Code/MorphCT/tests/output_EZ/donor_polymer/chromophores/input_orca/single/00011.en.tmp) ****
----------------
ORBITAL ENERGIES
----------------

  NO   OCC          E(Eh)            E(eV) 
   0   2.0000      -1.556762       -42.3616 
   1   2.0000      -1.390784       -37.8451 
   2   2.0000      -1.289681       -35.0940 
   3   2.0000      -1.180139       -32.1132 
   4   2.0000      -1.111472       -30.2447 
   5   2.0000      -1.041741       -28.3472 
   6   2.0000      -0.970246       -26.4017 
   7   2.0000      -0.893091       -24.3023 
   8   2.0000      -0.863124       -23.4868 
   9   2.0000      -0.829041       -22.5594 
  10   2.0000      -0.778881       -21.1944 
  11   2.0000      -0.726132       -19.7591 
  12   2.0000      -0.692615       -18.8470 
  13   2.0000      -0.664335       -18.0775 
  14   2.0000      -0.648580       -17.6488 
  15   2.0000      -0.613134       -16.6842 
  16   2.0000      -0.584803       -15.9133 
  17   2.0000      -0.580219       -15.7886 
  18   2.0000      -0.575895       -15.6709 
  19   2.0000      -0.560414       -15.2496 
  20   2.0000      -0.525195       -14.2913 
  21   2.0000      -0.521668       -14.1953 
  22   2.0000      -0.508026       -13.8241 
  23   2.0000      -0.493971       -13.4416 
  24   2.0000      -0.491262       -13.3679 
  25   2.0000      -0.482127       -13.1193 
  26   2.0000      -0.463285       -12.6066 
  27   2.0000      -0.460806       -12.5392 
  28   2.0000      -0.440201       -11.9785 
  29   2.0000      -0.356301        -9.6954 
  30   2.0000      -0.304976        -8.2988 
  31   0.0000       0.008153         0.2219 
  32   0.0000       0.065899         1.7932 
  33   0.0000       0.075709         2.0601 
  34   0.0000       0.086175         2.3449 
  35   0.0000       0.105376         2.8674 
  36   0.0000       0.107295         2.9197 
  37   0.0000       0.122168         3.3244 
  38   0.0000       0.141952         3.8627 
  39   0.0000       0.156092         4.2475 
  40   0.0000       0.164934         4.4881 
  41   0.0000       0.174106         4.7377 
  42   0.0000       0.204775         5.5722 
  43   0.0000       0.233997         6.3674 
  44   0.0000       0.235237         6.4011 
  45   0.0000       0.237252         6.4560 
  46   0.0000       0.239160         6.5079 
  47   0.0000       0.240817         6.5530 
  48   0.0000       0.242103         6.5880 
  49   0.0000       0.243186         6.6174 
  50   0.0000       0.245502         6.6805 
  51   0.0000       0.258151         7.0246 
  52   0.0000       0.267075         7.2675 
  53   0.0000       0.276985         7.5371 
  54   0.0000       0.304149         8.2763 
  55   0.0000       0.310320         8.4442 
  56   0.0000       0.342109         9.3093 
  57   0.0000       0.355755         9.6806 
  58   0.0000       0.415097        11.2954 
  59   0.0000       0.427970        11.6456 
-------
TIMINGS
-------

Total SCF time: 0 days 0 hours 0 min 0 sec 

Total time                  ....       0.129 sec
Sum of individual times     ....       0.115 sec  ( 89.4%)

Fock matrix formation       ....       0.035 sec  ( 27.1%)
Diagonalization             ....       0.005 sec  (  3.8%)
Density matrix formation    ....       0.001 sec  (  0.4%)
Population analysis         ....       0.000 sec  (  0.0%)
Initial guess               ....       0.001 sec  (  0.4%)
Orbital Transformation      ....       0.000 sec  (  0.0%)
Orbital Orthonormalization  ....       0.000 sec  (  0.0%)
DIIS solution               ....       0.073 sec  ( 56.8%)
SOSCF solution              ....       0.001 sec  (  0.8%)

-------------------------   --------------------
FINAL SINGLE POINT ENERGY        -7.206851515945
-------------------------   --------------------


                            ***************************************
                            *     ORCA property calculations      *
                            ***************************************

                                    ---------------------
                                    Active property flags
                                    ---------------------
   (+) Dipole Moment


------------------------------------------------------------------------------
                       ORCA ELECTRIC PROPERTIES CALCULATION
------------------------------------------------------------------------------

Dipole Moment Calculation                       ... on
Quadrupole Moment Calculation                   ... off
Polarizability Calculation                      ... off
GBWName                                         ... /Users/mattyjones/GoogleDrive/Boise/Code/MorphCT/tests/output_EZ/donor_polymer/chromophores/input_orca/single/00011.gbw
Electron density file                           ... /Users/mattyjones/GoogleDrive/Boise/Code/MorphCT/tests/output_EZ/donor_polymer/chromophores/input_orca/single/00011.scfp.tmp

-------------
DIPOLE MOMENT
-------------
                                X             Y             Z
Electronic contribution:    -89.60514    -110.09499       1.21308
Nuclear contribution   :     48.31752      59.26848      -0.82309
                        -----------------------------------------
Total Dipole Moment    :    -41.28762     -50.82651       0.39000
                        -----------------------------------------
Magnitude (a.u.)       :     65.48400
Magnitude (Debye)      :    166.44709


Timings for individual modules:

Sum of individual times         ...        0.193 sec (=   0.003 min)
STO integral calculation        ...        0.035 sec (=   0.001 min)  18.1 %
SCF iterations                  ...        0.158 sec (=   0.003 min)  81.9 %
                             ****ORCA TERMINATED NORMALLY****
TOTAL RUN TIME: 0 days 0 hours 0 minutes 0 seconds 525 msec

