
                                 *****************
                                 * O   R   C   A *
                                 *****************

           --- An Ab Initio, DFT and Semiempirical electronic structure package ---

                  #######################################################
                  #                        -***-                        #
                  #  Department of molecular theory and spectroscopy    #
                  #              Directorship: Frank Neese              #
                  # Max Planck Institute for Chemical Energy Conversion #
                  #                  D-45470 Muelheim/Ruhr              #
                  #                       Germany                       #
                  #                                                     #
                  #                  All rights reserved                #
                  #                        -***-                        #
                  #######################################################


                         Program Version 4.0.1.2 - RELEASE -


 With contributions from (in alphabetic order):
   Daniel Aravena         : Magnetic Properties
   Michael Atanasov       : Ab Initio Ligand Field Theory
   Ute Becker             : Parallelization
   Martin Brehm           : Molecular dynamics
   Dmytro Bykov           : SCF Hessian
   Vijay G. Chilkuri      : MRCI spin determinant printing
   Dipayan Datta          : RHF DLPNO-CCSD density
   Achintya Kumar Dutta   : EOM-CC, STEOM-CC
   Dmitry Ganyushin       : Spin-Orbit,Spin-Spin,Magnetic field MRCI
   Yang Guo               : DLPNO-NEVPT2, CIM, IAO-localization
   Andreas Hansen         : Spin unrestricted coupled pair/coupled cluster methods
   Lee Huntington         : MR-EOM, pCC
   Robert Izsak           : Overlap fitted RIJCOSX, COSX-SCS-MP3, EOM
   Christian Kollmar      : KDIIS, OOCD, Brueckner-CCSD(T), CCSD density
   Simone Kossmann        : Meta GGA functionals, TD-DFT gradient, OOMP2, MP2 Hessian
   Martin Krupicka        : AUTO-CI
   Dagmar Lenk            : GEPOL surface
   Dimitrios Liakos       : Extrapolation schemes; parallel MDCI
   Dimitrios Manganas     : ROCIS; embedding schemes
   Dimitrios Pantazis     : SARC Basis sets
   Taras Petrenko         : DFT Hessian,TD-DFT gradient, ASA, ECA, R-Raman, ABS, FL, XAS/XES, NRVS
   Peter Pinski           : DLPNO-MP2
   Christoph Reimann      : Effective Core Potentials
   Marius Retegan         : Local ZFS, SOC
   Christoph Riplinger    : Optimizer, TS searches, QM/MM, DLPNO-CCSD(T), (RO)-DLPNO pert. Triples
   Tobias Risthaus        : Range-separated hybrids, TD-DFT gradient, RPA, STAB
   Michael Roemelt        : Restricted open shell CIS
   Masaaki Saitow         : Open-shell DLPNO
   Barbara Sandhoefer     : DKH picture change effects
   Kantharuban Sivalingam : CASSCF convergence, NEVPT2, FIC-MRCI
   Georgi Stoychev        : AutoAux
   Boris Wezisla          : Elementary symmetry handling
   Frank Wennmohs         : Technical directorship


 We gratefully acknowledge several colleagues who have allowed us to
 interface, adapt or use parts of their codes:
   Stefan Grimme, W. Hujo, H. Kruse,             : VdW corrections, initial TS optimization,
                  C. Bannwarth                     DFT functionals, gCP, sTDA/sTD-DF
   Ed Valeev                                     : LibInt (2-el integral package), F12 methods
   Garnet Chan, S. Sharma, J. Yang, R. Olivares  : DMRG
   Ulf Ekstrom                                   : XCFun DFT Library
   Mihaly Kallay                                 : mrcc  (arbitrary order and MRCC methods)
   Andreas Klamt, Michael Diedenhofen            : otool_cosmo (COSMO solvation model)
   Jiri Pittner, Ondrej Demel                    : Mk-CCSD
   Frank Weinhold                                : gennbo (NPA and NBO analysis)
   Christopher J. Cramer and Donald G. Truhlar   : smd solvation model


 Your calculation uses the libint2 library for the computation of 2-el integrals
 For citations please refer to: http://libint.valeyev.net

 This ORCA versions uses:
   CBLAS   interface :  Fast vector & matrix operations
   LAPACKE interface :  Fast linear algebra routines
   SCALAPACK package :  Parallel linear algebra routines


leaving
Your calculation utilizes the basis: def2-SVP
   F. Weigend and R. Ahlrichs, Phys. Chem. Chem. Phys. 7, 3297 (2005).

================================================================================
                                        WARNINGS
                       Please study these warnings very carefully!
================================================================================

Warning: TCutStore was < 0. Adjusted to Thresh (uncritical)

WARNING: Direct SCF is incompatible with Method<>HF and Method<>DFT
  ===> : conventional SCF is chosen

WARNING: The NDO methods need Guess=HUECKEL or Guess=HCORE or Guess=MOREAD
  ===> : Guess is set to Hueckel

WARNING: The NDO methods need %rel::SOCType==1
  ===> : %rel::SOCType is set to 1

WARNING: The NDO methods cannot have frozencore=1
  ===> : %method FrozenCore=0 end

INFO   : the flag for use of LIBINT has been found!

================================================================================
                                       INPUT FILE
================================================================================
NAME = /home/mattyjones/Software/morphct/tests/output_EZ/donor_polymer/chromophores/input_orca/single/00019.inp
|  1> # ================================================================
|  2> # Orca input file made by Matty Jones
|  3> # ================================================================
|  4> ! ZINDO/S 
|  5> ! NOPOP
|  6> ! NOMOPRINT
|  7> * xyz 0   1
|  8>  C  4.77874  0.98764  -1.57960
|  9>  C  3.62730  0.22689  -1.37137
| 10>  C  2.58573  0.92130  -0.68057
| 11>  C  2.91638  2.23701  -0.34162
| 12>  S  4.45835  2.46866  -0.90651
| 13>  H  3.57255  -0.88894  -1.60013
| 14>  C  1.26441  0.00896  -0.45907
| 15>  C  -0.36490  0.45364  -0.53719
| 16>  C  -1.04577  0.80859  0.95679
| 17>  H  -0.23636  1.26904  1.63894
| 18>  H  -1.89406  1.57479  0.80147
| 19>  H  -0.44832  1.39108  -1.20433
| 20>  H  -0.95728  -0.40913  -1.02080
| 21>  H  1.35957  -0.47447  0.60734
| 22>  H  1.31715  -0.87600  -1.22564
| 23>  C  -1.63076  -0.56352  1.62848
| 24>  C  -3.23254  -0.95941  1.24693
| 25>  C  -3.46202  -1.92763  -0.11262
| 26>  H  -4.23175  -2.75599  0.13738
| 27>  H  -2.45962  -2.41334  -0.42347
| 28>  H  -3.86547  -1.27706  -0.98074
| 29>  H  -3.81288  0.02322  1.08658
| 30>  H  -3.67447  -1.51948  2.15367
| 31>  H  -0.97359  -1.45854  1.30219
| 32>  H  -1.56920  -0.46947  2.78009
| 33>  H  5.67010  0.68286  -2.06557
| 34>  H  2.30871  2.93929  0.16939
| 35> *
| 36> 
| 37>                          ****END OF INPUT****
================================================================================

                       ****************************
                       * Single Point Calculation *
                       ****************************

---------------------------------
CARTESIAN COORDINATES (ANGSTROEM)
---------------------------------
  C      4.778740    0.987640   -1.579600
  C      3.627300    0.226890   -1.371370
  C      2.585730    0.921300   -0.680570
  C      2.916380    2.237010   -0.341620
  S      4.458350    2.468660   -0.906510
  H      3.572550   -0.888940   -1.600130
  C      1.264410    0.008960   -0.459070
  C     -0.364900    0.453640   -0.537190
  C     -1.045770    0.808590    0.956790
  H     -0.236360    1.269040    1.638940
  H     -1.894060    1.574790    0.801470
  H     -0.448320    1.391080   -1.204330
  H     -0.957280   -0.409130   -1.020800
  H      1.359570   -0.474470    0.607340
  H      1.317150   -0.876000   -1.225640
  C     -1.630760   -0.563520    1.628480
  C     -3.232540   -0.959410    1.246930
  C     -3.462020   -1.927630   -0.112620
  H     -4.231750   -2.755990    0.137380
  H     -2.459620   -2.413340   -0.423470
  H     -3.865470   -1.277060   -0.980740
  H     -3.812880    0.023220    1.086580
  H     -3.674470   -1.519480    2.153670
  H     -0.973590   -1.458540    1.302190
  H     -1.569200   -0.469470    2.780090
  H      5.670100    0.682860   -2.065570
  H      2.308710    2.939290    0.169390

----------------------------
CARTESIAN COORDINATES (A.U.)
----------------------------
  NO LB      ZA    FRAG     MASS         X           Y           Z
   0 C     4.0000    0    12.011    9.030510    1.866369   -2.985011
   1 C     4.0000    0    12.011    6.854604    0.428760   -2.591514
   2 C     4.0000    0    12.011    4.886322    1.741005   -1.286091
   3 C     4.0000    0    12.011    5.511160    4.227336   -0.645568
   4 S     6.0000    0    32.060    8.425061    4.665091   -1.713056
   5 H     1.0000    0     1.008    6.751141   -1.679853   -3.023807
   6 C     4.0000    0    12.011    2.389389    0.016932   -0.867517
   7 C     4.0000    0    12.011   -0.689561    0.857255   -1.015142
   8 C     4.0000    0    12.011   -1.976219    1.528014    1.808071
   9 H     1.0000    0     1.008   -0.446656    2.398138    3.097148
  10 H     1.0000    0     1.008   -3.579255    2.975922    1.514559
  11 H     1.0000    0     1.008   -0.847202    2.628760   -2.275854
  12 H     1.0000    0     1.008   -1.808997   -0.773144   -1.929032
  13 H     1.0000    0     1.008    2.569215   -0.896618    1.147706
  14 H     1.0000    0     1.008    2.489053   -1.655400   -2.316124
  15 C     4.0000    0    12.011   -3.081690   -1.064898    3.077381
  16 C     4.0000    0    12.011   -6.108615   -1.813022    2.356356
  17 C     4.0000    0    12.011   -6.542270   -3.642693   -0.212821
  18 H     1.0000    0     1.008   -7.996849   -5.208066    0.259611
  19 H     1.0000    0     1.008   -4.648008   -4.560552   -0.800242
  20 H     1.0000    0     1.008   -7.304680   -2.413294   -1.853330
  21 H     1.0000    0     1.008   -7.205299    0.043879    2.053339
  22 H     1.0000    0     1.008   -6.943742   -2.871401    4.069846
  23 H     1.0000    0     1.008   -1.839818   -2.756241    2.460782
  24 H     1.0000    0     1.008   -2.965358   -0.887170    5.253609
  25 H     1.0000    0     1.008   10.714936    1.290418   -3.903362
  26 H     1.0000    0     1.008    4.362830    5.554453    0.320101

--------------------------------
INTERNAL COORDINATES (ANGSTROEM)
--------------------------------
 C      0   0   0     0.000000000000     0.00000000     0.00000000
 C      1   0   0     1.395677028900     0.00000000     0.00000000
 C      2   1   0     1.429782484506   114.10153667     0.00000000
 C      3   2   1     1.398323756896   113.69311495     0.00000000
 S      1   2   3     1.658047086364   105.47951575     0.00000000
 H      2   1   3     1.140353142233   122.89044107   188.06379810
 C      3   2   1     1.620898845703   112.73676059   179.89445550
 C      7   3   2     1.690708169052   129.14017399   218.02765569
 C      8   7   3     1.679746915401   113.89759704   263.74044561
 H      9   8   7     1.154334168731   109.00559554    32.37736498
 H      9   8   7     1.153595538523   108.58221792   151.34372867
 H      8   7   3     1.153615373337   108.06734102    24.07317785
 H      8   7   3     1.152894084207   108.52483309   142.34104806
 H      7   3   2     1.174729874737   106.83692979    94.40317292
 H      7   3   2     1.171992011108   107.39433526   340.78227331
 C      9   8   7     1.635868762554   109.44500690   271.98240653
 C     16   9   8     1.693519549046   116.21866009   270.91261206
 C     17  16   9     1.684781066281   116.42206261    90.20002637
 H     18  17  16     1.158086595424   109.11065012   135.30708410
 H     18  17  16     1.156437497922   109.89008764    15.24364618
 H     18  17  16     1.157430586169   109.25121248   254.87772717
 H     17  16   9     1.152418480848   107.95846305   328.60375774
 H     17  16   9     1.153758188443   107.37955642   210.87076854
 H     16   9   8     1.157323797993   109.25904361    32.09453893
 H     16   9   8     1.157082809569   108.75108430   150.06585012
 H      1   2   3     1.059990725856   127.25997147   179.99974037
 H      4   3   2     1.059995871407   127.20632075   179.99997466

---------------------------
INTERNAL COORDINATES (A.U.)
---------------------------
 C      0   0   0     0.000000000000     0.00000000     0.00000000
 C      1   0   0     2.637447356026     0.00000000     0.00000000
 C      2   1   0     2.701897326794   114.10153667     0.00000000
 C      3   2   1     2.642448947089   113.69311495     0.00000000
 S      1   2   3     3.133254910374   105.47951575     0.00000000
 H      2   1   3     2.154955134776   122.89044107   188.06379810
 C      3   2   1     3.063054909167   112.73676059   179.89445550
 C      7   3   2     3.194975411892   129.14017399   218.02765569
 C      8   7   3     3.174261644407   113.89759704   263.74044561
 H      9   8   7     2.181375445929   109.00559554    32.37736498
 H      9   8   7     2.179979637122   108.58221792   151.34372867
 H      8   7   3     2.180017119489   108.06734102    24.07317785
 H      8   7   3     2.178654080570   108.52483309   142.34104806
 H      7   3   2     2.219917744589   106.83692979    94.40317292
 H      7   3   2     2.214743932137   107.39433526   340.78227331
 C      9   8   7     3.091343952264   109.44500690   271.98240653
 C     16   9   8     3.200288150138   116.21866009   270.91261206
 C     17  16   9     3.183774810888   116.42206261    90.20002637
 H     18  17  16     2.188466504716   109.11065012   135.30708410
 H     18  17  16     2.185350162070   109.89008764    15.24364618
 H     18  17  16     2.187226826884   109.25121248   254.87772717
 H     17  16   9     2.177755320472   107.95846305   328.60375774
 H     17  16   9     2.180287000927   107.37955642   210.87076854
 H     16   9   8     2.187025026476   109.25904361    32.09453893
 H     16   9   8     2.186569624353   108.75108430   150.06585012
 H      1   2   3     2.003092176364   127.25997147   179.99974037
 H      4   3   2     2.003101900047   127.20632075   179.99997466

----------------------------
SLATER BASIS SET DIM=  60
----------------------------
  0 C     2 shells
 l=0 nsto= 1
    2       1.625000000000        1.000000000000
 l=1 nsto= 1
    2       1.625000000000        1.000000000000
  1 C     2 shells
 l=0 nsto= 1
    2       1.625000000000        1.000000000000
 l=1 nsto= 1
    2       1.625000000000        1.000000000000
  2 C     2 shells
 l=0 nsto= 1
    2       1.625000000000        1.000000000000
 l=1 nsto= 1
    2       1.625000000000        1.000000000000
  3 C     2 shells
 l=0 nsto= 1
    2       1.625000000000        1.000000000000
 l=1 nsto= 1
    2       1.625000000000        1.000000000000
  4 S     2 shells
 l=0 nsto= 1
    3       1.925000000000        1.000000000000
 l=1 nsto= 1
    3       1.925000000000        1.000000000000
  5 H     1 shells
 l=0 nsto= 1
    1       1.200000000000        1.000000000000
  6 C     2 shells
 l=0 nsto= 1
    2       1.625000000000        1.000000000000
 l=1 nsto= 1
    2       1.625000000000        1.000000000000
  7 C     2 shells
 l=0 nsto= 1
    2       1.625000000000        1.000000000000
 l=1 nsto= 1
    2       1.625000000000        1.000000000000
  8 C     2 shells
 l=0 nsto= 1
    2       1.625000000000        1.000000000000
 l=1 nsto= 1
    2       1.625000000000        1.000000000000
  9 H     1 shells
 l=0 nsto= 1
    1       1.200000000000        1.000000000000
 10 H     1 shells
 l=0 nsto= 1
    1       1.200000000000        1.000000000000
 11 H     1 shells
 l=0 nsto= 1
    1       1.200000000000        1.000000000000
 12 H     1 shells
 l=0 nsto= 1
    1       1.200000000000        1.000000000000
 13 H     1 shells
 l=0 nsto= 1
    1       1.200000000000        1.000000000000
 14 H     1 shells
 l=0 nsto= 1
    1       1.200000000000        1.000000000000
 15 C     2 shells
 l=0 nsto= 1
    2       1.625000000000        1.000000000000
 l=1 nsto= 1
    2       1.625000000000        1.000000000000
 16 C     2 shells
 l=0 nsto= 1
    2       1.625000000000        1.000000000000
 l=1 nsto= 1
    2       1.625000000000        1.000000000000
 17 C     2 shells
 l=0 nsto= 1
    2       1.625000000000        1.000000000000
 l=1 nsto= 1
    2       1.625000000000        1.000000000000
 18 H     1 shells
 l=0 nsto= 1
    1       1.200000000000        1.000000000000
 19 H     1 shells
 l=0 nsto= 1
    1       1.200000000000        1.000000000000
 20 H     1 shells
 l=0 nsto= 1
    1       1.200000000000        1.000000000000
 21 H     1 shells
 l=0 nsto= 1
    1       1.200000000000        1.000000000000
 22 H     1 shells
 l=0 nsto= 1
    1       1.200000000000        1.000000000000
 23 H     1 shells
 l=0 nsto= 1
    1       1.200000000000        1.000000000000
 24 H     1 shells
 l=0 nsto= 1
    1       1.200000000000        1.000000000000
 25 H     1 shells
 l=0 nsto= 1
    1       1.200000000000        1.000000000000
 26 H     1 shells
 l=0 nsto= 1
    1       1.200000000000        1.000000000000
------------------------------------------------------------------------------
                           ORCA NDO INTEGRAL CALCULATION
------------------------------------------------------------------------------

--------------
NDO PARAMETERS
--------------

Gamma integral treatment              ... Mataga-Nishimoto
Nuclear repulsuion treatment          ... Direct (ZA*ZB/RAB)
Interaction factors:
s-s (sigma) =    1.0000
s-p (sigma) =    1.0000
s-d (sigma) =    1.0000
p-p (sigma) =    1.2670  p-p(pi) =    0.5850
p-d (sigma) =    1.0000  p-d(pi) =    1.0000
d-d (sigma) =    1.0000  d-d(pi) =    1.0000 d-d (delta) =    1.0000

fGamma parameter for Mataga-Nishimoto gamma integrals:    1.2000

--------------------------
Parameters for Element H :
--------------------------
 One-electron parameters (in eV)
  U(s)  =   -13.060000 Beta(s) =    12.000000 Neff(s) =     1.000000
 One-center electron repulsion parameters (in eV)
  G(s,s)=    12.850000
--------------------------
Parameters for Element C :
--------------------------
 One-electron parameters (in eV)
  U(s)  =   -50.870766 Beta(s) =    17.000000 Neff(s) =     2.000000
  U(p)  =   -41.599980 Beta(p) =    17.000000 Neff(p) =     2.000000 
 One-center electron repulsion parameters (in eV)
  G(s,s)=    11.110000
  G(s,p)=    11.110000 G(p,p)  =    11.110000
 Slater-Condon parameters (in eV)
 F2(p,p)=     4.5098 G1(s,p)=    6.8977
--------------------------
Parameters for Element S :
--------------------------
 One-electron parameters (in eV)
  U(s)  =   -69.509597 Beta(s) =    15.000000 Neff(s) =     2.000000
  U(p)  =   -60.725746 Beta(p) =    15.000000 Neff(p) =     4.000000 
 One-center electron repulsion parameters (in eV)
  G(s,s)=    10.090000
  G(s,p)=    10.090000 G(p,p)  =    10.090000
 Slater-Condon parameters (in eV)
 F2(p,p)=     4.5377 G1(s,p)=    3.0756

 Number of atoms                    ....   27
 Number of basis functions          ....   60

 Overlap integrals                  .... done
 One electron matrix                .... done
 Nuclear repulsion                  .... done
 Integral list                      .... done
 Electron-electron repulsion        .... done
-------------------------------------------------------------------------------
                                 ORCA SCF
-------------------------------------------------------------------------------

------------
SCF SETTINGS
------------
Hamiltonian:
 ZDO-Hamiltonian        Method          .... INDO


General Settings:
 Integral files         IntName         .... /home/mattyjones/Software/morphct/tests/output_EZ/donor_polymer/chromophores/input_orca/single/00019
 Hartree-Fock type      HFTyp           .... RHF
 Total Charge           Charge          ....    0
 Multiplicity           Mult            ....    1
 Number of Electrons    NEL             ....   62
 Basis Dimension        Dim             ....   60
 Nuclear Repulsion      ENuc            ....    295.5808256815 Eh

Convergence Acceleration:
 DIIS                   CNVDIIS         .... on
   Start iteration      DIISMaxIt       ....    12
   Startup error        DIISStart       ....  0.200000
   # of expansion vecs  DIISMaxEq       ....     5
   Bias factor          DIISBfac        ....   1.050
   Max. coefficient     DIISMaxC        ....  10.000
 Newton-Raphson         CNVNR           .... off
 SOSCF                  CNVSOSCF        .... on
   Start iteration      SOSCFMaxIt      ....   150
   Startup grad/error   SOSCFStart      ....  0.003300
 Level Shifting         CNVShift        .... on
   Level shift para.    LevelShift      ....    0.2500
   Turn off err/grad.   ShiftErr        ....    0.0010
 Zerner damping         CNVZerner       .... off
 Static damping         CNVDamp         .... on
   Fraction old density DampFac         ....    0.7000
   Max. Damping (<1)    DampMax         ....    0.9800
   Min. Damping (>=0)   DampMin         ....    0.0000
   Turn off err/grad.   DampErr         ....    0.1000
 Fernandez-Rico         CNVRico         .... off

SCF Procedure:
 Maximum # iterations   MaxIter         ....   125
 SCF integral mode      SCFMode         .... Conventional
 Integral Buffer length BufferLength    .... 1048576
 Integral index format  IndFormat       ....     0
 Integral value format  ValFormat       ....     0
 Integral Storage       Thresh          ....  1.000e-08 Eh

Convergence Tolerance:
 Convergence Check Mode ConvCheckMode   .... Total+1el-Energy
 Convergence forced     ConvForced      .... 0
 Energy Change          TolE            ....  1.000e-06 Eh
 1-El. energy change                    ....  1.000e-03 Eh
 Orbital Gradient       TolG            ....  5.000e-05
 Orbital Rotation angle TolX            ....  5.000e-05
 DIIS Error             TolErr          ....  1.000e-06


Diagonalization of the overlap matrix:
Smallest eigenvalue                        ... 1.697e-01
Time for diagonalization                   ...    0.001 sec
Threshold for overlap eigenvalues          ... 1.000e-08
Number of eigenvalues below threshold      ... 0
Time for construction of square roots      ...    0.000 sec
Total time needed                          ...    0.001 sec

-------------------------------
INITIAL GUESS: EXTENDED HUECKEL
-------------------------------
EHT matrix was read from disk
EHT matrix was diagonalized
Initial density was built
                      ------------------
                      INITIAL GUESS DONE
                      ------------------

 InCore treatment chosen:
   Memory dedicated               ...    1024 MB
   Memory needed                  ...      0 MB
   Number of tiny    integrals    ...       0
   Number of small   integrals    ...       0
   Number of regular integrals    ...    1896

--------------
SCF ITERATIONS
--------------
ITER       Energy         Delta-E        Max-DP      RMS-DP      [F,P]     Damp
  0     -6.2804222466   0.000000000000 0.04298074  0.00204205  0.0906585 0.7000
  1     -6.3013148974  -0.020892650779 0.04132272  0.00192419  0.0611362 0.7000
                               ***Turning on DIIS***
  2     -6.3167711228  -0.015456225372 0.10712103  0.00494009  0.0360956 0.0000
  3     -6.3580144864  -0.041243363571 0.01646517  0.00102841  0.0198895 0.0000
  4     -6.3497481299   0.008266356448 0.01320482  0.00070771  0.0076618 0.0000
  5     -6.3583648052  -0.008616675253 0.00923479  0.00047757  0.0044928 0.0000
  6     -6.3592181600  -0.000853354856 0.00700299  0.00033763  0.0025372 0.0000
                      *** Initiating the SOSCF procedure ***
                           *** Shutting down DIIS ***
                      *** Re-Reading the Fockian *** 
                      *** Removing any level shift *** 
ITER      Energy       Delta-E        Grad      Rot      Max-DP    RMS-DP
  7     -6.35732211   0.0018960489  0.003005  0.003005  0.004180  0.000190
  8     -6.35640398   0.0009181269  0.000801  0.002204  0.002077  0.000087
  9     -6.35641117  -0.0000071904  0.000352  0.002150  0.002330  0.000092
 10     -6.35641380  -0.0000026250  0.000029  0.000077  0.000131  0.000006
                 **** Energy Check signals convergence ****
              ***Rediagonalizing the Fockian in SOSCF/NRSCF***

               *****************************************************
               *                     SUCCESS                       *
               *           SCF CONVERGED AFTER  11 CYCLES          *
               *****************************************************


----------------
TOTAL SCF ENERGY
----------------

Total Energy       :           -6.35641382 Eh            -172.96681 eV

Components:
Nuclear Repulsion  :          295.58082568 Eh            8043.16317 eV
Electronic Energy  :         -301.93723951 Eh           -8216.12999 eV
One Electron Energy:         -558.64606281 Eh          -15201.53220 eV
Two Electron Energy:          256.70882330 Eh            6985.40221 eV


---------------
SCF CONVERGENCE
---------------

  Last Energy change         ...   -2.5160e-08  Tolerance :   1.0000e-06
  Last MAX-Density change    ...    5.2845e-05  Tolerance :   1.0000e-05
  Last RMS-Density change    ...    2.0896e-06  Tolerance :   1.0000e-06
  Last Orbital Gradient      ...    1.0480e-05  Tolerance :   5.0000e-05
  Last Orbital Rotation      ...    2.2985e-05  Tolerance :   5.0000e-05

             **** THE GBW FILE WAS UPDATED (/home/mattyjones/Software/morphct/tests/output_EZ/donor_polymer/chromophores/input_orca/single/00019.gbw) ****
             **** DENSITY FILE WAS UPDATED (/home/mattyjones/Software/morphct/tests/output_EZ/donor_polymer/chromophores/input_orca/single/00019.scfp.tmp) ****
             **** ENERGY FILE WAS UPDATED (/home/mattyjones/Software/morphct/tests/output_EZ/donor_polymer/chromophores/input_orca/single/00019.en.tmp) ****
----------------
ORBITAL ENERGIES
----------------

  NO   OCC          E(Eh)            E(eV) 
   0   2.0000      -1.557960       -42.3943 
   1   2.0000      -1.415415       -38.5154 
   2   2.0000      -1.280924       -34.8557 
   3   2.0000      -1.173165       -31.9234 
   4   2.0000      -1.115284       -30.3484 
   5   2.0000      -1.063438       -28.9376 
   6   2.0000      -0.953330       -25.9414 
   7   2.0000      -0.891972       -24.2718 
   8   2.0000      -0.857899       -23.3446 
   9   2.0000      -0.835122       -22.7248 
  10   2.0000      -0.783995       -21.3336 
  11   2.0000      -0.728306       -19.8182 
  12   2.0000      -0.702475       -19.1153 
  13   2.0000      -0.675422       -18.3792 
  14   2.0000      -0.631174       -17.1751 
  15   2.0000      -0.618198       -16.8220 
  16   2.0000      -0.589151       -16.0316 
  17   2.0000      -0.576095       -15.6763 
  18   2.0000      -0.558314       -15.1925 
  19   2.0000      -0.556930       -15.1548 
  20   2.0000      -0.533830       -14.5262 
  21   2.0000      -0.527009       -14.3407 
  22   2.0000      -0.505925       -13.7669 
  23   2.0000      -0.492292       -13.3959 
  24   2.0000      -0.488453       -13.2915 
  25   2.0000      -0.479908       -13.0590 
  26   2.0000      -0.466125       -12.6839 
  27   2.0000      -0.458129       -12.4663 
  28   2.0000      -0.436490       -11.8775 
  29   2.0000      -0.355899        -9.6845 
  30   2.0000      -0.305581        -8.3153 
  31   0.0000       0.007501         0.2041 
  32   0.0000       0.070565         1.9202 
  33   0.0000       0.074536         2.0282 
  34   0.0000       0.085870         2.3366 
  35   0.0000       0.104814         2.8521 
  36   0.0000       0.109291         2.9740 
  37   0.0000       0.123268         3.3543 
  38   0.0000       0.141916         3.8617 
  39   0.0000       0.158744         4.3196 
  40   0.0000       0.165246         4.4966 
  41   0.0000       0.167282         4.5520 
  42   0.0000       0.204112         5.5542 
  43   0.0000       0.231503         6.2995 
  44   0.0000       0.233439         6.3522 
  45   0.0000       0.235792         6.4162 
  46   0.0000       0.239994         6.5306 
  47   0.0000       0.240942         6.5564 
  48   0.0000       0.245105         6.6696 
  49   0.0000       0.246429         6.7057 
  50   0.0000       0.253998         6.9116 
  51   0.0000       0.261035         7.1031 
  52   0.0000       0.267270         7.2728 
  53   0.0000       0.283911         7.7256 
  54   0.0000       0.302693         8.2367 
  55   0.0000       0.310235         8.4419 
  56   0.0000       0.337073         9.1722 
  57   0.0000       0.347233         9.4487 
  58   0.0000       0.420377        11.4390 
  59   0.0000       0.429665        11.6918 
-------
TIMINGS
-------

Total SCF time: 0 days 0 hours 0 min 0 sec 

Total time                  ....       0.079 sec
Sum of individual times     ....       0.064 sec  ( 81.6%)

Fock matrix formation       ....       0.042 sec  ( 52.7%)
Diagonalization             ....       0.005 sec  (  6.7%)
Density matrix formation    ....       0.000 sec  (  0.6%)
Population analysis         ....       0.000 sec  (  0.0%)
Initial guess               ....       0.001 sec  (  0.9%)
Orbital Transformation      ....       0.000 sec  (  0.0%)
Orbital Orthonormalization  ....       0.000 sec  (  0.0%)
DIIS solution               ....       0.002 sec  (  2.1%)
SOSCF solution              ....       0.015 sec  ( 18.6%)

-------------------------   --------------------
FINAL SINGLE POINT ENERGY        -6.356413824777
-------------------------   --------------------


                            ***************************************
                            *     ORCA property calculations      *
                            ***************************************

                                    ---------------------
                                    Active property flags
                                    ---------------------
   (+) Dipole Moment


------------------------------------------------------------------------------
                       ORCA ELECTRIC PROPERTIES CALCULATION
------------------------------------------------------------------------------

Dipole Moment Calculation                       ... on
Quadrupole Moment Calculation                   ... off
Polarizability Calculation                      ... off
GBWName                                         ... /home/mattyjones/Software/morphct/tests/output_EZ/donor_polymer/chromophores/input_orca/single/00019.gbw
Electron density file                           ... /home/mattyjones/Software/morphct/tests/output_EZ/donor_polymer/chromophores/input_orca/single/00019.scfp.tmp
The origin for moment calculation is the CENTER OF MASS  = ( 2.226145,  1.131733 -0.470482)

-------------
DIPOLE MOMENT
-------------
                                X             Y             Z
Electronic contribution:    120.64473      64.44851     -24.93311
Nuclear contribution   :    -65.07479     -34.40686      13.51911
                        -----------------------------------------
Total Dipole Moment    :     55.56994      30.04165     -11.41400
                        -----------------------------------------
Magnitude (a.u.)       :     64.19345
Magnitude (Debye)      :    163.16677


Timings for individual modules:

Sum of individual times         ...        0.105 sec (=   0.002 min)
STO integral calculation        ...        0.015 sec (=   0.000 min)  14.1 %
SCF iterations                  ...        0.090 sec (=   0.002 min)  85.9 %
                             ****ORCA TERMINATED NORMALLY****
TOTAL RUN TIME: 0 days 0 hours 0 minutes 0 seconds 357 msec

