
                                 *****************
                                 * O   R   C   A *
                                 *****************

           --- An Ab Initio, DFT and Semiempirical electronic structure package ---

                  #######################################################
                  #                        -***-                        #
                  #  Department of molecular theory and spectroscopy    #
                  #              Directorship: Frank Neese              #
                  # Max Planck Institute for Chemical Energy Conversion #
                  #                  D-45470 Muelheim/Ruhr              #
                  #                       Germany                       #
                  #                                                     #
                  #                  All rights reserved                #
                  #                        -***-                        #
                  #######################################################


                         Program Version 4.0.1.2 - RELEASE -


 With contributions from (in alphabetic order):
   Daniel Aravena         : Magnetic Properties
   Michael Atanasov       : Ab Initio Ligand Field Theory
   Ute Becker             : Parallelization
   Martin Brehm           : Molecular dynamics
   Dmytro Bykov           : SCF Hessian
   Vijay G. Chilkuri      : MRCI spin determinant printing
   Dipayan Datta          : RHF DLPNO-CCSD density
   Achintya Kumar Dutta   : EOM-CC, STEOM-CC
   Dmitry Ganyushin       : Spin-Orbit,Spin-Spin,Magnetic field MRCI
   Yang Guo               : DLPNO-NEVPT2, CIM, IAO-localization
   Andreas Hansen         : Spin unrestricted coupled pair/coupled cluster methods
   Lee Huntington         : MR-EOM, pCC
   Robert Izsak           : Overlap fitted RIJCOSX, COSX-SCS-MP3, EOM
   Christian Kollmar      : KDIIS, OOCD, Brueckner-CCSD(T), CCSD density
   Simone Kossmann        : Meta GGA functionals, TD-DFT gradient, OOMP2, MP2 Hessian
   Martin Krupicka        : AUTO-CI
   Dagmar Lenk            : GEPOL surface
   Dimitrios Liakos       : Extrapolation schemes; parallel MDCI
   Dimitrios Manganas     : ROCIS; embedding schemes
   Dimitrios Pantazis     : SARC Basis sets
   Taras Petrenko         : DFT Hessian,TD-DFT gradient, ASA, ECA, R-Raman, ABS, FL, XAS/XES, NRVS
   Peter Pinski           : DLPNO-MP2
   Christoph Reimann      : Effective Core Potentials
   Marius Retegan         : Local ZFS, SOC
   Christoph Riplinger    : Optimizer, TS searches, QM/MM, DLPNO-CCSD(T), (RO)-DLPNO pert. Triples
   Tobias Risthaus        : Range-separated hybrids, TD-DFT gradient, RPA, STAB
   Michael Roemelt        : Restricted open shell CIS
   Masaaki Saitow         : Open-shell DLPNO
   Barbara Sandhoefer     : DKH picture change effects
   Kantharuban Sivalingam : CASSCF convergence, NEVPT2, FIC-MRCI
   Georgi Stoychev        : AutoAux
   Boris Wezisla          : Elementary symmetry handling
   Frank Wennmohs         : Technical directorship


 We gratefully acknowledge several colleagues who have allowed us to
 interface, adapt or use parts of their codes:
   Stefan Grimme, W. Hujo, H. Kruse,             : VdW corrections, initial TS optimization,
                  C. Bannwarth                     DFT functionals, gCP, sTDA/sTD-DF
   Ed Valeev                                     : LibInt (2-el integral package), F12 methods
   Garnet Chan, S. Sharma, J. Yang, R. Olivares  : DMRG
   Ulf Ekstrom                                   : XCFun DFT Library
   Mihaly Kallay                                 : mrcc  (arbitrary order and MRCC methods)
   Andreas Klamt, Michael Diedenhofen            : otool_cosmo (COSMO solvation model)
   Jiri Pittner, Ondrej Demel                    : Mk-CCSD
   Frank Weinhold                                : gennbo (NPA and NBO analysis)
   Christopher J. Cramer and Donald G. Truhlar   : smd solvation model


 Your calculation uses the libint2 library for the computation of 2-el integrals
 For citations please refer to: http://libint.valeyev.net

 This ORCA versions uses:
   CBLAS   interface :  Fast vector & matrix operations
   LAPACKE interface :  Fast linear algebra routines
   SCALAPACK package :  Parallel linear algebra routines


leaving
Your calculation utilizes the basis: def2-SVP
   F. Weigend and R. Ahlrichs, Phys. Chem. Chem. Phys. 7, 3297 (2005).

================================================================================
                                        WARNINGS
                       Please study these warnings very carefully!
================================================================================

Warning: TCutStore was < 0. Adjusted to Thresh (uncritical)

WARNING: Direct SCF is incompatible with Method<>HF and Method<>DFT
  ===> : conventional SCF is chosen

WARNING: The NDO methods need Guess=HUECKEL or Guess=HCORE or Guess=MOREAD
  ===> : Guess is set to Hueckel

WARNING: The NDO methods need %rel::SOCType==1
  ===> : %rel::SOCType is set to 1

WARNING: The NDO methods cannot have frozencore=1
  ===> : %method FrozenCore=0 end

INFO   : the flag for use of LIBINT has been found!

================================================================================
                                       INPUT FILE
================================================================================
NAME = /home/mattyjones/Software/morphct/tests/output_EZ/donor_polymer/chromophores/input_orca/single/00014.inp
|  1> # ================================================================
|  2> # Orca input file made by Matty Jones
|  3> # ================================================================
|  4> ! ZINDO/S 
|  5> ! NOPOP
|  6> ! NOMOPRINT
|  7> * xyz 0   1
|  8>  C  1.69723  4.11317  -2.93163
|  9>  C  0.91641  3.18413  -2.24234
| 10>  C  1.67024  2.24797  -1.46800
| 11>  C  3.05328  2.43874  -1.54625
| 12>  S  3.26764  3.73740  -2.55518
| 13>  H  -0.22537  3.18194  -2.25597
| 14>  C  1.04920  1.02846  -0.58167
| 15>  C  -0.20788  1.08803  0.59171
| 16>  C  -0.54486  -0.41113  1.37906
| 17>  H  -0.62014  -0.14057  2.50409
| 18>  H  0.41534  -1.04318  1.22248
| 19>  H  -1.16973  1.41910  0.05964
| 20>  H  0.08675  1.84868  1.39740
| 21>  H  1.93378  0.53827  0.00956
| 22>  H  0.65119  0.22361  -1.33556
| 23>  C  -1.81330  -1.38531  1.03293
| 24>  C  -1.86778  -2.87818  1.85640
| 25>  C  -1.25876  -4.18486  0.98201
| 26>  H  -0.13575  -4.01608  0.76651
| 27>  H  -1.83963  -4.27119  -0.01627
| 28>  H  -1.39889  -5.15697  1.59399
| 29>  H  -1.24489  -2.77697  2.82065
| 30>  H  -2.96361  -3.10338  2.12775
| 31>  H  -1.82482  -1.61703  -0.09763
| 32>  H  -2.79042  -0.83090  1.31109
| 33>  H  1.35784  4.89428  -3.56272
| 34>  H  3.80690  1.87198  -1.06206
| 35> *
| 36> 
| 37>                          ****END OF INPUT****
================================================================================

                       ****************************
                       * Single Point Calculation *
                       ****************************

---------------------------------
CARTESIAN COORDINATES (ANGSTROEM)
---------------------------------
  C      1.697230    4.113170   -2.931630
  C      0.916410    3.184130   -2.242340
  C      1.670240    2.247970   -1.468000
  C      3.053280    2.438740   -1.546250
  S      3.267640    3.737400   -2.555180
  H     -0.225370    3.181940   -2.255970
  C      1.049200    1.028460   -0.581670
  C     -0.207880    1.088030    0.591710
  C     -0.544860   -0.411130    1.379060
  H     -0.620140   -0.140570    2.504090
  H      0.415340   -1.043180    1.222480
  H     -1.169730    1.419100    0.059640
  H      0.086750    1.848680    1.397400
  H      1.933780    0.538270    0.009560
  H      0.651190    0.223610   -1.335560
  C     -1.813300   -1.385310    1.032930
  C     -1.867780   -2.878180    1.856400
  C     -1.258760   -4.184860    0.982010
  H     -0.135750   -4.016080    0.766510
  H     -1.839630   -4.271190   -0.016270
  H     -1.398890   -5.156970    1.593990
  H     -1.244890   -2.776970    2.820650
  H     -2.963610   -3.103380    2.127750
  H     -1.824820   -1.617030   -0.097630
  H     -2.790420   -0.830900    1.311090
  H      1.357840    4.894280   -3.562720
  H      3.806900    1.871980   -1.062060

----------------------------
CARTESIAN COORDINATES (A.U.)
----------------------------
  NO LB      ZA    FRAG     MASS         X           Y           Z
   0 C     4.0000    0    12.011    3.207300    7.772765   -5.539978
   1 C     4.0000    0    12.011    1.731764    6.017134   -4.237408
   2 C     4.0000    0    12.011    3.156296    4.248048   -2.774118
   3 C     4.0000    0    12.011    5.769863    4.608551   -2.921989
   4 S     6.0000    0    32.060    6.174945    7.062662   -4.828590
   5 H     1.0000    0     1.008   -0.425888    6.012995   -4.263165
   6 C     4.0000    0    12.011    1.982701    1.943508   -1.099197
   7 C     4.0000    0    12.011   -0.392836    2.056079    1.118170
   8 C     4.0000    0    12.011   -1.029636   -0.776923    2.606046
   9 H     1.0000    0     1.008   -1.171895   -0.265639    4.732044
  10 H     1.0000    0     1.008    0.784879   -1.971325    2.310152
  11 H     1.0000    0     1.008   -2.210469    2.681710    0.112703
  12 H     1.0000    0     1.008    0.163934    3.493499    2.640703
  13 H     1.0000    0     1.008    3.654315    1.017183    0.018066
  14 H     1.0000    0     1.008    1.230571    0.422562   -2.523843
  15 C     4.0000    0    12.011   -3.426640   -2.617857    1.951955
  16 C     4.0000    0    12.011   -3.529593   -5.438972    3.508088
  17 C     4.0000    0    12.011   -2.378712   -7.908239    1.855730
  18 H     1.0000    0     1.008   -0.256530   -7.589291    1.448494
  19 H     1.0000    0     1.008   -3.476397   -8.071379   -0.030746
  20 H     1.0000    0     1.008   -2.643519   -9.745261    3.012205
  21 H     1.0000    0     1.008   -2.352501   -5.247713    5.330256
  22 H     1.0000    0     1.008   -5.600411   -5.864538    4.020865
  23 H     1.0000    0     1.008   -3.448410   -3.055744   -0.184494
  24 H     1.0000    0     1.008   -5.273130   -1.570173    2.477601
  25 H     1.0000    0     1.008    2.565946    9.248849   -6.732565
  26 H     1.0000    0     1.008    7.193998    3.537530   -2.007003

--------------------------------
INTERNAL COORDINATES (ANGSTROEM)
--------------------------------
 C      0   0   0     0.000000000000     0.00000000     0.00000000
 C      1   0   0     1.395677576699     0.00000000     0.00000000
 C      2   1   0     1.429775384492   114.10137480     0.00000000
 C      3   2   1     1.398326105385   113.69319678     0.00000000
 S      1   2   3     1.658042600026   105.47956228     0.00000000
 H      2   1   3     1.141863451294   123.69669559   177.92546392
 C      3   2   1     1.630483422363   125.68344003   181.33893996
 C      7   3   2     1.720645034776   128.54172074   309.25235288
 C      8   7   3     1.726544597889   115.05672047   182.64324923
 H      9   8   7     1.159552626188   104.62661136   134.11941022
 H      9   8   7     1.160167461576   104.47521984    20.53034834
 H      8   7   3     1.147981381513   107.82113314    62.90015730
 H      8   7   3     1.146530259304   108.32703095   303.33495275
 H      7   3   2     1.171461021716   107.44007618   186.03965896
 H      7   3   2     1.172410173403   107.05050040    71.31469252
 C      9   8   7     1.636390137742   124.87233792   257.62243343
 C     16   9   8     1.705793583116   116.33748772   175.15268195
 C     17  16   9     1.686082991700   114.60483928   262.50040414
 H     18  17  16     1.155888575296   109.53932988    63.06923445
 H     18  17  16     1.158199371525   108.88070509   303.08193837
 H     18  17  16     1.157218125247   109.45243841   183.51512455
 H     17  16   9     1.152394671413   108.04760630    22.76921188
 H     17  16   9     1.151168645942   108.38516593   141.39006084
 H     16   9   8     1.154119916820   109.54009658    53.33737365
 H     16   9   8     1.157370696061   108.56690918   294.58849552
 H      1   2   3     1.059996694476   127.25991595   180.00040300
 H      4   3   2     1.059999980236   127.20609651   179.99943553

---------------------------
INTERNAL COORDINATES (A.U.)
---------------------------
 C      0   0   0     0.000000000000     0.00000000     0.00000000
 C      1   0   0     2.637448391216     0.00000000     0.00000000
 C      2   1   0     2.701883909712   114.10137480     0.00000000
 C      3   2   1     2.642453385090   113.69319678     0.00000000
 S      1   2   3     3.133246432423   105.47956228     0.00000000
 H      2   1   3     2.157809205279   123.69669559   177.92546392
 C      3   2   1     3.081167134164   125.68344003   181.33893996
 C      7   3   2     3.251547889418   128.54172074   309.25235288
 C      8   7   3     3.262696448012   115.05672047   182.64324923
 H      9   8   7     2.191236901365   104.62661136   134.11941022
 H      9   8   7     2.192398771865   104.47521984    20.53034834
 H      8   7   3     2.169370417900   107.82113314    62.90015730
 H      8   7   3     2.166628194339   108.32703095   303.33495275
 H      7   3   2     2.213740507607   107.44007618   186.03965896
 H      7   3   2     2.215534144356   107.05050040    71.31469252
 C      9   8   7     3.092329208582   124.87233792   257.62243343
 C     16   9   8     3.223482713090   116.33748772   175.15268195
 C     17  16   9     3.186235093376   114.60483928   262.50040414
 H     18  17  16     2.184312848638   109.53932988    63.06923445
 H     18  17  16     2.188679620661   108.88070509   303.08193837
 H     18  17  16     2.186825333926   109.45243841   183.51512455
 H     17  16   9     2.177710327160   108.04760630    22.76921188
 H     17  16   9     2.175393474787   108.38516593   141.39006084
 H     16   9   8     2.180970568493   109.54009658    53.33737365
 H     16   9   8     2.187113650981   108.56690918   294.58849552
 H      1   2   3     2.003103455421   127.25991595   180.00040300
 H      4   3   2     2.003109664608   127.20609651   179.99943553

----------------------------
SLATER BASIS SET DIM=  60
----------------------------
  0 C     2 shells
 l=0 nsto= 1
    2       1.625000000000        1.000000000000
 l=1 nsto= 1
    2       1.625000000000        1.000000000000
  1 C     2 shells
 l=0 nsto= 1
    2       1.625000000000        1.000000000000
 l=1 nsto= 1
    2       1.625000000000        1.000000000000
  2 C     2 shells
 l=0 nsto= 1
    2       1.625000000000        1.000000000000
 l=1 nsto= 1
    2       1.625000000000        1.000000000000
  3 C     2 shells
 l=0 nsto= 1
    2       1.625000000000        1.000000000000
 l=1 nsto= 1
    2       1.625000000000        1.000000000000
  4 S     2 shells
 l=0 nsto= 1
    3       1.925000000000        1.000000000000
 l=1 nsto= 1
    3       1.925000000000        1.000000000000
  5 H     1 shells
 l=0 nsto= 1
    1       1.200000000000        1.000000000000
  6 C     2 shells
 l=0 nsto= 1
    2       1.625000000000        1.000000000000
 l=1 nsto= 1
    2       1.625000000000        1.000000000000
  7 C     2 shells
 l=0 nsto= 1
    2       1.625000000000        1.000000000000
 l=1 nsto= 1
    2       1.625000000000        1.000000000000
  8 C     2 shells
 l=0 nsto= 1
    2       1.625000000000        1.000000000000
 l=1 nsto= 1
    2       1.625000000000        1.000000000000
  9 H     1 shells
 l=0 nsto= 1
    1       1.200000000000        1.000000000000
 10 H     1 shells
 l=0 nsto= 1
    1       1.200000000000        1.000000000000
 11 H     1 shells
 l=0 nsto= 1
    1       1.200000000000        1.000000000000
 12 H     1 shells
 l=0 nsto= 1
    1       1.200000000000        1.000000000000
 13 H     1 shells
 l=0 nsto= 1
    1       1.200000000000        1.000000000000
 14 H     1 shells
 l=0 nsto= 1
    1       1.200000000000        1.000000000000
 15 C     2 shells
 l=0 nsto= 1
    2       1.625000000000        1.000000000000
 l=1 nsto= 1
    2       1.625000000000        1.000000000000
 16 C     2 shells
 l=0 nsto= 1
    2       1.625000000000        1.000000000000
 l=1 nsto= 1
    2       1.625000000000        1.000000000000
 17 C     2 shells
 l=0 nsto= 1
    2       1.625000000000        1.000000000000
 l=1 nsto= 1
    2       1.625000000000        1.000000000000
 18 H     1 shells
 l=0 nsto= 1
    1       1.200000000000        1.000000000000
 19 H     1 shells
 l=0 nsto= 1
    1       1.200000000000        1.000000000000
 20 H     1 shells
 l=0 nsto= 1
    1       1.200000000000        1.000000000000
 21 H     1 shells
 l=0 nsto= 1
    1       1.200000000000        1.000000000000
 22 H     1 shells
 l=0 nsto= 1
    1       1.200000000000        1.000000000000
 23 H     1 shells
 l=0 nsto= 1
    1       1.200000000000        1.000000000000
 24 H     1 shells
 l=0 nsto= 1
    1       1.200000000000        1.000000000000
 25 H     1 shells
 l=0 nsto= 1
    1       1.200000000000        1.000000000000
 26 H     1 shells
 l=0 nsto= 1
    1       1.200000000000        1.000000000000
------------------------------------------------------------------------------
                           ORCA NDO INTEGRAL CALCULATION
------------------------------------------------------------------------------

--------------
NDO PARAMETERS
--------------

Gamma integral treatment              ... Mataga-Nishimoto
Nuclear repulsuion treatment          ... Direct (ZA*ZB/RAB)
Interaction factors:
s-s (sigma) =    1.0000
s-p (sigma) =    1.0000
s-d (sigma) =    1.0000
p-p (sigma) =    1.2670  p-p(pi) =    0.5850
p-d (sigma) =    1.0000  p-d(pi) =    1.0000
d-d (sigma) =    1.0000  d-d(pi) =    1.0000 d-d (delta) =    1.0000

fGamma parameter for Mataga-Nishimoto gamma integrals:    1.2000

--------------------------
Parameters for Element H :
--------------------------
 One-electron parameters (in eV)
  U(s)  =   -13.060000 Beta(s) =    12.000000 Neff(s) =     1.000000
 One-center electron repulsion parameters (in eV)
  G(s,s)=    12.850000
--------------------------
Parameters for Element C :
--------------------------
 One-electron parameters (in eV)
  U(s)  =   -50.870766 Beta(s) =    17.000000 Neff(s) =     2.000000
  U(p)  =   -41.599980 Beta(p) =    17.000000 Neff(p) =     2.000000 
 One-center electron repulsion parameters (in eV)
  G(s,s)=    11.110000
  G(s,p)=    11.110000 G(p,p)  =    11.110000
 Slater-Condon parameters (in eV)
 F2(p,p)=     4.5098 G1(s,p)=    6.8977
--------------------------
Parameters for Element S :
--------------------------
 One-electron parameters (in eV)
  U(s)  =   -69.509597 Beta(s) =    15.000000 Neff(s) =     2.000000
  U(p)  =   -60.725746 Beta(p) =    15.000000 Neff(p) =     4.000000 
 One-center electron repulsion parameters (in eV)
  G(s,s)=    10.090000
  G(s,p)=    10.090000 G(p,p)  =    10.090000
 Slater-Condon parameters (in eV)
 F2(p,p)=     4.5377 G1(s,p)=    3.0756

 Number of atoms                    ....   27
 Number of basis functions          ....   60

 Overlap integrals                  .... done
 One electron matrix                .... done
 Nuclear repulsion                  .... done
 Integral list                      .... done
 Electron-electron repulsion        .... done
-------------------------------------------------------------------------------
                                 ORCA SCF
-------------------------------------------------------------------------------

------------
SCF SETTINGS
------------
Hamiltonian:
 ZDO-Hamiltonian        Method          .... INDO


General Settings:
 Integral files         IntName         .... /home/mattyjones/Software/morphct/tests/output_EZ/donor_polymer/chromophores/input_orca/single/00014
 Hartree-Fock type      HFTyp           .... RHF
 Total Charge           Charge          ....    0
 Multiplicity           Mult            ....    1
 Number of Electrons    NEL             ....   62
 Basis Dimension        Dim             ....   60
 Nuclear Repulsion      ENuc            ....    286.4785708358 Eh

Convergence Acceleration:
 DIIS                   CNVDIIS         .... on
   Start iteration      DIISMaxIt       ....    12
   Startup error        DIISStart       ....  0.200000
   # of expansion vecs  DIISMaxEq       ....     5
   Bias factor          DIISBfac        ....   1.050
   Max. coefficient     DIISMaxC        ....  10.000
 Newton-Raphson         CNVNR           .... off
 SOSCF                  CNVSOSCF        .... on
   Start iteration      SOSCFMaxIt      ....   150
   Startup grad/error   SOSCFStart      ....  0.003300
 Level Shifting         CNVShift        .... on
   Level shift para.    LevelShift      ....    0.2500
   Turn off err/grad.   ShiftErr        ....    0.0010
 Zerner damping         CNVZerner       .... off
 Static damping         CNVDamp         .... on
   Fraction old density DampFac         ....    0.7000
   Max. Damping (<1)    DampMax         ....    0.9800
   Min. Damping (>=0)   DampMin         ....    0.0000
   Turn off err/grad.   DampErr         ....    0.1000
 Fernandez-Rico         CNVRico         .... off

SCF Procedure:
 Maximum # iterations   MaxIter         ....   125
 SCF integral mode      SCFMode         .... Conventional
 Integral Buffer length BufferLength    .... 1048576
 Integral index format  IndFormat       ....     0
 Integral value format  ValFormat       ....     0
 Integral Storage       Thresh          ....  1.000e-08 Eh

Convergence Tolerance:
 Convergence Check Mode ConvCheckMode   .... Total+1el-Energy
 Convergence forced     ConvForced      .... 0
 Energy Change          TolE            ....  1.000e-06 Eh
 1-El. energy change                    ....  1.000e-03 Eh
 Orbital Gradient       TolG            ....  5.000e-05
 Orbital Rotation angle TolX            ....  5.000e-05
 DIIS Error             TolErr          ....  1.000e-06


Diagonalization of the overlap matrix:
Smallest eigenvalue                        ... 1.698e-01
Time for diagonalization                   ...    0.001 sec
Threshold for overlap eigenvalues          ... 1.000e-08
Number of eigenvalues below threshold      ... 0
Time for construction of square roots      ...    0.000 sec
Total time needed                          ...    0.001 sec

-------------------------------
INITIAL GUESS: EXTENDED HUECKEL
-------------------------------
EHT matrix was read from disk
EHT matrix was diagonalized
Initial density was built
                      ------------------
                      INITIAL GUESS DONE
                      ------------------

 InCore treatment chosen:
   Memory dedicated               ...    1024 MB
   Memory needed                  ...      0 MB
   Number of tiny    integrals    ...       0
   Number of small   integrals    ...       0
   Number of regular integrals    ...    1896

--------------
SCF ITERATIONS
--------------
ITER       Energy         Delta-E        Max-DP      RMS-DP      [F,P]     Damp
  0     -8.9093003333   0.000000000000 0.04111670  0.00203488  0.1088718 0.7000
  1     -8.9301172964  -0.020816963180 0.03881053  0.00191580  0.0744818 0.7000
                               ***Turning on DIIS***
  2     -8.9455237247  -0.015406428272 0.09838253  0.00491473  0.0470582 0.0000
  3     -8.9861970011  -0.040673276363 0.01822192  0.00101744  0.0206556 0.0000
  4     -8.9781908116   0.008006189441 0.01093736  0.00069545  0.0067468 0.0000
  5     -8.9867099325  -0.008519120856 0.00746138  0.00047160  0.0038921 0.0000
  6     -8.9879126331  -0.001202700624 0.00545424  0.00033492  0.0020315 0.0000
                      *** Initiating the SOSCF procedure ***
                           *** Shutting down DIIS ***
                      *** Re-Reading the Fockian *** 
                      *** Removing any level shift *** 
ITER      Energy       Delta-E        Grad      Rot      Max-DP    RMS-DP
  7     -8.98593474   0.0019778899  0.003000  0.003000  0.003238  0.000188
  8     -8.98505290   0.0008818385  0.000795  0.002177  0.001601  0.000086
  9     -8.98506001  -0.0000071087  0.000352  0.002132  0.001789  0.000091
 10     -8.98506261  -0.0000025953  0.000025  0.000054  0.000106  0.000005
                 **** Energy Check signals convergence ****
              ***Rediagonalizing the Fockian in SOSCF/NRSCF***

               *****************************************************
               *                     SUCCESS                       *
               *           SCF CONVERGED AFTER  11 CYCLES          *
               *****************************************************


----------------
TOTAL SCF ENERGY
----------------

Total Energy       :           -8.98506263 Eh            -244.49598 eV

Components:
Nuclear Repulsion  :          286.47857084 Eh            7795.47823 eV
Electronic Energy  :         -295.46363347 Eh           -8039.97421 eV
One Electron Energy:         -545.78097893 Eh          -14851.45547 eV
Two Electron Energy:          250.31734547 Eh            6811.48126 eV


---------------
SCF CONVERGENCE
---------------

  Last Energy change         ...   -2.1630e-08  Tolerance :   1.0000e-06
  Last MAX-Density change    ...    3.1652e-05  Tolerance :   1.0000e-05
  Last RMS-Density change    ...    1.6394e-06  Tolerance :   1.0000e-06
  Last Orbital Gradient      ...    6.9363e-06  Tolerance :   5.0000e-05
  Last Orbital Rotation      ...    1.6998e-05  Tolerance :   5.0000e-05

             **** THE GBW FILE WAS UPDATED (/home/mattyjones/Software/morphct/tests/output_EZ/donor_polymer/chromophores/input_orca/single/00014.gbw) ****
             **** DENSITY FILE WAS UPDATED (/home/mattyjones/Software/morphct/tests/output_EZ/donor_polymer/chromophores/input_orca/single/00014.scfp.tmp) ****
             **** ENERGY FILE WAS UPDATED (/home/mattyjones/Software/morphct/tests/output_EZ/donor_polymer/chromophores/input_orca/single/00014.en.tmp) ****
----------------
ORBITAL ENERGIES
----------------

  NO   OCC          E(Eh)            E(eV) 
   0   2.0000      -1.554364       -42.2964 
   1   2.0000      -1.385972       -37.7142 
   2   2.0000      -1.286892       -35.0181 
   3   2.0000      -1.177763       -32.0486 
   4   2.0000      -1.110247       -30.2114 
   5   2.0000      -1.042413       -28.3655 
   6   2.0000      -0.951446       -25.8902 
   7   2.0000      -0.905078       -24.6284 
   8   2.0000      -0.863961       -23.5096 
   9   2.0000      -0.832542       -22.6546 
  10   2.0000      -0.776648       -21.1337 
  11   2.0000      -0.724505       -19.7148 
  12   2.0000      -0.680352       -18.5133 
  13   2.0000      -0.670523       -18.2459 
  14   2.0000      -0.659945       -17.9580 
  15   2.0000      -0.609134       -16.5754 
  16   2.0000      -0.588279       -16.0079 
  17   2.0000      -0.577722       -15.7206 
  18   2.0000      -0.572472       -15.5778 
  19   2.0000      -0.549107       -14.9420 
  20   2.0000      -0.532410       -14.4876 
  21   2.0000      -0.515581       -14.0297 
  22   2.0000      -0.509604       -13.8670 
  23   2.0000      -0.498312       -13.5597 
  24   2.0000      -0.484223       -13.1764 
  25   2.0000      -0.481157       -13.0929 
  26   2.0000      -0.469856       -12.7854 
  27   2.0000      -0.458750       -12.4832 
  28   2.0000      -0.440647       -11.9906 
  29   2.0000      -0.357873        -9.7382 
  30   2.0000      -0.305364        -8.3094 
  31   0.0000       0.007101         0.1932 
  32   0.0000       0.059930         1.6308 
  33   0.0000       0.074238         2.0201 
  34   0.0000       0.084570         2.3013 
  35   0.0000       0.103820         2.8251 
  36   0.0000       0.107606         2.9281 
  37   0.0000       0.123064         3.3487 
  38   0.0000       0.142996         3.8911 
  39   0.0000       0.154818         4.2128 
  40   0.0000       0.165602         4.5063 
  41   0.0000       0.171897         4.6776 
  42   0.0000       0.203930         5.5492 
  43   0.0000       0.233470         6.3530 
  44   0.0000       0.235792         6.4162 
  45   0.0000       0.238622         6.4932 
  46   0.0000       0.239432         6.5153 
  47   0.0000       0.241244         6.5646 
  48   0.0000       0.242574         6.6008 
  49   0.0000       0.244106         6.6425 
  50   0.0000       0.247758         6.7418 
  51   0.0000       0.258021         7.0211 
  52   0.0000       0.264899         7.2083 
  53   0.0000       0.270064         7.3488 
  54   0.0000       0.298324         8.1178 
  55   0.0000       0.309635         8.4256 
  56   0.0000       0.342481         9.3194 
  57   0.0000       0.355881         9.6840 
  58   0.0000       0.408437        11.1141 
  59   0.0000       0.432084        11.7576 
-------
TIMINGS
-------

Total SCF time: 0 days 0 hours 0 min 0 sec 

Total time                  ....       0.080 sec
Sum of individual times     ....       0.068 sec  ( 85.6%)

Fock matrix formation       ....       0.041 sec  ( 51.9%)
Diagonalization             ....       0.007 sec  (  8.2%)
Density matrix formation    ....       0.000 sec  (  0.6%)
Population analysis         ....       0.000 sec  (  0.0%)
Initial guess               ....       0.001 sec  (  1.3%)
Orbital Transformation      ....       0.000 sec  (  0.0%)
Orbital Orthonormalization  ....       0.000 sec  (  0.0%)
DIIS solution               ....       0.002 sec  (  2.2%)
SOSCF solution              ....       0.017 sec  ( 21.3%)

-------------------------   --------------------
FINAL SINGLE POINT ENERGY        -8.985062630242
-------------------------   --------------------


                            ***************************************
                            *     ORCA property calculations      *
                            ***************************************

                                    ---------------------
                                    Active property flags
                                    ---------------------
   (+) Dipole Moment


------------------------------------------------------------------------------
                       ORCA ELECTRIC PROPERTIES CALCULATION
------------------------------------------------------------------------------

Dipole Moment Calculation                       ... on
Quadrupole Moment Calculation                   ... off
Polarizability Calculation                      ... off
GBWName                                         ... /home/mattyjones/Software/morphct/tests/output_EZ/donor_polymer/chromophores/input_orca/single/00014.gbw
Electron density file                           ... /home/mattyjones/Software/morphct/tests/output_EZ/donor_polymer/chromophores/input_orca/single/00014.scfp.tmp
The origin for moment calculation is the CENTER OF MASS  = ( 1.472122,  1.950615 -1.252622)

-------------
DIPOLE MOMENT
-------------
                                X             Y             Z
Electronic contribution:     84.28702     103.18403     -68.25868
Nuclear contribution   :    -45.12537     -55.91250      36.92147
                        -----------------------------------------
Total Dipole Moment    :     39.16165      47.27153     -31.33721
                        -----------------------------------------
Magnitude (a.u.)       :     68.92208
Magnitude (Debye)      :    175.18599


Timings for individual modules:

Sum of individual times         ...        0.117 sec (=   0.002 min)
STO integral calculation        ...        0.026 sec (=   0.000 min)  21.8 %
SCF iterations                  ...        0.092 sec (=   0.002 min)  78.2 %
                             ****ORCA TERMINATED NORMALLY****
TOTAL RUN TIME: 0 days 0 hours 0 minutes 0 seconds 346 msec

