
                                 *****************
                                 * O   R   C   A *
                                 *****************

           --- An Ab Initio, DFT and Semiempirical electronic structure package ---

                  #######################################################
                  #                        -***-                        #
                  #  Department of molecular theory and spectroscopy    #
                  #              Directorship: Frank Neese              #
                  # Max Planck Institute for Chemical Energy Conversion #
                  #                  D-45470 Muelheim/Ruhr              #
                  #                       Germany                       #
                  #                                                     #
                  #                  All rights reserved                #
                  #                        -***-                        #
                  #######################################################


                         Program Version 3.0.3 - RELEASE   -


 With contributions from (in alphabetic order):
   Ute Becker             : Parallelization
   Dmytro Bykov           : SCF Hessian
   Dmitry Ganyushin       : Spin-Orbit,Spin-Spin,Magnetic field MRCI
   Andreas Hansen         : Spin unrestricted coupled pair/coupled cluster methods
   Dimitrios Liakos       : Extrapolation schemes; parallel MDCI
   Robert Izsak           : Overlap fitted RIJCOSX, COSX-SCS-MP3
   Christian Kollmar      : KDIIS, OOCD, Brueckner-CCSD(T), CCSD density
   Simone Kossmann        : Meta GGA functionals, TD-DFT gradient, OOMP2, MP2 Hessian
   Taras Petrenko         : DFT Hessian,TD-DFT gradient, ASA and ECA modules, normal mode analysis, Resonance Raman, ABS, FL, XAS/XES, NRVS
   Christoph Reimann      : Effective Core Potentials
   Michael Roemelt        : Restricted open shell CIS
   Christoph Riplinger    : Improved optimizer, TS searches, QM/MM, DLPNO-CCSD
   Barbara Sandhoefer     : DKH picture change effects
   Igor Schapiro          : Molecular dynamics
   Kantharuban Sivalingam : CASSCF convergence, NEVPT2
   Boris Wezisla          : Elementary symmetry handling
   Frank Wennmohs         : Technical directorship


 We gratefully acknowledge several colleagues who have allowed us to
 interface, adapt or use parts of their codes:
   Stefan Grimme, W. Hujo, H. Kruse, T. Risthaus : VdW corrections, initial TS optimization,
                                                   DFT functionals, gCP
   Ed Valeev                                     : LibInt (2-el integral package), F12 methods
   Garnet Chan, S. Sharma, R. Olivares           : DMRG
   Ulf Ekstrom                                   : XCFun DFT Library
   Mihaly Kallay                                 : mrcc  (arbitrary order and MRCC methods)
   Andreas Klamt, Michael Diedenhofen            : otool_cosmo (COSMO solvation model)
   Frank Weinhold                                : gennbo (NPA and NBO analysis)
   Christopher J. Cramer and Donald G. Truhlar   : smd solvation model


 Your calculation uses the libint2 library for the computation of 2-el integrals
 For citations please refer to: http://libint.valeyev.net

 This ORCA versions uses:
   CBLAS   interface :  Fast vector & matrix operations
   LAPACKE interface :  Fast linear algebra routines
   SCALAPACK package :  Parallel linear algebra routines


leaving
================================================================================
                                        WARNINGS
                       Please study these warnings very carefully!
================================================================================
Now building the actual basis set

WARNING: Direct SCF is incompatible with Method<>HF and Method<>DFT
  ===> : conventional SCF is chosen

WARNING: The NDO methods need Guess=HUECKEL or Guess=HCORE or Guess=MOREAD
  ===> : Guess is set to Hueckel

WARNING: The NDO methods need %rel::SOCType==1
  ===> : %rel::SOCType is set to 1

WARNING: The NDO methods cannot have frozencore=1
  ===> : %method FrozenCore=0 end


INFO   : the flag for use of LIBINT has been found!

================================================================================
                                       INPUT FILE
================================================================================
NAME = /Users/mattyjones/GoogleDrive/Boise/Code/MorphCT/tests/output_EZ/donor_polymer/chromophores/input_orca/single/00017.inp
|  1> # ================================================================
|  2> # Orca input file made by Matty Jones
|  3> # ================================================================
|  4> ! ZINDO/S 
|  5> ! NOPOP
|  6> ! NOMOPRINT
|  7> * xyz 0   1
|  8>  C  4.90332  -0.24989  0.55085
|  9>  C  3.84998  -0.69127  -0.25137
| 10>  C  2.68889  0.14154  -0.20081
| 11>  C  2.82609  1.24611  0.64561
| 12>  S  4.35525  1.13575  1.27799
| 13>  H  4.00131  -0.95319  -1.40818
| 14>  C  1.47468  -0.36747  -1.14155
| 15>  C  -0.15027  -0.51077  -0.72633
| 16>  C  -1.16753  0.79803  -0.97498
| 17>  H  -0.85902  1.65010  -0.26406
| 18>  H  -1.03121  1.15158  -2.06824
| 19>  H  -0.57623  -1.40335  -1.32498
| 20>  H  -0.18433  -0.76719  0.39975
| 21>  H  1.74655  -1.44140  -1.53373
| 22>  H  1.46281  0.32457  -2.08939
| 23>  C  -2.72534  0.38646  -0.72657
| 24>  C  -3.23631  0.49159  0.87681
| 25>  C  -3.04225  -0.93426  1.74949
| 26>  H  -3.42481  -1.82711  1.12060
| 27>  H  -3.65309  -0.86227  2.73061
| 28>  H  -1.92321  -1.08485  2.00000
| 29>  H  -2.63276  1.32170  1.40063
| 30>  H  -4.35472  0.76817  0.87962
| 31>  H  -3.40325  1.08625  -1.35223
| 32>  H  -2.90184  -0.70100  -1.08161
| 33>  H  5.85337  -0.70462  0.67012
| 34>  H  2.10392  1.99680  0.84194
| 35> *
| 36> 
| 37>                          ****END OF INPUT****
================================================================================

                       ****************************
                       * Single Point Calculation *
                       ****************************

---------------------------------
CARTESIAN COORDINATES (ANGSTROEM)
---------------------------------
  C      4.903320   -0.249890    0.550850
  C      3.849980   -0.691270   -0.251370
  C      2.688890    0.141540   -0.200810
  C      2.826090    1.246110    0.645610
  S      4.355250    1.135750    1.277990
  H      4.001310   -0.953190   -1.408180
  C      1.474680   -0.367470   -1.141550
  C     -0.150270   -0.510770   -0.726330
  C     -1.167530    0.798030   -0.974980
  H     -0.859020    1.650100   -0.264060
  H     -1.031210    1.151580   -2.068240
  H     -0.576230   -1.403350   -1.324980
  H     -0.184330   -0.767190    0.399750
  H      1.746550   -1.441400   -1.533730
  H      1.462810    0.324570   -2.089390
  C     -2.725340    0.386460   -0.726570
  C     -3.236310    0.491590    0.876810
  C     -3.042250   -0.934260    1.749490
  H     -3.424810   -1.827110    1.120600
  H     -3.653090   -0.862270    2.730610
  H     -1.923210   -1.084850    2.000000
  H     -2.632760    1.321700    1.400630
  H     -4.354720    0.768170    0.879620
  H     -3.403250    1.086250   -1.352230
  H     -2.901840   -0.701000   -1.081610
  H      5.853370   -0.704620    0.670120
  H      2.103920    1.996800    0.841940

----------------------------
CARTESIAN COORDINATES (A.U.)
----------------------------
  NO LB      ZA    FRAG    MASS        X           Y           Z
   0 C     4.0000    0    12.011          9.265931946978752         -0.472223663605582          1.040955640870521
   1 C     4.0000    0    12.011          7.275407821074141         -1.306310984595744         -0.475020458283785
   2 C     4.0000    0    12.011          5.081265704239514          0.267471836995214         -0.379475904952727
   3 C     4.0000    0    12.011          5.340536129813510          2.354806632740611          1.220026089320899
   4 S     6.0000    0    32.060          8.230229744760530          2.146256456601062          2.415051101890020
   5 H     1.0000    0     1.008          7.561380076920444         -1.801268053592398         -2.661074547265228
   6 C     4.0000    0    12.011          2.786741335170992         -0.694417662432042         -2.157216868177805
   7 C     4.0000    0    12.011         -0.283969146144346         -0.965215417422958         -1.372564782851023
   8 C     4.0000    0    12.011         -2.206311953137079          1.508058146653176         -1.842445186050542
   9 H     1.0000    0     1.008         -1.623312543561034          3.118237093583457         -0.499001082923246
  10 H     1.0000    0     1.008         -1.948704486560934          2.176170821301035         -3.908407179221289
  11 H     1.0000    0     1.008         -1.088916890149443         -2.651947170038389         -2.503849332922980
  12 H     1.0000    0     1.008         -0.348333218265704         -1.449778992683045          0.755418022035020
  13 H     1.0000    0     1.008          3.300501179200162         -2.723851249434092         -2.898329663379041
  14 H     1.0000    0     1.008          2.764310285961346          0.613348411286821         -3.948374886953724
  15 C     4.0000    0    12.011         -5.150146221820944          0.730303561715207         -1.373018317123164
  16 C     4.0000    0    12.011         -6.115739584470686          0.928970470174348          1.656930771483493
  17 C     4.0000    0    12.011         -5.749019330921928         -1.765495537877269          3.306056974033891
  18 H     1.0000    0     1.008         -6.471952960714842         -3.452737516548858          2.117627105672155
  19 H     1.0000    0     1.008         -6.903339642566386         -1.629454153496278          5.160105078546709
  20 H     1.0000    0     1.008         -3.634340198018691         -2.050069396384470          3.779452267842503
  21 H     1.0000    0     1.008         -4.975195376342515          2.497651031203719          2.646807114954123
  22 H     1.0000    0     1.008         -8.229228189909554          1.451630924294288          1.662240901919811
  23 H     1.0000    0     1.008         -6.431210465267499          2.052715012971960         -2.555344370072334
  24 H     1.0000    0     1.008         -5.483682884458045         -1.324698019878797         -2.043946683710565
  25 H     1.0000    0     1.008         11.061266260510637         -1.331538828483592          1.266343276863309
  26 H     1.0000    0     1.008          3.975832607679600          3.773405144213955          1.591036021193659

--------------------------------
INTERNAL COORDINATES (ANGSTROEM)
--------------------------------
 C      0   0   0   0.000000     0.000     0.000
 C      1   0   0   1.395671     0.000     0.000
 C      2   1   0   1.429776   114.102     0.000
 C      3   2   1   1.398330   113.693     0.000
 S      1   2   3   1.658044   105.480     0.000
 H      2   1   3   1.195706   121.995   128.408
 C      3   2   1   1.618144   113.927   179.532
 C      7   3   2   1.683272   127.427   133.166
 C      8   7   3   1.676187   118.868    90.214
 H      9   8   7   1.151785   108.876   293.129
 H      9   8   7   1.157064   107.893    51.292
 H      8   7   3   1.156081   107.078   212.263
 H      8   7   3   1.155408   106.724   328.659
 H      7   3   2   1.175178   107.932     9.853
 H      7   3   2   1.173653   106.955   256.451
 C      9   8   7   1.630297   111.111   171.327
 C     16   9   8   1.686111   114.754    85.987
 C     17  16   9   1.682937   113.912   269.103
 H     18  17  16   1.157167   109.498   314.130
 H     18  17  16   1.157974   109.017   194.337
 H     18  17  16   1.156583   109.524    74.461
 H     17  16   9   1.152277   108.571    29.873
 H     17  16   9   1.152105   108.148   148.648
 H     16   9   8   1.157894   108.937   206.384
 H     16   9   8   1.157486   109.642   324.650
 H      1   2   3   1.060000   127.261   180.000
 H      4   3   2   1.060005   127.206   180.000

---------------------------
INTERNAL COORDINATES (A.U.)
---------------------------
 C      0   0   0   0.000000     0.000     0.000
 C      1   0   0   2.637437     0.000     0.000
 C      2   1   0   2.701885   114.102     0.000
 C      3   2   1   2.642460   113.693     0.000
 S      1   2   3   3.133250   105.480     0.000
 H      2   1   3   2.259556   121.995   128.408
 C      3   2   1   3.057848   113.927   179.532
 C      7   3   2   3.180923   127.427   133.166
 C      8   7   3   3.167534   118.868    90.214
 H      9   8   7   2.176558   108.876   293.129
 H      9   8   7   2.186535   107.893    51.292
 H      8   7   3   2.184676   107.078   212.263
 H      8   7   3   2.183405   106.724   328.659
 H      7   3   2   2.220765   107.932     9.853
 H      7   3   2   2.217882   106.955   256.451
 C      9   8   7   3.080815   111.111   171.327
 C     16   9   8   3.186288   114.754    85.987
 C     17  16   9   3.180291   113.912   269.103
 H     18  17  16   2.186729   109.498   314.130
 H     18  17  16   2.188254   109.017   194.337
 H     18  17  16   2.185624   109.524    74.461
 H     17  16   9   2.177488   108.571    29.873
 H     17  16   9   2.177162   108.148   148.648
 H     16   9   8   2.188102   108.937   206.384
 H     16   9   8   2.187332   109.642   324.650
 H      1   2   3   2.003109   127.261   180.000
 H      4   3   2   2.003119   127.206   180.000

----------------------------
SLATER BASIS SET DIM=  60
----------------------------
  0 C     2 shells
 l=0 nsto= 1
    2       1.625000000000        1.000000000000
 l=1 nsto= 1
    2       1.625000000000        1.000000000000
  1 C     2 shells
 l=0 nsto= 1
    2       1.625000000000        1.000000000000
 l=1 nsto= 1
    2       1.625000000000        1.000000000000
  2 C     2 shells
 l=0 nsto= 1
    2       1.625000000000        1.000000000000
 l=1 nsto= 1
    2       1.625000000000        1.000000000000
  3 C     2 shells
 l=0 nsto= 1
    2       1.625000000000        1.000000000000
 l=1 nsto= 1
    2       1.625000000000        1.000000000000
  4 S     2 shells
 l=0 nsto= 1
    3       1.925000000000        1.000000000000
 l=1 nsto= 1
    3       1.925000000000        1.000000000000
  5 H     1 shells
 l=0 nsto= 1
    1       1.200000000000        1.000000000000
  6 C     2 shells
 l=0 nsto= 1
    2       1.625000000000        1.000000000000
 l=1 nsto= 1
    2       1.625000000000        1.000000000000
  7 C     2 shells
 l=0 nsto= 1
    2       1.625000000000        1.000000000000
 l=1 nsto= 1
    2       1.625000000000        1.000000000000
  8 C     2 shells
 l=0 nsto= 1
    2       1.625000000000        1.000000000000
 l=1 nsto= 1
    2       1.625000000000        1.000000000000
  9 H     1 shells
 l=0 nsto= 1
    1       1.200000000000        1.000000000000
 10 H     1 shells
 l=0 nsto= 1
    1       1.200000000000        1.000000000000
 11 H     1 shells
 l=0 nsto= 1
    1       1.200000000000        1.000000000000
 12 H     1 shells
 l=0 nsto= 1
    1       1.200000000000        1.000000000000
 13 H     1 shells
 l=0 nsto= 1
    1       1.200000000000        1.000000000000
 14 H     1 shells
 l=0 nsto= 1
    1       1.200000000000        1.000000000000
 15 C     2 shells
 l=0 nsto= 1
    2       1.625000000000        1.000000000000
 l=1 nsto= 1
    2       1.625000000000        1.000000000000
 16 C     2 shells
 l=0 nsto= 1
    2       1.625000000000        1.000000000000
 l=1 nsto= 1
    2       1.625000000000        1.000000000000
 17 C     2 shells
 l=0 nsto= 1
    2       1.625000000000        1.000000000000
 l=1 nsto= 1
    2       1.625000000000        1.000000000000
 18 H     1 shells
 l=0 nsto= 1
    1       1.200000000000        1.000000000000
 19 H     1 shells
 l=0 nsto= 1
    1       1.200000000000        1.000000000000
 20 H     1 shells
 l=0 nsto= 1
    1       1.200000000000        1.000000000000
 21 H     1 shells
 l=0 nsto= 1
    1       1.200000000000        1.000000000000
 22 H     1 shells
 l=0 nsto= 1
    1       1.200000000000        1.000000000000
 23 H     1 shells
 l=0 nsto= 1
    1       1.200000000000        1.000000000000
 24 H     1 shells
 l=0 nsto= 1
    1       1.200000000000        1.000000000000
 25 H     1 shells
 l=0 nsto= 1
    1       1.200000000000        1.000000000000
 26 H     1 shells
 l=0 nsto= 1
    1       1.200000000000        1.000000000000
------------------------------------------------------------------------------
                           ORCA NDO INTEGRAL CALCULATION
------------------------------------------------------------------------------

--------------
NDO PARAMETERS
--------------

Gamma integral treatment              ... Mataga-Nishimoto
Nuclear repulsuion treatment          ... Direct (ZA*ZB/RAB)
Interaction factors:
s-s (sigma) =    1.0000
s-p (sigma) =    1.0000
s-d (sigma) =    1.0000
p-p (sigma) =    1.2670  p-p(pi) =    0.5850
p-d (sigma) =    1.0000  p-d(pi) =    1.0000
d-d (sigma) =    1.0000  d-d(pi) =    1.0000 d-d (delta) =    1.0000

fGamma parameter for Mataga-Nishimoto gamma integrals:    1.2000

--------------------------
Parameters for Element H :
--------------------------
 One-electron parameters (in eV)
  U(s)  =   -13.060000 Beta(s) =    12.000000 Neff(s) =     1.000000
 One-center electron repulsion parameters (in eV)
  G(s,s)=    12.850000
--------------------------
Parameters for Element C :
--------------------------
 One-electron parameters (in eV)
  U(s)  =   -50.870766 Beta(s) =    17.000000 Neff(s) =     2.000000
  U(p)  =   -41.599980 Beta(p) =    17.000000 Neff(p) =     2.000000 
 One-center electron repulsion parameters (in eV)
  G(s,s)=    11.110000
  G(s,p)=    11.110000 G(p,p)  =    11.110000
 Slater-Condon parameters (in eV)
 F2(p,p)=     4.5098 G1(s,p)=    6.8977
--------------------------
Parameters for Element S :
--------------------------
 One-electron parameters (in eV)
  U(s)  =   -69.509597 Beta(s) =    15.000000 Neff(s) =     2.000000
  U(p)  =   -60.725746 Beta(p) =    15.000000 Neff(p) =     4.000000 
 One-center electron repulsion parameters (in eV)
  G(s,s)=    10.090000
  G(s,p)=    10.090000 G(p,p)  =    10.090000
 Slater-Condon parameters (in eV)
 F2(p,p)=     4.5377 G1(s,p)=    3.0756

 Number of atoms                    ....   27
 Number of basis functions          ....   60

 Overlap integrals                  .... done
 One electron matrix                .... done
 Nuclear repulsion                  .... done
 Integral list                      .... done
 Electron-electron repulsion        .... done
-------------------------------------------------------------------------------
                                 ORCA SCF
-------------------------------------------------------------------------------

------------
SCF SETTINGS
------------
Hamiltonian:
 ZDO-Hamiltonian        Method          .... INDO


General Settings:
 Integral files         IntName         .... /Users/mattyjones/GoogleDrive/Boise/Code/MorphCT/tests/output_EZ/donor_polymer/chromophores/input_orca/single/00017
 Hartree-Fock type      HFTyp           .... RHF
 Total Charge           Charge          ....    0
 Multiplicity           Mult            ....    1
 Number of Electrons    NEL             ....   62
 Basis Dimension        Dim             ....   60
 Nuclear Repulsion      ENuc            ....    296.6521693833 Eh

Convergence Acceleration:
 DIIS                   CNVDIIS         .... on
   Start iteration      DIISMaxIt       ....    12
   Startup error        DIISStart       ....  0.200000
   # of expansion vecs  DIISMaxEq       ....     5
   Bias factor          DIISBfac        ....   1.050
   Max. coefficient     DIISMaxC        ....  10.000
 Newton-Raphson         CNVNR           .... off
 SOSCF                  CNVSOSCF        .... on
   Start iteration      SOSCFMaxIt      ....   150
   Startup grad/error   SOSCFStart      ....  0.003300
 Level Shifting         CNVShift        .... on
   Level shift para.    LevelShift      ....    0.2500
   Turn off err/grad.   ShiftErr        ....    0.0010
 Zerner damping         CNVZerner       .... off
 Static damping         CNVDamp         .... on
   Fraction old density DampFac         ....    0.7000
   Max. Damping (<1)    DampMax         ....    0.9800
   Min. Damping (>=0)   DampMin         ....    0.0000
   Turn off err/grad.   DampErr         ....    0.1000
 Fernandez-Rico         CNVRico         .... off

SCF Procedure:
 Maximum # iterations   MaxIter         ....   125
 SCF integral mode      SCFMode         .... Conventional
 Integral Buffer length BufferLength    .... 1048576
 Integral index format  IndFormat       ....     0
 Integral value format  ValFormat       ....     0
 Integral Storage       Thresh          ....  1.000e-08 Eh

Convergence Tolerance:
 Convergence Check Mode ConvCheckMode   .... Total+1el-Energy
 Energy Change          TolE            ....  1.000e-06 Eh
 1-El. energy change                    ....  1.000e-03 Eh
 Orbital Gradient       TolG            ....  5.000e-05
 Orbital Rotation angle TolX            ....  5.000e-05
 DIIS Error             TolErr          ....  1.000e-06


Diagonalization of the overlap matrix:
Smallest eigenvalue                        ... 1.682e-01
Time for diagonalization                   ...    0.001 sec
Threshold for overlap eigenvalues          ... 1.000e-08
Number of eigenvalues below threshold      ... 0
Time for construction of square roots      ...    0.000 sec
Total time needed                          ...    0.002 sec

-------------------------------
INITIAL GUESS: EXTENDED HUECKEL
-------------------------------
EHT matrix was read from disk
EHT matrix was diagonalized
Initial density was built
                      ------------------
                      INITIAL GUESS DONE
                      ------------------

 InCore treatment chosen:
   Memory dedicated               ...    1024 MB
   Memory needed                  ...      0 MB
   Number of tiny    integrals    ...       0
   Number of small   integrals    ...       0
   Number of regular integrals    ...    1896

--------------
SCF ITERATIONS
--------------
ITER       Energy         Delta-E        Max-DP      RMS-DP      [F,P]     Damp
  0     -6.1347185272   0.000000000000 0.04195872  0.00218413  0.0932983 0.7000
  1     -6.1582832671  -0.023564739890 0.04015540  0.00206688  0.0677734 0.7000
                               ***Turning on DIIS***
  2     -6.1756177111  -0.017334444004 0.10331442  0.00530539  0.0456884 0.0000
  3     -6.2222980755  -0.046680364402 0.01824348  0.00108641  0.0210430 0.0000
  4     -6.2114914121   0.010806663361 0.01195475  0.00078399  0.0077391 0.0000
  5     -6.2213767916  -0.009885379443 0.00861136  0.00053649  0.0041094 0.0000
  6     -6.2219778700  -0.000601078463 0.00621474  0.00038928  0.0023280 0.0000
  7     -6.2206763449   0.001301525102 0.00395049  0.00023271  0.0013418 0.0000
                      *** Initiating the SOSCF procedure ***
                           *** Shutting down DIIS ***
                      *** Re-Reading the Fockian *** 
                      *** Removing any level shift *** 
ITER      Energy       Delta-E        Grad      Rot      Max-DP    RMS-DP
  8     -6.22024586   0.0004304844  0.001851  0.001851  0.003881  0.000214
  9     -6.21978206   0.0004638021  0.000133  0.000369  0.000388  0.000020
                 **** Energy Check signals convergence ****
              ***Rediagonalizing the Fockian in SOSCF/NRSCF***

               *****************************************************
               *                     SUCCESS                       *
               *           SCF CONVERGED AFTER  10 CYCLES          *
               *****************************************************


----------------
TOTAL SCF ENERGY
----------------

Total Energy       :           -6.21978245 Eh            -169.24888 eV

Components:
Nuclear Repulsion  :          296.65216938 Eh            8072.31592 eV
Electronic Energy  :         -302.87195183 Eh           -8241.56480 eV

One Electron Energy:         -560.57893706 Eh          -15254.12838 eV
Two Electron Energy:          257.70698523 Eh            7012.56358 eV


---------------
SCF CONVERGENCE
---------------

  Last Energy change         ...   -3.8760e-07  Tolerance :   1.0000e-06
  Last MAX-Density change    ...    4.1242e-04  Tolerance :   1.0000e-05
  Last RMS-Density change    ...    2.1101e-05  Tolerance :   1.0000e-06
  Last Orbital Gradient      ...    7.2487e-05  Tolerance :   5.0000e-05
  Last Orbital Rotation      ...    4.1372e-04  Tolerance :   5.0000e-05

             **** THE GBW FILE WAS UPDATED (/Users/mattyjones/GoogleDrive/Boise/Code/MorphCT/tests/output_EZ/donor_polymer/chromophores/input_orca/single/00017.gbw) ****
             **** DENSITY FILE WAS UPDATED (/Users/mattyjones/GoogleDrive/Boise/Code/MorphCT/tests/output_EZ/donor_polymer/chromophores/input_orca/single/00017.scfp.tmp) ****
             **** ENERGY FILE WAS UPDATED (/Users/mattyjones/GoogleDrive/Boise/Code/MorphCT/tests/output_EZ/donor_polymer/chromophores/input_orca/single/00017.en.tmp) ****
----------------
ORBITAL ENERGIES
----------------

  NO   OCC          E(Eh)            E(eV) 
   0   2.0000      -1.562672       -42.5225 
   1   2.0000      -1.413598       -38.4660 
   2   2.0000      -1.284761       -34.9601 
   3   2.0000      -1.178851       -32.0782 
   4   2.0000      -1.108576       -30.1659 
   5   2.0000      -1.062665       -28.9166 
   6   2.0000      -0.954058       -25.9612 
   7   2.0000      -0.877060       -23.8660 
   8   2.0000      -0.869957       -23.6727 
   9   2.0000      -0.825589       -22.4654 
  10   2.0000      -0.779306       -21.2060 
  11   2.0000      -0.734842       -19.9961 
  12   2.0000      -0.686849       -18.6901 
  13   2.0000      -0.667668       -18.1682 
  14   2.0000      -0.658443       -17.9171 
  15   2.0000      -0.606492       -16.5035 
  16   2.0000      -0.582256       -15.8440 
  17   2.0000      -0.580516       -15.7967 
  18   2.0000      -0.576465       -15.6864 
  19   2.0000      -0.543259       -14.7828 
  20   2.0000      -0.539415       -14.6782 
  21   2.0000      -0.522223       -14.2104 
  22   2.0000      -0.500734       -13.6257 
  23   2.0000      -0.495887       -13.4938 
  24   2.0000      -0.486871       -13.2484 
  25   2.0000      -0.478244       -13.0137 
  26   2.0000      -0.462490       -12.5850 
  27   2.0000      -0.458873       -12.4866 
  28   2.0000      -0.434733       -11.8297 
  29   2.0000      -0.344150        -9.3648 
  30   2.0000      -0.304930        -8.2976 
  31   0.0000      -0.000411        -0.0112 
  32   0.0000       0.056812         1.5459 
  33   0.0000       0.073607         2.0030 
  34   0.0000       0.091239         2.4827 
  35   0.0000       0.104225         2.8361 
  36   0.0000       0.112165         3.0522 
  37   0.0000       0.128142         3.4869 
  38   0.0000       0.142199         3.8694 
  39   0.0000       0.159510         4.3405 
  40   0.0000       0.168211         4.5772 
  41   0.0000       0.181104         4.9281 
  42   0.0000       0.202804         5.5186 
  43   0.0000       0.231664         6.3039 
  44   0.0000       0.233548         6.3552 
  45   0.0000       0.236651         6.4396 
  46   0.0000       0.239071         6.5055 
  47   0.0000       0.242747         6.6055 
  48   0.0000       0.244151         6.6437 
  49   0.0000       0.246516         6.7080 
  50   0.0000       0.256370         6.9762 
  51   0.0000       0.261176         7.1070 
  52   0.0000       0.264808         7.2058 
  53   0.0000       0.282489         7.6869 
  54   0.0000       0.303986         8.2719 
  55   0.0000       0.309543         8.4231 
  56   0.0000       0.329317         8.9612 
  57   0.0000       0.347520         9.4565 
  58   0.0000       0.419912        11.4264 
  59   0.0000       0.431937        11.7536 
-------
TIMINGS
-------

Total SCF time: 0 days 0 hours 0 min 0 sec 

Total time                  ....       0.119 sec
Sum of individual times     ....       0.102 sec  ( 85.5%)

Fock matrix formation       ....       0.054 sec  ( 45.5%)
Diagonalization             ....       0.008 sec  (  6.3%)
Density matrix formation    ....       0.001 sec  (  0.6%)
Population analysis         ....       0.000 sec  (  0.0%)
Initial guess               ....       0.001 sec  (  0.6%)
Orbital Transformation      ....       0.000 sec  (  0.0%)
Orbital Orthonormalization  ....       0.000 sec  (  0.0%)
DIIS solution               ....       0.038 sec  ( 31.6%)
SOSCF solution              ....       0.001 sec  (  0.9%)

-------------------------   --------------------
FINAL SINGLE POINT ENERGY        -6.219782445971
-------------------------   --------------------


                            ***************************************
                            *     ORCA property calculations      *
                            ***************************************

                                    ---------------------
                                    Active property flags
                                    ---------------------
   (+) Dipole Moment


------------------------------------------------------------------------------
                       ORCA ELECTRIC PROPERTIES CALCULATION
------------------------------------------------------------------------------

Dipole Moment Calculation                       ... on
Quadrupole Moment Calculation                   ... off
Polarizability Calculation                      ... off
GBWName                                         ... /Users/mattyjones/GoogleDrive/Boise/Code/MorphCT/tests/output_EZ/donor_polymer/chromophores/input_orca/single/00017.gbw
Electron density file                           ... /Users/mattyjones/GoogleDrive/Boise/Code/MorphCT/tests/output_EZ/donor_polymer/chromophores/input_orca/single/00017.scfp.tmp

-------------
DIPOLE MOMENT
-------------
                                X             Y             Z
Electronic contribution:    119.36214      27.20366      29.04641
Nuclear contribution   :    -63.78972     -14.43780     -15.15558
                        -----------------------------------------
Total Dipole Moment    :     55.57242      12.76586      13.89083
                        -----------------------------------------
Magnitude (a.u.)       :     58.68744
Magnitude (Debye)      :    149.17163


Timings for individual modules:

Sum of individual times         ...        0.206 sec (=   0.003 min)
STO integral calculation        ...        0.051 sec (=   0.001 min)  24.6 %
SCF iterations                  ...        0.155 sec (=   0.003 min)  75.4 %
                             ****ORCA TERMINATED NORMALLY****
TOTAL RUN TIME: 0 days 0 hours 0 minutes 0 seconds 691 msec

