
                                 *****************
                                 * O   R   C   A *
                                 *****************

           --- An Ab Initio, DFT and Semiempirical electronic structure package ---

                  #######################################################
                  #                        -***-                        #
                  #  Department of molecular theory and spectroscopy    #
                  #              Directorship: Frank Neese              #
                  # Max Planck Institute for Chemical Energy Conversion #
                  #                  D-45470 Muelheim/Ruhr              #
                  #                       Germany                       #
                  #                                                     #
                  #                  All rights reserved                #
                  #                        -***-                        #
                  #######################################################


                         Program Version 4.0.1.2 - RELEASE -


 With contributions from (in alphabetic order):
   Daniel Aravena         : Magnetic Properties
   Michael Atanasov       : Ab Initio Ligand Field Theory
   Ute Becker             : Parallelization
   Martin Brehm           : Molecular dynamics
   Dmytro Bykov           : SCF Hessian
   Vijay G. Chilkuri      : MRCI spin determinant printing
   Dipayan Datta          : RHF DLPNO-CCSD density
   Achintya Kumar Dutta   : EOM-CC, STEOM-CC
   Dmitry Ganyushin       : Spin-Orbit,Spin-Spin,Magnetic field MRCI
   Yang Guo               : DLPNO-NEVPT2, CIM, IAO-localization
   Andreas Hansen         : Spin unrestricted coupled pair/coupled cluster methods
   Lee Huntington         : MR-EOM, pCC
   Robert Izsak           : Overlap fitted RIJCOSX, COSX-SCS-MP3, EOM
   Christian Kollmar      : KDIIS, OOCD, Brueckner-CCSD(T), CCSD density
   Simone Kossmann        : Meta GGA functionals, TD-DFT gradient, OOMP2, MP2 Hessian
   Martin Krupicka        : AUTO-CI
   Dagmar Lenk            : GEPOL surface
   Dimitrios Liakos       : Extrapolation schemes; parallel MDCI
   Dimitrios Manganas     : ROCIS; embedding schemes
   Dimitrios Pantazis     : SARC Basis sets
   Taras Petrenko         : DFT Hessian,TD-DFT gradient, ASA, ECA, R-Raman, ABS, FL, XAS/XES, NRVS
   Peter Pinski           : DLPNO-MP2
   Christoph Reimann      : Effective Core Potentials
   Marius Retegan         : Local ZFS, SOC
   Christoph Riplinger    : Optimizer, TS searches, QM/MM, DLPNO-CCSD(T), (RO)-DLPNO pert. Triples
   Tobias Risthaus        : Range-separated hybrids, TD-DFT gradient, RPA, STAB
   Michael Roemelt        : Restricted open shell CIS
   Masaaki Saitow         : Open-shell DLPNO
   Barbara Sandhoefer     : DKH picture change effects
   Kantharuban Sivalingam : CASSCF convergence, NEVPT2, FIC-MRCI
   Georgi Stoychev        : AutoAux
   Boris Wezisla          : Elementary symmetry handling
   Frank Wennmohs         : Technical directorship


 We gratefully acknowledge several colleagues who have allowed us to
 interface, adapt or use parts of their codes:
   Stefan Grimme, W. Hujo, H. Kruse,             : VdW corrections, initial TS optimization,
                  C. Bannwarth                     DFT functionals, gCP, sTDA/sTD-DF
   Ed Valeev                                     : LibInt (2-el integral package), F12 methods
   Garnet Chan, S. Sharma, J. Yang, R. Olivares  : DMRG
   Ulf Ekstrom                                   : XCFun DFT Library
   Mihaly Kallay                                 : mrcc  (arbitrary order and MRCC methods)
   Andreas Klamt, Michael Diedenhofen            : otool_cosmo (COSMO solvation model)
   Jiri Pittner, Ondrej Demel                    : Mk-CCSD
   Frank Weinhold                                : gennbo (NPA and NBO analysis)
   Christopher J. Cramer and Donald G. Truhlar   : smd solvation model


 Your calculation uses the libint2 library for the computation of 2-el integrals
 For citations please refer to: http://libint.valeyev.net

 This ORCA versions uses:
   CBLAS   interface :  Fast vector & matrix operations
   LAPACKE interface :  Fast linear algebra routines
   SCALAPACK package :  Parallel linear algebra routines


leaving
Your calculation utilizes the basis: def2-SVP
   F. Weigend and R. Ahlrichs, Phys. Chem. Chem. Phys. 7, 3297 (2005).

================================================================================
                                        WARNINGS
                       Please study these warnings very carefully!
================================================================================

Warning: TCutStore was < 0. Adjusted to Thresh (uncritical)

WARNING: Direct SCF is incompatible with Method<>HF and Method<>DFT
  ===> : conventional SCF is chosen

WARNING: The NDO methods need Guess=HUECKEL or Guess=HCORE or Guess=MOREAD
  ===> : Guess is set to Hueckel

WARNING: The NDO methods need %rel::SOCType==1
  ===> : %rel::SOCType is set to 1

WARNING: The NDO methods cannot have frozencore=1
  ===> : %method FrozenCore=0 end

INFO   : the flag for use of LIBINT has been found!

================================================================================
                                       INPUT FILE
================================================================================
NAME = /home/mattyjones/Software/morphct/tests/output_EZ/donor_polymer/chromophores/input_orca/single/00010.inp
|  1> # ================================================================
|  2> # Orca input file made by Matty Jones
|  3> # ================================================================
|  4> ! ZINDO/S 
|  5> ! NOPOP
|  6> ! NOMOPRINT
|  7> * xyz 0   1
|  8>  C  2.58058  3.24940  -1.05071
|  9>  C  2.01974  2.06192  -0.57825
| 10>  C  2.55490  1.62035  0.67190
| 11>  C  3.54330  2.46341  1.18921
| 12>  S  3.70085  3.69351  0.08808
| 13>  H  1.19167  1.49532  -1.12412
| 14>  C  2.04127  0.24993  1.35600
| 15>  C  0.38772  -0.17939  1.42020
| 16>  C  -0.10230  -1.13180  0.10963
| 17>  H  0.08226  -0.51602  -0.85112
| 18>  H  0.59690  -2.05583  0.09040
| 19>  H  0.20609  -0.77546  2.38709
| 20>  H  -0.23728  0.78442  1.42780
| 21>  H  2.29921  0.23888  2.48808
| 22>  H  2.58146  -0.64593  0.85516
| 23>  C  -1.64694  -1.65132  0.13299
| 24>  C  -2.49016  -1.30602  -1.28901
| 25>  C  -4.08134  -1.85082  -1.28834
| 26>  H  -4.14943  -2.84736  -0.70451
| 27>  H  -4.42822  -2.01623  -2.38048
| 28>  H  -4.75574  -1.05719  -0.78376
| 29>  H  -1.93637  -1.81588  -2.16209
| 30>  H  -2.49233  -0.16509  -1.44495
| 31>  H  -1.67113  -2.79692  0.28855
| 32>  H  -2.21519  -1.14740  1.00516
| 33>  H  2.34088  3.75976  -1.94831
| 34>  H  4.07959  2.34175  2.09541
| 35> *
| 36> 
| 37>                          ****END OF INPUT****
================================================================================

                       ****************************
                       * Single Point Calculation *
                       ****************************

---------------------------------
CARTESIAN COORDINATES (ANGSTROEM)
---------------------------------
  C      2.580580    3.249400   -1.050710
  C      2.019740    2.061920   -0.578250
  C      2.554900    1.620350    0.671900
  C      3.543300    2.463410    1.189210
  S      3.700850    3.693510    0.088080
  H      1.191670    1.495320   -1.124120
  C      2.041270    0.249930    1.356000
  C      0.387720   -0.179390    1.420200
  C     -0.102300   -1.131800    0.109630
  H      0.082260   -0.516020   -0.851120
  H      0.596900   -2.055830    0.090400
  H      0.206090   -0.775460    2.387090
  H     -0.237280    0.784420    1.427800
  H      2.299210    0.238880    2.488080
  H      2.581460   -0.645930    0.855160
  C     -1.646940   -1.651320    0.132990
  C     -2.490160   -1.306020   -1.289010
  C     -4.081340   -1.850820   -1.288340
  H     -4.149430   -2.847360   -0.704510
  H     -4.428220   -2.016230   -2.380480
  H     -4.755740   -1.057190   -0.783760
  H     -1.936370   -1.815880   -2.162090
  H     -2.492330   -0.165090   -1.444950
  H     -1.671130   -2.796920    0.288550
  H     -2.215190   -1.147400    1.005160
  H      2.340880    3.759760   -1.948310
  H      4.079590    2.341750    2.095410

----------------------------
CARTESIAN COORDINATES (A.U.)
----------------------------
  NO LB      ZA    FRAG     MASS         X           Y           Z
   0 C     4.0000    0    12.011    4.876589    6.140476   -1.985554
   1 C     4.0000    0    12.011    3.816755    3.896464   -1.092734
   2 C     4.0000    0    12.011    4.828061    3.062018    1.269707
   3 C     4.0000    0    12.011    6.695867    4.655170    2.247281
   4 S     6.0000    0    32.060    6.993593    6.979722    0.166447
   5 H     1.0000    0     1.008    2.251930    2.825745   -2.124279
   6 C     4.0000    0    12.011    3.857441    0.472299    2.562469
   7 C     4.0000    0    12.011    0.732685   -0.338998    2.683789
   8 C     4.0000    0    12.011   -0.193319   -2.138792    0.207171
   9 H     1.0000    0     1.008    0.155449   -0.975136   -1.608384
  10 H     1.0000    0     1.008    1.127978   -3.884956    0.170831
  11 H     1.0000    0     1.008    0.389454   -1.465407    4.510946
  12 H     1.0000    0     1.008   -0.448394    1.482339    2.698151
  13 H     1.0000    0     1.008    4.344877    0.451418    4.701790
  14 H     1.0000    0     1.008    4.878252   -1.220631    1.616018
  15 C     4.0000    0    12.011   -3.112266   -3.120543    0.251315
  16 C     4.0000    0    12.011   -4.705720   -2.468020   -2.435876
  17 C     4.0000    0    12.011   -7.712615   -3.497543   -2.434610
  18 H     1.0000    0     1.008   -7.841286   -5.380731   -1.331331
  19 H     1.0000    0     1.008   -8.368123   -3.810123   -4.498455
  20 H     1.0000    0     1.008   -8.987046   -1.997800   -1.481092
  21 H     1.0000    0     1.008   -3.659209   -3.431516   -4.085758
  22 H     1.0000    0     1.008   -4.709821   -0.311975   -2.730560
  23 H     1.0000    0     1.008   -3.157978   -5.285413    0.545280
  24 H     1.0000    0     1.008   -4.186102   -2.168272    1.899477
  25 H     1.0000    0     1.008    4.423622    7.104917   -3.681772
  26 H     1.0000    0     1.008    7.709308    4.425266    3.959751

--------------------------------
INTERNAL COORDINATES (ANGSTROEM)
--------------------------------
 C      0   0   0     0.000000000000     0.00000000     0.00000000
 C      1   0   0     1.395660670650     0.00000000     0.00000000
 C      2   1   0     1.429774567196   114.10147703     0.00000000
 C      3   2   1     1.398318404263   113.69346045     0.00000000
 S      1   2   3     1.658035352186   105.48013963     0.00000000
 H      2   1   3     1.142238828704   123.47644947   178.87959567
 C      3   2   1     1.615505977488   120.87997867   181.08556305
 C      7   3   2     1.709580330052   122.44213401   316.68121469
 C      8   7   3     1.692571455921   113.09485752    92.29373470
 H      9   8   7     1.155979223213   107.31165658   299.77701197
 H      9   8   7     1.158914092502   106.66844327    55.70992593
 H      8   7   3     1.150289169687   108.32588849   212.31526969
 H      8   7   3     1.148743868798   108.40861275   331.74667961
 H      7   3   2     1.161146102995   110.50589808   199.28041366
 H      7   3   2     1.159832350515   108.92239198    80.70491053
 C      9   8   7     1.629834178559   116.27277257   176.89768204
 C     16   9   8     1.688886040679   113.32454573   127.93303620
 C     17  16   9     1.681862444227   113.94078936   179.35025544
 H     18  17  16     1.156972639521   109.56577377   325.23797997
 H     18  17  16     1.157780627796   109.22972338   205.18034686
 H     18  17  16     1.157266137628   109.23013108    85.37410800
 H     17  16   9     1.152783271088   107.90308281    59.24258069
 H     17  16   9     1.151539516213   108.51365308   300.48137685
 H     16   9   8     1.156366477247   109.72719923   248.45697813
 H     16   9   8     1.156513699789   109.72969300     7.77687569
 H      1   2   3     1.060004329991   127.26037715   179.99989169
 H      4   3   2     1.060003094194   127.20672985   180.00054565

---------------------------
INTERNAL COORDINATES (A.U.)
---------------------------
 C      0   0   0     0.000000000000     0.00000000     0.00000000
 C      1   0   0     2.637416443414     0.00000000     0.00000000
 C      2   1   0     2.701882365246   114.10147703     0.00000000
 C      3   2   1     2.642438832078   113.69346045     0.00000000
 S      1   2   3     3.133232735992   105.48013963     0.00000000
 H      2   1   3     2.158518565782   123.47644947   178.87959567
 C      3   2   1     3.052863865165   120.87997867   181.08556305
 C      7   3   2     3.230638627737   122.44213401   316.68121469
 C      8   7   3     3.198496513784   113.09485752    92.29373470
 H      9   8   7     2.184484148375   107.31165658   299.77701197
 H      9   8   7     2.190030247571   106.66844327    55.70992593
 H      8   7   3     2.173731505525   108.32588849   212.31526969
 H      8   7   3     2.170811310049   108.40861275   331.74667961
 H      7   3   2     2.194248136130   110.50589808   199.28041366
 H      7   3   2     2.191765503735   108.92239198    80.70491053
 C      9   8   7     3.079940241182   116.27277257   176.89768204
 C     16   9   8     3.191532088286   113.32454573   127.93303620
 C     17  16   9     3.178259414516   113.94078936   179.35025544
 H     18  17  16     2.186361433135   109.56577377   325.23797997
 H     18  17  16     2.187888309694   109.22972338   205.18034686
 H     18  17  16     2.186916064177   109.23013108    85.37410800
 H     17  16   9     2.178444674122   107.90308281    59.24258069
 H     17  16   9     2.176094318031   108.51365308   300.48137685
 H     16   9   8     2.185215952444   109.72719923   248.45697813
 H     16   9   8     2.185494162730   109.72969300     7.77687569
 H      1   2   3     2.003117884454   127.26037715   179.99989169
 H      4   3   2     2.003115549135   127.20672985   180.00054565

----------------------------
SLATER BASIS SET DIM=  60
----------------------------
  0 C     2 shells
 l=0 nsto= 1
    2       1.625000000000        1.000000000000
 l=1 nsto= 1
    2       1.625000000000        1.000000000000
  1 C     2 shells
 l=0 nsto= 1
    2       1.625000000000        1.000000000000
 l=1 nsto= 1
    2       1.625000000000        1.000000000000
  2 C     2 shells
 l=0 nsto= 1
    2       1.625000000000        1.000000000000
 l=1 nsto= 1
    2       1.625000000000        1.000000000000
  3 C     2 shells
 l=0 nsto= 1
    2       1.625000000000        1.000000000000
 l=1 nsto= 1
    2       1.625000000000        1.000000000000
  4 S     2 shells
 l=0 nsto= 1
    3       1.925000000000        1.000000000000
 l=1 nsto= 1
    3       1.925000000000        1.000000000000
  5 H     1 shells
 l=0 nsto= 1
    1       1.200000000000        1.000000000000
  6 C     2 shells
 l=0 nsto= 1
    2       1.625000000000        1.000000000000
 l=1 nsto= 1
    2       1.625000000000        1.000000000000
  7 C     2 shells
 l=0 nsto= 1
    2       1.625000000000        1.000000000000
 l=1 nsto= 1
    2       1.625000000000        1.000000000000
  8 C     2 shells
 l=0 nsto= 1
    2       1.625000000000        1.000000000000
 l=1 nsto= 1
    2       1.625000000000        1.000000000000
  9 H     1 shells
 l=0 nsto= 1
    1       1.200000000000        1.000000000000
 10 H     1 shells
 l=0 nsto= 1
    1       1.200000000000        1.000000000000
 11 H     1 shells
 l=0 nsto= 1
    1       1.200000000000        1.000000000000
 12 H     1 shells
 l=0 nsto= 1
    1       1.200000000000        1.000000000000
 13 H     1 shells
 l=0 nsto= 1
    1       1.200000000000        1.000000000000
 14 H     1 shells
 l=0 nsto= 1
    1       1.200000000000        1.000000000000
 15 C     2 shells
 l=0 nsto= 1
    2       1.625000000000        1.000000000000
 l=1 nsto= 1
    2       1.625000000000        1.000000000000
 16 C     2 shells
 l=0 nsto= 1
    2       1.625000000000        1.000000000000
 l=1 nsto= 1
    2       1.625000000000        1.000000000000
 17 C     2 shells
 l=0 nsto= 1
    2       1.625000000000        1.000000000000
 l=1 nsto= 1
    2       1.625000000000        1.000000000000
 18 H     1 shells
 l=0 nsto= 1
    1       1.200000000000        1.000000000000
 19 H     1 shells
 l=0 nsto= 1
    1       1.200000000000        1.000000000000
 20 H     1 shells
 l=0 nsto= 1
    1       1.200000000000        1.000000000000
 21 H     1 shells
 l=0 nsto= 1
    1       1.200000000000        1.000000000000
 22 H     1 shells
 l=0 nsto= 1
    1       1.200000000000        1.000000000000
 23 H     1 shells
 l=0 nsto= 1
    1       1.200000000000        1.000000000000
 24 H     1 shells
 l=0 nsto= 1
    1       1.200000000000        1.000000000000
 25 H     1 shells
 l=0 nsto= 1
    1       1.200000000000        1.000000000000
 26 H     1 shells
 l=0 nsto= 1
    1       1.200000000000        1.000000000000
------------------------------------------------------------------------------
                           ORCA NDO INTEGRAL CALCULATION
------------------------------------------------------------------------------

--------------
NDO PARAMETERS
--------------

Gamma integral treatment              ... Mataga-Nishimoto
Nuclear repulsuion treatment          ... Direct (ZA*ZB/RAB)
Interaction factors:
s-s (sigma) =    1.0000
s-p (sigma) =    1.0000
s-d (sigma) =    1.0000
p-p (sigma) =    1.2670  p-p(pi) =    0.5850
p-d (sigma) =    1.0000  p-d(pi) =    1.0000
d-d (sigma) =    1.0000  d-d(pi) =    1.0000 d-d (delta) =    1.0000

fGamma parameter for Mataga-Nishimoto gamma integrals:    1.2000

--------------------------
Parameters for Element H :
--------------------------
 One-electron parameters (in eV)
  U(s)  =   -13.060000 Beta(s) =    12.000000 Neff(s) =     1.000000
 One-center electron repulsion parameters (in eV)
  G(s,s)=    12.850000
--------------------------
Parameters for Element C :
--------------------------
 One-electron parameters (in eV)
  U(s)  =   -50.870766 Beta(s) =    17.000000 Neff(s) =     2.000000
  U(p)  =   -41.599980 Beta(p) =    17.000000 Neff(p) =     2.000000 
 One-center electron repulsion parameters (in eV)
  G(s,s)=    11.110000
  G(s,p)=    11.110000 G(p,p)  =    11.110000
 Slater-Condon parameters (in eV)
 F2(p,p)=     4.5098 G1(s,p)=    6.8977
--------------------------
Parameters for Element S :
--------------------------
 One-electron parameters (in eV)
  U(s)  =   -69.509597 Beta(s) =    15.000000 Neff(s) =     2.000000
  U(p)  =   -60.725746 Beta(p) =    15.000000 Neff(p) =     4.000000 
 One-center electron repulsion parameters (in eV)
  G(s,s)=    10.090000
  G(s,p)=    10.090000 G(p,p)  =    10.090000
 Slater-Condon parameters (in eV)
 F2(p,p)=     4.5377 G1(s,p)=    3.0756

 Number of atoms                    ....   27
 Number of basis functions          ....   60

 Overlap integrals                  .... done
 One electron matrix                .... done
 Nuclear repulsion                  .... done
 Integral list                      .... done
 Electron-electron repulsion        .... done
-------------------------------------------------------------------------------
                                 ORCA SCF
-------------------------------------------------------------------------------

------------
SCF SETTINGS
------------
Hamiltonian:
 ZDO-Hamiltonian        Method          .... INDO


General Settings:
 Integral files         IntName         .... /home/mattyjones/Software/morphct/tests/output_EZ/donor_polymer/chromophores/input_orca/single/00010
 Hartree-Fock type      HFTyp           .... RHF
 Total Charge           Charge          ....    0
 Multiplicity           Mult            ....    1
 Number of Electrons    NEL             ....   62
 Basis Dimension        Dim             ....   60
 Nuclear Repulsion      ENuc            ....    293.2950600676 Eh

Convergence Acceleration:
 DIIS                   CNVDIIS         .... on
   Start iteration      DIISMaxIt       ....    12
   Startup error        DIISStart       ....  0.200000
   # of expansion vecs  DIISMaxEq       ....     5
   Bias factor          DIISBfac        ....   1.050
   Max. coefficient     DIISMaxC        ....  10.000
 Newton-Raphson         CNVNR           .... off
 SOSCF                  CNVSOSCF        .... on
   Start iteration      SOSCFMaxIt      ....   150
   Startup grad/error   SOSCFStart      ....  0.003300
 Level Shifting         CNVShift        .... on
   Level shift para.    LevelShift      ....    0.2500
   Turn off err/grad.   ShiftErr        ....    0.0010
 Zerner damping         CNVZerner       .... off
 Static damping         CNVDamp         .... on
   Fraction old density DampFac         ....    0.7000
   Max. Damping (<1)    DampMax         ....    0.9800
   Min. Damping (>=0)   DampMin         ....    0.0000
   Turn off err/grad.   DampErr         ....    0.1000
 Fernandez-Rico         CNVRico         .... off

SCF Procedure:
 Maximum # iterations   MaxIter         ....   125
 SCF integral mode      SCFMode         .... Conventional
 Integral Buffer length BufferLength    .... 1048576
 Integral index format  IndFormat       ....     0
 Integral value format  ValFormat       ....     0
 Integral Storage       Thresh          ....  1.000e-08 Eh

Convergence Tolerance:
 Convergence Check Mode ConvCheckMode   .... Total+1el-Energy
 Convergence forced     ConvForced      .... 0
 Energy Change          TolE            ....  1.000e-06 Eh
 1-El. energy change                    ....  1.000e-03 Eh
 Orbital Gradient       TolG            ....  5.000e-05
 Orbital Rotation angle TolX            ....  5.000e-05
 DIIS Error             TolErr          ....  1.000e-06


Diagonalization of the overlap matrix:
Smallest eigenvalue                        ... 1.698e-01
Time for diagonalization                   ...    0.001 sec
Threshold for overlap eigenvalues          ... 1.000e-08
Number of eigenvalues below threshold      ... 0
Time for construction of square roots      ...    0.000 sec
Total time needed                          ...    0.001 sec

-------------------------------
INITIAL GUESS: EXTENDED HUECKEL
-------------------------------
EHT matrix was read from disk
EHT matrix was diagonalized
Initial density was built
                      ------------------
                      INITIAL GUESS DONE
                      ------------------

 InCore treatment chosen:
   Memory dedicated               ...    1024 MB
   Memory needed                  ...      0 MB
   Number of tiny    integrals    ...       0
   Number of small   integrals    ...       0
   Number of regular integrals    ...    1896

--------------
SCF ITERATIONS
--------------
ITER       Energy         Delta-E        Max-DP      RMS-DP      [F,P]     Damp
  0     -7.0342310022   0.000000000000 0.03800650  0.00201657  0.0867339 0.7000
  1     -7.0549212645  -0.020690262305 0.03565810  0.00189936  0.0615961 0.7000
                               ***Turning on DIIS***
  2     -7.0702434594  -0.015322194851 0.08946779  0.00487656  0.0398557 0.0000
  3     -7.1097486736  -0.039505214183 0.01657134  0.00100153  0.0144574 0.0000
  4     -7.1029140948   0.006834578772 0.00827009  0.00068685  0.0064688 0.0000
  5     -7.1113575154  -0.008443420619 0.00588727  0.00046507  0.0037159 0.0000
  6     -7.1128541272  -0.001496611767 0.00434345  0.00033035  0.0019533 0.0000
                      *** Initiating the SOSCF procedure ***
                           *** Shutting down DIIS ***
                      *** Re-Reading the Fockian *** 
                      *** Removing any level shift *** 
ITER      Energy       Delta-E        Grad      Rot      Max-DP    RMS-DP
  7     -7.11066891   0.0021852207  0.003010  0.003010  0.004329  0.000310
  8     -7.10960482   0.0010640832  0.000242  0.000636  0.000473  0.000033
                 **** Energy Check signals convergence ****
              ***Rediagonalizing the Fockian in SOSCF/NRSCF***

               *****************************************************
               *                     SUCCESS                       *
               *           SCF CONVERGED AFTER   9 CYCLES          *
               *****************************************************


----------------
TOTAL SCF ENERGY
----------------

Total Energy       :           -7.10960564 Eh            -193.46220 eV

Components:
Nuclear Repulsion  :          293.29506007 Eh            7980.96433 eV
Electronic Energy  :         -300.40466571 Eh           -8174.42653 eV
One Electron Energy:         -555.56986362 Eh          -15117.82456 eV
Two Electron Energy:          255.16519792 Eh            6943.39803 eV


---------------
SCF CONVERGENCE
---------------

  Last Energy change         ...   -8.1623e-07  Tolerance :   1.0000e-06
  Last MAX-Density change    ...    4.2710e-04  Tolerance :   1.0000e-05
  Last RMS-Density change    ...    2.5883e-05  Tolerance :   1.0000e-06
  Last Orbital Gradient      ...    1.3664e-04  Tolerance :   5.0000e-05
  Last Orbital Rotation      ...    5.4437e-04  Tolerance :   5.0000e-05

             **** THE GBW FILE WAS UPDATED (/home/mattyjones/Software/morphct/tests/output_EZ/donor_polymer/chromophores/input_orca/single/00010.gbw) ****
             **** DENSITY FILE WAS UPDATED (/home/mattyjones/Software/morphct/tests/output_EZ/donor_polymer/chromophores/input_orca/single/00010.scfp.tmp) ****
             **** ENERGY FILE WAS UPDATED (/home/mattyjones/Software/morphct/tests/output_EZ/donor_polymer/chromophores/input_orca/single/00010.en.tmp) ****
----------------
ORBITAL ENERGIES
----------------

  NO   OCC          E(Eh)            E(eV) 
   0   2.0000      -1.556703       -42.3600 
   1   2.0000      -1.401018       -38.1236 
   2   2.0000      -1.296983       -35.2927 
   3   2.0000      -1.182755       -32.1844 
   4   2.0000      -1.112628       -30.2762 
   5   2.0000      -1.030220       -28.0337 
   6   2.0000      -0.953278       -25.9400 
   7   2.0000      -0.892817       -24.2948 
   8   2.0000      -0.878379       -23.9019 
   9   2.0000      -0.834288       -22.7021 
  10   2.0000      -0.773270       -21.0417 
  11   2.0000      -0.738662       -20.1000 
  12   2.0000      -0.693558       -18.8727 
  13   2.0000      -0.662460       -18.0265 
  14   2.0000      -0.651878       -17.7385 
  15   2.0000      -0.616781       -16.7835 
  16   2.0000      -0.587969       -15.9995 
  17   2.0000      -0.578483       -15.7413 
  18   2.0000      -0.568539       -15.4707 
  19   2.0000      -0.551917       -15.0184 
  20   2.0000      -0.533560       -14.5189 
  21   2.0000      -0.515812       -14.0360 
  22   2.0000      -0.508074       -13.8254 
  23   2.0000      -0.497500       -13.5377 
  24   2.0000      -0.491407       -13.3719 
  25   2.0000      -0.479305       -13.0425 
  26   2.0000      -0.468953       -12.7609 
  27   2.0000      -0.458848       -12.4859 
  28   2.0000      -0.441299       -12.0084 
  29   2.0000      -0.357131        -9.7180 
  30   2.0000      -0.305083        -8.3017 
  31   0.0000       0.007712         0.2099 
  32   0.0000       0.070001         1.9048 
  33   0.0000       0.075575         2.0565 
  34   0.0000       0.089598         2.4381 
  35   0.0000       0.105985         2.8840 
  36   0.0000       0.109177         2.9709 
  37   0.0000       0.124872         3.3979 
  38   0.0000       0.137593         3.7441 
  39   0.0000       0.154622         4.2075 
  40   0.0000       0.164749         4.4830 
  41   0.0000       0.173519         4.7217 
  42   0.0000       0.206265         5.6127 
  43   0.0000       0.235770         6.4156 
  44   0.0000       0.236973         6.4484 
  45   0.0000       0.238985         6.5031 
  46   0.0000       0.239620         6.5204 
  47   0.0000       0.240690         6.5495 
  48   0.0000       0.243432         6.6241 
  49   0.0000       0.244667         6.6577 
  50   0.0000       0.258255         7.0275 
  51   0.0000       0.265149         7.2151 
  52   0.0000       0.267517         7.2795 
  53   0.0000       0.274161         7.4603 
  54   0.0000       0.297705         8.1010 
  55   0.0000       0.310000         8.4355 
  56   0.0000       0.342493         9.3197 
  57   0.0000       0.353998         9.6328 
  58   0.0000       0.414157        11.2698 
  59   0.0000       0.428985        11.6733 
-------
TIMINGS
-------

Total SCF time: 0 days 0 hours 0 min 0 sec 

Total time                  ....       0.042 sec
Sum of individual times     ....       0.036 sec  ( 85.0%)

Fock matrix formation       ....       0.026 sec  ( 61.9%)
Diagonalization             ....       0.005 sec  ( 12.7%)
Density matrix formation    ....       0.000 sec  (  0.9%)
Population analysis         ....       0.000 sec  (  0.0%)
Initial guess               ....       0.001 sec  (  1.4%)
Orbital Transformation      ....       0.000 sec  (  0.0%)
Orbital Orthonormalization  ....       0.000 sec  (  0.0%)
DIIS solution               ....       0.002 sec  (  3.6%)
SOSCF solution              ....       0.002 sec  (  4.4%)

-------------------------   --------------------
FINAL SINGLE POINT ENERGY        -7.109605639519
-------------------------   --------------------


                            ***************************************
                            *     ORCA property calculations      *
                            ***************************************

                                    ---------------------
                                    Active property flags
                                    ---------------------
   (+) Dipole Moment


------------------------------------------------------------------------------
                       ORCA ELECTRIC PROPERTIES CALCULATION
------------------------------------------------------------------------------

Dipole Moment Calculation                       ... on
Quadrupole Moment Calculation                   ... off
Polarizability Calculation                      ... off
GBWName                                         ... /home/mattyjones/Software/morphct/tests/output_EZ/donor_polymer/chromophores/input_orca/single/00010.gbw
Electron density file                           ... /home/mattyjones/Software/morphct/tests/output_EZ/donor_polymer/chromophores/input_orca/single/00010.scfp.tmp
The origin for moment calculation is the CENTER OF MASS  = ( 1.884221,  1.723384  0.113934)

-------------
DIPOLE MOMENT
-------------
                                X             Y             Z
Electronic contribution:    101.24332      97.02781       4.26983
Nuclear contribution   :    -54.60329     -51.96365      -2.41279
                        -----------------------------------------
Total Dipole Moment    :     46.64003      45.06416       1.85704
                        -----------------------------------------
Magnitude (a.u.)       :     64.88081
Magnitude (Debye)      :    164.91391


Timings for individual modules:

Sum of individual times         ...        0.065 sec (=   0.001 min)
STO integral calculation        ...        0.014 sec (=   0.000 min)  21.5 %
SCF iterations                  ...        0.051 sec (=   0.001 min)  78.5 %
                             ****ORCA TERMINATED NORMALLY****
TOTAL RUN TIME: 0 days 0 hours 0 minutes 0 seconds 328 msec

