
                                 *****************
                                 * O   R   C   A *
                                 *****************

           --- An Ab Initio, DFT and Semiempirical electronic structure package ---

                  #######################################################
                  #                        -***-                        #
                  #  Department of molecular theory and spectroscopy    #
                  #              Directorship: Frank Neese              #
                  # Max Planck Institute for Chemical Energy Conversion #
                  #                  D-45470 Muelheim/Ruhr              #
                  #                       Germany                       #
                  #                                                     #
                  #                  All rights reserved                #
                  #                        -***-                        #
                  #######################################################


                         Program Version 4.0.1.2 - RELEASE -


 With contributions from (in alphabetic order):
   Daniel Aravena         : Magnetic Properties
   Michael Atanasov       : Ab Initio Ligand Field Theory
   Ute Becker             : Parallelization
   Martin Brehm           : Molecular dynamics
   Dmytro Bykov           : SCF Hessian
   Vijay G. Chilkuri      : MRCI spin determinant printing
   Dipayan Datta          : RHF DLPNO-CCSD density
   Achintya Kumar Dutta   : EOM-CC, STEOM-CC
   Dmitry Ganyushin       : Spin-Orbit,Spin-Spin,Magnetic field MRCI
   Yang Guo               : DLPNO-NEVPT2, CIM, IAO-localization
   Andreas Hansen         : Spin unrestricted coupled pair/coupled cluster methods
   Lee Huntington         : MR-EOM, pCC
   Robert Izsak           : Overlap fitted RIJCOSX, COSX-SCS-MP3, EOM
   Christian Kollmar      : KDIIS, OOCD, Brueckner-CCSD(T), CCSD density
   Simone Kossmann        : Meta GGA functionals, TD-DFT gradient, OOMP2, MP2 Hessian
   Martin Krupicka        : AUTO-CI
   Dagmar Lenk            : GEPOL surface
   Dimitrios Liakos       : Extrapolation schemes; parallel MDCI
   Dimitrios Manganas     : ROCIS; embedding schemes
   Dimitrios Pantazis     : SARC Basis sets
   Taras Petrenko         : DFT Hessian,TD-DFT gradient, ASA, ECA, R-Raman, ABS, FL, XAS/XES, NRVS
   Peter Pinski           : DLPNO-MP2
   Christoph Reimann      : Effective Core Potentials
   Marius Retegan         : Local ZFS, SOC
   Christoph Riplinger    : Optimizer, TS searches, QM/MM, DLPNO-CCSD(T), (RO)-DLPNO pert. Triples
   Tobias Risthaus        : Range-separated hybrids, TD-DFT gradient, RPA, STAB
   Michael Roemelt        : Restricted open shell CIS
   Masaaki Saitow         : Open-shell DLPNO
   Barbara Sandhoefer     : DKH picture change effects
   Kantharuban Sivalingam : CASSCF convergence, NEVPT2, FIC-MRCI
   Georgi Stoychev        : AutoAux
   Boris Wezisla          : Elementary symmetry handling
   Frank Wennmohs         : Technical directorship


 We gratefully acknowledge several colleagues who have allowed us to
 interface, adapt or use parts of their codes:
   Stefan Grimme, W. Hujo, H. Kruse,             : VdW corrections, initial TS optimization,
                  C. Bannwarth                     DFT functionals, gCP, sTDA/sTD-DF
   Ed Valeev                                     : LibInt (2-el integral package), F12 methods
   Garnet Chan, S. Sharma, J. Yang, R. Olivares  : DMRG
   Ulf Ekstrom                                   : XCFun DFT Library
   Mihaly Kallay                                 : mrcc  (arbitrary order and MRCC methods)
   Andreas Klamt, Michael Diedenhofen            : otool_cosmo (COSMO solvation model)
   Jiri Pittner, Ondrej Demel                    : Mk-CCSD
   Frank Weinhold                                : gennbo (NPA and NBO analysis)
   Christopher J. Cramer and Donald G. Truhlar   : smd solvation model


 Your calculation uses the libint2 library for the computation of 2-el integrals
 For citations please refer to: http://libint.valeyev.net

 This ORCA versions uses:
   CBLAS   interface :  Fast vector & matrix operations
   LAPACKE interface :  Fast linear algebra routines
   SCALAPACK package :  Parallel linear algebra routines


leaving
Your calculation utilizes the basis: def2-SVP
   F. Weigend and R. Ahlrichs, Phys. Chem. Chem. Phys. 7, 3297 (2005).

================================================================================
                                        WARNINGS
                       Please study these warnings very carefully!
================================================================================

Warning: TCutStore was < 0. Adjusted to Thresh (uncritical)

WARNING: Direct SCF is incompatible with Method<>HF and Method<>DFT
  ===> : conventional SCF is chosen

WARNING: The NDO methods need Guess=HUECKEL or Guess=HCORE or Guess=MOREAD
  ===> : Guess is set to Hueckel

WARNING: The NDO methods need %rel::SOCType==1
  ===> : %rel::SOCType is set to 1

WARNING: The NDO methods cannot have frozencore=1
  ===> : %method FrozenCore=0 end

INFO   : the flag for use of LIBINT has been found!

================================================================================
                                       INPUT FILE
================================================================================
NAME = /home/mattyjones/Software/morphct/tests/output_EZ/donor_polymer/chromophores/input_orca/single/00018.inp
|  1> # ================================================================
|  2> # Orca input file made by Matty Jones
|  3> # ================================================================
|  4> ! ZINDO/S 
|  5> ! NOPOP
|  6> ! NOMOPRINT
|  7> * xyz 0   1
|  8>  C  -1.37695  -2.37461  -3.87019
|  9>  C  -0.76911  -1.93607  -2.69286
| 10>  C  -1.58767  -1.07295  -1.89960
| 11>  C  -2.84823  -0.82871  -2.45335
| 12>  S  -2.88318  -1.68154  -3.87529
| 13>  H  0.15336  -2.43301  -2.21320
| 14>  C  -0.90871  -0.49151  -0.56594
| 15>  C  0.63478  0.08314  -0.90652
| 16>  C  1.68366  0.67693  0.26473
| 17>  H  1.57361  1.83047  0.28324
| 18>  H  2.76279  0.42519  -0.07543
| 19>  H  1.22126  -0.77285  -1.41483
| 20>  H  0.47616  0.93607  -1.67155
| 21>  H  -1.56756  0.35096  -0.10603
| 22>  H  -0.84894  -1.34633  0.22251
| 23>  C  1.43966  0.08326  1.75370
| 24>  C  0.28904  0.96051  2.61268
| 25>  C  0.96542  2.30860  3.35311
| 26>  H  1.72832  1.96805  4.15279
| 27>  H  0.12667  2.93144  3.85113
| 28>  H  1.50179  2.95060  2.55340
| 29>  H  -0.54153  1.30373  1.89350
| 30>  H  -0.15753  0.27712  3.42555
| 31>  H  2.43458  0.10727  2.34564
| 32>  H  1.08115  -1.01524  1.68772
| 33>  H  -0.96296  -3.01560  -4.60595
| 34>  H  -3.61990  -0.22490  -2.04896
| 35> *
| 36> 
| 37>                          ****END OF INPUT****
================================================================================

                       ****************************
                       * Single Point Calculation *
                       ****************************

---------------------------------
CARTESIAN COORDINATES (ANGSTROEM)
---------------------------------
  C     -1.376950   -2.374610   -3.870190
  C     -0.769110   -1.936070   -2.692860
  C     -1.587670   -1.072950   -1.899600
  C     -2.848230   -0.828710   -2.453350
  S     -2.883180   -1.681540   -3.875290
  H      0.153360   -2.433010   -2.213200
  C     -0.908710   -0.491510   -0.565940
  C      0.634780    0.083140   -0.906520
  C      1.683660    0.676930    0.264730
  H      1.573610    1.830470    0.283240
  H      2.762790    0.425190   -0.075430
  H      1.221260   -0.772850   -1.414830
  H      0.476160    0.936070   -1.671550
  H     -1.567560    0.350960   -0.106030
  H     -0.848940   -1.346330    0.222510
  C      1.439660    0.083260    1.753700
  C      0.289040    0.960510    2.612680
  C      0.965420    2.308600    3.353110
  H      1.728320    1.968050    4.152790
  H      0.126670    2.931440    3.851130
  H      1.501790    2.950600    2.553400
  H     -0.541530    1.303730    1.893500
  H     -0.157530    0.277120    3.425550
  H      2.434580    0.107270    2.345640
  H      1.081150   -1.015240    1.687720
  H     -0.962960   -3.015600   -4.605950
  H     -3.619900   -0.224900   -2.048960

----------------------------
CARTESIAN COORDINATES (A.U.)
----------------------------
  NO LB      ZA    FRAG     MASS         X           Y           Z
   0 C     4.0000    0    12.011   -2.602058   -4.487363   -7.313599
   1 C     4.0000    0    12.011   -1.453407   -3.658642   -5.088768
   2 C     4.0000    0    12.011   -3.000261   -2.027582   -3.589724
   3 C     4.0000    0    12.011   -5.382375   -1.566035   -4.636160
   4 S     6.0000    0    32.060   -5.448421   -3.177650   -7.323237
   5 H     1.0000    0     1.008    0.289808   -4.597723   -4.182342
   6 C     4.0000    0    12.011   -1.717213   -0.928819   -1.069472
   7 C     4.0000    0    12.011    1.199560    0.157112   -1.713075
   8 C     4.0000    0    12.011    3.181656    1.279212    0.500267
   9 H     1.0000    0     1.008    2.973692    3.459087    0.535246
  10 H     1.0000    0     1.008    5.220916    0.803493   -0.142542
  11 H     1.0000    0     1.008    2.307847   -1.460475   -2.673641
  12 H     1.0000    0     1.008    0.899812    1.768916   -3.158772
  13 H     1.0000    0     1.008   -2.962259    0.663218   -0.200368
  14 H     1.0000    0     1.008   -1.604264   -2.544195    0.420483
  15 C     4.0000    0    12.011    2.720563    0.157339    3.314013
  16 C     4.0000    0    12.011    0.546206    1.815101    4.937250
  17 C     4.0000    0    12.011    1.824379    4.362622    6.336460
  18 H     1.0000    0     1.008    3.266051    3.719076    7.847636
  19 H     1.0000    0     1.008    0.239372    5.539619    7.277581
  20 H     1.0000    0     1.008    2.837972    5.575826    4.825227
  21 H     1.0000    0     1.008   -1.023343    2.463693    3.578196
  22 H     1.0000    0     1.008   -0.297689    0.523681    6.473351
  23 H     1.0000    0     1.008    4.600689    0.202711    4.432617
  24 H     1.0000    0     1.008    2.043077   -1.918526    3.189329
  25 H     1.0000    0     1.008   -1.819731   -5.698658   -8.703984
  26 H     1.0000    0     1.008   -6.840620   -0.424999   -3.871973

--------------------------------
INTERNAL COORDINATES (ANGSTROEM)
--------------------------------
 C      0   0   0     0.000000000000     0.00000000     0.00000000
 C      1   0   0     1.395669275330     0.00000000     0.00000000
 C      2   1   0     1.429782513391   114.10198343     0.00000000
 C      3   2   1     1.398321763293   113.69286790     0.00000000
 S      1   2   3     1.658041268425   105.47949864     0.00000000
 H      2   1   3     1.152377533667   124.35020611   162.33576005
 C      3   2   1     1.605524260421   115.93667418   182.52824943
 C      7   3   2     1.681837905091   110.09805212    46.45608784
 C      8   7   3     1.680643442554   123.52831054   183.97200148
 H      9   8   7     1.158925430819   107.67016254   264.07058019
 H      9   8   7     1.159139081431   107.44388162   147.94620524
 H      8   7   3     1.155446548569   107.56486750   305.72515252
 H      8   7   3     1.156685259783   105.07216397    61.71420191
 H      7   3   2     1.164197677158   110.54213187   168.97122423
 H      7   3   2     1.164449693117   108.56016821   286.07775792
 C      9   8   7     1.621422748638   114.62624858    26.30279469
 C     16   9   8     1.682658785167   112.38353178   273.10173198
 C     17  16   9     1.680200326568   111.59143443   275.99514654
 H     18  17  16     1.156494191468   109.51223778   295.29848704
 H     18  17  16     1.157348326348   109.24908686   174.98781596
 H     18  17  16     1.157321416461   109.09528627    55.24964753
 H     17  16   9     1.151028394828   109.26435397    36.68381105
 H     17  16   9     1.152043529516   108.42128004   156.27649290
 H     16   9   8     1.157944407172   109.42355844   152.61590243
 H     16   9   8     1.157404436876   109.98477470    33.69453245
 H      1   2   3     1.059999376321   127.26047528   180.00023920
 H      4   3   2     1.059996404286   127.20647516   180.00038429

---------------------------
INTERNAL COORDINATES (A.U.)
---------------------------
 C      0   0   0     0.000000000000     0.00000000     0.00000000
 C      1   0   0     2.637432703902     0.00000000     0.00000000
 C      2   1   0     2.701897381379   114.10198343     0.00000000
 C      3   2   1     2.642445179726   113.69286790     0.00000000
 S      1   2   3     3.133243916062   105.47949864     0.00000000
 H      2   1   3     2.177677941514   124.35020611   162.33576005
 C      3   2   1     3.034001153562   115.93667418   182.52824943
 C      7   3   2     3.178213042269   110.09805212    46.45608784
 C      8   7   3     3.175955835198   123.52831054   183.97200148
 H      9   8   7     2.190051673885   107.67016254   264.07058019
 H      9   8   7     2.190455415029   107.44388162   147.94620524
 H      8   7   3     2.183477539180   107.56486750   305.72515252
 H      8   7   3     2.185818364134   105.07216397    61.71420191
 H      7   3   2     2.200014775576   110.54213187   168.97122423
 H      7   3   2     2.200491016720   108.56016821   286.07775792
 C      9   8   7     3.064044942235   114.62624858    26.30279469
 C     16   9   8     3.179764280802   112.38353178   273.10173198
 C     17  16   9     3.175118467339   111.59143443   275.99514654
 H     18  17  16     2.185457297346   109.51223778   295.29848704
 H     18  17  16     2.187071378349   109.24908686   174.98781596
 H     18  17  16     2.187020526034   109.09528627    55.24964753
 H     17  16   9     2.175128438592   109.26435397    36.68381105
 H     17  16   9     2.177046765142   108.42128004   156.27649290
 H     16   9   8     2.188197807860   109.42355844   152.61590243
 H     16   9   8     2.187177411881   109.98477470    33.69453245
 H      1   2   3     2.003108523373   127.26047528   180.00023920
 H      4   3   2     2.003102907042   127.20647516   180.00038429

----------------------------
SLATER BASIS SET DIM=  60
----------------------------
  0 C     2 shells
 l=0 nsto= 1
    2       1.625000000000        1.000000000000
 l=1 nsto= 1
    2       1.625000000000        1.000000000000
  1 C     2 shells
 l=0 nsto= 1
    2       1.625000000000        1.000000000000
 l=1 nsto= 1
    2       1.625000000000        1.000000000000
  2 C     2 shells
 l=0 nsto= 1
    2       1.625000000000        1.000000000000
 l=1 nsto= 1
    2       1.625000000000        1.000000000000
  3 C     2 shells
 l=0 nsto= 1
    2       1.625000000000        1.000000000000
 l=1 nsto= 1
    2       1.625000000000        1.000000000000
  4 S     2 shells
 l=0 nsto= 1
    3       1.925000000000        1.000000000000
 l=1 nsto= 1
    3       1.925000000000        1.000000000000
  5 H     1 shells
 l=0 nsto= 1
    1       1.200000000000        1.000000000000
  6 C     2 shells
 l=0 nsto= 1
    2       1.625000000000        1.000000000000
 l=1 nsto= 1
    2       1.625000000000        1.000000000000
  7 C     2 shells
 l=0 nsto= 1
    2       1.625000000000        1.000000000000
 l=1 nsto= 1
    2       1.625000000000        1.000000000000
  8 C     2 shells
 l=0 nsto= 1
    2       1.625000000000        1.000000000000
 l=1 nsto= 1
    2       1.625000000000        1.000000000000
  9 H     1 shells
 l=0 nsto= 1
    1       1.200000000000        1.000000000000
 10 H     1 shells
 l=0 nsto= 1
    1       1.200000000000        1.000000000000
 11 H     1 shells
 l=0 nsto= 1
    1       1.200000000000        1.000000000000
 12 H     1 shells
 l=0 nsto= 1
    1       1.200000000000        1.000000000000
 13 H     1 shells
 l=0 nsto= 1
    1       1.200000000000        1.000000000000
 14 H     1 shells
 l=0 nsto= 1
    1       1.200000000000        1.000000000000
 15 C     2 shells
 l=0 nsto= 1
    2       1.625000000000        1.000000000000
 l=1 nsto= 1
    2       1.625000000000        1.000000000000
 16 C     2 shells
 l=0 nsto= 1
    2       1.625000000000        1.000000000000
 l=1 nsto= 1
    2       1.625000000000        1.000000000000
 17 C     2 shells
 l=0 nsto= 1
    2       1.625000000000        1.000000000000
 l=1 nsto= 1
    2       1.625000000000        1.000000000000
 18 H     1 shells
 l=0 nsto= 1
    1       1.200000000000        1.000000000000
 19 H     1 shells
 l=0 nsto= 1
    1       1.200000000000        1.000000000000
 20 H     1 shells
 l=0 nsto= 1
    1       1.200000000000        1.000000000000
 21 H     1 shells
 l=0 nsto= 1
    1       1.200000000000        1.000000000000
 22 H     1 shells
 l=0 nsto= 1
    1       1.200000000000        1.000000000000
 23 H     1 shells
 l=0 nsto= 1
    1       1.200000000000        1.000000000000
 24 H     1 shells
 l=0 nsto= 1
    1       1.200000000000        1.000000000000
 25 H     1 shells
 l=0 nsto= 1
    1       1.200000000000        1.000000000000
 26 H     1 shells
 l=0 nsto= 1
    1       1.200000000000        1.000000000000
------------------------------------------------------------------------------
                           ORCA NDO INTEGRAL CALCULATION
------------------------------------------------------------------------------

--------------
NDO PARAMETERS
--------------

Gamma integral treatment              ... Mataga-Nishimoto
Nuclear repulsuion treatment          ... Direct (ZA*ZB/RAB)
Interaction factors:
s-s (sigma) =    1.0000
s-p (sigma) =    1.0000
s-d (sigma) =    1.0000
p-p (sigma) =    1.2670  p-p(pi) =    0.5850
p-d (sigma) =    1.0000  p-d(pi) =    1.0000
d-d (sigma) =    1.0000  d-d(pi) =    1.0000 d-d (delta) =    1.0000

fGamma parameter for Mataga-Nishimoto gamma integrals:    1.2000

--------------------------
Parameters for Element H :
--------------------------
 One-electron parameters (in eV)
  U(s)  =   -13.060000 Beta(s) =    12.000000 Neff(s) =     1.000000
 One-center electron repulsion parameters (in eV)
  G(s,s)=    12.850000
--------------------------
Parameters for Element C :
--------------------------
 One-electron parameters (in eV)
  U(s)  =   -50.870766 Beta(s) =    17.000000 Neff(s) =     2.000000
  U(p)  =   -41.599980 Beta(p) =    17.000000 Neff(p) =     2.000000 
 One-center electron repulsion parameters (in eV)
  G(s,s)=    11.110000
  G(s,p)=    11.110000 G(p,p)  =    11.110000
 Slater-Condon parameters (in eV)
 F2(p,p)=     4.5098 G1(s,p)=    6.8977
--------------------------
Parameters for Element S :
--------------------------
 One-electron parameters (in eV)
  U(s)  =   -69.509597 Beta(s) =    15.000000 Neff(s) =     2.000000
  U(p)  =   -60.725746 Beta(p) =    15.000000 Neff(p) =     4.000000 
 One-center electron repulsion parameters (in eV)
  G(s,s)=    10.090000
  G(s,p)=    10.090000 G(p,p)  =    10.090000
 Slater-Condon parameters (in eV)
 F2(p,p)=     4.5377 G1(s,p)=    3.0756

 Number of atoms                    ....   27
 Number of basis functions          ....   60

 Overlap integrals                  .... done
 One electron matrix                .... done
 Nuclear repulsion                  .... done
 Integral list                      .... done
 Electron-electron repulsion        .... done
-------------------------------------------------------------------------------
                                 ORCA SCF
-------------------------------------------------------------------------------

------------
SCF SETTINGS
------------
Hamiltonian:
 ZDO-Hamiltonian        Method          .... INDO


General Settings:
 Integral files         IntName         .... /home/mattyjones/Software/morphct/tests/output_EZ/donor_polymer/chromophores/input_orca/single/00018
 Hartree-Fock type      HFTyp           .... RHF
 Total Charge           Charge          ....    0
 Multiplicity           Mult            ....    1
 Number of Electrons    NEL             ....   62
 Basis Dimension        Dim             ....   60
 Nuclear Repulsion      ENuc            ....    300.4476437513 Eh

Convergence Acceleration:
 DIIS                   CNVDIIS         .... on
   Start iteration      DIISMaxIt       ....    12
   Startup error        DIISStart       ....  0.200000
   # of expansion vecs  DIISMaxEq       ....     5
   Bias factor          DIISBfac        ....   1.050
   Max. coefficient     DIISMaxC        ....  10.000
 Newton-Raphson         CNVNR           .... off
 SOSCF                  CNVSOSCF        .... on
   Start iteration      SOSCFMaxIt      ....   150
   Startup grad/error   SOSCFStart      ....  0.003300
 Level Shifting         CNVShift        .... on
   Level shift para.    LevelShift      ....    0.2500
   Turn off err/grad.   ShiftErr        ....    0.0010
 Zerner damping         CNVZerner       .... off
 Static damping         CNVDamp         .... on
   Fraction old density DampFac         ....    0.7000
   Max. Damping (<1)    DampMax         ....    0.9800
   Min. Damping (>=0)   DampMin         ....    0.0000
   Turn off err/grad.   DampErr         ....    0.1000
 Fernandez-Rico         CNVRico         .... off

SCF Procedure:
 Maximum # iterations   MaxIter         ....   125
 SCF integral mode      SCFMode         .... Conventional
 Integral Buffer length BufferLength    .... 1048576
 Integral index format  IndFormat       ....     0
 Integral value format  ValFormat       ....     0
 Integral Storage       Thresh          ....  1.000e-08 Eh

Convergence Tolerance:
 Convergence Check Mode ConvCheckMode   .... Total+1el-Energy
 Convergence forced     ConvForced      .... 0
 Energy Change          TolE            ....  1.000e-06 Eh
 1-El. energy change                    ....  1.000e-03 Eh
 Orbital Gradient       TolG            ....  5.000e-05
 Orbital Rotation angle TolX            ....  5.000e-05
 DIIS Error             TolErr          ....  1.000e-06


Diagonalization of the overlap matrix:
Smallest eigenvalue                        ... 1.695e-01
Time for diagonalization                   ...    0.001 sec
Threshold for overlap eigenvalues          ... 1.000e-08
Number of eigenvalues below threshold      ... 0
Time for construction of square roots      ...    0.000 sec
Total time needed                          ...    0.001 sec

-------------------------------
INITIAL GUESS: EXTENDED HUECKEL
-------------------------------
EHT matrix was read from disk
EHT matrix was diagonalized
Initial density was built
                      ------------------
                      INITIAL GUESS DONE
                      ------------------

 InCore treatment chosen:
   Memory dedicated               ...    1024 MB
   Memory needed                  ...      0 MB
   Number of tiny    integrals    ...       0
   Number of small   integrals    ...       0
   Number of regular integrals    ...    1896

--------------
SCF ITERATIONS
--------------
ITER       Energy         Delta-E        Max-DP      RMS-DP      [F,P]     Damp
  0     -4.7538862364   0.000000000000 0.04194390  0.00204233  0.0866715 0.7000
  1     -4.7748565972  -0.020970360805 0.03952502  0.00192272  0.0618683 0.7000
                               ***Turning on DIIS***
  2     -4.7903666667  -0.015510069522 0.10015001  0.00493170  0.0404155 0.0000
  3     -4.8309144765  -0.040547809736 0.01543530  0.00101735  0.0201965 0.0000
  4     -4.8236523623   0.007262114152 0.01114862  0.00070240  0.0067408 0.0000
  5     -4.8321172081  -0.008464845752 0.00774979  0.00047502  0.0039304 0.0000
  6     -4.8333591389  -0.001241930854 0.00532678  0.00033868  0.0021318 0.0000
                      *** Initiating the SOSCF procedure ***
                           *** Shutting down DIIS ***
                      *** Re-Reading the Fockian *** 
                      *** Removing any level shift *** 
ITER      Energy       Delta-E        Grad      Rot      Max-DP    RMS-DP
  7     -4.83126751   0.0020916327  0.003023  0.003023  0.003072  0.000191
  8     -4.83015175   0.0011157551  0.000819  0.002274  0.001541  0.000090
  9     -4.83015939  -0.0000076344  0.000361  0.002234  0.001743  0.000096
 10     -4.83016222  -0.0000028307  0.000030  0.000071  0.000106  0.000006
                 **** Energy Check signals convergence ****
              ***Rediagonalizing the Fockian in SOSCF/NRSCF***

               *****************************************************
               *                     SUCCESS                       *
               *           SCF CONVERGED AFTER  11 CYCLES          *
               *****************************************************


----------------
TOTAL SCF ENERGY
----------------

Total Energy       :           -4.83016224 Eh            -131.43540 eV

Components:
Nuclear Repulsion  :          300.44764375 Eh            8175.59603 eV
Electronic Energy  :         -305.27780599 Eh           -8307.03142 eV
One Electron Energy:         -565.28727092 Eh          -15382.24866 eV
Two Electron Energy:          260.00946493 Eh            7075.21724 eV


---------------
SCF CONVERGENCE
---------------

  Last Energy change         ...   -2.6699e-08  Tolerance :   1.0000e-06
  Last MAX-Density change    ...    4.9197e-05  Tolerance :   1.0000e-05
  Last RMS-Density change    ...    2.1004e-06  Tolerance :   1.0000e-06
  Last Orbital Gradient      ...    9.0697e-06  Tolerance :   5.0000e-05
  Last Orbital Rotation      ...    2.6913e-05  Tolerance :   5.0000e-05

             **** THE GBW FILE WAS UPDATED (/home/mattyjones/Software/morphct/tests/output_EZ/donor_polymer/chromophores/input_orca/single/00018.gbw) ****
             **** DENSITY FILE WAS UPDATED (/home/mattyjones/Software/morphct/tests/output_EZ/donor_polymer/chromophores/input_orca/single/00018.scfp.tmp) ****
             **** ENERGY FILE WAS UPDATED (/home/mattyjones/Software/morphct/tests/output_EZ/donor_polymer/chromophores/input_orca/single/00018.en.tmp) ****
----------------
ORBITAL ENERGIES
----------------

  NO   OCC          E(Eh)            E(eV) 
   0   2.0000      -1.563481       -42.5445 
   1   2.0000      -1.419162       -38.6174 
   2   2.0000      -1.290451       -35.1150 
   3   2.0000      -1.180899       -32.1339 
   4   2.0000      -1.116560       -30.3832 
   5   2.0000      -1.038022       -28.2460 
   6   2.0000      -0.963077       -26.2067 
   7   2.0000      -0.907639       -24.6981 
   8   2.0000      -0.846212       -23.0266 
   9   2.0000      -0.830488       -22.5987 
  10   2.0000      -0.769922       -20.9506 
  11   2.0000      -0.736617       -20.0444 
  12   2.0000      -0.714115       -19.4321 
  13   2.0000      -0.674651       -18.3582 
  14   2.0000      -0.629297       -17.1240 
  15   2.0000      -0.624819       -17.0022 
  16   2.0000      -0.595619       -16.2076 
  17   2.0000      -0.576854       -15.6970 
  18   2.0000      -0.563954       -15.3460 
  19   2.0000      -0.554143       -15.0790 
  20   2.0000      -0.529062       -14.3965 
  21   2.0000      -0.513780       -13.9807 
  22   2.0000      -0.512632       -13.9494 
  23   2.0000      -0.495687       -13.4883 
  24   2.0000      -0.487682       -13.2705 
  25   2.0000      -0.477824       -13.0022 
  26   2.0000      -0.470444       -12.8014 
  27   2.0000      -0.459040       -12.4911 
  28   2.0000      -0.435292       -11.8449 
  29   2.0000      -0.352201        -9.5839 
  30   2.0000      -0.304562        -8.2876 
  31   0.0000       0.007953         0.2164 
  32   0.0000       0.069331         1.8866 
  33   0.0000       0.079015         2.1501 
  34   0.0000       0.091815         2.4984 
  35   0.0000       0.104242         2.8366 
  36   0.0000       0.108205         2.9444 
  37   0.0000       0.121409         3.3037 
  38   0.0000       0.144057         3.9200 
  39   0.0000       0.160031         4.3547 
  40   0.0000       0.164051         4.4641 
  41   0.0000       0.171474         4.6660 
  42   0.0000       0.201356         5.4792 
  43   0.0000       0.232008         6.3133 
  44   0.0000       0.234550         6.3824 
  45   0.0000       0.235652         6.4124 
  46   0.0000       0.239925         6.5287 
  47   0.0000       0.241332         6.5670 
  48   0.0000       0.242993         6.6122 
  49   0.0000       0.246206         6.6996 
  50   0.0000       0.252370         6.8673 
  51   0.0000       0.266404         7.2492 
  52   0.0000       0.267531         7.2799 
  53   0.0000       0.290432         7.9031 
  54   0.0000       0.310189         8.4407 
  55   0.0000       0.311468         8.4755 
  56   0.0000       0.337408         9.1813 
  57   0.0000       0.348130         9.4731 
  58   0.0000       0.420102        11.4316 
  59   0.0000       0.426212        11.5978 
-------
TIMINGS
-------

Total SCF time: 0 days 0 hours 0 min 0 sec 

Total time                  ....       0.077 sec
Sum of individual times     ....       0.067 sec  ( 86.5%)

Fock matrix formation       ....       0.043 sec  ( 56.2%)
Diagonalization             ....       0.006 sec  (  7.2%)
Density matrix formation    ....       0.000 sec  (  0.6%)
Population analysis         ....       0.000 sec  (  0.0%)
Initial guess               ....       0.001 sec  (  1.0%)
Orbital Transformation      ....       0.000 sec  (  0.0%)
Orbital Orthonormalization  ....       0.000 sec  (  0.0%)
DIIS solution               ....       0.002 sec  (  2.6%)
SOSCF solution              ....       0.015 sec  ( 18.9%)

-------------------------   --------------------
FINAL SINGLE POINT ENERGY        -4.830162242924
-------------------------   --------------------


                            ***************************************
                            *     ORCA property calculations      *
                            ***************************************

                                    ---------------------
                                    Active property flags
                                    ---------------------
   (+) Dipole Moment


------------------------------------------------------------------------------
                       ORCA ELECTRIC PROPERTIES CALCULATION
------------------------------------------------------------------------------

Dipole Moment Calculation                       ... on
Quadrupole Moment Calculation                   ... off
Polarizability Calculation                      ... off
GBWName                                         ... /home/mattyjones/Software/morphct/tests/output_EZ/donor_polymer/chromophores/input_orca/single/00018.gbw
Electron density file                           ... /home/mattyjones/Software/morphct/tests/output_EZ/donor_polymer/chromophores/input_orca/single/00018.scfp.tmp
The origin for moment calculation is the CENTER OF MASS  = (-1.311429, -0.906456 -1.895311)

-------------
DIPOLE MOMENT
-------------
                                X             Y             Z
Electronic contribution:    -74.97944     -47.31023    -104.20391
Nuclear contribution   :     40.01761      25.62086      55.92466
                        -----------------------------------------
Total Dipole Moment    :    -34.96182     -21.68937     -48.27926
                        -----------------------------------------
Magnitude (a.u.)       :     63.43220
Magnitude (Debye)      :    161.23185


Timings for individual modules:

Sum of individual times         ...        0.109 sec (=   0.002 min)
STO integral calculation        ...        0.021 sec (=   0.000 min)  19.5 %
SCF iterations                  ...        0.087 sec (=   0.001 min)  80.5 %
                             ****ORCA TERMINATED NORMALLY****
TOTAL RUN TIME: 0 days 0 hours 0 minutes 0 seconds 368 msec

