
                                 *****************
                                 * O   R   C   A *
                                 *****************

           --- An Ab Initio, DFT and Semiempirical electronic structure package ---

                  #######################################################
                  #                        -***-                        #
                  #  Department of molecular theory and spectroscopy    #
                  #              Directorship: Frank Neese              #
                  # Max Planck Institute for Chemical Energy Conversion #
                  #                  D-45470 Muelheim/Ruhr              #
                  #                       Germany                       #
                  #                                                     #
                  #                  All rights reserved                #
                  #                        -***-                        #
                  #######################################################


                         Program Version 3.0.3 - RELEASE   -


 With contributions from (in alphabetic order):
   Ute Becker             : Parallelization
   Dmytro Bykov           : SCF Hessian
   Dmitry Ganyushin       : Spin-Orbit,Spin-Spin,Magnetic field MRCI
   Andreas Hansen         : Spin unrestricted coupled pair/coupled cluster methods
   Dimitrios Liakos       : Extrapolation schemes; parallel MDCI
   Robert Izsak           : Overlap fitted RIJCOSX, COSX-SCS-MP3
   Christian Kollmar      : KDIIS, OOCD, Brueckner-CCSD(T), CCSD density
   Simone Kossmann        : Meta GGA functionals, TD-DFT gradient, OOMP2, MP2 Hessian
   Taras Petrenko         : DFT Hessian,TD-DFT gradient, ASA and ECA modules, normal mode analysis, Resonance Raman, ABS, FL, XAS/XES, NRVS
   Christoph Reimann      : Effective Core Potentials
   Michael Roemelt        : Restricted open shell CIS
   Christoph Riplinger    : Improved optimizer, TS searches, QM/MM, DLPNO-CCSD
   Barbara Sandhoefer     : DKH picture change effects
   Igor Schapiro          : Molecular dynamics
   Kantharuban Sivalingam : CASSCF convergence, NEVPT2
   Boris Wezisla          : Elementary symmetry handling
   Frank Wennmohs         : Technical directorship


 We gratefully acknowledge several colleagues who have allowed us to
 interface, adapt or use parts of their codes:
   Stefan Grimme, W. Hujo, H. Kruse, T. Risthaus : VdW corrections, initial TS optimization,
                                                   DFT functionals, gCP
   Ed Valeev                                     : LibInt (2-el integral package), F12 methods
   Garnet Chan, S. Sharma, R. Olivares           : DMRG
   Ulf Ekstrom                                   : XCFun DFT Library
   Mihaly Kallay                                 : mrcc  (arbitrary order and MRCC methods)
   Andreas Klamt, Michael Diedenhofen            : otool_cosmo (COSMO solvation model)
   Frank Weinhold                                : gennbo (NPA and NBO analysis)
   Christopher J. Cramer and Donald G. Truhlar   : smd solvation model


 Your calculation uses the libint2 library for the computation of 2-el integrals
 For citations please refer to: http://libint.valeyev.net

 This ORCA versions uses:
   CBLAS   interface :  Fast vector & matrix operations
   LAPACKE interface :  Fast linear algebra routines
   SCALAPACK package :  Parallel linear algebra routines


leaving
================================================================================
                                        WARNINGS
                       Please study these warnings very carefully!
================================================================================
Now building the actual basis set

WARNING: Direct SCF is incompatible with Method<>HF and Method<>DFT
  ===> : conventional SCF is chosen

WARNING: The NDO methods need Guess=HUECKEL or Guess=HCORE or Guess=MOREAD
  ===> : Guess is set to Hueckel

WARNING: The NDO methods need %rel::SOCType==1
  ===> : %rel::SOCType is set to 1

WARNING: The NDO methods cannot have frozencore=1
  ===> : %method FrozenCore=0 end


INFO   : the flag for use of LIBINT has been found!

================================================================================
                                       INPUT FILE
================================================================================
NAME = /Users/mattyjones/GoogleDrive/Boise/Code/MorphCT/tests/output_EZ/donor_polymer/chromophores/input_orca/single/00016.inp
|  1> # ================================================================
|  2> # Orca input file made by Matty Jones
|  3> # ================================================================
|  4> ! ZINDO/S 
|  5> ! NOPOP
|  6> ! NOMOPRINT
|  7> * xyz 0   1
|  8>  C  -2.27425  -3.63151  -3.00862
|  9>  C  -1.08161  -3.07594  -2.54296
| 10>  C  -1.25890  -1.93214  -1.70359
| 11>  C  -2.59830  -1.58277  -1.50545
| 12>  S  -3.48031  -2.69184  -2.36710
| 13>  H  -0.05694  -3.50767  -2.79532
| 14>  C  0.13024  -1.29371  -1.16763
| 15>  C  0.56758  0.33932  -1.20968
| 16>  C  0.10470  1.25520  0.12263
| 17>  H  -0.98445  1.01126  0.39816
| 18>  H  0.18646  2.37278  -0.16182
| 19>  H  1.71858  0.39078  -1.29286
| 20>  H  0.10098  0.80455  -2.15534
| 21>  H  0.21279  -1.57791  -0.03254
| 22>  H  1.02269  -1.83126  -1.70271
| 23>  C  1.07790  0.92736  1.38681
| 24>  C  0.73361  1.77322  2.80119
| 25>  C  1.72245  3.11049  3.03789
| 26>  H  1.37477  3.97672  2.35562
| 27>  H  2.81575  2.82621  2.78261
| 28>  H  1.65909  3.43549  4.14705
| 29>  H  -0.35851  2.14093  2.74609
| 30>  H  0.85275  1.05799  3.69628
| 31>  H  2.17442  1.15581  1.09489
| 32>  H  0.99577  -0.19964  1.64164
| 33>  H  -2.38554  -4.47611  -3.63939
| 34>  H  -2.97172  -0.77763  -0.92587
| 35> *
| 36> 
| 37>                          ****END OF INPUT****
================================================================================

                       ****************************
                       * Single Point Calculation *
                       ****************************

---------------------------------
CARTESIAN COORDINATES (ANGSTROEM)
---------------------------------
  C     -2.274250   -3.631510   -3.008620
  C     -1.081610   -3.075940   -2.542960
  C     -1.258900   -1.932140   -1.703590
  C     -2.598300   -1.582770   -1.505450
  S     -3.480310   -2.691840   -2.367100
  H     -0.056940   -3.507670   -2.795320
  C      0.130240   -1.293710   -1.167630
  C      0.567580    0.339320   -1.209680
  C      0.104700    1.255200    0.122630
  H     -0.984450    1.011260    0.398160
  H      0.186460    2.372780   -0.161820
  H      1.718580    0.390780   -1.292860
  H      0.100980    0.804550   -2.155340
  H      0.212790   -1.577910   -0.032540
  H      1.022690   -1.831260   -1.702710
  C      1.077900    0.927360    1.386810
  C      0.733610    1.773220    2.801190
  C      1.722450    3.110490    3.037890
  H      1.374770    3.976720    2.355620
  H      2.815750    2.826210    2.782610
  H      1.659090    3.435490    4.147050
  H     -0.358510    2.140930    2.746090
  H      0.852750    1.057990    3.696280
  H      2.174420    1.155810    1.094890
  H      0.995770   -0.199640    1.641640
  H     -2.385540   -4.476110   -3.639390
  H     -2.971720   -0.777630   -0.925870

----------------------------
CARTESIAN COORDINATES (A.U.)
----------------------------
  NO LB      ZA    FRAG    MASS        X           Y           Z
   0 C     4.0000    0    12.011         -4.297709660070407         -6.862559352596365         -5.685467841038157
   1 C     4.0000    0    12.011         -2.043946683710565         -5.812684204373735         -4.805497969516386
   2 C     4.0000    0    12.011         -2.378976229993464         -3.651215452394607         -3.219318544486905
   3 C     4.0000    0    12.011         -4.910075413767588         -2.991001832986540         -2.844888208311748
   4 S     6.0000    0    32.060         -6.576832761147471         -5.086840396334583         -4.473170731604995
   5 H     1.0000    0     1.008         -0.107601006065476         -6.628535668171557         -5.282389256672753
   6 C     4.0000    0    12.011          0.246117931681904         -2.444757596715262         -2.206500925750471
   7 C     4.0000    0    12.011          1.072570759091024          0.641221871762159         -2.285963909681860
   8 C     4.0000    0    12.011          0.197854326221555          2.371984243297955          0.231737115802763
   9 H     1.0000    0     1.008         -1.860340892538776          1.911004450189205          0.752413357482086
  10 H     1.0000    0     1.008          0.352358334930957          4.483904376045667         -0.305795482991137
  11 H     1.0000    0     1.008          3.247645539234385          0.738467178613747         -2.443151329501429
  12 H     1.0000    0     1.008          0.190824545003368          1.520379161046343         -4.073002325485830
  13 H     1.0000    0     1.008          0.402114824037103         -2.981817763975682         -0.061491688397798
  14 H     1.0000    0     1.008          1.932604019899925         -3.460579880004631         -3.217655585489054
  15 C     4.0000    0    12.011          2.036935799753717          1.752456427553212          2.620691099783331
  16 C     4.0000    0    12.011          1.386321989105969          3.350900175191842          5.293481949078871
  17 C     4.0000    0    12.011          3.254958779372660          5.877974242300714          5.740780124978031
  18 H     1.0000    0     1.008          2.597938797130919          7.514911711287319          4.451476675587579
  19 H     1.0000    0     1.008          5.320996361588764          5.340762896949581          5.258370837510614
  20 H     1.0000    0     1.008          3.135225731527409          6.492135235825121          7.836788763678127
  21 H     1.0000    0     1.008         -0.677485716272108          4.045771371896025          5.189358039099810
  22 H     1.0000    0     1.008          1.611463960701347          1.999311352427345          6.984956914290444
  23 H     1.0000    0     1.008          4.109058300121048          2.184164362847522          2.069042246769039
  24 H     1.0000    0     1.008          1.881732592374765         -0.377264925376039          3.102250010490484
  25 H     1.0000    0     1.008         -4.508017281514503         -8.458622045306255         -6.877450394531665
  26 H     1.0000    0     1.008         -5.615736946696462         -1.469507733521183         -1.749640735613669

--------------------------------
INTERNAL COORDINATES (ANGSTROEM)
--------------------------------
 C      0   0   0   0.000000     0.000     0.000
 C      1   0   0   1.395667     0.000     0.000
 C      2   1   0   1.429773   114.102     0.000
 C      3   2   1   1.398324   113.693     0.000
 S      1   2   3   1.658044   105.480     0.000
 H      2   1   3   1.140186   122.914   178.988
 C      3   2   1   1.620048   113.775   180.000
 C      7   3   2   1.691101   126.447   131.351
 C      8   7   3   1.681709   115.787    88.597
 H      9   8   7   1.149640   109.577   315.167
 H      9   8   7   1.156106   108.184   196.044
 H      8   7   3   1.155148   107.607   209.333
 H      8   7   3   1.152574   107.788   326.808
 H      7   3   2   1.173036   106.558   253.398
 H      7   3   2   1.171212   108.746     7.374
 C      9   8   7   1.628726   109.927    75.816
 C     16   9   8   1.683593   115.388   180.049
 C     17  16   9   1.679917   113.449   260.959
 H     18  17  16   1.156170   109.649    77.185
 H     18  17  16   1.158140   109.221   316.903
 H     18  17  16   1.157530   109.044   197.426
 H     17  16   9   1.153678   108.276    20.918
 H     17  16   9   1.151926   108.644   139.697
 H     16   9   8   1.157481   109.303    58.338
 H     16   9   8   1.158366   108.918   300.141
 H      1   2   3   1.060003   127.260   180.001
 H      4   3   2   1.060003   127.207   180.000

---------------------------
INTERNAL COORDINATES (A.U.)
---------------------------
 C      0   0   0   0.000000     0.000     0.000
 C      1   0   0   2.637429     0.000     0.000
 C      2   1   0   2.701880   114.102     0.000
 C      3   2   1   2.642450   113.693     0.000
 S      1   2   3   3.133248   105.480     0.000
 H      2   1   3   2.154640   122.914   178.988
 C      3   2   1   3.061447   113.775   180.000
 C      7   3   2   3.195717   126.447   131.351
 C      8   7   3   3.177969   115.787    88.597
 H      9   8   7   2.172504   109.577   315.167
 H      9   8   7   2.184724   108.184   196.044
 H      8   7   3   2.182914   107.607   209.333
 H      8   7   3   2.178050   107.788   326.808
 H      7   3   2   2.216717   106.558   253.398
 H      7   3   2   2.213270   108.746     7.374
 C      9   8   7   3.077846   109.927    75.816
 C     16   9   8   3.181530   115.388   180.049
 C     17  16   9   3.174584   113.449   260.959
 H     18  17  16   2.184844   109.649    77.185
 H     18  17  16   2.188567   109.221   316.903
 H     18  17  16   2.187414   109.044   197.426
 H     17  16   9   2.180135   108.276    20.918
 H     17  16   9   2.176825   108.644   139.697
 H     16   9   8   2.187323   109.303    58.338
 H     16   9   8   2.188995   108.918   300.141
 H      1   2   3   2.003115   127.260   180.001
 H      4   3   2   2.003115   127.207   180.000

----------------------------
SLATER BASIS SET DIM=  60
----------------------------
  0 C     2 shells
 l=0 nsto= 1
    2       1.625000000000        1.000000000000
 l=1 nsto= 1
    2       1.625000000000        1.000000000000
  1 C     2 shells
 l=0 nsto= 1
    2       1.625000000000        1.000000000000
 l=1 nsto= 1
    2       1.625000000000        1.000000000000
  2 C     2 shells
 l=0 nsto= 1
    2       1.625000000000        1.000000000000
 l=1 nsto= 1
    2       1.625000000000        1.000000000000
  3 C     2 shells
 l=0 nsto= 1
    2       1.625000000000        1.000000000000
 l=1 nsto= 1
    2       1.625000000000        1.000000000000
  4 S     2 shells
 l=0 nsto= 1
    3       1.925000000000        1.000000000000
 l=1 nsto= 1
    3       1.925000000000        1.000000000000
  5 H     1 shells
 l=0 nsto= 1
    1       1.200000000000        1.000000000000
  6 C     2 shells
 l=0 nsto= 1
    2       1.625000000000        1.000000000000
 l=1 nsto= 1
    2       1.625000000000        1.000000000000
  7 C     2 shells
 l=0 nsto= 1
    2       1.625000000000        1.000000000000
 l=1 nsto= 1
    2       1.625000000000        1.000000000000
  8 C     2 shells
 l=0 nsto= 1
    2       1.625000000000        1.000000000000
 l=1 nsto= 1
    2       1.625000000000        1.000000000000
  9 H     1 shells
 l=0 nsto= 1
    1       1.200000000000        1.000000000000
 10 H     1 shells
 l=0 nsto= 1
    1       1.200000000000        1.000000000000
 11 H     1 shells
 l=0 nsto= 1
    1       1.200000000000        1.000000000000
 12 H     1 shells
 l=0 nsto= 1
    1       1.200000000000        1.000000000000
 13 H     1 shells
 l=0 nsto= 1
    1       1.200000000000        1.000000000000
 14 H     1 shells
 l=0 nsto= 1
    1       1.200000000000        1.000000000000
 15 C     2 shells
 l=0 nsto= 1
    2       1.625000000000        1.000000000000
 l=1 nsto= 1
    2       1.625000000000        1.000000000000
 16 C     2 shells
 l=0 nsto= 1
    2       1.625000000000        1.000000000000
 l=1 nsto= 1
    2       1.625000000000        1.000000000000
 17 C     2 shells
 l=0 nsto= 1
    2       1.625000000000        1.000000000000
 l=1 nsto= 1
    2       1.625000000000        1.000000000000
 18 H     1 shells
 l=0 nsto= 1
    1       1.200000000000        1.000000000000
 19 H     1 shells
 l=0 nsto= 1
    1       1.200000000000        1.000000000000
 20 H     1 shells
 l=0 nsto= 1
    1       1.200000000000        1.000000000000
 21 H     1 shells
 l=0 nsto= 1
    1       1.200000000000        1.000000000000
 22 H     1 shells
 l=0 nsto= 1
    1       1.200000000000        1.000000000000
 23 H     1 shells
 l=0 nsto= 1
    1       1.200000000000        1.000000000000
 24 H     1 shells
 l=0 nsto= 1
    1       1.200000000000        1.000000000000
 25 H     1 shells
 l=0 nsto= 1
    1       1.200000000000        1.000000000000
 26 H     1 shells
 l=0 nsto= 1
    1       1.200000000000        1.000000000000
------------------------------------------------------------------------------
                           ORCA NDO INTEGRAL CALCULATION
------------------------------------------------------------------------------

--------------
NDO PARAMETERS
--------------

Gamma integral treatment              ... Mataga-Nishimoto
Nuclear repulsuion treatment          ... Direct (ZA*ZB/RAB)
Interaction factors:
s-s (sigma) =    1.0000
s-p (sigma) =    1.0000
s-d (sigma) =    1.0000
p-p (sigma) =    1.2670  p-p(pi) =    0.5850
p-d (sigma) =    1.0000  p-d(pi) =    1.0000
d-d (sigma) =    1.0000  d-d(pi) =    1.0000 d-d (delta) =    1.0000

fGamma parameter for Mataga-Nishimoto gamma integrals:    1.2000

--------------------------
Parameters for Element H :
--------------------------
 One-electron parameters (in eV)
  U(s)  =   -13.060000 Beta(s) =    12.000000 Neff(s) =     1.000000
 One-center electron repulsion parameters (in eV)
  G(s,s)=    12.850000
--------------------------
Parameters for Element C :
--------------------------
 One-electron parameters (in eV)
  U(s)  =   -50.870766 Beta(s) =    17.000000 Neff(s) =     2.000000
  U(p)  =   -41.599980 Beta(p) =    17.000000 Neff(p) =     2.000000 
 One-center electron repulsion parameters (in eV)
  G(s,s)=    11.110000
  G(s,p)=    11.110000 G(p,p)  =    11.110000
 Slater-Condon parameters (in eV)
 F2(p,p)=     4.5098 G1(s,p)=    6.8977
--------------------------
Parameters for Element S :
--------------------------
 One-electron parameters (in eV)
  U(s)  =   -69.509597 Beta(s) =    15.000000 Neff(s) =     2.000000
  U(p)  =   -60.725746 Beta(p) =    15.000000 Neff(p) =     4.000000 
 One-center electron repulsion parameters (in eV)
  G(s,s)=    10.090000
  G(s,p)=    10.090000 G(p,p)  =    10.090000
 Slater-Condon parameters (in eV)
 F2(p,p)=     4.5377 G1(s,p)=    3.0756

 Number of atoms                    ....   27
 Number of basis functions          ....   60

 Overlap integrals                  .... done
 One electron matrix                .... done
 Nuclear repulsion                  .... done
 Integral list                      .... done
 Electron-electron repulsion        .... done
-------------------------------------------------------------------------------
                                 ORCA SCF
-------------------------------------------------------------------------------

------------
SCF SETTINGS
------------
Hamiltonian:
 ZDO-Hamiltonian        Method          .... INDO


General Settings:
 Integral files         IntName         .... /Users/mattyjones/GoogleDrive/Boise/Code/MorphCT/tests/output_EZ/donor_polymer/chromophores/input_orca/single/00016
 Hartree-Fock type      HFTyp           .... RHF
 Total Charge           Charge          ....    0
 Multiplicity           Mult            ....    1
 Number of Electrons    NEL             ....   62
 Basis Dimension        Dim             ....   60
 Nuclear Repulsion      ENuc            ....    293.6887494314 Eh

Convergence Acceleration:
 DIIS                   CNVDIIS         .... on
   Start iteration      DIISMaxIt       ....    12
   Startup error        DIISStart       ....  0.200000
   # of expansion vecs  DIISMaxEq       ....     5
   Bias factor          DIISBfac        ....   1.050
   Max. coefficient     DIISMaxC        ....  10.000
 Newton-Raphson         CNVNR           .... off
 SOSCF                  CNVSOSCF        .... on
   Start iteration      SOSCFMaxIt      ....   150
   Startup grad/error   SOSCFStart      ....  0.003300
 Level Shifting         CNVShift        .... on
   Level shift para.    LevelShift      ....    0.2500
   Turn off err/grad.   ShiftErr        ....    0.0010
 Zerner damping         CNVZerner       .... off
 Static damping         CNVDamp         .... on
   Fraction old density DampFac         ....    0.7000
   Max. Damping (<1)    DampMax         ....    0.9800
   Min. Damping (>=0)   DampMin         ....    0.0000
   Turn off err/grad.   DampErr         ....    0.1000
 Fernandez-Rico         CNVRico         .... off

SCF Procedure:
 Maximum # iterations   MaxIter         ....   125
 SCF integral mode      SCFMode         .... Conventional
 Integral Buffer length BufferLength    .... 1048576
 Integral index format  IndFormat       ....     0
 Integral value format  ValFormat       ....     0
 Integral Storage       Thresh          ....  1.000e-08 Eh

Convergence Tolerance:
 Convergence Check Mode ConvCheckMode   .... Total+1el-Energy
 Energy Change          TolE            ....  1.000e-06 Eh
 1-El. energy change                    ....  1.000e-03 Eh
 Orbital Gradient       TolG            ....  5.000e-05
 Orbital Rotation angle TolX            ....  5.000e-05
 DIIS Error             TolErr          ....  1.000e-06


Diagonalization of the overlap matrix:
Smallest eigenvalue                        ... 1.697e-01
Time for diagonalization                   ...    0.001 sec
Threshold for overlap eigenvalues          ... 1.000e-08
Number of eigenvalues below threshold      ... 0
Time for construction of square roots      ...    0.000 sec
Total time needed                          ...    0.002 sec

-------------------------------
INITIAL GUESS: EXTENDED HUECKEL
-------------------------------
EHT matrix was read from disk
EHT matrix was diagonalized
Initial density was built
                      ------------------
                      INITIAL GUESS DONE
                      ------------------

 InCore treatment chosen:
   Memory dedicated               ...    1024 MB
   Memory needed                  ...      0 MB
   Number of tiny    integrals    ...       0
   Number of small   integrals    ...       0
   Number of regular integrals    ...    1896

--------------
SCF ITERATIONS
--------------
ITER       Energy         Delta-E        Max-DP      RMS-DP      [F,P]     Damp
  0     -6.7650293259   0.000000000000 0.04173581  0.00202580  0.0783290 0.7000
  1     -6.7859242127  -0.020894886793 0.03941547  0.00191028  0.0568815 0.7000
                               ***Turning on DIIS***
  2     -6.8013794951  -0.015455282446 0.10003334  0.00490909  0.0381685 0.0000
  3     -6.8429160784  -0.041536583296 0.01815261  0.00100561  0.0140707 0.0000
  4     -6.8339721260   0.008943952446 0.01142632  0.00069928  0.0065313 0.0000
  5     -6.8428372721  -0.008865146073 0.00778523  0.00047314  0.0037977 0.0000
  6     -6.8436857015  -0.000848429476 0.00586713  0.00033571  0.0021189 0.0000
                      *** Initiating the SOSCF procedure ***
                           *** Shutting down DIIS ***
                      *** Re-Reading the Fockian *** 
                      *** Removing any level shift *** 
ITER      Energy       Delta-E        Grad      Rot      Max-DP    RMS-DP
  7     -6.84181480   0.0018709021  0.003007  0.003007  0.003491  0.000189
  8     -6.84099795   0.0008168508  0.000798  0.002192  0.001729  0.000087
  9     -6.84100508  -0.0000071338  0.000350  0.002134  0.001934  0.000091
 10     -6.84100768  -0.0000025937  0.000030  0.000081  0.000125  0.000006
                 **** Energy Check signals convergence ****
              ***Rediagonalizing the Fockian in SOSCF/NRSCF***

               *****************************************************
               *                     SUCCESS                       *
               *           SCF CONVERGED AFTER  11 CYCLES          *
               *****************************************************


----------------
TOTAL SCF ENERGY
----------------

Total Energy       :           -6.84100770 Eh            -186.15328 eV

Components:
Nuclear Repulsion  :          293.68874943 Eh            7991.67716 eV
Electronic Energy  :         -300.52975713 Eh           -8177.83044 eV

One Electron Energy:         -555.80537285 Eh          -15124.23310 eV
Two Electron Energy:          255.27561572 Eh            6946.40265 eV


---------------
SCF CONVERGENCE
---------------

  Last Energy change         ...   -2.5322e-08  Tolerance :   1.0000e-06
  Last MAX-Density change    ...    4.7117e-05  Tolerance :   1.0000e-05
  Last RMS-Density change    ...    2.0622e-06  Tolerance :   1.0000e-06
  Last Orbital Gradient      ...    1.0965e-05  Tolerance :   5.0000e-05
  Last Orbital Rotation      ...    2.2208e-05  Tolerance :   5.0000e-05

             **** THE GBW FILE WAS UPDATED (/Users/mattyjones/GoogleDrive/Boise/Code/MorphCT/tests/output_EZ/donor_polymer/chromophores/input_orca/single/00016.gbw) ****
             **** DENSITY FILE WAS UPDATED (/Users/mattyjones/GoogleDrive/Boise/Code/MorphCT/tests/output_EZ/donor_polymer/chromophores/input_orca/single/00016.scfp.tmp) ****
             **** ENERGY FILE WAS UPDATED (/Users/mattyjones/GoogleDrive/Boise/Code/MorphCT/tests/output_EZ/donor_polymer/chromophores/input_orca/single/00016.en.tmp) ****
----------------
ORBITAL ENERGIES
----------------

  NO   OCC          E(Eh)            E(eV) 
   0   2.0000      -1.557443       -42.3802 
   1   2.0000      -1.413099       -38.4524 
   2   2.0000      -1.292557       -35.1723 
   3   2.0000      -1.172995       -31.9188 
   4   2.0000      -1.114804       -30.3354 
   5   2.0000      -1.052874       -28.6502 
   6   2.0000      -0.957847       -26.0644 
   7   2.0000      -0.885182       -24.0870 
   8   2.0000      -0.866668       -23.5832 
   9   2.0000      -0.834421       -22.7057 
  10   2.0000      -0.784066       -21.3355 
  11   2.0000      -0.734899       -19.9976 
  12   2.0000      -0.690236       -18.7823 
  13   2.0000      -0.664701       -18.0874 
  14   2.0000      -0.655369       -17.8335 
  15   2.0000      -0.615070       -16.7369 
  16   2.0000      -0.579967       -15.7817 
  17   2.0000      -0.575648       -15.6642 
  18   2.0000      -0.573891       -15.6164 
  19   2.0000      -0.551989       -15.0204 
  20   2.0000      -0.530866       -14.4456 
  21   2.0000      -0.525558       -14.3012 
  22   2.0000      -0.498952       -13.5772 
  23   2.0000      -0.494214       -13.4482 
  24   2.0000      -0.490505       -13.3473 
  25   2.0000      -0.485954       -13.2235 
  26   2.0000      -0.465998       -12.6804 
  27   2.0000      -0.462133       -12.5753 
  28   2.0000      -0.437444       -11.9035 
  29   2.0000      -0.356623        -9.7042 
  30   2.0000      -0.305096        -8.3021 
  31   0.0000       0.007548         0.2054 
  32   0.0000       0.069586         1.8935 
  33   0.0000       0.077382         2.1057 
  34   0.0000       0.087385         2.3779 
  35   0.0000       0.105708         2.8765 
  36   0.0000       0.108825         2.9613 
  37   0.0000       0.122974         3.3463 
  38   0.0000       0.142979         3.8906 
  39   0.0000       0.155456         4.2302 
  40   0.0000       0.166790         4.5386 
  41   0.0000       0.168562         4.5868 
  42   0.0000       0.204016         5.5516 
  43   0.0000       0.229948         6.2572 
  44   0.0000       0.235256         6.4016 
  45   0.0000       0.238900         6.5008 
  46   0.0000       0.239511         6.5174 
  47   0.0000       0.241006         6.5581 
  48   0.0000       0.243169         6.6170 
  49   0.0000       0.244445         6.6517 
  50   0.0000       0.256274         6.9736 
  51   0.0000       0.263371         7.1667 
  52   0.0000       0.267180         7.2703 
  53   0.0000       0.286431         7.7942 
  54   0.0000       0.299254         8.1431 
  55   0.0000       0.310307         8.4439 
  56   0.0000       0.339354         9.2343 
  57   0.0000       0.349521         9.5110 
  58   0.0000       0.419914        11.4264 
  59   0.0000       0.428525        11.6607 
-------
TIMINGS
-------

Total SCF time: 0 days 0 hours 0 min 0 sec 

Total time                  ....       0.065 sec
Sum of individual times     ....       0.055 sec  ( 84.6%)

Fock matrix formation       ....       0.043 sec  ( 65.9%)
Diagonalization             ....       0.005 sec  (  7.6%)
Density matrix formation    ....       0.001 sec  (  1.0%)
Population analysis         ....       0.000 sec  (  0.0%)
Initial guess               ....       0.001 sec  (  0.9%)
Orbital Transformation      ....       0.000 sec  (  0.0%)
Orbital Orthonormalization  ....       0.000 sec  (  0.0%)
DIIS solution               ....       0.004 sec  (  6.4%)
SOSCF solution              ....       0.002 sec  (  2.8%)

-------------------------   --------------------
FINAL SINGLE POINT ENERGY        -6.841007701369
-------------------------   --------------------


                            ***************************************
                            *     ORCA property calculations      *
                            ***************************************

                                    ---------------------
                                    Active property flags
                                    ---------------------
   (+) Dipole Moment


------------------------------------------------------------------------------
                       ORCA ELECTRIC PROPERTIES CALCULATION
------------------------------------------------------------------------------

Dipole Moment Calculation                       ... on
Quadrupole Moment Calculation                   ... off
Polarizability Calculation                      ... off
GBWName                                         ... /Users/mattyjones/GoogleDrive/Boise/Code/MorphCT/tests/output_EZ/donor_polymer/chromophores/input_orca/single/00016.gbw
Electron density file                           ... /Users/mattyjones/GoogleDrive/Boise/Code/MorphCT/tests/output_EZ/donor_polymer/chromophores/input_orca/single/00016.scfp.tmp

-------------
DIPOLE MOMENT
-------------
                                X             Y             Z
Electronic contribution:    -90.16250     -75.51163     -67.02475
Nuclear contribution   :     48.07715      40.93884      36.34804
                        -----------------------------------------
Total Dipole Moment    :    -42.08536     -34.57278     -30.67671
                        -----------------------------------------
Magnitude (a.u.)       :     62.51012
Magnitude (Debye)      :    158.88810


Timings for individual modules:

Sum of individual times         ...        0.128 sec (=   0.002 min)
STO integral calculation        ...        0.033 sec (=   0.001 min)  25.6 %
SCF iterations                  ...        0.096 sec (=   0.002 min)  74.4 %
                             ****ORCA TERMINATED NORMALLY****
TOTAL RUN TIME: 0 days 0 hours 0 minutes 0 seconds 457 msec

