
                                 *****************
                                 * O   R   C   A *
                                 *****************

           --- An Ab Initio, DFT and Semiempirical electronic structure package ---

                  #######################################################
                  #                        -***-                        #
                  #  Department of molecular theory and spectroscopy    #
                  #              Directorship: Frank Neese              #
                  # Max Planck Institute for Chemical Energy Conversion #
                  #                  D-45470 Muelheim/Ruhr              #
                  #                       Germany                       #
                  #                                                     #
                  #                  All rights reserved                #
                  #                        -***-                        #
                  #######################################################


                         Program Version 4.0.1.2 - RELEASE -


 With contributions from (in alphabetic order):
   Daniel Aravena         : Magnetic Properties
   Michael Atanasov       : Ab Initio Ligand Field Theory
   Ute Becker             : Parallelization
   Martin Brehm           : Molecular dynamics
   Dmytro Bykov           : SCF Hessian
   Vijay G. Chilkuri      : MRCI spin determinant printing
   Dipayan Datta          : RHF DLPNO-CCSD density
   Achintya Kumar Dutta   : EOM-CC, STEOM-CC
   Dmitry Ganyushin       : Spin-Orbit,Spin-Spin,Magnetic field MRCI
   Yang Guo               : DLPNO-NEVPT2, CIM, IAO-localization
   Andreas Hansen         : Spin unrestricted coupled pair/coupled cluster methods
   Lee Huntington         : MR-EOM, pCC
   Robert Izsak           : Overlap fitted RIJCOSX, COSX-SCS-MP3, EOM
   Christian Kollmar      : KDIIS, OOCD, Brueckner-CCSD(T), CCSD density
   Simone Kossmann        : Meta GGA functionals, TD-DFT gradient, OOMP2, MP2 Hessian
   Martin Krupicka        : AUTO-CI
   Dagmar Lenk            : GEPOL surface
   Dimitrios Liakos       : Extrapolation schemes; parallel MDCI
   Dimitrios Manganas     : ROCIS; embedding schemes
   Dimitrios Pantazis     : SARC Basis sets
   Taras Petrenko         : DFT Hessian,TD-DFT gradient, ASA, ECA, R-Raman, ABS, FL, XAS/XES, NRVS
   Peter Pinski           : DLPNO-MP2
   Christoph Reimann      : Effective Core Potentials
   Marius Retegan         : Local ZFS, SOC
   Christoph Riplinger    : Optimizer, TS searches, QM/MM, DLPNO-CCSD(T), (RO)-DLPNO pert. Triples
   Tobias Risthaus        : Range-separated hybrids, TD-DFT gradient, RPA, STAB
   Michael Roemelt        : Restricted open shell CIS
   Masaaki Saitow         : Open-shell DLPNO
   Barbara Sandhoefer     : DKH picture change effects
   Kantharuban Sivalingam : CASSCF convergence, NEVPT2, FIC-MRCI
   Georgi Stoychev        : AutoAux
   Boris Wezisla          : Elementary symmetry handling
   Frank Wennmohs         : Technical directorship


 We gratefully acknowledge several colleagues who have allowed us to
 interface, adapt or use parts of their codes:
   Stefan Grimme, W. Hujo, H. Kruse,             : VdW corrections, initial TS optimization,
                  C. Bannwarth                     DFT functionals, gCP, sTDA/sTD-DF
   Ed Valeev                                     : LibInt (2-el integral package), F12 methods
   Garnet Chan, S. Sharma, J. Yang, R. Olivares  : DMRG
   Ulf Ekstrom                                   : XCFun DFT Library
   Mihaly Kallay                                 : mrcc  (arbitrary order and MRCC methods)
   Andreas Klamt, Michael Diedenhofen            : otool_cosmo (COSMO solvation model)
   Jiri Pittner, Ondrej Demel                    : Mk-CCSD
   Frank Weinhold                                : gennbo (NPA and NBO analysis)
   Christopher J. Cramer and Donald G. Truhlar   : smd solvation model


 Your calculation uses the libint2 library for the computation of 2-el integrals
 For citations please refer to: http://libint.valeyev.net

 This ORCA versions uses:
   CBLAS   interface :  Fast vector & matrix operations
   LAPACKE interface :  Fast linear algebra routines
   SCALAPACK package :  Parallel linear algebra routines


leaving
Your calculation utilizes the basis: def2-SVP
   F. Weigend and R. Ahlrichs, Phys. Chem. Chem. Phys. 7, 3297 (2005).

================================================================================
                                        WARNINGS
                       Please study these warnings very carefully!
================================================================================

Warning: TCutStore was < 0. Adjusted to Thresh (uncritical)

WARNING: Direct SCF is incompatible with Method<>HF and Method<>DFT
  ===> : conventional SCF is chosen

WARNING: The NDO methods need Guess=HUECKEL or Guess=HCORE or Guess=MOREAD
  ===> : Guess is set to Hueckel

WARNING: The NDO methods need %rel::SOCType==1
  ===> : %rel::SOCType is set to 1

WARNING: The NDO methods cannot have frozencore=1
  ===> : %method FrozenCore=0 end

INFO   : the flag for use of LIBINT has been found!

================================================================================
                                       INPUT FILE
================================================================================
NAME = /home/mattyjones/Software/morphct/tests/output_EZ/donor_polymer/chromophores/input_orca/single/00012.inp
|  1> # ================================================================
|  2> # Orca input file made by Matty Jones
|  3> # ================================================================
|  4> ! ZINDO/S 
|  5> ! NOPOP
|  6> ! NOMOPRINT
|  7> * xyz 0   1
|  8>  C  1.36168  4.50039  -2.21039
|  9>  C  0.47240  3.47292  -1.89195
| 10>  C  0.86230  2.69372  -0.75833
| 11>  C  2.06551  3.10799  -0.17872
| 12>  S  2.57645  4.39842  -1.08656
| 13>  H  -0.48613  3.25692  -2.47537
| 14>  C  -0.10212  1.47269  -0.29740
| 15>  C  0.24432  0.09271  0.65810
| 16>  C  0.91148  -1.39120  0.17968
| 17>  H  1.60980  -1.18194  -0.71780
| 18>  H  1.55365  -1.77893  1.06253
| 19>  H  -0.85250  -0.23540  0.94303
| 20>  H  0.70661  0.40171  1.64823
| 21>  H  -0.54039  0.99387  -1.27571
| 22>  H  -1.00314  1.95817  0.27174
| 23>  C  -0.17935  -2.52972  -0.23331
| 24>  C  -0.87228  -3.39938  1.04582
| 25>  C  -2.31415  -2.73001  1.60458
| 26>  H  -2.07971  -1.82549  2.28635
| 27>  H  -2.89797  -3.52776  2.20665
| 28>  H  -2.95177  -2.38399  0.70304
| 29>  H  -1.08983  -4.46950  0.67969
| 30>  H  -0.12456  -3.43234  1.92016
| 31>  H  -1.03892  -2.03851  -0.83018
| 32>  H  0.34085  -3.30968  -0.91479
| 33>  H  1.27808  5.19868  -3.00349
| 34>  H  2.54968  2.68567  0.66439
| 35> *
| 36> 
| 37>                          ****END OF INPUT****
================================================================================

                       ****************************
                       * Single Point Calculation *
                       ****************************

---------------------------------
CARTESIAN COORDINATES (ANGSTROEM)
---------------------------------
  C      1.361680    4.500390   -2.210390
  C      0.472400    3.472920   -1.891950
  C      0.862300    2.693720   -0.758330
  C      2.065510    3.107990   -0.178720
  S      2.576450    4.398420   -1.086560
  H     -0.486130    3.256920   -2.475370
  C     -0.102120    1.472690   -0.297400
  C      0.244320    0.092710    0.658100
  C      0.911480   -1.391200    0.179680
  H      1.609800   -1.181940   -0.717800
  H      1.553650   -1.778930    1.062530
  H     -0.852500   -0.235400    0.943030
  H      0.706610    0.401710    1.648230
  H     -0.540390    0.993870   -1.275710
  H     -1.003140    1.958170    0.271740
  C     -0.179350   -2.529720   -0.233310
  C     -0.872280   -3.399380    1.045820
  C     -2.314150   -2.730010    1.604580
  H     -2.079710   -1.825490    2.286350
  H     -2.897970   -3.527760    2.206650
  H     -2.951770   -2.383990    0.703040
  H     -1.089830   -4.469500    0.679690
  H     -0.124560   -3.432340    1.920160
  H     -1.038920   -2.038510   -0.830180
  H      0.340850   -3.309680   -0.914790
  H      1.278080    5.198680   -3.003490
  H      2.549680    2.685670    0.664390

----------------------------
CARTESIAN COORDINATES (A.U.)
----------------------------
  NO LB      ZA    FRAG     MASS         X           Y           Z
   0 C     4.0000    0    12.011    2.573202    8.504505   -4.177032
   1 C     4.0000    0    12.011    0.892707    6.562868   -3.575267
   2 C     4.0000    0    12.011    1.629511    5.090393   -1.433036
   3 C     4.0000    0    12.011    3.903248    5.873250   -0.337732
   4 S     6.0000    0    32.060    4.868785    8.311809   -2.053301
   5 H     1.0000    0     1.008   -0.918653    6.154687   -4.677771
   6 C     4.0000    0    12.011   -0.192979    2.782981   -0.562005
   7 C     4.0000    0    12.011    0.461698    0.175197    1.243629
   8 C     4.0000    0    12.011    1.722448   -2.628987    0.339546
   9 H     1.0000    0     1.008    3.042081   -2.233543   -1.356445
  10 H     1.0000    0     1.008    2.935973   -3.361691    2.007891
  11 H     1.0000    0     1.008   -1.610992   -0.444842    1.782068
  12 H     1.0000    0     1.008    1.335299    0.759122    3.114703
  13 H     1.0000    0     1.008   -1.021189    1.878142   -2.410743
  14 H     1.0000    0     1.008   -1.895660    3.700405    0.513514
  15 C     4.0000    0    12.011   -0.338922   -4.780478   -0.440892
  16 C     4.0000    0    12.011   -1.648370   -6.423897    1.976313
  17 C     4.0000    0    12.011   -4.373110   -5.158971    3.032217
  18 H     1.0000    0     1.008   -3.930082   -3.449676    4.320575
  19 H     1.0000    0     1.008   -5.476370   -6.666500    4.169964
  20 H     1.0000    0     1.008   -5.578037   -4.505088    1.328553
  21 H     1.0000    0     1.008   -2.059480   -8.446131    1.284428
  22 H     1.0000    0     1.008   -0.235384   -6.486183    3.628577
  23 H     1.0000    0     1.008   -1.963274   -3.852226   -1.568813
  24 H     1.0000    0     1.008    0.644113   -6.254389   -1.728703
  25 H     1.0000    0     1.008    2.415221    9.824081   -5.675774
  26 H     1.0000    0     1.008    4.818197    5.075181    1.255515

--------------------------------
INTERNAL COORDINATES (ANGSTROEM)
--------------------------------
 C      0   0   0     0.000000000000     0.00000000     0.00000000
 C      1   0   0     1.395678169529     0.00000000     0.00000000
 C      2   1   0     1.429779337660   114.10113390     0.00000000
 C      3   2   1     1.398313873599   113.69322790     0.00000000
 S      1   2   3     1.658028317822   105.47990211     0.00000000
 H      2   1   3     1.142722476063   123.85752028   180.13065136
 C      3   2   1     1.622799020890   118.24162764   179.87827204
 C      7   3   2     1.713868642574   130.09525582   159.49116728
 C      8   7   3     1.695870587663   128.81373895   275.70349812
 H      9   8   7     1.156248641253   107.35000219    30.12287026
 H      9   8   7     1.158508085557   107.21348892   146.53400780
 H      8   7   3     1.179769210227    99.82574139   162.90614032
 H      8   7   3     1.135583753406   110.44416120    53.73599485
 H      7   3   2     1.174069691884   106.97949186    36.37497978
 H      7   3   2     1.171088472490   106.46086602   282.61348276
 C      9   8   7     1.629938225639   114.79660410   268.13595352
 C     16   9   8     1.694884673776   116.15472680   277.73253210
 C     17  16   9     1.685009801574   113.34544301    92.53828878
 H     18  17  16     1.156688755413   109.43053729   281.39759066
 H     18  17  16     1.157471010350   109.28744140   161.44017066
 H     18  17  16     1.157179102991   109.38657290    41.59786468
 H     17  16   9     1.151753443147   108.30365763   212.65133003
 H     17  16   9     1.150930925642   108.80926990   331.88157173
 H     16   9   8     1.156028393207   109.36832744    39.82351848
 H     16   9   8     1.159034353244   108.58180362   157.96533365
 H      1   2   3     1.060002591553   127.25960736   179.99982849
 H      4   3   2     1.060004360085   127.20633293   180.00034673

---------------------------
INTERNAL COORDINATES (A.U.)
---------------------------
 C      0   0   0     0.000000000000     0.00000000     0.00000000
 C      1   0   0     2.637449511502     0.00000000     0.00000000
 C      2   1   0     2.701891380117   114.10113390     0.00000000
 C      3   2   1     2.642430270365   113.69322790     0.00000000
 S      1   2   3     3.133219442970   105.47990211     0.00000000
 H      2   1   3     2.159432526836   123.85752028   180.13065136
 C      3   2   1     3.066645719877   118.24162764   179.87827204
 C      7   3   2     3.238742363981   130.09525582   159.49116728
 C      8   7   3     3.204730969255   128.81373895   275.70349812
 H      9   8   7     2.184993274687   107.35000219    30.12287026
 H      9   8   7     2.189263005635   107.21348892   146.53400780
 H      8   7   3     2.229440708562    99.82574139   162.90614032
 H      8   7   3     2.145942296068   110.44416120    53.73599485
 H      7   3   2     2.218670179798   106.97949186    36.37497978
 H      7   3   2     2.213036491599   106.46086602   282.61348276
 C      9   8   7     3.080136861668   114.79660410   268.13595352
 C     16   9   8     3.202867862017   116.15472680   277.73253210
 C     17  16   9     3.184207057948   113.34544301    92.53828878
 H     18  17  16     2.185824969918   109.43053729   281.39759066
 H     18  17  16     2.187303217514   109.28744140   161.44017066
 H     18  17  16     2.186751592550   109.38657290    41.59786468
 H     17  16   9     2.176498581348   108.30365763   212.65133003
 H     17  16   9     2.174944248525   108.80926990   331.88157173
 H     16   9   8     2.184577066198   109.36832744    39.82351848
 H     16   9   8     2.190257507438   108.58180362   157.96533365
 H      1   2   3     2.003114599283   127.25960736   179.99982849
 H      4   3   2     2.003117941324   127.20633293   180.00034673

----------------------------
SLATER BASIS SET DIM=  60
----------------------------
  0 C     2 shells
 l=0 nsto= 1
    2       1.625000000000        1.000000000000
 l=1 nsto= 1
    2       1.625000000000        1.000000000000
  1 C     2 shells
 l=0 nsto= 1
    2       1.625000000000        1.000000000000
 l=1 nsto= 1
    2       1.625000000000        1.000000000000
  2 C     2 shells
 l=0 nsto= 1
    2       1.625000000000        1.000000000000
 l=1 nsto= 1
    2       1.625000000000        1.000000000000
  3 C     2 shells
 l=0 nsto= 1
    2       1.625000000000        1.000000000000
 l=1 nsto= 1
    2       1.625000000000        1.000000000000
  4 S     2 shells
 l=0 nsto= 1
    3       1.925000000000        1.000000000000
 l=1 nsto= 1
    3       1.925000000000        1.000000000000
  5 H     1 shells
 l=0 nsto= 1
    1       1.200000000000        1.000000000000
  6 C     2 shells
 l=0 nsto= 1
    2       1.625000000000        1.000000000000
 l=1 nsto= 1
    2       1.625000000000        1.000000000000
  7 C     2 shells
 l=0 nsto= 1
    2       1.625000000000        1.000000000000
 l=1 nsto= 1
    2       1.625000000000        1.000000000000
  8 C     2 shells
 l=0 nsto= 1
    2       1.625000000000        1.000000000000
 l=1 nsto= 1
    2       1.625000000000        1.000000000000
  9 H     1 shells
 l=0 nsto= 1
    1       1.200000000000        1.000000000000
 10 H     1 shells
 l=0 nsto= 1
    1       1.200000000000        1.000000000000
 11 H     1 shells
 l=0 nsto= 1
    1       1.200000000000        1.000000000000
 12 H     1 shells
 l=0 nsto= 1
    1       1.200000000000        1.000000000000
 13 H     1 shells
 l=0 nsto= 1
    1       1.200000000000        1.000000000000
 14 H     1 shells
 l=0 nsto= 1
    1       1.200000000000        1.000000000000
 15 C     2 shells
 l=0 nsto= 1
    2       1.625000000000        1.000000000000
 l=1 nsto= 1
    2       1.625000000000        1.000000000000
 16 C     2 shells
 l=0 nsto= 1
    2       1.625000000000        1.000000000000
 l=1 nsto= 1
    2       1.625000000000        1.000000000000
 17 C     2 shells
 l=0 nsto= 1
    2       1.625000000000        1.000000000000
 l=1 nsto= 1
    2       1.625000000000        1.000000000000
 18 H     1 shells
 l=0 nsto= 1
    1       1.200000000000        1.000000000000
 19 H     1 shells
 l=0 nsto= 1
    1       1.200000000000        1.000000000000
 20 H     1 shells
 l=0 nsto= 1
    1       1.200000000000        1.000000000000
 21 H     1 shells
 l=0 nsto= 1
    1       1.200000000000        1.000000000000
 22 H     1 shells
 l=0 nsto= 1
    1       1.200000000000        1.000000000000
 23 H     1 shells
 l=0 nsto= 1
    1       1.200000000000        1.000000000000
 24 H     1 shells
 l=0 nsto= 1
    1       1.200000000000        1.000000000000
 25 H     1 shells
 l=0 nsto= 1
    1       1.200000000000        1.000000000000
 26 H     1 shells
 l=0 nsto= 1
    1       1.200000000000        1.000000000000
------------------------------------------------------------------------------
                           ORCA NDO INTEGRAL CALCULATION
------------------------------------------------------------------------------

--------------
NDO PARAMETERS
--------------

Gamma integral treatment              ... Mataga-Nishimoto
Nuclear repulsuion treatment          ... Direct (ZA*ZB/RAB)
Interaction factors:
s-s (sigma) =    1.0000
s-p (sigma) =    1.0000
s-d (sigma) =    1.0000
p-p (sigma) =    1.2670  p-p(pi) =    0.5850
p-d (sigma) =    1.0000  p-d(pi) =    1.0000
d-d (sigma) =    1.0000  d-d(pi) =    1.0000 d-d (delta) =    1.0000

fGamma parameter for Mataga-Nishimoto gamma integrals:    1.2000

--------------------------
Parameters for Element H :
--------------------------
 One-electron parameters (in eV)
  U(s)  =   -13.060000 Beta(s) =    12.000000 Neff(s) =     1.000000
 One-center electron repulsion parameters (in eV)
  G(s,s)=    12.850000
--------------------------
Parameters for Element C :
--------------------------
 One-electron parameters (in eV)
  U(s)  =   -50.870766 Beta(s) =    17.000000 Neff(s) =     2.000000
  U(p)  =   -41.599980 Beta(p) =    17.000000 Neff(p) =     2.000000 
 One-center electron repulsion parameters (in eV)
  G(s,s)=    11.110000
  G(s,p)=    11.110000 G(p,p)  =    11.110000
 Slater-Condon parameters (in eV)
 F2(p,p)=     4.5098 G1(s,p)=    6.8977
--------------------------
Parameters for Element S :
--------------------------
 One-electron parameters (in eV)
  U(s)  =   -69.509597 Beta(s) =    15.000000 Neff(s) =     2.000000
  U(p)  =   -60.725746 Beta(p) =    15.000000 Neff(p) =     4.000000 
 One-center electron repulsion parameters (in eV)
  G(s,s)=    10.090000
  G(s,p)=    10.090000 G(p,p)  =    10.090000
 Slater-Condon parameters (in eV)
 F2(p,p)=     4.5377 G1(s,p)=    3.0756

 Number of atoms                    ....   27
 Number of basis functions          ....   60

 Overlap integrals                  .... done
 One electron matrix                .... done
 Nuclear repulsion                  .... done
 Integral list                      .... done
 Electron-electron repulsion        .... done
-------------------------------------------------------------------------------
                                 ORCA SCF
-------------------------------------------------------------------------------

------------
SCF SETTINGS
------------
Hamiltonian:
 ZDO-Hamiltonian        Method          .... INDO


General Settings:
 Integral files         IntName         .... /home/mattyjones/Software/morphct/tests/output_EZ/donor_polymer/chromophores/input_orca/single/00012
 Hartree-Fock type      HFTyp           .... RHF
 Total Charge           Charge          ....    0
 Multiplicity           Mult            ....    1
 Number of Electrons    NEL             ....   62
 Basis Dimension        Dim             ....   60
 Nuclear Repulsion      ENuc            ....    292.8984870450 Eh

Convergence Acceleration:
 DIIS                   CNVDIIS         .... on
   Start iteration      DIISMaxIt       ....    12
   Startup error        DIISStart       ....  0.200000
   # of expansion vecs  DIISMaxEq       ....     5
   Bias factor          DIISBfac        ....   1.050
   Max. coefficient     DIISMaxC        ....  10.000
 Newton-Raphson         CNVNR           .... off
 SOSCF                  CNVSOSCF        .... on
   Start iteration      SOSCFMaxIt      ....   150
   Startup grad/error   SOSCFStart      ....  0.003300
 Level Shifting         CNVShift        .... on
   Level shift para.    LevelShift      ....    0.2500
   Turn off err/grad.   ShiftErr        ....    0.0010
 Zerner damping         CNVZerner       .... off
 Static damping         CNVDamp         .... on
   Fraction old density DampFac         ....    0.7000
   Max. Damping (<1)    DampMax         ....    0.9800
   Min. Damping (>=0)   DampMin         ....    0.0000
   Turn off err/grad.   DampErr         ....    0.1000
 Fernandez-Rico         CNVRico         .... off

SCF Procedure:
 Maximum # iterations   MaxIter         ....   125
 SCF integral mode      SCFMode         .... Conventional
 Integral Buffer length BufferLength    .... 1048576
 Integral index format  IndFormat       ....     0
 Integral value format  ValFormat       ....     0
 Integral Storage       Thresh          ....  1.000e-08 Eh

Convergence Tolerance:
 Convergence Check Mode ConvCheckMode   .... Total+1el-Energy
 Convergence forced     ConvForced      .... 0
 Energy Change          TolE            ....  1.000e-06 Eh
 1-El. energy change                    ....  1.000e-03 Eh
 Orbital Gradient       TolG            ....  5.000e-05
 Orbital Rotation angle TolX            ....  5.000e-05
 DIIS Error             TolErr          ....  1.000e-06


Diagonalization of the overlap matrix:
Smallest eigenvalue                        ... 1.698e-01
Time for diagonalization                   ...    0.001 sec
Threshold for overlap eigenvalues          ... 1.000e-08
Number of eigenvalues below threshold      ... 0
Time for construction of square roots      ...    0.000 sec
Total time needed                          ...    0.001 sec

-------------------------------
INITIAL GUESS: EXTENDED HUECKEL
-------------------------------
EHT matrix was read from disk
EHT matrix was diagonalized
Initial density was built
                      ------------------
                      INITIAL GUESS DONE
                      ------------------

 InCore treatment chosen:
   Memory dedicated               ...    1024 MB
   Memory needed                  ...      0 MB
   Number of tiny    integrals    ...       0
   Number of small   integrals    ...       0
   Number of regular integrals    ...    1896

--------------
SCF ITERATIONS
--------------
ITER       Energy         Delta-E        Max-DP      RMS-DP      [F,P]     Damp
  0     -7.1738306107   0.000000000000 0.03839870  0.00202270  0.0895911 0.7000
  1     -7.1946326110  -0.020802000276 0.03447753  0.00190408  0.0632099 0.7000
                               ***Turning on DIIS***
  2     -7.2100254444  -0.015392833471 0.08352860  0.00488350  0.0404635 0.0000
  3     -7.2513674213  -0.041341976835 0.01465917  0.00099638  0.0161615 0.0000
  4     -7.2426996822   0.008667739106 0.00892293  0.00068543  0.0055996 0.0000
  5     -7.2513380517  -0.008638369514 0.00565125  0.00046235  0.0031582 0.0000
  6     -7.2521692614  -0.000831209707 0.00352563  0.00032779  0.0015409 0.0000
                      *** Initiating the SOSCF procedure ***
                           *** Shutting down DIIS ***
                      *** Re-Reading the Fockian *** 
                      *** Removing any level shift *** 
ITER      Energy       Delta-E        Grad      Rot      Max-DP    RMS-DP
  7     -7.25030562   0.0018636400  0.002990  0.002990  0.003410  0.000309
  8     -7.24950525   0.0008003736  0.000291  0.000767  0.000367  0.000032
                 **** Energy Check signals convergence ****
              ***Rediagonalizing the Fockian in SOSCF/NRSCF***

               *****************************************************
               *                     SUCCESS                       *
               *           SCF CONVERGED AFTER   9 CYCLES          *
               *****************************************************


----------------
TOTAL SCF ENERGY
----------------

Total Energy       :           -7.24950604 Eh            -197.26909 eV

Components:
Nuclear Repulsion  :          292.89848704 Eh            7970.17303 eV
Electronic Energy  :         -300.14799308 Eh           -8167.44212 eV
One Electron Energy:         -555.12184400 Eh          -15105.63333 eV
Two Electron Energy:          254.97385092 Eh            6938.19121 eV


---------------
SCF CONVERGENCE
---------------

  Last Energy change         ...   -7.9145e-07  Tolerance :   1.0000e-06
  Last MAX-Density change    ...    3.5131e-04  Tolerance :   1.0000e-05
  Last RMS-Density change    ...    2.6055e-05  Tolerance :   1.0000e-06
  Last Orbital Gradient      ...    1.3400e-04  Tolerance :   5.0000e-05
  Last Orbital Rotation      ...    5.5059e-04  Tolerance :   5.0000e-05

             **** THE GBW FILE WAS UPDATED (/home/mattyjones/Software/morphct/tests/output_EZ/donor_polymer/chromophores/input_orca/single/00012.gbw) ****
             **** DENSITY FILE WAS UPDATED (/home/mattyjones/Software/morphct/tests/output_EZ/donor_polymer/chromophores/input_orca/single/00012.scfp.tmp) ****
             **** ENERGY FILE WAS UPDATED (/home/mattyjones/Software/morphct/tests/output_EZ/donor_polymer/chromophores/input_orca/single/00012.en.tmp) ****
----------------
ORBITAL ENERGIES
----------------

  NO   OCC          E(Eh)            E(eV) 
   0   2.0000      -1.555462       -42.3263 
   1   2.0000      -1.405107       -38.2349 
   2   2.0000      -1.273660       -34.6580 
   3   2.0000      -1.179780       -32.1034 
   4   2.0000      -1.111844       -30.2548 
   5   2.0000      -1.064132       -28.9565 
   6   2.0000      -0.964261       -26.2389 
   7   2.0000      -0.890840       -24.2410 
   8   2.0000      -0.852313       -23.1926 
   9   2.0000      -0.836571       -22.7642 
  10   2.0000      -0.782820       -21.3016 
  11   2.0000      -0.713186       -19.4068 
  12   2.0000      -0.697155       -18.9705 
  13   2.0000      -0.681929       -18.5562 
  14   2.0000      -0.635513       -17.2932 
  15   2.0000      -0.605622       -16.4798 
  16   2.0000      -0.593777       -16.1575 
  17   2.0000      -0.575981       -15.6732 
  18   2.0000      -0.560531       -15.2528 
  19   2.0000      -0.557877       -15.1806 
  20   2.0000      -0.536115       -14.5884 
  21   2.0000      -0.523187       -14.2366 
  22   2.0000      -0.505584       -13.7576 
  23   2.0000      -0.496962       -13.5230 
  24   2.0000      -0.491828       -13.3833 
  25   2.0000      -0.476734       -12.9726 
  26   2.0000      -0.469783       -12.7834 
  27   2.0000      -0.451427       -12.2839 
  28   2.0000      -0.434435       -11.8216 
  29   2.0000      -0.356844        -9.7102 
  30   2.0000      -0.305705        -8.3187 
  31   0.0000       0.007520         0.2046 
  32   0.0000       0.061723         1.6796 
  33   0.0000       0.073661         2.0044 
  34   0.0000       0.086359         2.3500 
  35   0.0000       0.102743         2.7958 
  36   0.0000       0.106849         2.9075 
  37   0.0000       0.123381         3.3574 
  38   0.0000       0.142609         3.8806 
  39   0.0000       0.161290         4.3889 
  40   0.0000       0.165773         4.5109 
  41   0.0000       0.169440         4.6107 
  42   0.0000       0.202858         5.5201 
  43   0.0000       0.224309         6.1038 
  44   0.0000       0.232062         6.3147 
  45   0.0000       0.233545         6.3551 
  46   0.0000       0.236367         6.4319 
  47   0.0000       0.240336         6.5399 
  48   0.0000       0.244126         6.6430 
  49   0.0000       0.245330         6.6758 
  50   0.0000       0.251936         6.8555 
  51   0.0000       0.260782         7.0962 
  52   0.0000       0.266454         7.2506 
  53   0.0000       0.282681         7.6921 
  54   0.0000       0.305047         8.3007 
  55   0.0000       0.310435         8.4474 
  56   0.0000       0.337566         9.1856 
  57   0.0000       0.354122         9.6362 
  58   0.0000       0.415947        11.3185 
  59   0.0000       0.430615        11.7176 
-------
TIMINGS
-------

Total SCF time: 0 days 0 hours 0 min 0 sec 

Total time                  ....       0.054 sec
Sum of individual times     ....       0.045 sec  ( 82.4%)

Fock matrix formation       ....       0.032 sec  ( 59.7%)
Diagonalization             ....       0.005 sec  ( 10.1%)
Density matrix formation    ....       0.000 sec  (  0.7%)
Population analysis         ....       0.000 sec  (  0.0%)
Initial guess               ....       0.001 sec  (  1.3%)
Orbital Transformation      ....       0.000 sec  (  0.0%)
Orbital Orthonormalization  ....       0.000 sec  (  0.0%)
DIIS solution               ....       0.002 sec  (  3.1%)
SOSCF solution              ....       0.004 sec  (  7.6%)

-------------------------   --------------------
FINAL SINGLE POINT ENERGY        -7.249506039164
-------------------------   --------------------


                            ***************************************
                            *     ORCA property calculations      *
                            ***************************************

                                    ---------------------
                                    Active property flags
                                    ---------------------
   (+) Dipole Moment


------------------------------------------------------------------------------
                       ORCA ELECTRIC PROPERTIES CALCULATION
------------------------------------------------------------------------------

Dipole Moment Calculation                       ... on
Quadrupole Moment Calculation                   ... off
Polarizability Calculation                      ... off
GBWName                                         ... /home/mattyjones/Software/morphct/tests/output_EZ/donor_polymer/chromophores/input_orca/single/00012.gbw
Electron density file                           ... /home/mattyjones/Software/morphct/tests/output_EZ/donor_polymer/chromophores/input_orca/single/00012.scfp.tmp
The origin for moment calculation is the CENTER OF MASS  = ( 1.200984,  2.187155 -0.636061)

-------------
DIPOLE MOMENT
-------------
                                X             Y             Z
Electronic contribution:     67.72153     118.70863     -31.66168
Nuclear contribution   :    -36.22878     -64.05395      17.36647
                        -----------------------------------------
Total Dipole Moment    :     31.49275      54.65468     -14.29521
                        -----------------------------------------
Magnitude (a.u.)       :     64.67828
Magnitude (Debye)      :    164.39913


Timings for individual modules:

Sum of individual times         ...        0.083 sec (=   0.001 min)
STO integral calculation        ...        0.016 sec (=   0.000 min)  19.3 %
SCF iterations                  ...        0.067 sec (=   0.001 min)  80.7 %
                             ****ORCA TERMINATED NORMALLY****
TOTAL RUN TIME: 0 days 0 hours 0 minutes 0 seconds 328 msec

