
                                 *****************
                                 * O   R   C   A *
                                 *****************

           --- An Ab Initio, DFT and Semiempirical electronic structure package ---

                  #######################################################
                  #                        -***-                        #
                  #  Department of molecular theory and spectroscopy    #
                  #              Directorship: Frank Neese              #
                  # Max Planck Institute for Chemical Energy Conversion #
                  #                  D-45470 Muelheim/Ruhr              #
                  #                       Germany                       #
                  #                                                     #
                  #                  All rights reserved                #
                  #                        -***-                        #
                  #######################################################


                         Program Version 3.0.3 - RELEASE   -


 With contributions from (in alphabetic order):
   Ute Becker             : Parallelization
   Dmytro Bykov           : SCF Hessian
   Dmitry Ganyushin       : Spin-Orbit,Spin-Spin,Magnetic field MRCI
   Andreas Hansen         : Spin unrestricted coupled pair/coupled cluster methods
   Dimitrios Liakos       : Extrapolation schemes; parallel MDCI
   Robert Izsak           : Overlap fitted RIJCOSX, COSX-SCS-MP3
   Christian Kollmar      : KDIIS, OOCD, Brueckner-CCSD(T), CCSD density
   Simone Kossmann        : Meta GGA functionals, TD-DFT gradient, OOMP2, MP2 Hessian
   Taras Petrenko         : DFT Hessian,TD-DFT gradient, ASA and ECA modules, normal mode analysis, Resonance Raman, ABS, FL, XAS/XES, NRVS
   Christoph Reimann      : Effective Core Potentials
   Michael Roemelt        : Restricted open shell CIS
   Christoph Riplinger    : Improved optimizer, TS searches, QM/MM, DLPNO-CCSD
   Barbara Sandhoefer     : DKH picture change effects
   Igor Schapiro          : Molecular dynamics
   Kantharuban Sivalingam : CASSCF convergence, NEVPT2
   Boris Wezisla          : Elementary symmetry handling
   Frank Wennmohs         : Technical directorship


 We gratefully acknowledge several colleagues who have allowed us to
 interface, adapt or use parts of their codes:
   Stefan Grimme, W. Hujo, H. Kruse, T. Risthaus : VdW corrections, initial TS optimization,
                                                   DFT functionals, gCP
   Ed Valeev                                     : LibInt (2-el integral package), F12 methods
   Garnet Chan, S. Sharma, R. Olivares           : DMRG
   Ulf Ekstrom                                   : XCFun DFT Library
   Mihaly Kallay                                 : mrcc  (arbitrary order and MRCC methods)
   Andreas Klamt, Michael Diedenhofen            : otool_cosmo (COSMO solvation model)
   Frank Weinhold                                : gennbo (NPA and NBO analysis)
   Christopher J. Cramer and Donald G. Truhlar   : smd solvation model


 Your calculation uses the libint2 library for the computation of 2-el integrals
 For citations please refer to: http://libint.valeyev.net

 This ORCA versions uses:
   CBLAS   interface :  Fast vector & matrix operations
   LAPACKE interface :  Fast linear algebra routines
   SCALAPACK package :  Parallel linear algebra routines


leaving
================================================================================
                                        WARNINGS
                       Please study these warnings very carefully!
================================================================================
Now building the actual basis set

WARNING: Direct SCF is incompatible with Method<>HF and Method<>DFT
  ===> : conventional SCF is chosen

WARNING: The NDO methods need Guess=HUECKEL or Guess=HCORE or Guess=MOREAD
  ===> : Guess is set to Hueckel

WARNING: The NDO methods need %rel::SOCType==1
  ===> : %rel::SOCType is set to 1

WARNING: The NDO methods cannot have frozencore=1
  ===> : %method FrozenCore=0 end


INFO   : the flag for use of LIBINT has been found!

================================================================================
                                       INPUT FILE
================================================================================
NAME = /Users/mattyjones/GoogleDrive/Boise/Code/MorphCT/tests/output_EZ/donor_polymer/chromophores/input_orca/single/00013.inp
|  1> # ================================================================
|  2> # Orca input file made by Matty Jones
|  3> # ================================================================
|  4> ! ZINDO/S 
|  5> ! NOPOP
|  6> ! NOMOPRINT
|  7> * xyz 0   1
|  8>  C  -3.94084  -0.69103  0.06341
|  9>  C  -2.55573  -0.52247  0.09399
| 10>  C  -1.92786  -1.05934  1.26096
| 11>  C  -2.82170  -1.65482  2.15637
| 12>  S  -4.32073  -1.48809  1.46678
| 13>  H  -1.97422  -0.11305  -0.79823
| 14>  C  -0.32894  -0.92127  1.36571
| 15>  C  0.14421  0.68653  1.00899
| 16>  C  1.77794  1.08813  1.02126
| 17>  H  1.83781  2.17365  1.43167
| 18>  H  2.29895  0.38845  1.78259
| 19>  H  -0.25607  0.93410  -0.03989
| 20>  H  -0.38475  1.36082  1.78251
| 21>  H  0.04429  -1.11523  2.44798
| 22>  H  0.20798  -1.63324  0.63804
| 23>  C  2.60562  1.04769  -0.38709
| 24>  C  1.79059  1.10901  -1.87196
| 25>  C  1.34646  -0.36863  -2.54175
| 26>  H  1.75102  -0.43126  -3.62553
| 27>  H  0.19185  -0.45073  -2.55572
| 28>  H  1.78878  -1.23279  -1.91374
| 29>  H  0.84924  1.76004  -1.75205
| 30>  H  2.50415  1.62477  -2.62266
| 31>  H  3.22109  0.06445  -0.40428
| 32>  H  3.34965  1.93643  -0.39272
| 33>  H  -4.60906  -0.37592  -0.69672
| 34>  H  -2.58974  -2.11620  3.08207
| 35> *
| 36> 
| 37>                          ****END OF INPUT****
================================================================================

                       ****************************
                       * Single Point Calculation *
                       ****************************

---------------------------------
CARTESIAN COORDINATES (ANGSTROEM)
---------------------------------
  C     -3.940840   -0.691030    0.063410
  C     -2.555730   -0.522470    0.093990
  C     -1.927860   -1.059340    1.260960
  C     -2.821700   -1.654820    2.156370
  S     -4.320730   -1.488090    1.466780
  H     -1.974220   -0.113050   -0.798230
  C     -0.328940   -0.921270    1.365710
  C      0.144210    0.686530    1.008990
  C      1.777940    1.088130    1.021260
  H      1.837810    2.173650    1.431670
  H      2.298950    0.388450    1.782590
  H     -0.256070    0.934100   -0.039890
  H     -0.384750    1.360820    1.782510
  H      0.044290   -1.115230    2.447980
  H      0.207980   -1.633240    0.638040
  C      2.605620    1.047690   -0.387090
  C      1.790590    1.109010   -1.871960
  C      1.346460   -0.368630   -2.541750
  H      1.751020   -0.431260   -3.625530
  H      0.191850   -0.450730   -2.555720
  H      1.788780   -1.232790   -1.913740
  H      0.849240    1.760040   -1.752050
  H      2.504150    1.624770   -2.622660
  H      3.221090    0.064450   -0.404280
  H      3.349650    1.936430   -0.392720
  H     -4.609060   -0.375920   -0.696720
  H     -2.589740   -2.116200    3.082070

----------------------------
CARTESIAN COORDINATES (A.U.)
----------------------------
  NO LB      ZA    FRAG    MASS        X           Y           Z
   0 C     4.0000    0    12.011         -7.447108337602225         -1.305857450323603          0.119827534151947
   1 C     4.0000    0    12.011         -4.829629772246561         -0.987325213189836          0.177615359327258
   2 C     4.0000    0    12.011         -3.643127424541424         -2.001862482708139          2.382869065829341
   3 C     4.0000    0    12.011         -5.332240232085596         -3.127156600935566          4.074948743403770
   4 S     6.0000    0    32.060         -8.164996398617570         -2.812082562626875          2.771812498713013
   5 H     1.0000    0     1.008         -3.730735128110013         -0.213633539439797         -1.508436091879961
   6 C     4.0000    0    12.011         -0.621606514492057         -1.740947995397632          2.580817878357593
   7 C     4.0000    0    12.011          0.272517405772784          1.297353682720957          1.906714771865204
   8 C     4.0000    0    12.011          3.359819682543950          2.056267698103732          1.929901711528418
   9 H     1.0000    0     1.008          3.472957586181816          4.107603210997929          2.705464214151038
  10 H     1.0000    0     1.008          4.344385895578261          0.734064116721710          3.368606909066684
  11 H     1.0000    0     1.008         -0.483902171113215          1.765193181695841         -0.075381175482119
  12 H     1.0000    0     1.008         -0.727072130026202          2.571577117562717          3.368455730975970
  13 H     1.0000    0     1.008          0.083695970471372         -2.107479276332997          4.626011781316545
  14 H     1.0000    0     1.008          0.393025241332942         -3.086376310965545          1.205720862487115
  15 C     4.0000    0    12.011          4.923908209067892          1.979847173247956         -0.731494089179577
  16 C     4.0000    0    12.011          3.383724718138054          2.095725179780008         -3.537491733655227
  17 C     4.0000    0    12.011          2.544440650279609         -0.696609744747391         -4.803211400894341
  18 H     1.0000    0     1.008          3.308948255018790         -0.814963292514879         -6.851258790315516
  19 H     1.0000    0     1.008          0.362543958792792         -0.851756260342326         -4.829610874985221
  20 H     1.0000    0     1.008          3.380304313835657         -2.329635480636780         -3.616444491530456
  21 H     1.0000    0     1.008          1.604831021971284          3.325993584746760         -3.310894672936729
  22 H     1.0000    0     1.008          4.732157698258902          3.070370330611232         -4.956109142389910
  23 H     1.0000    0     1.008          6.086977952712404          0.121792849331225         -0.763978481421684
  24 H     1.0000    0     1.008          6.329921144489321          3.659322377509130         -0.742133247313554
  25 H     1.0000    0     1.008         -8.709861134811085         -0.710385848263677         -1.316609992025614
  26 H     1.0000    0     1.008         -4.893899358061222         -3.999038444604153          5.824268225574672

--------------------------------
INTERNAL COORDINATES (ANGSTROEM)
--------------------------------
 C      0   0   0   0.000000     0.000     0.000
 C      1   0   0   1.395664     0.000     0.000
 C      2   1   0   1.429779   114.101     0.000
 C      3   2   1   1.398322   113.693     0.000
 S      1   2   3   1.658031   105.480     0.000
 H      2   1   3   1.140980   122.141   172.559
 C      3   2   1   1.608285   117.226   179.312
 C      7   3   2   1.713517   109.969    48.184
 C      8   7   3   1.682411   119.380   181.145
 H      9   8   7   1.162056   105.997   215.492
 H      9   8   7   1.157854   107.308   330.714
 H      8   7   3   1.149637   107.209   302.935
 H      8   7   3   1.154469   106.382    59.471
 H      7   3   2   1.161133   111.465   164.443
 H      7   3   2   1.150951   111.685   287.461
 C      9   8   7   1.634056   118.664    94.557
 C     16   9   8   1.694955   120.703    19.854
 C     17  16   9   1.682049   116.361   269.667
 H     18  17  16   1.158521   109.135   233.450
 H     18  17  16   1.157610   109.297   113.771
 H     18  17  16   1.156208   109.833   353.524
 H     17  16   9   1.150808   108.815    32.970
 H     17  16   9   1.157034   106.737   150.059
 H     16   9   8   1.160112   107.606   258.435
 H     16   9   8   1.159082   108.080   142.019
 H      1   2   3   1.060005   127.260   180.000
 H      4   3   2   1.059999   127.207   180.000

---------------------------
INTERNAL COORDINATES (A.U.)
---------------------------
 C      0   0   0   0.000000     0.000     0.000
 C      1   0   0   2.637422     0.000     0.000
 C      2   1   0   2.701891   114.101     0.000
 C      3   2   1   2.642446   113.693     0.000
 S      1   2   3   3.133225   105.480     0.000
 H      2   1   3   2.156140   122.141   172.559
 C      3   2   1   3.039218   117.226   179.312
 C      7   3   2   3.238078   109.969    48.184
 C      8   7   3   3.179296   119.380   181.145
 H      9   8   7   2.195968   105.997   215.492
 H      9   8   7   2.188028   107.308   330.714
 H      8   7   3   2.172498   107.209   302.935
 H      8   7   3   2.181630   106.382    59.471
 H      7   3   2   2.194223   111.465   164.443
 H      7   3   2   2.174982   111.685   287.461
 C      9   8   7   3.087918   118.664    94.557
 C     16   9   8   3.203001   120.703    19.854
 C     17  16   9   3.178613   116.361   269.667
 H     18  17  16   2.189287   109.135   233.450
 H     18  17  16   2.187565   109.297   113.771
 H     18  17  16   2.184916   109.833   353.524
 H     17  16   9   2.174711   108.815    32.970
 H     17  16   9   2.186477   106.737   150.059
 H     16   9   8   2.192294   107.606   258.435
 H     16   9   8   2.190348   108.080   142.019
 H      1   2   3   2.003119   127.260   180.000
 H      4   3   2   2.003107   127.207   180.000

----------------------------
SLATER BASIS SET DIM=  60
----------------------------
  0 C     2 shells
 l=0 nsto= 1
    2       1.625000000000        1.000000000000
 l=1 nsto= 1
    2       1.625000000000        1.000000000000
  1 C     2 shells
 l=0 nsto= 1
    2       1.625000000000        1.000000000000
 l=1 nsto= 1
    2       1.625000000000        1.000000000000
  2 C     2 shells
 l=0 nsto= 1
    2       1.625000000000        1.000000000000
 l=1 nsto= 1
    2       1.625000000000        1.000000000000
  3 C     2 shells
 l=0 nsto= 1
    2       1.625000000000        1.000000000000
 l=1 nsto= 1
    2       1.625000000000        1.000000000000
  4 S     2 shells
 l=0 nsto= 1
    3       1.925000000000        1.000000000000
 l=1 nsto= 1
    3       1.925000000000        1.000000000000
  5 H     1 shells
 l=0 nsto= 1
    1       1.200000000000        1.000000000000
  6 C     2 shells
 l=0 nsto= 1
    2       1.625000000000        1.000000000000
 l=1 nsto= 1
    2       1.625000000000        1.000000000000
  7 C     2 shells
 l=0 nsto= 1
    2       1.625000000000        1.000000000000
 l=1 nsto= 1
    2       1.625000000000        1.000000000000
  8 C     2 shells
 l=0 nsto= 1
    2       1.625000000000        1.000000000000
 l=1 nsto= 1
    2       1.625000000000        1.000000000000
  9 H     1 shells
 l=0 nsto= 1
    1       1.200000000000        1.000000000000
 10 H     1 shells
 l=0 nsto= 1
    1       1.200000000000        1.000000000000
 11 H     1 shells
 l=0 nsto= 1
    1       1.200000000000        1.000000000000
 12 H     1 shells
 l=0 nsto= 1
    1       1.200000000000        1.000000000000
 13 H     1 shells
 l=0 nsto= 1
    1       1.200000000000        1.000000000000
 14 H     1 shells
 l=0 nsto= 1
    1       1.200000000000        1.000000000000
 15 C     2 shells
 l=0 nsto= 1
    2       1.625000000000        1.000000000000
 l=1 nsto= 1
    2       1.625000000000        1.000000000000
 16 C     2 shells
 l=0 nsto= 1
    2       1.625000000000        1.000000000000
 l=1 nsto= 1
    2       1.625000000000        1.000000000000
 17 C     2 shells
 l=0 nsto= 1
    2       1.625000000000        1.000000000000
 l=1 nsto= 1
    2       1.625000000000        1.000000000000
 18 H     1 shells
 l=0 nsto= 1
    1       1.200000000000        1.000000000000
 19 H     1 shells
 l=0 nsto= 1
    1       1.200000000000        1.000000000000
 20 H     1 shells
 l=0 nsto= 1
    1       1.200000000000        1.000000000000
 21 H     1 shells
 l=0 nsto= 1
    1       1.200000000000        1.000000000000
 22 H     1 shells
 l=0 nsto= 1
    1       1.200000000000        1.000000000000
 23 H     1 shells
 l=0 nsto= 1
    1       1.200000000000        1.000000000000
 24 H     1 shells
 l=0 nsto= 1
    1       1.200000000000        1.000000000000
 25 H     1 shells
 l=0 nsto= 1
    1       1.200000000000        1.000000000000
 26 H     1 shells
 l=0 nsto= 1
    1       1.200000000000        1.000000000000
------------------------------------------------------------------------------
                           ORCA NDO INTEGRAL CALCULATION
------------------------------------------------------------------------------

--------------
NDO PARAMETERS
--------------

Gamma integral treatment              ... Mataga-Nishimoto
Nuclear repulsuion treatment          ... Direct (ZA*ZB/RAB)
Interaction factors:
s-s (sigma) =    1.0000
s-p (sigma) =    1.0000
s-d (sigma) =    1.0000
p-p (sigma) =    1.2670  p-p(pi) =    0.5850
p-d (sigma) =    1.0000  p-d(pi) =    1.0000
d-d (sigma) =    1.0000  d-d(pi) =    1.0000 d-d (delta) =    1.0000

fGamma parameter for Mataga-Nishimoto gamma integrals:    1.2000

--------------------------
Parameters for Element H :
--------------------------
 One-electron parameters (in eV)
  U(s)  =   -13.060000 Beta(s) =    12.000000 Neff(s) =     1.000000
 One-center electron repulsion parameters (in eV)
  G(s,s)=    12.850000
--------------------------
Parameters for Element C :
--------------------------
 One-electron parameters (in eV)
  U(s)  =   -50.870766 Beta(s) =    17.000000 Neff(s) =     2.000000
  U(p)  =   -41.599980 Beta(p) =    17.000000 Neff(p) =     2.000000 
 One-center electron repulsion parameters (in eV)
  G(s,s)=    11.110000
  G(s,p)=    11.110000 G(p,p)  =    11.110000
 Slater-Condon parameters (in eV)
 F2(p,p)=     4.5098 G1(s,p)=    6.8977
--------------------------
Parameters for Element S :
--------------------------
 One-electron parameters (in eV)
  U(s)  =   -69.509597 Beta(s) =    15.000000 Neff(s) =     2.000000
  U(p)  =   -60.725746 Beta(p) =    15.000000 Neff(p) =     4.000000 
 One-center electron repulsion parameters (in eV)
  G(s,s)=    10.090000
  G(s,p)=    10.090000 G(p,p)  =    10.090000
 Slater-Condon parameters (in eV)
 F2(p,p)=     4.5377 G1(s,p)=    3.0756

 Number of atoms                    ....   27
 Number of basis functions          ....   60

 Overlap integrals                  .... done
 One electron matrix                .... done
 Nuclear repulsion                  .... done
 Integral list                      .... done
 Electron-electron repulsion        .... done
-------------------------------------------------------------------------------
                                 ORCA SCF
-------------------------------------------------------------------------------

------------
SCF SETTINGS
------------
Hamiltonian:
 ZDO-Hamiltonian        Method          .... INDO


General Settings:
 Integral files         IntName         .... /Users/mattyjones/GoogleDrive/Boise/Code/MorphCT/tests/output_EZ/donor_polymer/chromophores/input_orca/single/00013
 Hartree-Fock type      HFTyp           .... RHF
 Total Charge           Charge          ....    0
 Multiplicity           Mult            ....    1
 Number of Electrons    NEL             ....   62
 Basis Dimension        Dim             ....   60
 Nuclear Repulsion      ENuc            ....    304.1757027669 Eh

Convergence Acceleration:
 DIIS                   CNVDIIS         .... on
   Start iteration      DIISMaxIt       ....    12
   Startup error        DIISStart       ....  0.200000
   # of expansion vecs  DIISMaxEq       ....     5
   Bias factor          DIISBfac        ....   1.050
   Max. coefficient     DIISMaxC        ....  10.000
 Newton-Raphson         CNVNR           .... off
 SOSCF                  CNVSOSCF        .... on
   Start iteration      SOSCFMaxIt      ....   150
   Startup grad/error   SOSCFStart      ....  0.003300
 Level Shifting         CNVShift        .... on
   Level shift para.    LevelShift      ....    0.2500
   Turn off err/grad.   ShiftErr        ....    0.0010
 Zerner damping         CNVZerner       .... off
 Static damping         CNVDamp         .... on
   Fraction old density DampFac         ....    0.7000
   Max. Damping (<1)    DampMax         ....    0.9800
   Min. Damping (>=0)   DampMin         ....    0.0000
   Turn off err/grad.   DampErr         ....    0.1000
 Fernandez-Rico         CNVRico         .... off

SCF Procedure:
 Maximum # iterations   MaxIter         ....   125
 SCF integral mode      SCFMode         .... Conventional
 Integral Buffer length BufferLength    .... 1048576
 Integral index format  IndFormat       ....     0
 Integral value format  ValFormat       ....     0
 Integral Storage       Thresh          ....  1.000e-08 Eh

Convergence Tolerance:
 Convergence Check Mode ConvCheckMode   .... Total+1el-Energy
 Energy Change          TolE            ....  1.000e-06 Eh
 1-El. energy change                    ....  1.000e-03 Eh
 Orbital Gradient       TolG            ....  5.000e-05
 Orbital Rotation angle TolX            ....  5.000e-05
 DIIS Error             TolErr          ....  1.000e-06


Diagonalization of the overlap matrix:
Smallest eigenvalue                        ... 1.697e-01
Time for diagonalization                   ...    0.001 sec
Threshold for overlap eigenvalues          ... 1.000e-08
Number of eigenvalues below threshold      ... 0
Time for construction of square roots      ...    0.000 sec
Total time needed                          ...    0.002 sec

-------------------------------
INITIAL GUESS: EXTENDED HUECKEL
-------------------------------
EHT matrix was read from disk
EHT matrix was diagonalized
Initial density was built
                      ------------------
                      INITIAL GUESS DONE
                      ------------------

 InCore treatment chosen:
   Memory dedicated               ...    1024 MB
   Memory needed                  ...      0 MB
   Number of tiny    integrals    ...       0
   Number of small   integrals    ...       0
   Number of regular integrals    ...    1896

--------------
SCF ITERATIONS
--------------
ITER       Energy         Delta-E        Max-DP      RMS-DP      [F,P]     Damp
  0     -4.2527821204   0.000000000000 0.04243645  0.00203001  0.1010069 0.7000
  1     -4.2734798543  -0.020697733891 0.04101732  0.00191260  0.0693297 0.7000
                               ***Turning on DIIS***
  2     -4.2888008020  -0.015320947718 0.10692417  0.00491402  0.0422900 0.0000
  3     -4.3282921522  -0.039491350216 0.01657925  0.00102725  0.0181231 0.0000
  4     -4.3218615348   0.006430617399 0.01309175  0.00070256  0.0080246 0.0000
  5     -4.3299900894  -0.008128554600 0.00918371  0.00047397  0.0046927 0.0000
  6     -4.3315563461  -0.001566256703 0.00705584  0.00033665  0.0025724 0.0000
                      *** Initiating the SOSCF procedure ***
                           *** Shutting down DIIS ***
                      *** Re-Reading the Fockian *** 
                      *** Removing any level shift *** 
ITER      Energy       Delta-E        Grad      Rot      Max-DP    RMS-DP
  7     -4.32929739   0.0022589600  0.003006  0.003006  0.004214  0.000189
  8     -4.32814478   0.0011526039  0.000804  0.002215  0.002119  0.000088
  9     -4.32815206  -0.0000072732  0.000355  0.002162  0.002371  0.000093
 10     -4.32815471  -0.0000026569  0.000027  0.000072  0.000133  0.000006
                 **** Energy Check signals convergence ****
              ***Rediagonalizing the Fockian in SOSCF/NRSCF***

               *****************************************************
               *                     SUCCESS                       *
               *           SCF CONVERGED AFTER  11 CYCLES          *
               *****************************************************


----------------
TOTAL SCF ENERGY
----------------

Total Energy       :           -4.32815474 Eh            -117.77508 eV

Components:
Nuclear Repulsion  :          304.17570277 Eh            8277.04167 eV
Electronic Energy  :         -308.50385750 Eh           -8394.81675 eV

One Electron Energy:         -571.77570011 Eh          -15558.80779 eV
Two Electron Energy:          263.27184261 Eh            7163.99105 eV


---------------
SCF CONVERGENCE
---------------

  Last Energy change         ...   -2.4265e-08  Tolerance :   1.0000e-06
  Last MAX-Density change    ...    5.0418e-05  Tolerance :   1.0000e-05
  Last RMS-Density change    ...    1.9753e-06  Tolerance :   1.0000e-06
  Last Orbital Gradient      ...    9.2817e-06  Tolerance :   5.0000e-05
  Last Orbital Rotation      ...    2.1903e-05  Tolerance :   5.0000e-05

             **** THE GBW FILE WAS UPDATED (/Users/mattyjones/GoogleDrive/Boise/Code/MorphCT/tests/output_EZ/donor_polymer/chromophores/input_orca/single/00013.gbw) ****
             **** DENSITY FILE WAS UPDATED (/Users/mattyjones/GoogleDrive/Boise/Code/MorphCT/tests/output_EZ/donor_polymer/chromophores/input_orca/single/00013.scfp.tmp) ****
             **** ENERGY FILE WAS UPDATED (/Users/mattyjones/GoogleDrive/Boise/Code/MorphCT/tests/output_EZ/donor_polymer/chromophores/input_orca/single/00013.en.tmp) ****
----------------
ORBITAL ENERGIES
----------------

  NO   OCC          E(Eh)            E(eV) 
   0   2.0000      -1.560997       -42.4769 
   1   2.0000      -1.403071       -38.1795 
   2   2.0000      -1.282388       -34.8956 
   3   2.0000      -1.187694       -32.3188 
   4   2.0000      -1.122770       -30.5521 
   5   2.0000      -1.035217       -28.1697 
   6   2.0000      -0.950594       -25.8670 
   7   2.0000      -0.932027       -25.3618 
   8   2.0000      -0.839875       -22.8542 
   9   2.0000      -0.822424       -22.3793 
  10   2.0000      -0.770936       -20.9782 
  11   2.0000      -0.736204       -20.0331 
  12   2.0000      -0.711661       -19.3653 
  13   2.0000      -0.673885       -18.3373 
  14   2.0000      -0.636306       -17.3148 
  15   2.0000      -0.623011       -16.9530 
  16   2.0000      -0.580705       -15.8018 
  17   2.0000      -0.575102       -15.6493 
  18   2.0000      -0.568076       -15.4581 
  19   2.0000      -0.564332       -15.3563 
  20   2.0000      -0.533668       -14.5218 
  21   2.0000      -0.517407       -14.0794 
  22   2.0000      -0.502548       -13.6750 
  23   2.0000      -0.493912       -13.4400 
  24   2.0000      -0.485344       -13.2069 
  25   2.0000      -0.476369       -12.9627 
  26   2.0000      -0.474630       -12.9153 
  27   2.0000      -0.458125       -12.4662 
  28   2.0000      -0.436600       -11.8805 
  29   2.0000      -0.355135        -9.6637 
  30   2.0000      -0.305008        -8.2997 
  31   0.0000       0.008173         0.2224 
  32   0.0000       0.071433         1.9438 
  33   0.0000       0.076964         2.0943 
  34   0.0000       0.086433         2.3520 
  35   0.0000       0.102543         2.7903 
  36   0.0000       0.107982         2.9383 
  37   0.0000       0.124289         3.3821 
  38   0.0000       0.141077         3.8389 
  39   0.0000       0.161506         4.3948 
  40   0.0000       0.164923         4.4878 
  41   0.0000       0.169827         4.6212 
  42   0.0000       0.204964         5.5773 
  43   0.0000       0.231373         6.2960 
  44   0.0000       0.235735         6.4147 
  45   0.0000       0.237520         6.4633 
  46   0.0000       0.239659         6.5215 
  47   0.0000       0.241693         6.5768 
  48   0.0000       0.242892         6.6094 
  49   0.0000       0.244738         6.6597 
  50   0.0000       0.251693         6.8489 
  51   0.0000       0.256568         6.9816 
  52   0.0000       0.267253         7.2723 
  53   0.0000       0.280800         7.6410 
  54   0.0000       0.307535         8.3685 
  55   0.0000       0.310530         8.4500 
  56   0.0000       0.341545         9.2939 
  57   0.0000       0.353446         9.6177 
  58   0.0000       0.418271        11.3817 
  59   0.0000       0.426172        11.5967 
-------
TIMINGS
-------

Total SCF time: 0 days 0 hours 0 min 0 sec 

Total time                  ....       0.089 sec
Sum of individual times     ....       0.076 sec  ( 86.1%)

Fock matrix formation       ....       0.053 sec  ( 60.4%)
Diagonalization             ....       0.005 sec  (  5.4%)
Density matrix formation    ....       0.001 sec  (  0.8%)
Population analysis         ....       0.000 sec  (  0.0%)
Initial guess               ....       0.001 sec  (  0.7%)
Orbital Transformation      ....       0.000 sec  (  0.0%)
Orbital Orthonormalization  ....       0.000 sec  (  0.0%)
DIIS solution               ....       0.011 sec  ( 12.6%)
SOSCF solution              ....       0.005 sec  (  6.2%)

-------------------------   --------------------
FINAL SINGLE POINT ENERGY        -4.328154736574
-------------------------   --------------------


                            ***************************************
                            *     ORCA property calculations      *
                            ***************************************

                                    ---------------------
                                    Active property flags
                                    ---------------------
   (+) Dipole Moment


------------------------------------------------------------------------------
                       ORCA ELECTRIC PROPERTIES CALCULATION
------------------------------------------------------------------------------

Dipole Moment Calculation                       ... on
Quadrupole Moment Calculation                   ... off
Polarizability Calculation                      ... off
GBWName                                         ... /Users/mattyjones/GoogleDrive/Boise/Code/MorphCT/tests/output_EZ/donor_polymer/chromophores/input_orca/single/00013.gbw
Electron density file                           ... /Users/mattyjones/GoogleDrive/Boise/Code/MorphCT/tests/output_EZ/donor_polymer/chromophores/input_orca/single/00013.scfp.tmp

-------------
DIPOLE MOMENT
-------------
                                X             Y             Z
Electronic contribution:   -112.58652     -38.53434      40.98467
Nuclear contribution   :     60.36166      20.66851     -22.16839
                        -----------------------------------------
Total Dipole Moment    :    -52.22486     -17.86583      18.81629
                        -----------------------------------------
Magnitude (a.u.)       :     58.31532
Magnitude (Debye)      :    148.22577


Timings for individual modules:

Sum of individual times         ...        0.185 sec (=   0.003 min)
STO integral calculation        ...        0.045 sec (=   0.001 min)  24.5 %
SCF iterations                  ...        0.140 sec (=   0.002 min)  75.5 %
                             ****ORCA TERMINATED NORMALLY****
TOTAL RUN TIME: 0 days 0 hours 0 minutes 0 seconds 461 msec

