
                                 *****************
                                 * O   R   C   A *
                                 *****************

           --- An Ab Initio, DFT and Semiempirical electronic structure package ---

                  #######################################################
                  #                        -***-                        #
                  #  Department of molecular theory and spectroscopy    #
                  #              Directorship: Frank Neese              #
                  # Max Planck Institute for Chemical Energy Conversion #
                  #                  D-45470 Muelheim/Ruhr              #
                  #                       Germany                       #
                  #                                                     #
                  #                  All rights reserved                #
                  #                        -***-                        #
                  #######################################################


                         Program Version 3.0.3 - RELEASE   -


 With contributions from (in alphabetic order):
   Ute Becker             : Parallelization
   Dmytro Bykov           : SCF Hessian
   Dmitry Ganyushin       : Spin-Orbit,Spin-Spin,Magnetic field MRCI
   Andreas Hansen         : Spin unrestricted coupled pair/coupled cluster methods
   Dimitrios Liakos       : Extrapolation schemes; parallel MDCI
   Robert Izsak           : Overlap fitted RIJCOSX, COSX-SCS-MP3
   Christian Kollmar      : KDIIS, OOCD, Brueckner-CCSD(T), CCSD density
   Simone Kossmann        : Meta GGA functionals, TD-DFT gradient, OOMP2, MP2 Hessian
   Taras Petrenko         : DFT Hessian,TD-DFT gradient, ASA and ECA modules, normal mode analysis, Resonance Raman, ABS, FL, XAS/XES, NRVS
   Christoph Reimann      : Effective Core Potentials
   Michael Roemelt        : Restricted open shell CIS
   Christoph Riplinger    : Improved optimizer, TS searches, QM/MM, DLPNO-CCSD
   Barbara Sandhoefer     : DKH picture change effects
   Igor Schapiro          : Molecular dynamics
   Kantharuban Sivalingam : CASSCF convergence, NEVPT2
   Boris Wezisla          : Elementary symmetry handling
   Frank Wennmohs         : Technical directorship


 We gratefully acknowledge several colleagues who have allowed us to
 interface, adapt or use parts of their codes:
   Stefan Grimme, W. Hujo, H. Kruse, T. Risthaus : VdW corrections, initial TS optimization,
                                                   DFT functionals, gCP
   Ed Valeev                                     : LibInt (2-el integral package), F12 methods
   Garnet Chan, S. Sharma, R. Olivares           : DMRG
   Ulf Ekstrom                                   : XCFun DFT Library
   Mihaly Kallay                                 : mrcc  (arbitrary order and MRCC methods)
   Andreas Klamt, Michael Diedenhofen            : otool_cosmo (COSMO solvation model)
   Frank Weinhold                                : gennbo (NPA and NBO analysis)
   Christopher J. Cramer and Donald G. Truhlar   : smd solvation model


 Your calculation uses the libint2 library for the computation of 2-el integrals
 For citations please refer to: http://libint.valeyev.net

 This ORCA versions uses:
   CBLAS   interface :  Fast vector & matrix operations
   LAPACKE interface :  Fast linear algebra routines
   SCALAPACK package :  Parallel linear algebra routines


leaving
================================================================================
                                        WARNINGS
                       Please study these warnings very carefully!
================================================================================
Now building the actual basis set

WARNING: Direct SCF is incompatible with Method<>HF and Method<>DFT
  ===> : conventional SCF is chosen

WARNING: The NDO methods need Guess=HUECKEL or Guess=HCORE or Guess=MOREAD
  ===> : Guess is set to Hueckel

WARNING: The NDO methods need %rel::SOCType==1
  ===> : %rel::SOCType is set to 1

WARNING: The NDO methods cannot have frozencore=1
  ===> : %method FrozenCore=0 end


INFO   : the flag for use of LIBINT has been found!

================================================================================
                                       INPUT FILE
================================================================================
NAME = /Users/mattyjones/GoogleDrive/Boise/Code/MorphCT/tests/output_EZ/donor_polymer/chromophores/input_orca/single/00027.inp
|  1> # ================================================================
|  2> # Orca input file made by Matty Jones
|  3> # ================================================================
|  4> ! ZINDO/S 
|  5> ! NOPOP
|  6> ! NOMOPRINT
|  7> * xyz 0   1
|  8>  C  4.80812  -0.30123  0.16287
|  9>  C  3.70463  -0.98164  0.67984
| 10>  C  2.68259  -0.12720  1.19910
| 11>  C  2.98055  1.23478  1.09161
| 12>  S  4.47188  1.30911  0.36992
| 13>  H  3.17813  -1.99423  0.37494
| 14>  C  1.26488  -0.56256  1.84688
| 15>  C  0.13225  -1.13589  0.71898
| 16>  C  -0.67809  0.22931  0.07036
| 17>  H  -1.35351  0.64153  0.91461
| 18>  H  0.13592  1.01602  -0.16727
| 19>  H  0.66401  -1.70114  -0.12255
| 20>  H  -0.63508  -1.80490  1.24651
| 21>  H  0.77072  0.28260  2.46018
| 22>  H  1.44791  -1.44832  2.58708
| 23>  C  -1.58365  -0.01050  -1.26340
| 24>  C  -3.26222  -0.19005  -1.16718
| 25>  C  -4.12193  1.21614  -1.52539
| 26>  H  -3.68529  2.10239  -0.92477
| 27>  H  -5.23460  1.06371  -1.24698
| 28>  H  -4.03448  1.43341  -2.65963
| 29>  H  -3.53443  -0.51500  -0.09680
| 30>  H  -3.58201  -1.00711  -1.91394
| 31>  H  -1.40302  0.89028  -1.97512
| 32>  H  -1.19022  -0.96404  -1.79480
| 33>  H  5.67778  -0.72467  -0.27070
| 34>  H  2.37915  2.04921  1.40566
| 35> *
| 36> 
| 37>                          ****END OF INPUT****
================================================================================

                       ****************************
                       * Single Point Calculation *
                       ****************************

---------------------------------
CARTESIAN COORDINATES (ANGSTROEM)
---------------------------------
  C      4.808120   -0.301230    0.162870
  C      3.704630   -0.981640    0.679840
  C      2.682590   -0.127200    1.199100
  C      2.980550    1.234780    1.091610
  S      4.471880    1.309110    0.369920
  H      3.178130   -1.994230    0.374940
  C      1.264880   -0.562560    1.846880
  C      0.132250   -1.135890    0.718980
  C     -0.678090    0.229310    0.070360
  H     -1.353510    0.641530    0.914610
  H      0.135920    1.016020   -0.167270
  H      0.664010   -1.701140   -0.122550
  H     -0.635080   -1.804900    1.246510
  H      0.770720    0.282600    2.460180
  H      1.447910   -1.448320    2.587080
  C     -1.583650   -0.010500   -1.263400
  C     -3.262220   -0.190050   -1.167180
  C     -4.121930    1.216140   -1.525390
  H     -3.685290    2.102390   -0.924770
  H     -5.234600    1.063710   -1.246980
  H     -4.034480    1.433410   -2.659630
  H     -3.534430   -0.515000   -0.096800
  H     -3.582010   -1.007110   -1.913940
  H     -1.403020    0.890280   -1.975120
  H     -1.190220   -0.964040   -1.794800
  H      5.677780   -0.724670   -0.270700
  H      2.379150    2.049210    1.405660

----------------------------
CARTESIAN COORDINATES (A.U.)
----------------------------
  NO LB      ZA    FRAG    MASS        X           Y           Z
   0 C     4.0000    0    12.011          9.086030019029447         -0.569242203321099          0.307779695431754
   1 C     4.0000    0    12.011          7.000736127508686         -1.855030762102457          1.284711414885024
   2 C     4.0000    0    12.011          5.069360429595810         -0.240373164234783          2.265970607184973
   3 C     4.0000    0    12.011          5.632423228458987          2.333396035643283          2.062843945049778
   4 S     6.0000    0    32.060          8.450628503759766          2.473859379177650          0.699047491460149
   5 H     1.0000    0     1.008          6.005795317999147         -3.768548548049778          0.708533916652434
   6 C     4.0000    0    12.011          2.390276792274313         -1.063084333898739          3.490097402216481
   7 C     4.0000    0    12.011          0.249916281211086         -2.146521018259810          1.358675295766701
   8 C     4.0000    0    12.011         -1.281404394150661          0.433333099769482          0.132961130782699
   9 H     1.0000    0     1.008         -2.557763219523753          1.212316006694501          1.728362419345716
  10 H     1.0000    0     1.008          0.256851576122577          1.919999546586670         -0.316094490421008
  11 H     1.0000    0     1.008          1.254797050185050         -3.214688715458798         -0.231585937712049
  12 H     1.0000    0     1.008         -1.200127273130708         -3.410766699114467          2.355562523194179
  13 H     1.0000    0     1.008          1.456449725935787          0.534036605446146          4.649066440150385
  14 H     1.0000    0     1.008          2.736153366565920         -2.736928154280827          4.888872686544992
  15 C     4.0000    0    12.011         -2.992664791984390         -0.019842124406173         -2.387479997596110
  16 C     4.0000    0    12.011         -6.164702388600586         -0.359142451751734         -2.205650548990207
  17 C     4.0000    0    12.011         -7.789318843194025          2.298171540506991         -2.882569347422138
  18 H     1.0000    0     1.008         -6.964188824078650          3.972941326694701         -1.747562036866356
  19 H     1.0000    0     1.008         -9.891960420624185          2.010120585913374         -2.356450694477122
  20 H     1.0000    0     1.008         -7.624062292782612          2.708752337624062         -5.025972317560979
  21 H     1.0000    0     1.008         -6.679104739515290         -0.973208958969445         -0.182925489763577
  22 H     1.0000    0     1.008         -6.769017908967262         -1.903162086733432         -3.616822436757240
  23 H     1.0000    0     1.008         -2.651323560414194          1.682385382507412         -3.732435881630543
  24 H     1.0000    0     1.008         -2.249189839115752         -1.821771582145443         -3.391680465161862
  25 H     1.0000    0     1.008         10.729449248655405         -1.369427837468713         -0.511548864452483
  26 H     1.0000    0     1.008          4.495941931518746          3.872445690892768          2.656312437407746

--------------------------------
INTERNAL COORDINATES (ANGSTROEM)
--------------------------------
 C      0   0   0   0.000000     0.000     0.000
 C      1   0   0   1.395674     0.000     0.000
 C      2   1   0   1.429778   114.102     0.000
 C      3   2   1   1.398329   113.693     0.000
 S      1   2   3   1.658048   105.479     0.000
 H      2   1   3   1.181315   132.428   146.662
 C      3   2   1   1.618351   127.648   178.860
 C      7   3   2   1.698151   114.158   287.412
 C      8   7   3   1.714972   107.313   274.834
 H      9   8   7   1.157098   106.467   289.122
 H      9   8   7   1.156716   106.654    44.904
 H      8   7   3   1.144748   110.191    34.042
 H      8   7   3   1.146585   109.741   156.766
 H      7   3   2   1.155260   112.980   163.054
 H      7   3   2   1.168746   108.675    44.998
 C      9   8   7   1.629866   117.059   166.999
 C     16   9   8   1.690885   121.373    99.553
 C     17  16   9   1.686649   113.915    99.088
 H     18  17  16   1.156217   109.648   310.843
 H     18  17  16   1.157057   109.222   190.455
 H     18  17  16   1.158168   109.021    70.905
 H     17  16   9   1.151262   108.518   338.506
 H     17  16   9   1.152173   108.298   219.501
 H     16   9   8   1.162143   107.503   221.266
 H     16   9   8   1.160350   107.896   337.151
 H      1   2   3   1.059997   127.260   180.000
 H      4   3   2   1.060003   127.206   180.001

---------------------------
INTERNAL COORDINATES (A.U.)
---------------------------
 C      0   0   0   0.000000     0.000     0.000
 C      1   0   0   2.637442     0.000     0.000
 C      2   1   0   2.701888   114.102     0.000
 C      3   2   1   2.642459   113.693     0.000
 S      1   2   3   3.133256   105.479     0.000
 H      2   1   3   2.232362   132.428   146.662
 C      3   2   1   3.058240   127.648   178.860
 C      7   3   2   3.209040   114.158   287.412
 C      8   7   3   3.240828   107.313   274.834
 H      9   8   7   2.186598   106.467   289.122
 H      9   8   7   2.185877   106.654    44.904
 H      8   7   3   2.163261   110.191    34.042
 H      8   7   3   2.166732   109.741   156.766
 H      7   3   2   2.183126   112.980   163.054
 H      7   3   2   2.208610   108.675    44.998
 C      9   8   7   3.080001   117.059   166.999
 C     16   9   8   3.195310   121.373    99.553
 C     17  16   9   3.187305   113.915    99.088
 H     18  17  16   2.184934   109.648   310.843
 H     18  17  16   2.186521   109.222   190.455
 H     18  17  16   2.188621   109.021    70.905
 H     17  16   9   2.175570   108.518   338.506
 H     17  16   9   2.177292   108.298   219.501
 H     16   9   8   2.196133   107.503   221.266
 H     16   9   8   2.192743   107.896   337.151
 H      1   2   3   2.003103   127.260   180.000
 H      4   3   2   2.003115   127.206   180.001

----------------------------
SLATER BASIS SET DIM=  60
----------------------------
  0 C     2 shells
 l=0 nsto= 1
    2       1.625000000000        1.000000000000
 l=1 nsto= 1
    2       1.625000000000        1.000000000000
  1 C     2 shells
 l=0 nsto= 1
    2       1.625000000000        1.000000000000
 l=1 nsto= 1
    2       1.625000000000        1.000000000000
  2 C     2 shells
 l=0 nsto= 1
    2       1.625000000000        1.000000000000
 l=1 nsto= 1
    2       1.625000000000        1.000000000000
  3 C     2 shells
 l=0 nsto= 1
    2       1.625000000000        1.000000000000
 l=1 nsto= 1
    2       1.625000000000        1.000000000000
  4 S     2 shells
 l=0 nsto= 1
    3       1.925000000000        1.000000000000
 l=1 nsto= 1
    3       1.925000000000        1.000000000000
  5 H     1 shells
 l=0 nsto= 1
    1       1.200000000000        1.000000000000
  6 C     2 shells
 l=0 nsto= 1
    2       1.625000000000        1.000000000000
 l=1 nsto= 1
    2       1.625000000000        1.000000000000
  7 C     2 shells
 l=0 nsto= 1
    2       1.625000000000        1.000000000000
 l=1 nsto= 1
    2       1.625000000000        1.000000000000
  8 C     2 shells
 l=0 nsto= 1
    2       1.625000000000        1.000000000000
 l=1 nsto= 1
    2       1.625000000000        1.000000000000
  9 H     1 shells
 l=0 nsto= 1
    1       1.200000000000        1.000000000000
 10 H     1 shells
 l=0 nsto= 1
    1       1.200000000000        1.000000000000
 11 H     1 shells
 l=0 nsto= 1
    1       1.200000000000        1.000000000000
 12 H     1 shells
 l=0 nsto= 1
    1       1.200000000000        1.000000000000
 13 H     1 shells
 l=0 nsto= 1
    1       1.200000000000        1.000000000000
 14 H     1 shells
 l=0 nsto= 1
    1       1.200000000000        1.000000000000
 15 C     2 shells
 l=0 nsto= 1
    2       1.625000000000        1.000000000000
 l=1 nsto= 1
    2       1.625000000000        1.000000000000
 16 C     2 shells
 l=0 nsto= 1
    2       1.625000000000        1.000000000000
 l=1 nsto= 1
    2       1.625000000000        1.000000000000
 17 C     2 shells
 l=0 nsto= 1
    2       1.625000000000        1.000000000000
 l=1 nsto= 1
    2       1.625000000000        1.000000000000
 18 H     1 shells
 l=0 nsto= 1
    1       1.200000000000        1.000000000000
 19 H     1 shells
 l=0 nsto= 1
    1       1.200000000000        1.000000000000
 20 H     1 shells
 l=0 nsto= 1
    1       1.200000000000        1.000000000000
 21 H     1 shells
 l=0 nsto= 1
    1       1.200000000000        1.000000000000
 22 H     1 shells
 l=0 nsto= 1
    1       1.200000000000        1.000000000000
 23 H     1 shells
 l=0 nsto= 1
    1       1.200000000000        1.000000000000
 24 H     1 shells
 l=0 nsto= 1
    1       1.200000000000        1.000000000000
 25 H     1 shells
 l=0 nsto= 1
    1       1.200000000000        1.000000000000
 26 H     1 shells
 l=0 nsto= 1
    1       1.200000000000        1.000000000000
------------------------------------------------------------------------------
                           ORCA NDO INTEGRAL CALCULATION
------------------------------------------------------------------------------

--------------
NDO PARAMETERS
--------------

Gamma integral treatment              ... Mataga-Nishimoto
Nuclear repulsuion treatment          ... Direct (ZA*ZB/RAB)
Interaction factors:
s-s (sigma) =    1.0000
s-p (sigma) =    1.0000
s-d (sigma) =    1.0000
p-p (sigma) =    1.2670  p-p(pi) =    0.5850
p-d (sigma) =    1.0000  p-d(pi) =    1.0000
d-d (sigma) =    1.0000  d-d(pi) =    1.0000 d-d (delta) =    1.0000

fGamma parameter for Mataga-Nishimoto gamma integrals:    1.2000

--------------------------
Parameters for Element H :
--------------------------
 One-electron parameters (in eV)
  U(s)  =   -13.060000 Beta(s) =    12.000000 Neff(s) =     1.000000
 One-center electron repulsion parameters (in eV)
  G(s,s)=    12.850000
--------------------------
Parameters for Element C :
--------------------------
 One-electron parameters (in eV)
  U(s)  =   -50.870766 Beta(s) =    17.000000 Neff(s) =     2.000000
  U(p)  =   -41.599980 Beta(p) =    17.000000 Neff(p) =     2.000000 
 One-center electron repulsion parameters (in eV)
  G(s,s)=    11.110000
  G(s,p)=    11.110000 G(p,p)  =    11.110000
 Slater-Condon parameters (in eV)
 F2(p,p)=     4.5098 G1(s,p)=    6.8977
--------------------------
Parameters for Element S :
--------------------------
 One-electron parameters (in eV)
  U(s)  =   -69.509597 Beta(s) =    15.000000 Neff(s) =     2.000000
  U(p)  =   -60.725746 Beta(p) =    15.000000 Neff(p) =     4.000000 
 One-center electron repulsion parameters (in eV)
  G(s,s)=    10.090000
  G(s,p)=    10.090000 G(p,p)  =    10.090000
 Slater-Condon parameters (in eV)
 F2(p,p)=     4.5377 G1(s,p)=    3.0756

 Number of atoms                    ....   27
 Number of basis functions          ....   60

 Overlap integrals                  .... done
 One electron matrix                .... done
 Nuclear repulsion                  .... done
 Integral list                      .... done
 Electron-electron repulsion        .... done
-------------------------------------------------------------------------------
                                 ORCA SCF
-------------------------------------------------------------------------------

------------
SCF SETTINGS
------------
Hamiltonian:
 ZDO-Hamiltonian        Method          .... INDO


General Settings:
 Integral files         IntName         .... /Users/mattyjones/GoogleDrive/Boise/Code/MorphCT/tests/output_EZ/donor_polymer/chromophores/input_orca/single/00027
 Hartree-Fock type      HFTyp           .... RHF
 Total Charge           Charge          ....    0
 Multiplicity           Mult            ....    1
 Number of Electrons    NEL             ....   62
 Basis Dimension        Dim             ....   60
 Nuclear Repulsion      ENuc            ....    295.6216292069 Eh

Convergence Acceleration:
 DIIS                   CNVDIIS         .... on
   Start iteration      DIISMaxIt       ....    12
   Startup error        DIISStart       ....  0.200000
   # of expansion vecs  DIISMaxEq       ....     5
   Bias factor          DIISBfac        ....   1.050
   Max. coefficient     DIISMaxC        ....  10.000
 Newton-Raphson         CNVNR           .... off
 SOSCF                  CNVSOSCF        .... on
   Start iteration      SOSCFMaxIt      ....   150
   Startup grad/error   SOSCFStart      ....  0.003300
 Level Shifting         CNVShift        .... on
   Level shift para.    LevelShift      ....    0.2500
   Turn off err/grad.   ShiftErr        ....    0.0010
 Zerner damping         CNVZerner       .... off
 Static damping         CNVDamp         .... on
   Fraction old density DampFac         ....    0.7000
   Max. Damping (<1)    DampMax         ....    0.9800
   Min. Damping (>=0)   DampMin         ....    0.0000
   Turn off err/grad.   DampErr         ....    0.1000
 Fernandez-Rico         CNVRico         .... off

SCF Procedure:
 Maximum # iterations   MaxIter         ....   125
 SCF integral mode      SCFMode         .... Conventional
 Integral Buffer length BufferLength    .... 1048576
 Integral index format  IndFormat       ....     0
 Integral value format  ValFormat       ....     0
 Integral Storage       Thresh          ....  1.000e-08 Eh

Convergence Tolerance:
 Convergence Check Mode ConvCheckMode   .... Total+1el-Energy
 Energy Change          TolE            ....  1.000e-06 Eh
 1-El. energy change                    ....  1.000e-03 Eh
 Orbital Gradient       TolG            ....  5.000e-05
 Orbital Rotation angle TolX            ....  5.000e-05
 DIIS Error             TolErr          ....  1.000e-06


Diagonalization of the overlap matrix:
Smallest eigenvalue                        ... 1.694e-01
Time for diagonalization                   ...    0.001 sec
Threshold for overlap eigenvalues          ... 1.000e-08
Number of eigenvalues below threshold      ... 0
Time for construction of square roots      ...    0.000 sec
Total time needed                          ...    0.002 sec

-------------------------------
INITIAL GUESS: EXTENDED HUECKEL
-------------------------------
EHT matrix was read from disk
EHT matrix was diagonalized
Initial density was built
                      ------------------
                      INITIAL GUESS DONE
                      ------------------

 InCore treatment chosen:
   Memory dedicated               ...    1024 MB
   Memory needed                  ...      0 MB
   Number of tiny    integrals    ...       0
   Number of small   integrals    ...       0
   Number of regular integrals    ...    1896

--------------
SCF ITERATIONS
--------------
ITER       Energy         Delta-E        Max-DP      RMS-DP      [F,P]     Damp
  0     -6.3520168241   0.000000000000 0.04567662  0.00208778  0.1116559 0.7000
  1     -6.3736328615  -0.021616037460 0.04431566  0.00197115  0.0759216 0.7000
                               ***Turning on DIIS***
  2     -6.3896046121  -0.015971750599 0.11605939  0.00506359  0.0454613 0.0000
  3     -6.4323842521  -0.042779639999 0.01997201  0.00105903  0.0225089 0.0000
  4     -6.4226152786   0.009768973477 0.01432921  0.00073618  0.0077630 0.0000
  5     -6.4322133709  -0.009598092297 0.01001941  0.00050164  0.0046866 0.0000
  6     -6.4329804871  -0.000767116134 0.00708777  0.00035885  0.0026874 0.0000
                      *** Initiating the SOSCF procedure ***
                           *** Shutting down DIIS ***
                      *** Re-Reading the Fockian *** 
                      *** Removing any level shift *** 
ITER      Energy       Delta-E        Grad      Rot      Max-DP    RMS-DP
  7     -6.43131672   0.0016637712  0.003118  0.003118  0.004339  0.000206
  8     -6.43048614   0.0008305799  0.000859  0.002403  0.002178  0.000096
  9     -6.43049477  -0.0000086315  0.000377  0.002397  0.002535  0.000107
 10     -6.43049810  -0.0000033315  0.000032  0.000053  0.000093  0.000005
                 **** Energy Check signals convergence ****
              ***Rediagonalizing the Fockian in SOSCF/NRSCF***

               *****************************************************
               *                     SUCCESS                       *
               *           SCF CONVERGED AFTER  11 CYCLES          *
               *****************************************************


----------------
TOTAL SCF ENERGY
----------------

Total Energy       :           -6.43049813 Eh            -174.98275 eV

Components:
Nuclear Repulsion  :          295.62162921 Eh            8044.27349 eV
Electronic Energy  :         -302.05212734 Eh           -8219.25624 eV

One Electron Energy:         -558.93618881 Eh          -15209.42693 eV
Two Electron Energy:          256.88406147 Eh            6990.17069 eV


---------------
SCF CONVERGENCE
---------------

  Last Energy change         ...   -2.9699e-08  Tolerance :   1.0000e-06
  Last MAX-Density change    ...    8.0627e-05  Tolerance :   1.0000e-05
  Last RMS-Density change    ...    2.3072e-06  Tolerance :   1.0000e-06
  Last Orbital Gradient      ...    1.2832e-05  Tolerance :   5.0000e-05
  Last Orbital Rotation      ...    3.5390e-05  Tolerance :   5.0000e-05

             **** THE GBW FILE WAS UPDATED (/Users/mattyjones/GoogleDrive/Boise/Code/MorphCT/tests/output_EZ/donor_polymer/chromophores/input_orca/single/00027.gbw) ****
             **** DENSITY FILE WAS UPDATED (/Users/mattyjones/GoogleDrive/Boise/Code/MorphCT/tests/output_EZ/donor_polymer/chromophores/input_orca/single/00027.scfp.tmp) ****
             **** ENERGY FILE WAS UPDATED (/Users/mattyjones/GoogleDrive/Boise/Code/MorphCT/tests/output_EZ/donor_polymer/chromophores/input_orca/single/00027.en.tmp) ****
----------------
ORBITAL ENERGIES
----------------

  NO   OCC          E(Eh)            E(eV) 
   0   2.0000      -1.560333       -42.4588 
   1   2.0000      -1.395545       -37.9747 
   2   2.0000      -1.300122       -35.3781 
   3   2.0000      -1.173164       -31.9234 
   4   2.0000      -1.107244       -30.1296 
   5   2.0000      -1.032846       -28.1052 
   6   2.0000      -0.959122       -26.0990 
   7   2.0000      -0.917849       -24.9759 
   8   2.0000      -0.856418       -23.3043 
   9   2.0000      -0.819481       -22.2992 
  10   2.0000      -0.771299       -20.9881 
  11   2.0000      -0.734753       -19.9937 
  12   2.0000      -0.696319       -18.9478 
  13   2.0000      -0.668930       -18.2025 
  14   2.0000      -0.646575       -17.5942 
  15   2.0000      -0.622297       -16.9336 
  16   2.0000      -0.584007       -15.8916 
  17   2.0000      -0.577005       -15.7011 
  18   2.0000      -0.566979       -15.4283 
  19   2.0000      -0.549491       -14.9524 
  20   2.0000      -0.530548       -14.4370 
  21   2.0000      -0.524875       -14.2826 
  22   2.0000      -0.508472       -13.8362 
  23   2.0000      -0.504407       -13.7256 
  24   2.0000      -0.480345       -13.0709 
  25   2.0000      -0.473353       -12.8806 
  26   2.0000      -0.470337       -12.7985 
  27   2.0000      -0.460124       -12.5206 
  28   2.0000      -0.435425       -11.8485 
  29   2.0000      -0.352510        -9.5923 
  30   2.0000      -0.303879        -8.2690 
  31   0.0000       0.004891         0.1331 
  32   0.0000       0.062748         1.7074 
  33   0.0000       0.078640         2.1399 
  34   0.0000       0.091308         2.4846 
  35   0.0000       0.103366         2.8127 
  36   0.0000       0.108848         2.9619 
  37   0.0000       0.125661         3.4194 
  38   0.0000       0.140145         3.8135 
  39   0.0000       0.156088         4.2474 
  40   0.0000       0.167794         4.5659 
  41   0.0000       0.172414         4.6916 
  42   0.0000       0.197395         5.3714 
  43   0.0000       0.235142         6.3985 
  44   0.0000       0.235691         6.4135 
  45   0.0000       0.239074         6.5055 
  46   0.0000       0.239288         6.5114 
  47   0.0000       0.241146         6.5619 
  48   0.0000       0.244666         6.6577 
  49   0.0000       0.245961         6.6929 
  50   0.0000       0.252782         6.8785 
  51   0.0000       0.266226         7.2444 
  52   0.0000       0.268324         7.3015 
  53   0.0000       0.276943         7.5360 
  54   0.0000       0.296853         8.0778 
  55   0.0000       0.310039         8.4366 
  56   0.0000       0.342466         9.3190 
  57   0.0000       0.353789         9.6271 
  58   0.0000       0.405247        11.0273 
  59   0.0000       0.433234        11.7889 
-------
TIMINGS
-------

Total SCF time: 0 days 0 hours 0 min 0 sec 

Total time                  ....       0.096 sec
Sum of individual times     ....       0.081 sec  ( 84.2%)

Fock matrix formation       ....       0.061 sec  ( 64.0%)
Diagonalization             ....       0.010 sec  ( 10.0%)
Density matrix formation    ....       0.001 sec  (  0.8%)
Population analysis         ....       0.000 sec  (  0.0%)
Initial guess               ....       0.001 sec  (  0.6%)
Orbital Transformation      ....       0.000 sec  (  0.0%)
Orbital Orthonormalization  ....       0.000 sec  (  0.0%)
DIIS solution               ....       0.006 sec  (  6.8%)
SOSCF solution              ....       0.002 sec  (  2.0%)

-------------------------   --------------------
FINAL SINGLE POINT ENERGY        -6.430498128640
-------------------------   --------------------


                            ***************************************
                            *     ORCA property calculations      *
                            ***************************************

                                    ---------------------
                                    Active property flags
                                    ---------------------
   (+) Dipole Moment


------------------------------------------------------------------------------
                       ORCA ELECTRIC PROPERTIES CALCULATION
------------------------------------------------------------------------------

Dipole Moment Calculation                       ... on
Quadrupole Moment Calculation                   ... off
Polarizability Calculation                      ... off
GBWName                                         ... /Users/mattyjones/GoogleDrive/Boise/Code/MorphCT/tests/output_EZ/donor_polymer/chromophores/input_orca/single/00027.gbw
Electron density file                           ... /Users/mattyjones/GoogleDrive/Boise/Code/MorphCT/tests/output_EZ/donor_polymer/chromophores/input_orca/single/00027.scfp.tmp

-------------
DIPOLE MOMENT
-------------
                                X             Y             Z
Electronic contribution:    122.86762      28.27957      14.31479
Nuclear contribution   :    -66.21601     -14.67826      -8.11192
                        -----------------------------------------
Total Dipole Moment    :     56.65161      13.60131       6.20287
                        -----------------------------------------
Magnitude (a.u.)       :     58.59075
Magnitude (Debye)      :    148.92586


Timings for individual modules:

Sum of individual times         ...        0.168 sec (=   0.003 min)
STO integral calculation        ...        0.041 sec (=   0.001 min)  24.6 %
SCF iterations                  ...        0.126 sec (=   0.002 min)  75.4 %
                             ****ORCA TERMINATED NORMALLY****
TOTAL RUN TIME: 0 days 0 hours 0 minutes 0 seconds 451 msec

