
                                 *****************
                                 * O   R   C   A *
                                 *****************

           --- An Ab Initio, DFT and Semiempirical electronic structure package ---

                  #######################################################
                  #                        -***-                        #
                  #  Department of molecular theory and spectroscopy    #
                  #              Directorship: Frank Neese              #
                  # Max Planck Institute for Chemical Energy Conversion #
                  #                  D-45470 Muelheim/Ruhr              #
                  #                       Germany                       #
                  #                                                     #
                  #                  All rights reserved                #
                  #                        -***-                        #
                  #######################################################


                         Program Version 3.0.3 - RELEASE   -


 With contributions from (in alphabetic order):
   Ute Becker             : Parallelization
   Dmytro Bykov           : SCF Hessian
   Dmitry Ganyushin       : Spin-Orbit,Spin-Spin,Magnetic field MRCI
   Andreas Hansen         : Spin unrestricted coupled pair/coupled cluster methods
   Dimitrios Liakos       : Extrapolation schemes; parallel MDCI
   Robert Izsak           : Overlap fitted RIJCOSX, COSX-SCS-MP3
   Christian Kollmar      : KDIIS, OOCD, Brueckner-CCSD(T), CCSD density
   Simone Kossmann        : Meta GGA functionals, TD-DFT gradient, OOMP2, MP2 Hessian
   Taras Petrenko         : DFT Hessian,TD-DFT gradient, ASA and ECA modules, normal mode analysis, Resonance Raman, ABS, FL, XAS/XES, NRVS
   Christoph Reimann      : Effective Core Potentials
   Michael Roemelt        : Restricted open shell CIS
   Christoph Riplinger    : Improved optimizer, TS searches, QM/MM, DLPNO-CCSD
   Barbara Sandhoefer     : DKH picture change effects
   Igor Schapiro          : Molecular dynamics
   Kantharuban Sivalingam : CASSCF convergence, NEVPT2
   Boris Wezisla          : Elementary symmetry handling
   Frank Wennmohs         : Technical directorship


 We gratefully acknowledge several colleagues who have allowed us to
 interface, adapt or use parts of their codes:
   Stefan Grimme, W. Hujo, H. Kruse, T. Risthaus : VdW corrections, initial TS optimization,
                                                   DFT functionals, gCP
   Ed Valeev                                     : LibInt (2-el integral package), F12 methods
   Garnet Chan, S. Sharma, R. Olivares           : DMRG
   Ulf Ekstrom                                   : XCFun DFT Library
   Mihaly Kallay                                 : mrcc  (arbitrary order and MRCC methods)
   Andreas Klamt, Michael Diedenhofen            : otool_cosmo (COSMO solvation model)
   Frank Weinhold                                : gennbo (NPA and NBO analysis)
   Christopher J. Cramer and Donald G. Truhlar   : smd solvation model


 Your calculation uses the libint2 library for the computation of 2-el integrals
 For citations please refer to: http://libint.valeyev.net

 This ORCA versions uses:
   CBLAS   interface :  Fast vector & matrix operations
   LAPACKE interface :  Fast linear algebra routines
   SCALAPACK package :  Parallel linear algebra routines


leaving
================================================================================
                                        WARNINGS
                       Please study these warnings very carefully!
================================================================================
Now building the actual basis set

WARNING: Direct SCF is incompatible with Method<>HF and Method<>DFT
  ===> : conventional SCF is chosen

WARNING: The NDO methods need Guess=HUECKEL or Guess=HCORE or Guess=MOREAD
  ===> : Guess is set to Hueckel

WARNING: The NDO methods need %rel::SOCType==1
  ===> : %rel::SOCType is set to 1

WARNING: The NDO methods cannot have frozencore=1
  ===> : %method FrozenCore=0 end


INFO   : the flag for use of LIBINT has been found!

================================================================================
                                       INPUT FILE
================================================================================
NAME = /Users/mattyjones/GoogleDrive/Boise/Code/MorphCT/tests/output_EZ/donor_polymer/chromophores/input_orca/single/00022.inp
|  1> # ================================================================
|  2> # Orca input file made by Matty Jones
|  3> # ================================================================
|  4> ! ZINDO/S 
|  5> ! NOPOP
|  6> ! NOMOPRINT
|  7> * xyz 0   1
|  8>  C  -2.50868  -3.53196  -1.58405
|  9>  C  -1.62287  -2.55145  -1.13481
| 10>  C  -2.20910  -1.59880  -0.24428
| 11>  C  -3.56465  -1.82822  0.01094
| 12>  S  -3.96097  -3.17868  -0.86630
| 13>  H  -0.52183  -2.51111  -1.42045
| 14>  C  -1.36224  -0.36105  0.36730
| 15>  C  -0.43149  0.55235  -0.69529
| 16>  C  0.25089  1.82127  0.18756
| 17>  H  0.30449  1.51968  1.29993
| 18>  H  -0.49577  2.70805  0.10347
| 19>  H  0.39028  -0.10160  -1.16127
| 20>  H  -1.11468  0.98122  -1.51568
| 21>  H  -1.94193  0.44077  0.95417
| 22>  H  -0.60960  -0.82585  1.13359
| 23>  C  1.69189  2.30743  -0.37181
| 24>  C  3.00725  1.54914  0.37796
| 25>  C  2.64930  0.51674  1.66208
| 26>  H  2.16867  1.12286  2.52231
| 27>  H  3.63000  0.02949  2.03946
| 28>  H  1.92235  -0.30894  1.30605
| 29>  H  3.55596  0.92785  -0.42323
| 30>  H  3.70913  2.37347  0.77371
| 31>  H  1.80224  3.44709  -0.20454
| 32>  H  1.76378  2.09200  -1.50660
| 33>  H  -2.29752  -4.33349  -2.24478
| 34>  H  -4.20488  -1.25829  0.63455
| 35> *
| 36> 
| 37>                          ****END OF INPUT****
================================================================================

                       ****************************
                       * Single Point Calculation *
                       ****************************

---------------------------------
CARTESIAN COORDINATES (ANGSTROEM)
---------------------------------
  C     -2.508680   -3.531960   -1.584050
  C     -1.622870   -2.551450   -1.134810
  C     -2.209100   -1.598800   -0.244280
  C     -3.564650   -1.828220    0.010940
  S     -3.960970   -3.178680   -0.866300
  H     -0.521830   -2.511110   -1.420450
  C     -1.362240   -0.361050    0.367300
  C     -0.431490    0.552350   -0.695290
  C      0.250890    1.821270    0.187560
  H      0.304490    1.519680    1.299930
  H     -0.495770    2.708050    0.103470
  H      0.390280   -0.101600   -1.161270
  H     -1.114680    0.981220   -1.515680
  H     -1.941930    0.440770    0.954170
  H     -0.609600   -0.825850    1.133590
  C      1.691890    2.307430   -0.371810
  C      3.007250    1.549140    0.377960
  C      2.649300    0.516740    1.662080
  H      2.168670    1.122860    2.522310
  H      3.630000    0.029490    2.039460
  H      1.922350   -0.308940    1.306050
  H      3.555960    0.927850   -0.423230
  H      3.709130    2.373470    0.773710
  H      1.802240    3.447090   -0.204540
  H      1.763780    2.092000   -1.506600
  H     -2.297520   -4.333490   -2.244780
  H     -4.204880   -1.258290    0.634550

----------------------------
CARTESIAN COORDINATES (A.U.)
----------------------------
  NO LB      ZA    FRAG    MASS        X           Y           Z
   0 C     4.0000    0    12.011         -4.740718157645565         -6.674437115964505         -2.993420682437959
   1 C     4.0000    0    12.011         -3.066779850956782         -4.821541744393378         -2.144480114035176
   2 C     4.0000    0    12.011         -4.174594002445437         -3.021294142913297         -0.461622299994283
   3 C     4.0000    0    12.011         -6.736212263282390         -3.454835112557511          0.020673603905098
   4 S     6.0000    0    32.060         -7.485148524678061         -6.006834667372804         -1.637069749815980
   5 H     1.0000    0     1.008         -0.986115788464127         -4.745310192150995         -2.684261486928442
   6 C     4.0000    0    12.011         -2.574260528672886         -0.682285620652268          0.694096408989276
   7 C     4.0000    0    12.011         -0.815397929525681          1.043790230071403         -1.313907683654107
   8 C     4.0000    0    12.011          0.474113389739503          3.441701515926758          0.354437033678270
   9 H     1.0000    0     1.008          0.575402710517682          2.871779011197447          2.456511693268253
  10 H     1.0000    0     1.008         -0.936869525414139          5.117472856965446          0.195529963076832
  11 H     1.0000    0     1.008          0.737522315546786         -0.191996175206399         -2.194482267538732
  12 H     1.0000    0     1.008         -2.106439926959341          1.854237077126210         -2.864220106661763
  13 H     1.0000    0     1.008         -3.669715871245696          0.832934588048470          1.803119985203641
  14 H     1.0000    0     1.008         -1.151977051238395         -1.560630327698866          2.142174648151792
  15 C     4.0000    0    12.011          3.197208748720026          4.360410773193914         -0.702619073853261
  16 C     4.0000    0    12.011          5.682878916234684          2.927450343102768          0.714240889576876
  17 C     4.0000    0    12.011          5.006451446597572          0.976497082442468          3.140876012667834
  18 H     1.0000    0     1.008          4.098192374851001          2.121897886734816          4.766475124850913
  19 H     1.0000    0     1.008          6.859705866134143          0.055728023689338          3.854020861087036
  20 H     1.0000    0     1.008          3.632715033543518         -0.583811991813632          2.468076817207851
  21 H     1.0000    0     1.008          6.719790543178614          1.753382393358833         -0.799788791659491
  22 H     1.0000    0     1.008          7.009239895111333          4.485208287078073          1.462100007076212
  23 H     1.0000    0     1.008          3.405740027598237          6.514056058978608         -0.386524583432253
  24 H     1.0000    0     1.008          3.333061160487625          3.953307072163259         -2.847061393365758
  25 H     1.0000    0     1.008         -4.341683587206754         -8.189109304086406         -4.242019430903747
  26 H     1.0000    0     1.008         -7.946071626002793         -2.377823497051772          1.199125718279730

--------------------------------
INTERNAL COORDINATES (ANGSTROEM)
--------------------------------
 C      0   0   0   0.000000     0.000     0.000
 C      1   0   0   1.395663     0.000     0.000
 C      2   1   0   1.429773   114.101     0.000
 C      3   2   1   1.398316   113.693     0.000
 S      1   2   3   1.658046   105.480     0.000
 H      2   1   3   1.138203   123.923   178.584
 C      3   2   1   1.619638   122.005   181.322
 C      7   3   2   1.682169   117.758    47.667
 C      8   7   3   1.689741   107.528   176.291
 H      9   8   7   1.153775   109.038    24.001
 H      9   8   7   1.162304   106.005   268.656
 H      8   7   3   1.148953   110.052   296.725
 H      8   7   3   1.150529   108.921    57.814
 H      7   3   2   1.150379   117.504   171.560
 H      7   3   2   1.170345   106.259   289.286
 C      9   8   7   1.620410   113.833   149.468
 C     16   9   8   1.693319   113.802   266.871
 C     17  16   9   1.686103   116.520   355.033
 H     18  17  16   1.156885   109.493   296.556
 H     18  17  16   1.158275   109.024   177.069
 H     18  17  16   1.156270   109.646    57.317
 H     17  16   9   1.152818   107.659   115.772
 H     17  16   9   1.152724   107.744   233.812
 H     16   9   8   1.157144   109.293   146.524
 H     16   9   8   1.157293   109.748    27.515
 H      1   2   3   1.060001   127.260   180.001
 H      4   3   2   1.060002   127.206   180.000

---------------------------
INTERNAL COORDINATES (A.U.)
---------------------------
 C      0   0   0   0.000000     0.000     0.000
 C      1   0   0   2.637421     0.000     0.000
 C      2   1   0   2.701880   114.101     0.000
 C      3   2   1   2.642434   113.693     0.000
 S      1   2   3   3.133254   105.480     0.000
 H      2   1   3   2.150892   123.923   178.584
 C      3   2   1   3.060672   122.005   181.322
 C      7   3   2   3.178839   117.758    47.667
 C      8   7   3   3.193148   107.528   176.291
 H      9   8   7   2.180319   109.038    24.001
 H      9   8   7   2.196437   106.005   268.656
 H      8   7   3   2.171207   110.052   296.725
 H      8   7   3   2.174185   108.921    57.814
 H      7   3   2   2.173902   117.504   171.560
 H      7   3   2   2.211631   106.259   289.286
 C      9   8   7   3.062130   113.833   149.468
 C     16   9   8   3.199910   113.802   266.871
 C     17  16   9   3.186272   116.520   355.033
 H     18  17  16   2.186195   109.493   296.556
 H     18  17  16   2.188822   109.024   177.069
 H     18  17  16   2.185034   109.646    57.317
 H     17  16   9   2.178510   107.659   115.772
 H     17  16   9   2.178333   107.744   233.812
 H     16   9   8   2.186684   109.293   146.524
 H     16   9   8   2.186966   109.748    27.515
 H      1   2   3   2.003112   127.260   180.001
 H      4   3   2   2.003113   127.206   180.000

----------------------------
SLATER BASIS SET DIM=  60
----------------------------
  0 C     2 shells
 l=0 nsto= 1
    2       1.625000000000        1.000000000000
 l=1 nsto= 1
    2       1.625000000000        1.000000000000
  1 C     2 shells
 l=0 nsto= 1
    2       1.625000000000        1.000000000000
 l=1 nsto= 1
    2       1.625000000000        1.000000000000
  2 C     2 shells
 l=0 nsto= 1
    2       1.625000000000        1.000000000000
 l=1 nsto= 1
    2       1.625000000000        1.000000000000
  3 C     2 shells
 l=0 nsto= 1
    2       1.625000000000        1.000000000000
 l=1 nsto= 1
    2       1.625000000000        1.000000000000
  4 S     2 shells
 l=0 nsto= 1
    3       1.925000000000        1.000000000000
 l=1 nsto= 1
    3       1.925000000000        1.000000000000
  5 H     1 shells
 l=0 nsto= 1
    1       1.200000000000        1.000000000000
  6 C     2 shells
 l=0 nsto= 1
    2       1.625000000000        1.000000000000
 l=1 nsto= 1
    2       1.625000000000        1.000000000000
  7 C     2 shells
 l=0 nsto= 1
    2       1.625000000000        1.000000000000
 l=1 nsto= 1
    2       1.625000000000        1.000000000000
  8 C     2 shells
 l=0 nsto= 1
    2       1.625000000000        1.000000000000
 l=1 nsto= 1
    2       1.625000000000        1.000000000000
  9 H     1 shells
 l=0 nsto= 1
    1       1.200000000000        1.000000000000
 10 H     1 shells
 l=0 nsto= 1
    1       1.200000000000        1.000000000000
 11 H     1 shells
 l=0 nsto= 1
    1       1.200000000000        1.000000000000
 12 H     1 shells
 l=0 nsto= 1
    1       1.200000000000        1.000000000000
 13 H     1 shells
 l=0 nsto= 1
    1       1.200000000000        1.000000000000
 14 H     1 shells
 l=0 nsto= 1
    1       1.200000000000        1.000000000000
 15 C     2 shells
 l=0 nsto= 1
    2       1.625000000000        1.000000000000
 l=1 nsto= 1
    2       1.625000000000        1.000000000000
 16 C     2 shells
 l=0 nsto= 1
    2       1.625000000000        1.000000000000
 l=1 nsto= 1
    2       1.625000000000        1.000000000000
 17 C     2 shells
 l=0 nsto= 1
    2       1.625000000000        1.000000000000
 l=1 nsto= 1
    2       1.625000000000        1.000000000000
 18 H     1 shells
 l=0 nsto= 1
    1       1.200000000000        1.000000000000
 19 H     1 shells
 l=0 nsto= 1
    1       1.200000000000        1.000000000000
 20 H     1 shells
 l=0 nsto= 1
    1       1.200000000000        1.000000000000
 21 H     1 shells
 l=0 nsto= 1
    1       1.200000000000        1.000000000000
 22 H     1 shells
 l=0 nsto= 1
    1       1.200000000000        1.000000000000
 23 H     1 shells
 l=0 nsto= 1
    1       1.200000000000        1.000000000000
 24 H     1 shells
 l=0 nsto= 1
    1       1.200000000000        1.000000000000
 25 H     1 shells
 l=0 nsto= 1
    1       1.200000000000        1.000000000000
 26 H     1 shells
 l=0 nsto= 1
    1       1.200000000000        1.000000000000
------------------------------------------------------------------------------
                           ORCA NDO INTEGRAL CALCULATION
------------------------------------------------------------------------------

--------------
NDO PARAMETERS
--------------

Gamma integral treatment              ... Mataga-Nishimoto
Nuclear repulsuion treatment          ... Direct (ZA*ZB/RAB)
Interaction factors:
s-s (sigma) =    1.0000
s-p (sigma) =    1.0000
s-d (sigma) =    1.0000
p-p (sigma) =    1.2670  p-p(pi) =    0.5850
p-d (sigma) =    1.0000  p-d(pi) =    1.0000
d-d (sigma) =    1.0000  d-d(pi) =    1.0000 d-d (delta) =    1.0000

fGamma parameter for Mataga-Nishimoto gamma integrals:    1.2000

--------------------------
Parameters for Element H :
--------------------------
 One-electron parameters (in eV)
  U(s)  =   -13.060000 Beta(s) =    12.000000 Neff(s) =     1.000000
 One-center electron repulsion parameters (in eV)
  G(s,s)=    12.850000
--------------------------
Parameters for Element C :
--------------------------
 One-electron parameters (in eV)
  U(s)  =   -50.870766 Beta(s) =    17.000000 Neff(s) =     2.000000
  U(p)  =   -41.599980 Beta(p) =    17.000000 Neff(p) =     2.000000 
 One-center electron repulsion parameters (in eV)
  G(s,s)=    11.110000
  G(s,p)=    11.110000 G(p,p)  =    11.110000
 Slater-Condon parameters (in eV)
 F2(p,p)=     4.5098 G1(s,p)=    6.8977
--------------------------
Parameters for Element S :
--------------------------
 One-electron parameters (in eV)
  U(s)  =   -69.509597 Beta(s) =    15.000000 Neff(s) =     2.000000
  U(p)  =   -60.725746 Beta(p) =    15.000000 Neff(p) =     4.000000 
 One-center electron repulsion parameters (in eV)
  G(s,s)=    10.090000
  G(s,p)=    10.090000 G(p,p)  =    10.090000
 Slater-Condon parameters (in eV)
 F2(p,p)=     4.5377 G1(s,p)=    3.0756

 Number of atoms                    ....   27
 Number of basis functions          ....   60

 Overlap integrals                  .... done
 One electron matrix                .... done
 Nuclear repulsion                  .... done
 Integral list                      .... done
 Electron-electron repulsion        .... done
-------------------------------------------------------------------------------
                                 ORCA SCF
-------------------------------------------------------------------------------

------------
SCF SETTINGS
------------
Hamiltonian:
 ZDO-Hamiltonian        Method          .... INDO


General Settings:
 Integral files         IntName         .... /Users/mattyjones/GoogleDrive/Boise/Code/MorphCT/tests/output_EZ/donor_polymer/chromophores/input_orca/single/00022
 Hartree-Fock type      HFTyp           .... RHF
 Total Charge           Charge          ....    0
 Multiplicity           Mult            ....    1
 Number of Electrons    NEL             ....   62
 Basis Dimension        Dim             ....   60
 Nuclear Repulsion      ENuc            ....    299.5473092580 Eh

Convergence Acceleration:
 DIIS                   CNVDIIS         .... on
   Start iteration      DIISMaxIt       ....    12
   Startup error        DIISStart       ....  0.200000
   # of expansion vecs  DIISMaxEq       ....     5
   Bias factor          DIISBfac        ....   1.050
   Max. coefficient     DIISMaxC        ....  10.000
 Newton-Raphson         CNVNR           .... off
 SOSCF                  CNVSOSCF        .... on
   Start iteration      SOSCFMaxIt      ....   150
   Startup grad/error   SOSCFStart      ....  0.003300
 Level Shifting         CNVShift        .... on
   Level shift para.    LevelShift      ....    0.2500
   Turn off err/grad.   ShiftErr        ....    0.0010
 Zerner damping         CNVZerner       .... off
 Static damping         CNVDamp         .... on
   Fraction old density DampFac         ....    0.7000
   Max. Damping (<1)    DampMax         ....    0.9800
   Min. Damping (>=0)   DampMin         ....    0.0000
   Turn off err/grad.   DampErr         ....    0.1000
 Fernandez-Rico         CNVRico         .... off

SCF Procedure:
 Maximum # iterations   MaxIter         ....   125
 SCF integral mode      SCFMode         .... Conventional
 Integral Buffer length BufferLength    .... 1048576
 Integral index format  IndFormat       ....     0
 Integral value format  ValFormat       ....     0
 Integral Storage       Thresh          ....  1.000e-08 Eh

Convergence Tolerance:
 Convergence Check Mode ConvCheckMode   .... Total+1el-Energy
 Energy Change          TolE            ....  1.000e-06 Eh
 1-El. energy change                    ....  1.000e-03 Eh
 Orbital Gradient       TolG            ....  5.000e-05
 Orbital Rotation angle TolX            ....  5.000e-05
 DIIS Error             TolErr          ....  1.000e-06


Diagonalization of the overlap matrix:
Smallest eigenvalue                        ... 1.698e-01
Time for diagonalization                   ...    0.001 sec
Threshold for overlap eigenvalues          ... 1.000e-08
Number of eigenvalues below threshold      ... 0
Time for construction of square roots      ...    0.000 sec
Total time needed                          ...    0.001 sec

-------------------------------
INITIAL GUESS: EXTENDED HUECKEL
-------------------------------
EHT matrix was read from disk
EHT matrix was diagonalized
Initial density was built
                      ------------------
                      INITIAL GUESS DONE
                      ------------------

 InCore treatment chosen:
   Memory dedicated               ...    1024 MB
   Memory needed                  ...      0 MB
   Number of tiny    integrals    ...       0
   Number of small   integrals    ...       0
   Number of regular integrals    ...    1896

--------------
SCF ITERATIONS
--------------
ITER       Energy         Delta-E        Max-DP      RMS-DP      [F,P]     Damp
  0     -5.2053254096   0.000000000000 0.04111983  0.00202258  0.0893235 0.7000
  1     -5.2260048331  -0.020679423537 0.03857243  0.00190413  0.0640919 0.7000
                               ***Turning on DIIS***
  2     -5.2413030516  -0.015298218543 0.09707703  0.00488511  0.0422030 0.0000
  3     -5.2813159690  -0.040012917389 0.01677814  0.00100499  0.0180501 0.0000
  4     -5.2742361277   0.007079841313 0.01044529  0.00069068  0.0062606 0.0000
  5     -5.2823785924  -0.008142464647 0.00725893  0.00046745  0.0036379 0.0000
  6     -5.2837073759  -0.001328783502 0.00554917  0.00033305  0.0020011 0.0000
                      *** Initiating the SOSCF procedure ***
                           *** Shutting down DIIS ***
                      *** Re-Reading the Fockian *** 
                      *** Removing any level shift *** 
ITER      Energy       Delta-E        Grad      Rot      Max-DP    RMS-DP
  7     -5.28157850   0.0021288732  0.002994  0.002994  0.003293  0.000187
  8     -5.28054090   0.0010376009  0.000795  0.002181  0.001638  0.000087
  9     -5.28054804  -0.0000071345  0.000351  0.002130  0.001832  0.000091
 10     -5.28055064  -0.0000026063  0.000027  0.000059  0.000103  0.000005
                 **** Energy Check signals convergence ****
              ***Rediagonalizing the Fockian in SOSCF/NRSCF***

               *****************************************************
               *                     SUCCESS                       *
               *           SCF CONVERGED AFTER  11 CYCLES          *
               *****************************************************


----------------
TOTAL SCF ENERGY
----------------

Total Energy       :           -5.28055066 Eh            -143.69109 eV

Components:
Nuclear Repulsion  :          299.54730926 Eh            8151.09668 eV
Electronic Energy  :         -304.82785992 Eh           -8294.78777 eV

One Electron Energy:         -564.39156889 Eh          -15357.87537 eV
Two Electron Energy:          259.56370897 Eh            7063.08760 eV


---------------
SCF CONVERGENCE
---------------

  Last Energy change         ...   -2.1883e-08  Tolerance :   1.0000e-06
  Last MAX-Density change    ...    3.4389e-05  Tolerance :   1.0000e-05
  Last RMS-Density change    ...    1.6947e-06  Tolerance :   1.0000e-06
  Last Orbital Gradient      ...    7.3092e-06  Tolerance :   5.0000e-05
  Last Orbital Rotation      ...    1.8841e-05  Tolerance :   5.0000e-05

             **** THE GBW FILE WAS UPDATED (/Users/mattyjones/GoogleDrive/Boise/Code/MorphCT/tests/output_EZ/donor_polymer/chromophores/input_orca/single/00022.gbw) ****
             **** DENSITY FILE WAS UPDATED (/Users/mattyjones/GoogleDrive/Boise/Code/MorphCT/tests/output_EZ/donor_polymer/chromophores/input_orca/single/00022.scfp.tmp) ****
             **** ENERGY FILE WAS UPDATED (/Users/mattyjones/GoogleDrive/Boise/Code/MorphCT/tests/output_EZ/donor_polymer/chromophores/input_orca/single/00022.en.tmp) ****
----------------
ORBITAL ENERGIES
----------------

  NO   OCC          E(Eh)            E(eV) 
   0   2.0000      -1.556976       -42.3675 
   1   2.0000      -1.423954       -38.7478 
   2   2.0000      -1.288258       -35.0553 
   3   2.0000      -1.168540       -31.7976 
   4   2.0000      -1.115929       -30.3660 
   5   2.0000      -1.047170       -28.4949 
   6   2.0000      -0.957482       -26.0544 
   7   2.0000      -0.917994       -24.9799 
   8   2.0000      -0.837351       -22.7855 
   9   2.0000      -0.828739       -22.5511 
  10   2.0000      -0.777945       -21.1690 
  11   2.0000      -0.724392       -19.7117 
  12   2.0000      -0.721495       -19.6329 
  13   2.0000      -0.689513       -18.7626 
  14   2.0000      -0.630683       -17.1618 
  15   2.0000      -0.605986       -16.4897 
  16   2.0000      -0.598629       -16.2895 
  17   2.0000      -0.575909       -15.6713 
  18   2.0000      -0.560665       -15.2565 
  19   2.0000      -0.546912       -14.8822 
  20   2.0000      -0.537270       -14.6199 
  21   2.0000      -0.518424       -14.1070 
  22   2.0000      -0.509136       -13.8543 
  23   2.0000      -0.493524       -13.4295 
  24   2.0000      -0.487535       -13.2665 
  25   2.0000      -0.481230       -13.0949 
  26   2.0000      -0.467620       -12.7246 
  27   2.0000      -0.466229       -12.6867 
  28   2.0000      -0.435633       -11.8542 
  29   2.0000      -0.356291        -9.6952 
  30   2.0000      -0.304668        -8.2904 
  31   0.0000       0.008150         0.2218 
  32   0.0000       0.071394         1.9427 
  33   0.0000       0.079815         2.1719 
  34   0.0000       0.090695         2.4679 
  35   0.0000       0.102829         2.7981 
  36   0.0000       0.107959         2.9377 
  37   0.0000       0.124241         3.3808 
  38   0.0000       0.140061         3.8113 
  39   0.0000       0.157597         4.2884 
  40   0.0000       0.164018         4.4632 
  41   0.0000       0.169766         4.6196 
  42   0.0000       0.208193         5.6652 
  43   0.0000       0.232520         6.3272 
  44   0.0000       0.235327         6.4036 
  45   0.0000       0.236938         6.4474 
  46   0.0000       0.240864         6.5542 
  47   0.0000       0.242325         6.5940 
  48   0.0000       0.243678         6.6308 
  49   0.0000       0.245106         6.6697 
  50   0.0000       0.259086         7.0501 
  51   0.0000       0.266868         7.2618 
  52   0.0000       0.271888         7.3984 
  53   0.0000       0.277890         7.5618 
  54   0.0000       0.304366         8.2822 
  55   0.0000       0.310471         8.4484 
  56   0.0000       0.337299         9.1784 
  57   0.0000       0.352280         9.5860 
  58   0.0000       0.413662        11.2563 
  59   0.0000       0.429884        11.6977 
-------
TIMINGS
-------

Total SCF time: 0 days 0 hours 0 min 0 sec 

Total time                  ....       0.066 sec
Sum of individual times     ....       0.055 sec  ( 83.9%)

Fock matrix formation       ....       0.043 sec  ( 64.6%)
Diagonalization             ....       0.005 sec  (  7.4%)
Density matrix formation    ....       0.001 sec  (  1.2%)
Population analysis         ....       0.000 sec  (  0.0%)
Initial guess               ....       0.001 sec  (  0.8%)
Orbital Transformation      ....       0.000 sec  (  0.0%)
Orbital Orthonormalization  ....       0.000 sec  (  0.0%)
DIIS solution               ....       0.004 sec  (  6.5%)
SOSCF solution              ....       0.002 sec  (  3.4%)

-------------------------   --------------------
FINAL SINGLE POINT ENERGY        -5.280550664395
-------------------------   --------------------


                            ***************************************
                            *     ORCA property calculations      *
                            ***************************************

                                    ---------------------
                                    Active property flags
                                    ---------------------
   (+) Dipole Moment


------------------------------------------------------------------------------
                       ORCA ELECTRIC PROPERTIES CALCULATION
------------------------------------------------------------------------------

Dipole Moment Calculation                       ... on
Quadrupole Moment Calculation                   ... off
Polarizability Calculation                      ... off
GBWName                                         ... /Users/mattyjones/GoogleDrive/Boise/Code/MorphCT/tests/output_EZ/donor_polymer/chromophores/input_orca/single/00022.gbw
Electron density file                           ... /Users/mattyjones/GoogleDrive/Boise/Code/MorphCT/tests/output_EZ/donor_polymer/chromophores/input_orca/single/00022.scfp.tmp

-------------
DIPOLE MOMENT
-------------
                                X             Y             Z
Electronic contribution:   -105.07508     -83.71703     -24.66983
Nuclear contribution   :     56.36104      44.90032      13.37727
                        -----------------------------------------
Total Dipole Moment    :    -48.71404     -38.81671     -11.29256
                        -----------------------------------------
Magnitude (a.u.)       :     63.30337
Magnitude (Debye)      :    160.90438


Timings for individual modules:

Sum of individual times         ...        0.128 sec (=   0.002 min)
STO integral calculation        ...        0.033 sec (=   0.001 min)  26.1 %
SCF iterations                  ...        0.095 sec (=   0.002 min)  73.9 %
                             ****ORCA TERMINATED NORMALLY****
TOTAL RUN TIME: 0 days 0 hours 0 minutes 0 seconds 390 msec

