
                                 *****************
                                 * O   R   C   A *
                                 *****************

           --- An Ab Initio, DFT and Semiempirical electronic structure package ---

                  #######################################################
                  #                        -***-                        #
                  #  Department of molecular theory and spectroscopy    #
                  #              Directorship: Frank Neese              #
                  # Max Planck Institute for Chemical Energy Conversion #
                  #                  D-45470 Muelheim/Ruhr              #
                  #                       Germany                       #
                  #                                                     #
                  #                  All rights reserved                #
                  #                        -***-                        #
                  #######################################################


                         Program Version 3.0.3 - RELEASE   -


 With contributions from (in alphabetic order):
   Ute Becker             : Parallelization
   Dmytro Bykov           : SCF Hessian
   Dmitry Ganyushin       : Spin-Orbit,Spin-Spin,Magnetic field MRCI
   Andreas Hansen         : Spin unrestricted coupled pair/coupled cluster methods
   Dimitrios Liakos       : Extrapolation schemes; parallel MDCI
   Robert Izsak           : Overlap fitted RIJCOSX, COSX-SCS-MP3
   Christian Kollmar      : KDIIS, OOCD, Brueckner-CCSD(T), CCSD density
   Simone Kossmann        : Meta GGA functionals, TD-DFT gradient, OOMP2, MP2 Hessian
   Taras Petrenko         : DFT Hessian,TD-DFT gradient, ASA and ECA modules, normal mode analysis, Resonance Raman, ABS, FL, XAS/XES, NRVS
   Christoph Reimann      : Effective Core Potentials
   Michael Roemelt        : Restricted open shell CIS
   Christoph Riplinger    : Improved optimizer, TS searches, QM/MM, DLPNO-CCSD
   Barbara Sandhoefer     : DKH picture change effects
   Igor Schapiro          : Molecular dynamics
   Kantharuban Sivalingam : CASSCF convergence, NEVPT2
   Boris Wezisla          : Elementary symmetry handling
   Frank Wennmohs         : Technical directorship


 We gratefully acknowledge several colleagues who have allowed us to
 interface, adapt or use parts of their codes:
   Stefan Grimme, W. Hujo, H. Kruse, T. Risthaus : VdW corrections, initial TS optimization,
                                                   DFT functionals, gCP
   Ed Valeev                                     : LibInt (2-el integral package), F12 methods
   Garnet Chan, S. Sharma, R. Olivares           : DMRG
   Ulf Ekstrom                                   : XCFun DFT Library
   Mihaly Kallay                                 : mrcc  (arbitrary order and MRCC methods)
   Andreas Klamt, Michael Diedenhofen            : otool_cosmo (COSMO solvation model)
   Frank Weinhold                                : gennbo (NPA and NBO analysis)
   Christopher J. Cramer and Donald G. Truhlar   : smd solvation model


 Your calculation uses the libint2 library for the computation of 2-el integrals
 For citations please refer to: http://libint.valeyev.net

 This ORCA versions uses:
   CBLAS   interface :  Fast vector & matrix operations
   LAPACKE interface :  Fast linear algebra routines
   SCALAPACK package :  Parallel linear algebra routines


leaving
================================================================================
                                        WARNINGS
                       Please study these warnings very carefully!
================================================================================
Now building the actual basis set

WARNING: Direct SCF is incompatible with Method<>HF and Method<>DFT
  ===> : conventional SCF is chosen

WARNING: The NDO methods need Guess=HUECKEL or Guess=HCORE or Guess=MOREAD
  ===> : Guess is set to Hueckel

WARNING: The NDO methods need %rel::SOCType==1
  ===> : %rel::SOCType is set to 1

WARNING: The NDO methods cannot have frozencore=1
  ===> : %method FrozenCore=0 end


INFO   : the flag for use of LIBINT has been found!

================================================================================
                                       INPUT FILE
================================================================================
NAME = /Users/mattyjones/GoogleDrive/Boise/Code/MorphCT/tests/output_EZ/donor_polymer/chromophores/input_orca/single/00021.inp
|  1> # ================================================================
|  2> # Orca input file made by Matty Jones
|  3> # ================================================================
|  4> ! ZINDO/S 
|  5> ! NOPOP
|  6> ! NOMOPRINT
|  7> * xyz 0   1
|  8>  C  4.88853  0.03924  -1.54790
|  9>  C  3.51390  -0.10461  -1.74178
| 10>  C  2.71512  0.73436  -0.90372
| 11>  C  3.46278  1.54477  -0.04375
| 12>  S  5.05048  1.18568  -0.36109
| 13>  H  3.06036  -0.82363  -2.50443
| 14>  C  1.10879  0.63520  -1.06779
| 15>  C  0.02123  0.56306  0.22982
| 16>  C  -1.60516  0.46717  -0.25381
| 17>  H  -2.20776  1.16835  0.43973
| 18>  H  -1.65500  0.90568  -1.32697
| 19>  H  0.06690  1.47020  0.90603
| 20>  H  0.27372  -0.38798  0.83327
| 21>  H  0.86041  -0.31813  -1.70001
| 22>  H  0.75933  1.55597  -1.69866
| 23>  C  -2.27726  -1.01375  -0.27565
| 24>  C  -3.08543  -1.49499  1.13566
| 25>  C  -3.10464  -0.39727  2.41163
| 26>  H  -3.60440  -0.89481  3.32982
| 27>  H  -3.70923  0.54061  2.10683
| 28>  H  -2.01914  -0.09770  2.67671
| 29>  H  -2.58674  -2.46398  1.51210
| 30>  H  -4.18129  -1.71493  0.84970
| 31>  H  -3.04944  -1.06398  -1.13712
| 32>  H  -1.45360  -1.80122  -0.47871
| 33>  H  5.66523  -0.47583  -2.05291
| 34>  H  3.09233  2.24252  0.66301
| 35> *
| 36> 
| 37>                          ****END OF INPUT****
================================================================================

                       ****************************
                       * Single Point Calculation *
                       ****************************

---------------------------------
CARTESIAN COORDINATES (ANGSTROEM)
---------------------------------
  C      4.888530    0.039240   -1.547900
  C      3.513900   -0.104610   -1.741780
  C      2.715120    0.734360   -0.903720
  C      3.462780    1.544770   -0.043750
  S      5.050480    1.185680   -0.361090
  H      3.060360   -0.823630   -2.504430
  C      1.108790    0.635200   -1.067790
  C      0.021230    0.563060    0.229820
  C     -1.605160    0.467170   -0.253810
  H     -2.207760    1.168350    0.439730
  H     -1.655000    0.905680   -1.326970
  H      0.066900    1.470200    0.906030
  H      0.273720   -0.387980    0.833270
  H      0.860410   -0.318130   -1.700010
  H      0.759330    1.555970   -1.698660
  C     -2.277260   -1.013750   -0.275650
  C     -3.085430   -1.494990    1.135660
  C     -3.104640   -0.397270    2.411630
  H     -3.604400   -0.894810    3.329820
  H     -3.709230    0.540610    2.106830
  H     -2.019140   -0.097700    2.676710
  H     -2.586740   -2.463980    1.512100
  H     -4.181290   -1.714930    0.849700
  H     -3.049440   -1.063980   -1.137120
  H     -1.453600   -1.801220   -0.478710
  H      5.665230   -0.475830   -2.052910
  H      3.092330    2.242520    0.663010

----------------------------
CARTESIAN COORDINATES (A.U.)
----------------------------
  NO LB      ZA    FRAG    MASS        X           Y           Z
   0 C     4.0000    0    12.011          9.237982897458057          0.074152853495070         -2.925107082696706
   1 C     4.0000    0    12.011          6.640308661985887         -0.197684250869502         -3.291487185541358
   2 C     4.0000    0    12.011          5.130833220732269          1.387739283706410         -1.707783301747313
   3 C     4.0000    0    12.011          6.543705862019832          2.919192239897532         -0.082675518359055
   4 S     6.0000    0    32.060          9.544024044846603          2.240610482467750         -0.682361209697625
   5 H     1.0000    0     1.008          5.783242271207242         -1.556435135681560         -4.732686821576401
   6 C     4.0000    0    12.011          2.095309440030544          1.200354040266779         -2.017830668539773
   7 C     4.0000    0    12.011          0.040118885823148          1.064029196965700          0.434296860097782
   8 C     4.0000    0    12.011         -3.033312801125036          0.882823357983991         -0.479631390050553
   9 H     1.0000    0     1.008         -4.172061769425983          2.207861528566895          0.830969272869192
  10 H     1.0000    0     1.008         -3.127496751639672          1.711487164969799         -2.507609887929483
  11 H     1.0000    0     1.008          0.126422678359332          2.778275362091024          1.712148569116672
  12 H     1.0000    0     1.008          0.517255837376925         -0.733175945438767          1.574652095612561
  13 H     1.0000    0     1.008          1.625939262887184         -0.601178574984368         -3.212553324927467
  14 H     1.0000    0     1.008          1.434925745270424          2.940357172597450         -3.210002194646673
  15 C     4.0000    0    12.011         -4.303397735733510         -1.915709868262669         -0.520903008815393
  16 C     4.0000    0    12.011         -5.830617705384648         -2.825121672950932          2.146086381249008
  17 C     4.0000    0    12.011         -5.866919344417274         -0.750731501222896          4.557320236348509
  18 H     1.0000    0     1.008         -6.811328877105759         -1.690945841894075          6.292447875253662
  19 H     1.0000    0     1.008         -7.009428867724724          1.021604845259168          3.981331710729310
  20 H     1.0000    0     1.008         -3.815621626045756         -0.184626243284106          5.058248839928353
  21 H     1.0000    0     1.008         -4.888230179659458         -4.656247399459286          2.857454887102325
  22 H     1.0000    0     1.008         -7.901492986503590         -3.240748038845572          1.605700295992888
  23 H     1.0000    0     1.008         -5.762606461824822         -2.010630811969533         -2.148845381404533
  24 H     1.0000    0     1.008         -2.746905908267931         -3.403812506941637         -0.904630797569442
  25 H     1.0000    0     1.008         10.705733185674694         -0.899188386303749         -3.879437677588276
  26 H     1.0000    0     1.008          5.843656815708704          4.237748649841085          1.252907324051129

--------------------------------
INTERNAL COORDINATES (ANGSTROEM)
--------------------------------
 C      0   0   0   0.000000     0.000     0.000
 C      1   0   0   1.395668     0.000     0.000
 C      2   1   0   1.429778   114.101     0.000
 C      3   2   1   1.398323   113.693     0.000
 S      1   2   3   1.658032   105.480     0.000
 H      2   1   3   1.142070   123.284   179.723
 C      3   2   1   1.617729   117.343   179.763
 C      7   3   2   1.694633   124.208   135.522
 C      8   7   3   1.699481   113.495   179.876
 H      9   8   7   1.155759   107.096   222.034
 H      9   8   7   1.160365   106.438   336.969
 H      8   7   3   1.132364   113.408    60.557
 H      8   7   3   1.154288   107.158   299.205
 H      7   3   2   1.170569   108.384    13.164
 H      7   3   2   1.169588   107.646   258.174
 C      9   8   7   1.626444   116.786    98.006
 C     16   9   8   1.696033   116.365    92.514
 C     17  16   9   1.683288   116.819   359.792
 H     18  17  16   1.157747   109.017   184.968
 H     18  17  16   1.156742   109.571    65.299
 H     18  17  16   1.156858   109.381   304.732
 H     17  16   9   1.152970   107.701   238.413
 H     17  16   9   1.153714   107.485   120.676
 H     16   9   8   1.157979   108.968   213.273
 H     16   9   8   1.157479   109.133   331.388
 H      1   2   3   1.059998   127.260   180.000
 H      4   3   2   1.059999   127.207   180.000

---------------------------
INTERNAL COORDINATES (A.U.)
---------------------------
 C      0   0   0   0.000000     0.000     0.000
 C      1   0   0   2.637431     0.000     0.000
 C      2   1   0   2.701889   114.101     0.000
 C      3   2   1   2.642448   113.693     0.000
 S      1   2   3   3.133227   105.480     0.000
 H      2   1   3   2.158199   123.284   179.723
 C      3   2   1   3.057065   117.343   179.763
 C      7   3   2   3.202393   124.208   135.522
 C      8   7   3   3.211555   113.495   179.876
 H      9   8   7   2.184067   107.096   222.034
 H      9   8   7   2.192772   106.438   336.969
 H      8   7   3   2.139858   113.408    60.557
 H      8   7   3   2.181288   107.158   299.205
 H      7   3   2   2.212056   108.384    13.164
 H      7   3   2   2.210201   107.646   258.174
 C      9   8   7   3.073533   116.786    98.006
 C     16   9   8   3.205037   116.365    92.514
 C     17  16   9   3.180953   116.819   359.792
 H     18  17  16   2.187825   109.017   184.968
 H     18  17  16   2.185925   109.571    65.299
 H     18  17  16   2.186144   109.381   304.732
 H     17  16   9   2.178798   107.701   238.413
 H     17  16   9   2.180203   107.485   120.676
 H     16   9   8   2.188263   108.968   213.273
 H     16   9   8   2.187319   109.133   331.388
 H      1   2   3   2.003105   127.260   180.000
 H      4   3   2   2.003108   127.207   180.000

----------------------------
SLATER BASIS SET DIM=  60
----------------------------
  0 C     2 shells
 l=0 nsto= 1
    2       1.625000000000        1.000000000000
 l=1 nsto= 1
    2       1.625000000000        1.000000000000
  1 C     2 shells
 l=0 nsto= 1
    2       1.625000000000        1.000000000000
 l=1 nsto= 1
    2       1.625000000000        1.000000000000
  2 C     2 shells
 l=0 nsto= 1
    2       1.625000000000        1.000000000000
 l=1 nsto= 1
    2       1.625000000000        1.000000000000
  3 C     2 shells
 l=0 nsto= 1
    2       1.625000000000        1.000000000000
 l=1 nsto= 1
    2       1.625000000000        1.000000000000
  4 S     2 shells
 l=0 nsto= 1
    3       1.925000000000        1.000000000000
 l=1 nsto= 1
    3       1.925000000000        1.000000000000
  5 H     1 shells
 l=0 nsto= 1
    1       1.200000000000        1.000000000000
  6 C     2 shells
 l=0 nsto= 1
    2       1.625000000000        1.000000000000
 l=1 nsto= 1
    2       1.625000000000        1.000000000000
  7 C     2 shells
 l=0 nsto= 1
    2       1.625000000000        1.000000000000
 l=1 nsto= 1
    2       1.625000000000        1.000000000000
  8 C     2 shells
 l=0 nsto= 1
    2       1.625000000000        1.000000000000
 l=1 nsto= 1
    2       1.625000000000        1.000000000000
  9 H     1 shells
 l=0 nsto= 1
    1       1.200000000000        1.000000000000
 10 H     1 shells
 l=0 nsto= 1
    1       1.200000000000        1.000000000000
 11 H     1 shells
 l=0 nsto= 1
    1       1.200000000000        1.000000000000
 12 H     1 shells
 l=0 nsto= 1
    1       1.200000000000        1.000000000000
 13 H     1 shells
 l=0 nsto= 1
    1       1.200000000000        1.000000000000
 14 H     1 shells
 l=0 nsto= 1
    1       1.200000000000        1.000000000000
 15 C     2 shells
 l=0 nsto= 1
    2       1.625000000000        1.000000000000
 l=1 nsto= 1
    2       1.625000000000        1.000000000000
 16 C     2 shells
 l=0 nsto= 1
    2       1.625000000000        1.000000000000
 l=1 nsto= 1
    2       1.625000000000        1.000000000000
 17 C     2 shells
 l=0 nsto= 1
    2       1.625000000000        1.000000000000
 l=1 nsto= 1
    2       1.625000000000        1.000000000000
 18 H     1 shells
 l=0 nsto= 1
    1       1.200000000000        1.000000000000
 19 H     1 shells
 l=0 nsto= 1
    1       1.200000000000        1.000000000000
 20 H     1 shells
 l=0 nsto= 1
    1       1.200000000000        1.000000000000
 21 H     1 shells
 l=0 nsto= 1
    1       1.200000000000        1.000000000000
 22 H     1 shells
 l=0 nsto= 1
    1       1.200000000000        1.000000000000
 23 H     1 shells
 l=0 nsto= 1
    1       1.200000000000        1.000000000000
 24 H     1 shells
 l=0 nsto= 1
    1       1.200000000000        1.000000000000
 25 H     1 shells
 l=0 nsto= 1
    1       1.200000000000        1.000000000000
 26 H     1 shells
 l=0 nsto= 1
    1       1.200000000000        1.000000000000
------------------------------------------------------------------------------
                           ORCA NDO INTEGRAL CALCULATION
------------------------------------------------------------------------------

--------------
NDO PARAMETERS
--------------

Gamma integral treatment              ... Mataga-Nishimoto
Nuclear repulsuion treatment          ... Direct (ZA*ZB/RAB)
Interaction factors:
s-s (sigma) =    1.0000
s-p (sigma) =    1.0000
s-d (sigma) =    1.0000
p-p (sigma) =    1.2670  p-p(pi) =    0.5850
p-d (sigma) =    1.0000  p-d(pi) =    1.0000
d-d (sigma) =    1.0000  d-d(pi) =    1.0000 d-d (delta) =    1.0000

fGamma parameter for Mataga-Nishimoto gamma integrals:    1.2000

--------------------------
Parameters for Element H :
--------------------------
 One-electron parameters (in eV)
  U(s)  =   -13.060000 Beta(s) =    12.000000 Neff(s) =     1.000000
 One-center electron repulsion parameters (in eV)
  G(s,s)=    12.850000
--------------------------
Parameters for Element C :
--------------------------
 One-electron parameters (in eV)
  U(s)  =   -50.870766 Beta(s) =    17.000000 Neff(s) =     2.000000
  U(p)  =   -41.599980 Beta(p) =    17.000000 Neff(p) =     2.000000 
 One-center electron repulsion parameters (in eV)
  G(s,s)=    11.110000
  G(s,p)=    11.110000 G(p,p)  =    11.110000
 Slater-Condon parameters (in eV)
 F2(p,p)=     4.5098 G1(s,p)=    6.8977
--------------------------
Parameters for Element S :
--------------------------
 One-electron parameters (in eV)
  U(s)  =   -69.509597 Beta(s) =    15.000000 Neff(s) =     2.000000
  U(p)  =   -60.725746 Beta(p) =    15.000000 Neff(p) =     4.000000 
 One-center electron repulsion parameters (in eV)
  G(s,s)=    10.090000
  G(s,p)=    10.090000 G(p,p)  =    10.090000
 Slater-Condon parameters (in eV)
 F2(p,p)=     4.5377 G1(s,p)=    3.0756

 Number of atoms                    ....   27
 Number of basis functions          ....   60

 Overlap integrals                  .... done
 One electron matrix                .... done
 Nuclear repulsion                  .... done
 Integral list                      .... done
 Electron-electron repulsion        .... done
-------------------------------------------------------------------------------
                                 ORCA SCF
-------------------------------------------------------------------------------

------------
SCF SETTINGS
------------
Hamiltonian:
 ZDO-Hamiltonian        Method          .... INDO


General Settings:
 Integral files         IntName         .... /Users/mattyjones/GoogleDrive/Boise/Code/MorphCT/tests/output_EZ/donor_polymer/chromophores/input_orca/single/00021
 Hartree-Fock type      HFTyp           .... RHF
 Total Charge           Charge          ....    0
 Multiplicity           Mult            ....    1
 Number of Electrons    NEL             ....   62
 Basis Dimension        Dim             ....   60
 Nuclear Repulsion      ENuc            ....    293.7314132963 Eh

Convergence Acceleration:
 DIIS                   CNVDIIS         .... on
   Start iteration      DIISMaxIt       ....    12
   Startup error        DIISStart       ....  0.200000
   # of expansion vecs  DIISMaxEq       ....     5
   Bias factor          DIISBfac        ....   1.050
   Max. coefficient     DIISMaxC        ....  10.000
 Newton-Raphson         CNVNR           .... off
 SOSCF                  CNVSOSCF        .... on
   Start iteration      SOSCFMaxIt      ....   150
   Startup grad/error   SOSCFStart      ....  0.003300
 Level Shifting         CNVShift        .... on
   Level shift para.    LevelShift      ....    0.2500
   Turn off err/grad.   ShiftErr        ....    0.0010
 Zerner damping         CNVZerner       .... off
 Static damping         CNVDamp         .... on
   Fraction old density DampFac         ....    0.7000
   Max. Damping (<1)    DampMax         ....    0.9800
   Min. Damping (>=0)   DampMin         ....    0.0000
   Turn off err/grad.   DampErr         ....    0.1000
 Fernandez-Rico         CNVRico         .... off

SCF Procedure:
 Maximum # iterations   MaxIter         ....   125
 SCF integral mode      SCFMode         .... Conventional
 Integral Buffer length BufferLength    .... 1048576
 Integral index format  IndFormat       ....     0
 Integral value format  ValFormat       ....     0
 Integral Storage       Thresh          ....  1.000e-08 Eh

Convergence Tolerance:
 Convergence Check Mode ConvCheckMode   .... Total+1el-Energy
 Energy Change          TolE            ....  1.000e-06 Eh
 1-El. energy change                    ....  1.000e-03 Eh
 Orbital Gradient       TolG            ....  5.000e-05
 Orbital Rotation angle TolX            ....  5.000e-05
 DIIS Error             TolErr          ....  1.000e-06


Diagonalization of the overlap matrix:
Smallest eigenvalue                        ... 1.697e-01
Time for diagonalization                   ...    0.001 sec
Threshold for overlap eigenvalues          ... 1.000e-08
Number of eigenvalues below threshold      ... 0
Time for construction of square roots      ...    0.000 sec
Total time needed                          ...    0.002 sec

-------------------------------
INITIAL GUESS: EXTENDED HUECKEL
-------------------------------
EHT matrix was read from disk
EHT matrix was diagonalized
Initial density was built
                      ------------------
                      INITIAL GUESS DONE
                      ------------------

 InCore treatment chosen:
   Memory dedicated               ...    1024 MB
   Memory needed                  ...      0 MB
   Number of tiny    integrals    ...       0
   Number of small   integrals    ...       0
   Number of regular integrals    ...    1896

--------------
SCF ITERATIONS
--------------
ITER       Energy         Delta-E        Max-DP      RMS-DP      [F,P]     Damp
  0     -6.7789456347   0.000000000000 0.03963262  0.00204123  0.1132951 0.7000
  1     -6.7998241742  -0.020878539528 0.03686145  0.00192078  0.0777480 0.7000
                               ***Turning on DIIS***
  2     -6.8152607065  -0.015436532314 0.09165315  0.00492418  0.0490994 0.0000
  3     -6.8565885121  -0.041327805552 0.01811715  0.00101425  0.0203678 0.0000
  4     -6.8481108006   0.008477711503 0.01164247  0.00069657  0.0069212 0.0000
  5     -6.8567015644  -0.008590763784 0.00757697  0.00047055  0.0039079 0.0000
  6     -6.8576157689  -0.000914204481 0.00497243  0.00033392  0.0020156 0.0000
                      *** Initiating the SOSCF procedure ***
                           *** Shutting down DIIS ***
                      *** Re-Reading the Fockian *** 
                      *** Removing any level shift *** 
ITER      Energy       Delta-E        Grad      Rot      Max-DP    RMS-DP
  7     -6.85569100   0.0019247690  0.003012  0.003012  0.004650  0.000313
  8     -6.85482462   0.0008663845  0.000229  0.000600  0.000498  0.000032
                 **** Energy Check signals convergence ****
              ***Rediagonalizing the Fockian in SOSCF/NRSCF***

               *****************************************************
               *                     SUCCESS                       *
               *           SCF CONVERGED AFTER   9 CYCLES          *
               *****************************************************


----------------
TOTAL SCF ENERGY
----------------

Total Energy       :           -6.85482540 Eh            -186.52928 eV

Components:
Nuclear Repulsion  :          293.73141330 Eh            7992.83810 eV
Electronic Energy  :         -300.58623869 Eh           -8179.36739 eV

One Electron Energy:         -555.94237103 Eh          -15127.96101 eV
Two Electron Energy:          255.35613234 Eh            6948.59362 eV


---------------
SCF CONVERGENCE
---------------

  Last Energy change         ...   -7.8047e-07  Tolerance :   1.0000e-06
  Last MAX-Density change    ...    4.5764e-04  Tolerance :   1.0000e-05
  Last RMS-Density change    ...    2.5989e-05  Tolerance :   1.0000e-06
  Last Orbital Gradient      ...    1.3182e-04  Tolerance :   5.0000e-05
  Last Orbital Rotation      ...    5.4284e-04  Tolerance :   5.0000e-05

             **** THE GBW FILE WAS UPDATED (/Users/mattyjones/GoogleDrive/Boise/Code/MorphCT/tests/output_EZ/donor_polymer/chromophores/input_orca/single/00021.gbw) ****
             **** DENSITY FILE WAS UPDATED (/Users/mattyjones/GoogleDrive/Boise/Code/MorphCT/tests/output_EZ/donor_polymer/chromophores/input_orca/single/00021.scfp.tmp) ****
             **** ENERGY FILE WAS UPDATED (/Users/mattyjones/GoogleDrive/Boise/Code/MorphCT/tests/output_EZ/donor_polymer/chromophores/input_orca/single/00021.en.tmp) ****
----------------
ORBITAL ENERGIES
----------------

  NO   OCC          E(Eh)            E(eV) 
   0   2.0000      -1.556457       -42.3534 
   1   2.0000      -1.410454       -38.3804 
   2   2.0000      -1.284673       -34.9577 
   3   2.0000      -1.164554       -31.6891 
   4   2.0000      -1.109865       -30.2010 
   5   2.0000      -1.071258       -29.1504 
   6   2.0000      -0.969878       -26.3917 
   7   2.0000      -0.893365       -24.3097 
   8   2.0000      -0.839620       -22.8472 
   9   2.0000      -0.824746       -22.4425 
  10   2.0000      -0.790160       -21.5014 
  11   2.0000      -0.730512       -19.8782 
  12   2.0000      -0.701279       -19.0828 
  13   2.0000      -0.672509       -18.2999 
  14   2.0000      -0.658865       -17.9286 
  15   2.0000      -0.604725       -16.4554 
  16   2.0000      -0.589187       -16.0326 
  17   2.0000      -0.576091       -15.6762 
  18   2.0000      -0.559851       -15.2343 
  19   2.0000      -0.547576       -14.9003 
  20   2.0000      -0.533854       -14.5269 
  21   2.0000      -0.521857       -14.2004 
  22   2.0000      -0.503857       -13.7106 
  23   2.0000      -0.502702       -13.6792 
  24   2.0000      -0.490848       -13.3566 
  25   2.0000      -0.477187       -12.9849 
  26   2.0000      -0.465656       -12.6711 
  27   2.0000      -0.463193       -12.6041 
  28   2.0000      -0.437919       -11.9164 
  29   2.0000      -0.357200        -9.7199 
  30   2.0000      -0.305042        -8.3006 
  31   0.0000       0.007464         0.2031 
  32   0.0000       0.068862         1.8738 
  33   0.0000       0.076412         2.0793 
  34   0.0000       0.088578         2.4103 
  35   0.0000       0.103754         2.8233 
  36   0.0000       0.107415         2.9229 
  37   0.0000       0.121104         3.2954 
  38   0.0000       0.145759         3.9663 
  39   0.0000       0.159481         4.3397 
  40   0.0000       0.165248         4.4966 
  41   0.0000       0.167165         4.5488 
  42   0.0000       0.204104         5.5540 
  43   0.0000       0.232294         6.3210 
  44   0.0000       0.234843         6.3904 
  45   0.0000       0.236833         6.4446 
  46   0.0000       0.240172         6.5354 
  47   0.0000       0.241268         6.5652 
  48   0.0000       0.243657         6.6302 
  49   0.0000       0.245342         6.6761 
  50   0.0000       0.254212         6.9175 
  51   0.0000       0.262382         7.1398 
  52   0.0000       0.266510         7.2521 
  53   0.0000       0.280524         7.6334 
  54   0.0000       0.303013         8.2454 
  55   0.0000       0.310193         8.4408 
  56   0.0000       0.339643         9.2422 
  57   0.0000       0.351333         9.5603 
  58   0.0000       0.416557        11.3351 
  59   0.0000       0.429307        11.6820 
-------
TIMINGS
-------

Total SCF time: 0 days 0 hours 0 min 0 sec 

Total time                  ....       0.083 sec
Sum of individual times     ....       0.066 sec  ( 78.8%)

Fock matrix formation       ....       0.049 sec  ( 58.6%)
Diagonalization             ....       0.006 sec  (  6.7%)
Density matrix formation    ....       0.001 sec  (  0.7%)
Population analysis         ....       0.000 sec  (  0.0%)
Initial guess               ....       0.001 sec  (  0.7%)
Orbital Transformation      ....       0.000 sec  (  0.0%)
Orbital Orthonormalization  ....       0.000 sec  (  0.0%)
DIIS solution               ....       0.008 sec  ( 10.2%)
SOSCF solution              ....       0.002 sec  (  2.0%)

-------------------------   --------------------
FINAL SINGLE POINT ENERGY        -6.854825395813
-------------------------   --------------------


                            ***************************************
                            *     ORCA property calculations      *
                            ***************************************

                                    ---------------------
                                    Active property flags
                                    ---------------------
   (+) Dipole Moment


------------------------------------------------------------------------------
                       ORCA ELECTRIC PROPERTIES CALCULATION
------------------------------------------------------------------------------

Dipole Moment Calculation                       ... on
Quadrupole Moment Calculation                   ... off
Polarizability Calculation                      ... off
GBWName                                         ... /Users/mattyjones/GoogleDrive/Boise/Code/MorphCT/tests/output_EZ/donor_polymer/chromophores/input_orca/single/00021.gbw
Electron density file                           ... /Users/mattyjones/GoogleDrive/Boise/Code/MorphCT/tests/output_EZ/donor_polymer/chromophores/input_orca/single/00021.scfp.tmp

-------------
DIPOLE MOMENT
-------------
                                X             Y             Z
Electronic contribution:    135.08784      30.66513     -14.75854
Nuclear contribution   :    -72.68090     -16.36546       8.48947
                        -----------------------------------------
Total Dipole Moment    :     62.40693      14.29967      -6.26907
                        -----------------------------------------
Magnitude (a.u.)       :     64.33045
Magnitude (Debye)      :    163.51502


Timings for individual modules:

Sum of individual times         ...        0.155 sec (=   0.003 min)
STO integral calculation        ...        0.037 sec (=   0.001 min)  24.0 %
SCF iterations                  ...        0.118 sec (=   0.002 min)  76.0 %
                             ****ORCA TERMINATED NORMALLY****
TOTAL RUN TIME: 0 days 0 hours 0 minutes 0 seconds 494 msec

