
                                 *****************
                                 * O   R   C   A *
                                 *****************

           --- An Ab Initio, DFT and Semiempirical electronic structure package ---

                  #######################################################
                  #                        -***-                        #
                  #  Department of molecular theory and spectroscopy    #
                  #              Directorship: Frank Neese              #
                  # Max Planck Institute for Chemical Energy Conversion #
                  #                  D-45470 Muelheim/Ruhr              #
                  #                       Germany                       #
                  #                                                     #
                  #                  All rights reserved                #
                  #                        -***-                        #
                  #######################################################


                         Program Version 3.0.3 - RELEASE   -


 With contributions from (in alphabetic order):
   Ute Becker             : Parallelization
   Dmytro Bykov           : SCF Hessian
   Dmitry Ganyushin       : Spin-Orbit,Spin-Spin,Magnetic field MRCI
   Andreas Hansen         : Spin unrestricted coupled pair/coupled cluster methods
   Dimitrios Liakos       : Extrapolation schemes; parallel MDCI
   Robert Izsak           : Overlap fitted RIJCOSX, COSX-SCS-MP3
   Christian Kollmar      : KDIIS, OOCD, Brueckner-CCSD(T), CCSD density
   Simone Kossmann        : Meta GGA functionals, TD-DFT gradient, OOMP2, MP2 Hessian
   Taras Petrenko         : DFT Hessian,TD-DFT gradient, ASA and ECA modules, normal mode analysis, Resonance Raman, ABS, FL, XAS/XES, NRVS
   Christoph Reimann      : Effective Core Potentials
   Michael Roemelt        : Restricted open shell CIS
   Christoph Riplinger    : Improved optimizer, TS searches, QM/MM, DLPNO-CCSD
   Barbara Sandhoefer     : DKH picture change effects
   Igor Schapiro          : Molecular dynamics
   Kantharuban Sivalingam : CASSCF convergence, NEVPT2
   Boris Wezisla          : Elementary symmetry handling
   Frank Wennmohs         : Technical directorship


 We gratefully acknowledge several colleagues who have allowed us to
 interface, adapt or use parts of their codes:
   Stefan Grimme, W. Hujo, H. Kruse, T. Risthaus : VdW corrections, initial TS optimization,
                                                   DFT functionals, gCP
   Ed Valeev                                     : LibInt (2-el integral package), F12 methods
   Garnet Chan, S. Sharma, R. Olivares           : DMRG
   Ulf Ekstrom                                   : XCFun DFT Library
   Mihaly Kallay                                 : mrcc  (arbitrary order and MRCC methods)
   Andreas Klamt, Michael Diedenhofen            : otool_cosmo (COSMO solvation model)
   Frank Weinhold                                : gennbo (NPA and NBO analysis)
   Christopher J. Cramer and Donald G. Truhlar   : smd solvation model


 Your calculation uses the libint2 library for the computation of 2-el integrals
 For citations please refer to: http://libint.valeyev.net

 This ORCA versions uses:
   CBLAS   interface :  Fast vector & matrix operations
   LAPACKE interface :  Fast linear algebra routines
   SCALAPACK package :  Parallel linear algebra routines


leaving
================================================================================
                                        WARNINGS
                       Please study these warnings very carefully!
================================================================================
Now building the actual basis set

WARNING: Direct SCF is incompatible with Method<>HF and Method<>DFT
  ===> : conventional SCF is chosen

WARNING: The NDO methods need Guess=HUECKEL or Guess=HCORE or Guess=MOREAD
  ===> : Guess is set to Hueckel

WARNING: The NDO methods need %rel::SOCType==1
  ===> : %rel::SOCType is set to 1

WARNING: The NDO methods cannot have frozencore=1
  ===> : %method FrozenCore=0 end


INFO   : the flag for use of LIBINT has been found!

================================================================================
                                       INPUT FILE
================================================================================
NAME = /Users/mattyjones/GoogleDrive/Boise/Code/MorphCT/tests/output_EZ/donor_polymer/chromophores/input_orca/single/00024.inp
|  1> # ================================================================
|  2> # Orca input file made by Matty Jones
|  3> # ================================================================
|  4> ! ZINDO/S 
|  5> ! NOPOP
|  6> ! NOMOPRINT
|  7> * xyz 0   1
|  8>  C  -1.94212  -3.48935  1.75534
|  9>  C  -1.84260  -2.35450  0.94905
| 10>  C  -2.33782  -1.15982  1.55879
| 11>  C  -2.83086  -1.35230  2.85308
| 12>  S  -2.63094  -2.96777  3.17046
| 13>  H  -1.65207  -2.43396  -0.17481
| 14>  C  -2.22746  0.19069  0.67522
| 15>  C  -0.66703  0.22819  -0.06481
| 16>  C  -0.12544  1.41694  -1.14189
| 17>  H  0.06924  2.37512  -0.52783
| 18>  H  -0.97649  1.61831  -1.89681
| 19>  H  0.07924  0.22309  0.81704
| 20>  H  -0.55078  -0.74997  -0.66155
| 21>  H  -3.02097  0.19382  -0.16710
| 22>  H  -2.35111  1.14203  1.32339
| 23>  C  1.23944  1.01136  -1.95269
| 24>  C  2.71671  1.76511  -1.61195
| 25>  C  3.74122  1.05215  -0.48694
| 26>  H  3.18208  0.92321  0.51677
| 27>  H  4.66313  1.73711  -0.33277
| 28>  H  4.09020  0.02103  -0.87977
| 29>  H  3.29885  1.82285  -2.60944
| 30>  H  2.48418  2.83544  -1.25227
| 31>  H  1.04646  1.16965  -3.08510
| 32>  H  1.43139  -0.12269  -1.78395
| 33>  H  -1.64086  -4.47654  1.51391
| 34>  H  -3.24556  -0.61917  3.49662
| 35> *
| 36> 
| 37>                          ****END OF INPUT****
================================================================================

                       ****************************
                       * Single Point Calculation *
                       ****************************

---------------------------------
CARTESIAN COORDINATES (ANGSTROEM)
---------------------------------
  C     -1.942120   -3.489350    1.755340
  C     -1.842600   -2.354500    0.949050
  C     -2.337820   -1.159820    1.558790
  C     -2.830860   -1.352300    2.853080
  S     -2.630940   -2.967770    3.170460
  H     -1.652070   -2.433960   -0.174810
  C     -2.227460    0.190690    0.675220
  C     -0.667030    0.228190   -0.064810
  C     -0.125440    1.416940   -1.141890
  H      0.069240    2.375120   -0.527830
  H     -0.976490    1.618310   -1.896810
  H      0.079240    0.223090    0.817040
  H     -0.550780   -0.749970   -0.661550
  H     -3.020970    0.193820   -0.167100
  H     -2.351110    1.142030    1.323390
  C      1.239440    1.011360   -1.952690
  C      2.716710    1.765110   -1.611950
  C      3.741220    1.052150   -0.486940
  H      3.182080    0.923210    0.516770
  H      4.663130    1.737110   -0.332770
  H      4.090200    0.021030   -0.879770
  H      3.298850    1.822850   -2.609440
  H      2.484180    2.835440   -1.252270
  H      1.046460    1.169650   -3.085100
  H      1.431390   -0.122690   -1.783950
  H     -1.640860   -4.476540    1.513910
  H     -3.245560   -0.619170    3.496620

----------------------------
CARTESIAN COORDINATES (A.U.)
----------------------------
  NO LB      ZA    FRAG    MASS        X           Y           Z
   0 C     4.0000    0    12.011         -3.670074919211141         -6.593915885398119          3.317111871917330
   1 C     4.0000    0    12.011         -3.482009374363298         -4.449360182317586          1.793444587397964
   2 C     4.0000    0    12.011         -4.417839550403780         -2.191742164644546          2.945686200295108
   3 C     4.0000    0    12.011         -5.349550123472314         -2.555476650901709          5.391539838168044
   4 S     6.0000    0    32.060         -4.971756074778778         -5.608272528467473          5.991301118551971
   5 H     1.0000    0     1.008         -3.121959854067282         -4.599517820918970         -0.330343025470774
   6 C     4.0000    0    12.011         -4.209289374264231          0.360351876477443          1.275980880146308
   7 C     4.0000    0    12.011         -1.260504023109493          0.431216606499490         -0.122473150739436
   8 C     4.0000    0    12.011         -0.237047246239082          2.677628548198379         -2.157859375063338
   9 H     1.0000    0     1.008          0.130844637512707          4.488326335199043         -0.997454145267654
  10 H     1.0000    0     1.008         -1.845298672512763          3.058162699786100         -3.584451428083169
  11 H     1.0000    0     1.008          0.149741898851920          0.421579003216492          1.543981840459020
  12 H     1.0000    0     1.008         -1.040823360041147         -1.417237908656921         -1.250148323895604
  13 H     1.0000    0     1.008         -5.708805958792084          0.366266719276617         -0.315773236978241
  14 H     1.0000    0     1.008         -4.442954010723594          2.158123936722087          2.500844668370045
  15 C     4.0000    0    12.011          2.342202159427357          1.911193422802597         -3.690049324446689
  16 C     4.0000    0    12.011          5.133837885285203          3.335574496245740         -3.046144041574362
  17 C     4.0000    0    12.011          7.069881206748866          1.988275351805245         -0.920183243651614
  18 H     1.0000    0     1.008          6.013259736228137          1.744614064097439          0.976553774226485
  19 H     1.0000    0     1.008          8.812038626872205          3.282662164495946         -0.628844165584975
  20 H     1.0000    0     1.008          7.729357832964704          0.039740940596364         -1.662524360839900
  21 H     1.0000    0     1.008          6.233923056886121          3.444687283218354         -4.931126962899471
  22 H     1.0000    0     1.008          4.694419867364495          5.358205069165674         -2.366447345725566
  23 H     1.0000    0     1.008          1.977522810103233          2.210318172540992         -5.829994095760454
  24 H     1.0000    0     1.008          2.704935090833540         -0.231850499370798         -3.371176936608817
  25 H     1.0000    0     1.008         -3.100776024106025         -8.459434627543839          2.860875291404722
  26 H     1.0000    0     1.008         -6.133219551209457         -1.170061730340021          6.607654194391727

--------------------------------
INTERNAL COORDINATES (ANGSTROEM)
--------------------------------
 C      0   0   0   0.000000     0.000     0.000
 C      1   0   0   1.395669     0.000     0.000
 C      2   1   0   1.429785   114.101     0.000
 C      3   2   1   1.398329   113.693     0.000
 S      1   2   3   1.658036   105.480     0.000
 H      2   1   3   1.142662   121.571   195.596
 C      3   2   1   1.617638   116.169   179.169
 C      7   3   2   1.727424   108.285   316.271
 C      8   7   3   1.693088   125.221   176.874
 H      9   8   7   1.154590   107.354    72.880
 H      9   8   7   1.155310   107.604   315.578
 H      8   7   3   1.155251   104.858   299.865
 H      8   7   3   1.151699   107.140    55.675
 H      7   3   2   1.157226   110.674    74.362
 H      7   3   2   1.157783   111.896   196.648
 C      9   8   7   1.638533   114.045   193.937
 C     16   9   8   1.693095   121.133   251.117
 C     17  16   9   1.680351   118.544    92.634
 H     18  17  16   1.156156   109.493   303.441
 H     18  17  16   1.158817   108.865   183.660
 H     18  17  16   1.157286   109.550    64.087
 H     17  16   9   1.156377   106.731   213.320
 H     17  16   9   1.152843   107.465   330.037
 H     16   9   8   1.159590   108.109   128.237
 H     16   9   8   1.162492   107.890    12.141
 H      1   2   3   1.059995   127.259   180.000
 H      4   3   2   1.060000   127.206   180.000

---------------------------
INTERNAL COORDINATES (A.U.)
---------------------------
 C      0   0   0   0.000000     0.000     0.000
 C      1   0   0   2.637432     0.000     0.000
 C      2   1   0   2.701903   114.101     0.000
 C      3   2   1   2.642459   113.693     0.000
 S      1   2   3   3.133234   105.480     0.000
 H      2   1   3   2.159319   121.571   195.596
 C      3   2   1   3.056893   116.169   179.169
 C      7   3   2   3.264358   108.285   316.271
 C      8   7   3   3.199473   125.221   176.874
 H      9   8   7   2.181860   107.354    72.880
 H      9   8   7   2.183219   107.604   315.578
 H      8   7   3   2.183108   104.858   299.865
 H      8   7   3   2.176395   107.140    55.675
 H      7   3   2   2.186839   110.674    74.362
 H      7   3   2   2.187893   111.896   196.648
 C      9   8   7   3.096378   114.045   193.937
 C     16   9   8   3.199485   121.133   251.117
 C     17  16   9   3.175404   118.544    92.634
 H     18  17  16   2.184818   109.493   303.441
 H     18  17  16   2.189847   108.865   183.660
 H     18  17  16   2.186954   109.550    64.087
 H     17  16   9   2.185235   106.731   213.320
 H     17  16   9   2.178557   107.465   330.037
 H     16   9   8   2.191308   108.109   128.237
 H     16   9   8   2.196791   107.890    12.141
 H      1   2   3   2.003101   127.259   180.000
 H      4   3   2   2.003109   127.206   180.000

----------------------------
SLATER BASIS SET DIM=  60
----------------------------
  0 C     2 shells
 l=0 nsto= 1
    2       1.625000000000        1.000000000000
 l=1 nsto= 1
    2       1.625000000000        1.000000000000
  1 C     2 shells
 l=0 nsto= 1
    2       1.625000000000        1.000000000000
 l=1 nsto= 1
    2       1.625000000000        1.000000000000
  2 C     2 shells
 l=0 nsto= 1
    2       1.625000000000        1.000000000000
 l=1 nsto= 1
    2       1.625000000000        1.000000000000
  3 C     2 shells
 l=0 nsto= 1
    2       1.625000000000        1.000000000000
 l=1 nsto= 1
    2       1.625000000000        1.000000000000
  4 S     2 shells
 l=0 nsto= 1
    3       1.925000000000        1.000000000000
 l=1 nsto= 1
    3       1.925000000000        1.000000000000
  5 H     1 shells
 l=0 nsto= 1
    1       1.200000000000        1.000000000000
  6 C     2 shells
 l=0 nsto= 1
    2       1.625000000000        1.000000000000
 l=1 nsto= 1
    2       1.625000000000        1.000000000000
  7 C     2 shells
 l=0 nsto= 1
    2       1.625000000000        1.000000000000
 l=1 nsto= 1
    2       1.625000000000        1.000000000000
  8 C     2 shells
 l=0 nsto= 1
    2       1.625000000000        1.000000000000
 l=1 nsto= 1
    2       1.625000000000        1.000000000000
  9 H     1 shells
 l=0 nsto= 1
    1       1.200000000000        1.000000000000
 10 H     1 shells
 l=0 nsto= 1
    1       1.200000000000        1.000000000000
 11 H     1 shells
 l=0 nsto= 1
    1       1.200000000000        1.000000000000
 12 H     1 shells
 l=0 nsto= 1
    1       1.200000000000        1.000000000000
 13 H     1 shells
 l=0 nsto= 1
    1       1.200000000000        1.000000000000
 14 H     1 shells
 l=0 nsto= 1
    1       1.200000000000        1.000000000000
 15 C     2 shells
 l=0 nsto= 1
    2       1.625000000000        1.000000000000
 l=1 nsto= 1
    2       1.625000000000        1.000000000000
 16 C     2 shells
 l=0 nsto= 1
    2       1.625000000000        1.000000000000
 l=1 nsto= 1
    2       1.625000000000        1.000000000000
 17 C     2 shells
 l=0 nsto= 1
    2       1.625000000000        1.000000000000
 l=1 nsto= 1
    2       1.625000000000        1.000000000000
 18 H     1 shells
 l=0 nsto= 1
    1       1.200000000000        1.000000000000
 19 H     1 shells
 l=0 nsto= 1
    1       1.200000000000        1.000000000000
 20 H     1 shells
 l=0 nsto= 1
    1       1.200000000000        1.000000000000
 21 H     1 shells
 l=0 nsto= 1
    1       1.200000000000        1.000000000000
 22 H     1 shells
 l=0 nsto= 1
    1       1.200000000000        1.000000000000
 23 H     1 shells
 l=0 nsto= 1
    1       1.200000000000        1.000000000000
 24 H     1 shells
 l=0 nsto= 1
    1       1.200000000000        1.000000000000
 25 H     1 shells
 l=0 nsto= 1
    1       1.200000000000        1.000000000000
 26 H     1 shells
 l=0 nsto= 1
    1       1.200000000000        1.000000000000
------------------------------------------------------------------------------
                           ORCA NDO INTEGRAL CALCULATION
------------------------------------------------------------------------------

--------------
NDO PARAMETERS
--------------

Gamma integral treatment              ... Mataga-Nishimoto
Nuclear repulsuion treatment          ... Direct (ZA*ZB/RAB)
Interaction factors:
s-s (sigma) =    1.0000
s-p (sigma) =    1.0000
s-d (sigma) =    1.0000
p-p (sigma) =    1.2670  p-p(pi) =    0.5850
p-d (sigma) =    1.0000  p-d(pi) =    1.0000
d-d (sigma) =    1.0000  d-d(pi) =    1.0000 d-d (delta) =    1.0000

fGamma parameter for Mataga-Nishimoto gamma integrals:    1.2000

--------------------------
Parameters for Element H :
--------------------------
 One-electron parameters (in eV)
  U(s)  =   -13.060000 Beta(s) =    12.000000 Neff(s) =     1.000000
 One-center electron repulsion parameters (in eV)
  G(s,s)=    12.850000
--------------------------
Parameters for Element C :
--------------------------
 One-electron parameters (in eV)
  U(s)  =   -50.870766 Beta(s) =    17.000000 Neff(s) =     2.000000
  U(p)  =   -41.599980 Beta(p) =    17.000000 Neff(p) =     2.000000 
 One-center electron repulsion parameters (in eV)
  G(s,s)=    11.110000
  G(s,p)=    11.110000 G(p,p)  =    11.110000
 Slater-Condon parameters (in eV)
 F2(p,p)=     4.5098 G1(s,p)=    6.8977
--------------------------
Parameters for Element S :
--------------------------
 One-electron parameters (in eV)
  U(s)  =   -69.509597 Beta(s) =    15.000000 Neff(s) =     2.000000
  U(p)  =   -60.725746 Beta(p) =    15.000000 Neff(p) =     4.000000 
 One-center electron repulsion parameters (in eV)
  G(s,s)=    10.090000
  G(s,p)=    10.090000 G(p,p)  =    10.090000
 Slater-Condon parameters (in eV)
 F2(p,p)=     4.5377 G1(s,p)=    3.0756

 Number of atoms                    ....   27
 Number of basis functions          ....   60

 Overlap integrals                  .... done
 One electron matrix                .... done
 Nuclear repulsion                  .... done
 Integral list                      .... done
 Electron-electron repulsion        .... done
-------------------------------------------------------------------------------
                                 ORCA SCF
-------------------------------------------------------------------------------

------------
SCF SETTINGS
------------
Hamiltonian:
 ZDO-Hamiltonian        Method          .... INDO


General Settings:
 Integral files         IntName         .... /Users/mattyjones/GoogleDrive/Boise/Code/MorphCT/tests/output_EZ/donor_polymer/chromophores/input_orca/single/00024
 Hartree-Fock type      HFTyp           .... RHF
 Total Charge           Charge          ....    0
 Multiplicity           Mult            ....    1
 Number of Electrons    NEL             ....   62
 Basis Dimension        Dim             ....   60
 Nuclear Repulsion      ENuc            ....    293.8370375724 Eh

Convergence Acceleration:
 DIIS                   CNVDIIS         .... on
   Start iteration      DIISMaxIt       ....    12
   Startup error        DIISStart       ....  0.200000
   # of expansion vecs  DIISMaxEq       ....     5
   Bias factor          DIISBfac        ....   1.050
   Max. coefficient     DIISMaxC        ....  10.000
 Newton-Raphson         CNVNR           .... off
 SOSCF                  CNVSOSCF        .... on
   Start iteration      SOSCFMaxIt      ....   150
   Startup grad/error   SOSCFStart      ....  0.003300
 Level Shifting         CNVShift        .... on
   Level shift para.    LevelShift      ....    0.2500
   Turn off err/grad.   ShiftErr        ....    0.0010
 Zerner damping         CNVZerner       .... off
 Static damping         CNVDamp         .... on
   Fraction old density DampFac         ....    0.7000
   Max. Damping (<1)    DampMax         ....    0.9800
   Min. Damping (>=0)   DampMin         ....    0.0000
   Turn off err/grad.   DampErr         ....    0.1000
 Fernandez-Rico         CNVRico         .... off

SCF Procedure:
 Maximum # iterations   MaxIter         ....   125
 SCF integral mode      SCFMode         .... Conventional
 Integral Buffer length BufferLength    .... 1048576
 Integral index format  IndFormat       ....     0
 Integral value format  ValFormat       ....     0
 Integral Storage       Thresh          ....  1.000e-08 Eh

Convergence Tolerance:
 Convergence Check Mode ConvCheckMode   .... Total+1el-Energy
 Energy Change          TolE            ....  1.000e-06 Eh
 1-El. energy change                    ....  1.000e-03 Eh
 Orbital Gradient       TolG            ....  5.000e-05
 Orbital Rotation angle TolX            ....  5.000e-05
 DIIS Error             TolErr          ....  1.000e-06


Diagonalization of the overlap matrix:
Smallest eigenvalue                        ... 1.696e-01
Time for diagonalization                   ...    0.001 sec
Threshold for overlap eigenvalues          ... 1.000e-08
Number of eigenvalues below threshold      ... 0
Time for construction of square roots      ...    0.000 sec
Total time needed                          ...    0.002 sec

-------------------------------
INITIAL GUESS: EXTENDED HUECKEL
-------------------------------
EHT matrix was read from disk
EHT matrix was diagonalized
Initial density was built
                      ------------------
                      INITIAL GUESS DONE
                      ------------------

 InCore treatment chosen:
   Memory dedicated               ...    1024 MB
   Memory needed                  ...      0 MB
   Number of tiny    integrals    ...       0
   Number of small   integrals    ...       0
   Number of regular integrals    ...    1896

--------------
SCF ITERATIONS
--------------
ITER       Energy         Delta-E        Max-DP      RMS-DP      [F,P]     Damp
  0     -6.9598135104   0.000000000000 0.04358062  0.00203869  0.1078698 0.7000
  1     -6.9807040721  -0.020890561698 0.04237788  0.00192246  0.0735014 0.7000
                               ***Turning on DIIS***
  2     -6.9961676504  -0.015463578311 0.11123805  0.00494201  0.0442394 0.0000
  3     -7.0363498503  -0.040182199872 0.02112714  0.00104223  0.0210365 0.0000
  4     -7.0288793917   0.007470458633 0.01409914  0.00071372  0.0083628 0.0000
  5     -7.0376815136  -0.008802121941 0.00988674  0.00048237  0.0049121 0.0000
  6     -7.0389662157  -0.001284702055 0.00772268  0.00034248  0.0028013 0.0000
                      *** Initiating the SOSCF procedure ***
                           *** Shutting down DIIS ***
                      *** Re-Reading the Fockian *** 
                      *** Removing any level shift *** 
ITER      Energy       Delta-E        Grad      Rot      Max-DP    RMS-DP
  7     -7.03690859   0.0020576235  0.003024  0.003024  0.004631  0.000193
  8     -7.03586778   0.0010408112  0.000814  0.002255  0.002323  0.000090
  9     -7.03587528  -0.0000075037  0.000359  0.002218  0.002626  0.000096
 10     -7.03587805  -0.0000027691  0.000030  0.000080  0.000144  0.000006
                 **** Energy Check signals convergence ****
              ***Rediagonalizing the Fockian in SOSCF/NRSCF***

               *****************************************************
               *                     SUCCESS                       *
               *           SCF CONVERGED AFTER  11 CYCLES          *
               *****************************************************


----------------
TOTAL SCF ENERGY
----------------

Total Energy       :           -7.03587808 Eh            -191.45598 eV

Components:
Nuclear Repulsion  :          293.83703757 Eh            7995.71229 eV
Electronic Energy  :         -300.87291565 Eh           -8187.16826 eV

One Electron Energy:         -556.56131992 Eh          -15144.80346 eV
Two Electron Energy:          255.68840426 Eh            6957.63520 eV


---------------
SCF CONVERGENCE
---------------

  Last Energy change         ...   -2.7216e-08  Tolerance :   1.0000e-06
  Last MAX-Density change    ...    5.9946e-05  Tolerance :   1.0000e-05
  Last RMS-Density change    ...    2.2246e-06  Tolerance :   1.0000e-06
  Last Orbital Gradient      ...    1.0973e-05  Tolerance :   5.0000e-05
  Last Orbital Rotation      ...    2.5087e-05  Tolerance :   5.0000e-05

             **** THE GBW FILE WAS UPDATED (/Users/mattyjones/GoogleDrive/Boise/Code/MorphCT/tests/output_EZ/donor_polymer/chromophores/input_orca/single/00024.gbw) ****
             **** DENSITY FILE WAS UPDATED (/Users/mattyjones/GoogleDrive/Boise/Code/MorphCT/tests/output_EZ/donor_polymer/chromophores/input_orca/single/00024.scfp.tmp) ****
             **** ENERGY FILE WAS UPDATED (/Users/mattyjones/GoogleDrive/Boise/Code/MorphCT/tests/output_EZ/donor_polymer/chromophores/input_orca/single/00024.en.tmp) ****
----------------
ORBITAL ENERGIES
----------------

  NO   OCC          E(Eh)            E(eV) 
   0   2.0000      -1.561248       -42.4837 
   1   2.0000      -1.392415       -37.8895 
   2   2.0000      -1.290456       -35.1151 
   3   2.0000      -1.188547       -32.3420 
   4   2.0000      -1.120704       -30.4959 
   5   2.0000      -1.031071       -28.0569 
   6   2.0000      -0.949305       -25.8319 
   7   2.0000      -0.898553       -24.4509 
   8   2.0000      -0.861077       -23.4311 
   9   2.0000      -0.837012       -22.7763 
  10   2.0000      -0.774492       -21.0750 
  11   2.0000      -0.727519       -19.7968 
  12   2.0000      -0.699971       -19.0472 
  13   2.0000      -0.667647       -18.1676 
  14   2.0000      -0.651491       -17.7280 
  15   2.0000      -0.616287       -16.7700 
  16   2.0000      -0.587264       -15.9803 
  17   2.0000      -0.576867       -15.6974 
  18   2.0000      -0.564819       -15.3695 
  19   2.0000      -0.561146       -15.2696 
  20   2.0000      -0.526871       -14.3369 
  21   2.0000      -0.518333       -14.1046 
  22   2.0000      -0.506938       -13.7945 
  23   2.0000      -0.494025       -13.4431 
  24   2.0000      -0.485686       -13.2162 
  25   2.0000      -0.474066       -12.9000 
  26   2.0000      -0.469533       -12.7766 
  27   2.0000      -0.464098       -12.6287 
  28   2.0000      -0.436212       -11.8699 
  29   2.0000      -0.353530        -9.6200 
  30   2.0000      -0.305087        -8.3018 
  31   0.0000       0.007706         0.2097 
  32   0.0000       0.066703         1.8151 
  33   0.0000       0.071907         1.9567 
  34   0.0000       0.088802         2.4164 
  35   0.0000       0.104842         2.8529 
  36   0.0000       0.108039         2.9399 
  37   0.0000       0.124494         3.3877 
  38   0.0000       0.142631         3.8812 
  39   0.0000       0.158179         4.3043 
  40   0.0000       0.166874         4.5409 
  41   0.0000       0.172707         4.6996 
  42   0.0000       0.203158         5.5282 
  43   0.0000       0.232957         6.3391 
  44   0.0000       0.237609         6.4657 
  45   0.0000       0.238393         6.4870 
  46   0.0000       0.240056         6.5323 
  47   0.0000       0.240394         6.5414 
  48   0.0000       0.242866         6.6087 
  49   0.0000       0.244339         6.6488 
  50   0.0000       0.248096         6.7510 
  51   0.0000       0.252840         6.8801 
  52   0.0000       0.267170         7.2701 
  53   0.0000       0.282025         7.6743 
  54   0.0000       0.309229         8.4146 
  55   0.0000       0.310939         8.4611 
  56   0.0000       0.339137         9.2284 
  57   0.0000       0.353578         9.6213 
  58   0.0000       0.418650        11.3920 
  59   0.0000       0.424815        11.5598 
-------
TIMINGS
-------

Total SCF time: 0 days 0 hours 0 min 0 sec 

Total time                  ....       0.074 sec
Sum of individual times     ....       0.065 sec  ( 88.2%)

Fock matrix formation       ....       0.049 sec  ( 67.2%)
Diagonalization             ....       0.005 sec  (  6.9%)
Density matrix formation    ....       0.001 sec  (  1.0%)
Population analysis         ....       0.000 sec  (  0.0%)
Initial guess               ....       0.001 sec  (  0.8%)
Orbital Transformation      ....       0.000 sec  (  0.0%)
Orbital Orthonormalization  ....       0.000 sec  (  0.0%)
DIIS solution               ....       0.006 sec  (  8.5%)
SOSCF solution              ....       0.003 sec  (  3.9%)

-------------------------   --------------------
FINAL SINGLE POINT ENERGY        -7.035878080908
-------------------------   --------------------


                            ***************************************
                            *     ORCA property calculations      *
                            ***************************************

                                    ---------------------
                                    Active property flags
                                    ---------------------
   (+) Dipole Moment


------------------------------------------------------------------------------
                       ORCA ELECTRIC PROPERTIES CALCULATION
------------------------------------------------------------------------------

Dipole Moment Calculation                       ... on
Quadrupole Moment Calculation                   ... off
Polarizability Calculation                      ... off
GBWName                                         ... /Users/mattyjones/GoogleDrive/Boise/Code/MorphCT/tests/output_EZ/donor_polymer/chromophores/input_orca/single/00024.gbw
Electron density file                           ... /Users/mattyjones/GoogleDrive/Boise/Code/MorphCT/tests/output_EZ/donor_polymer/chromophores/input_orca/single/00024.scfp.tmp

-------------
DIPOLE MOMENT
-------------
                                X             Y             Z
Electronic contribution:    -74.55884     -77.23613      81.61071
Nuclear contribution   :     40.52726      41.47188     -43.62313
                        -----------------------------------------
Total Dipole Moment    :    -34.03158     -35.76426      37.98759
                        -----------------------------------------
Magnitude (a.u.)       :     62.29195
Magnitude (Debye)      :    158.33356


Timings for individual modules:

Sum of individual times         ...        0.140 sec (=   0.002 min)
STO integral calculation        ...        0.036 sec (=   0.001 min)  25.4 %
SCF iterations                  ...        0.105 sec (=   0.002 min)  74.6 %
                             ****ORCA TERMINATED NORMALLY****
TOTAL RUN TIME: 0 days 0 hours 0 minutes 0 seconds 467 msec

