
                                 *****************
                                 * O   R   C   A *
                                 *****************

           --- An Ab Initio, DFT and Semiempirical electronic structure package ---

                  #######################################################
                  #                        -***-                        #
                  #  Department of molecular theory and spectroscopy    #
                  #              Directorship: Frank Neese              #
                  # Max Planck Institute for Chemical Energy Conversion #
                  #                  D-45470 Muelheim/Ruhr              #
                  #                       Germany                       #
                  #                                                     #
                  #                  All rights reserved                #
                  #                        -***-                        #
                  #######################################################


                         Program Version 3.0.3 - RELEASE   -


 With contributions from (in alphabetic order):
   Ute Becker             : Parallelization
   Dmytro Bykov           : SCF Hessian
   Dmitry Ganyushin       : Spin-Orbit,Spin-Spin,Magnetic field MRCI
   Andreas Hansen         : Spin unrestricted coupled pair/coupled cluster methods
   Dimitrios Liakos       : Extrapolation schemes; parallel MDCI
   Robert Izsak           : Overlap fitted RIJCOSX, COSX-SCS-MP3
   Christian Kollmar      : KDIIS, OOCD, Brueckner-CCSD(T), CCSD density
   Simone Kossmann        : Meta GGA functionals, TD-DFT gradient, OOMP2, MP2 Hessian
   Taras Petrenko         : DFT Hessian,TD-DFT gradient, ASA and ECA modules, normal mode analysis, Resonance Raman, ABS, FL, XAS/XES, NRVS
   Christoph Reimann      : Effective Core Potentials
   Michael Roemelt        : Restricted open shell CIS
   Christoph Riplinger    : Improved optimizer, TS searches, QM/MM, DLPNO-CCSD
   Barbara Sandhoefer     : DKH picture change effects
   Igor Schapiro          : Molecular dynamics
   Kantharuban Sivalingam : CASSCF convergence, NEVPT2
   Boris Wezisla          : Elementary symmetry handling
   Frank Wennmohs         : Technical directorship


 We gratefully acknowledge several colleagues who have allowed us to
 interface, adapt or use parts of their codes:
   Stefan Grimme, W. Hujo, H. Kruse, T. Risthaus : VdW corrections, initial TS optimization,
                                                   DFT functionals, gCP
   Ed Valeev                                     : LibInt (2-el integral package), F12 methods
   Garnet Chan, S. Sharma, R. Olivares           : DMRG
   Ulf Ekstrom                                   : XCFun DFT Library
   Mihaly Kallay                                 : mrcc  (arbitrary order and MRCC methods)
   Andreas Klamt, Michael Diedenhofen            : otool_cosmo (COSMO solvation model)
   Frank Weinhold                                : gennbo (NPA and NBO analysis)
   Christopher J. Cramer and Donald G. Truhlar   : smd solvation model


 Your calculation uses the libint2 library for the computation of 2-el integrals
 For citations please refer to: http://libint.valeyev.net

 This ORCA versions uses:
   CBLAS   interface :  Fast vector & matrix operations
   LAPACKE interface :  Fast linear algebra routines
   SCALAPACK package :  Parallel linear algebra routines


leaving
================================================================================
                                        WARNINGS
                       Please study these warnings very carefully!
================================================================================
Now building the actual basis set

WARNING: Direct SCF is incompatible with Method<>HF and Method<>DFT
  ===> : conventional SCF is chosen

WARNING: The NDO methods need Guess=HUECKEL or Guess=HCORE or Guess=MOREAD
  ===> : Guess is set to Hueckel

WARNING: The NDO methods need %rel::SOCType==1
  ===> : %rel::SOCType is set to 1

WARNING: The NDO methods cannot have frozencore=1
  ===> : %method FrozenCore=0 end


INFO   : the flag for use of LIBINT has been found!

================================================================================
                                       INPUT FILE
================================================================================
NAME = /Users/mattyjones/GoogleDrive/Boise/Code/MorphCT/tests/output_EZ/donor_polymer/chromophores/input_orca/single/00026.inp
|  1> # ================================================================
|  2> # Orca input file made by Matty Jones
|  3> # ================================================================
|  4> ! ZINDO/S 
|  5> ! NOPOP
|  6> ! NOMOPRINT
|  7> * xyz 0   1
|  8>  C  -1.91904  -3.19154  -2.70198
|  9>  C  -1.33777  -2.54159  -1.61221
| 10>  C  -2.16248  -1.53046  -1.02763
| 11>  C  -3.40121  -1.38124  -1.65897
| 12>  S  -3.41075  -2.49257  -2.88994
| 13>  H  -0.29606  -2.78467  -1.21334
| 14>  C  -1.76685  -0.59312  0.23735
| 15>  C  -0.49359  0.50415  -0.00605
| 16>  C  -0.07312  1.59809  1.22546
| 17>  H  -0.95965  1.60509  1.97321
| 18>  H  -0.01265  2.64567  0.73547
| 19>  H  0.44632  -0.11407  -0.25136
| 20>  H  -0.78382  1.14074  -0.92349
| 21>  H  -2.67458  -0.01192  0.66550
| 22>  H  -1.39082  -1.29066  1.10159
| 23>  C  1.29444  1.30921  2.05369
| 24>  C  2.63975  1.95315  1.24638
| 25>  C  3.26724  0.86898  0.12379
| 26>  H  2.72425  1.01208  -0.88855
| 27>  H  3.10560  -0.21397  0.49910
| 28>  H  4.39901  1.06692  -0.01072
| 29>  H  2.32907  2.91616  0.69786
| 30>  H  3.45344  2.19850  2.02293
| 31>  H  1.45273  0.17667  2.20141
| 32>  H  1.23919  1.81903  3.09089
| 33>  H  -1.49605  -3.96825  -3.28627
| 34>  H  -4.17262  -0.70037  -1.40414
| 35> *
| 36> 
| 37>                          ****END OF INPUT****
================================================================================

                       ****************************
                       * Single Point Calculation *
                       ****************************

---------------------------------
CARTESIAN COORDINATES (ANGSTROEM)
---------------------------------
  C     -1.919040   -3.191540   -2.701980
  C     -1.337770   -2.541590   -1.612210
  C     -2.162480   -1.530460   -1.027630
  C     -3.401210   -1.381240   -1.658970
  S     -3.410750   -2.492570   -2.889940
  H     -0.296060   -2.784670   -1.213340
  C     -1.766850   -0.593120    0.237350
  C     -0.493590    0.504150   -0.006050
  C     -0.073120    1.598090    1.225460
  H     -0.959650    1.605090    1.973210
  H     -0.012650    2.645670    0.735470
  H      0.446320   -0.114070   -0.251360
  H     -0.783820    1.140740   -0.923490
  H     -2.674580   -0.011920    0.665500
  H     -1.390820   -1.290660    1.101590
  C      1.294440    1.309210    2.053690
  C      2.639750    1.953150    1.246380
  C      3.267240    0.868980    0.123790
  H      2.724250    1.012080   -0.888550
  H      3.105600   -0.213970    0.499100
  H      4.399010    1.066920   -0.010720
  H      2.329070    2.916160    0.697860
  H      3.453440    2.198500    2.022930
  H      1.452730    0.176670    2.201410
  H      1.239190    1.819030    3.090890
  H     -1.496050   -3.968250   -3.286270
  H     -4.172620   -0.700370   -1.404140

----------------------------
CARTESIAN COORDINATES (A.U.)
----------------------------
  NO LB      ZA    FRAG    MASS        X           Y           Z
   0 C     4.0000    0    12.011         -3.626460040040239         -6.031136545455031         -5.106002219332543
   1 C     4.0000    0    12.011         -2.528018930175833         -4.802909044712914         -3.046635370369181
   2 C     4.0000    0    12.011         -4.086494970082028         -2.892150258921119         -1.941939267001496
   3 C     4.0000    0    12.011         -6.427355423954300         -2.610165325217390         -3.134998964391339
   4 S     6.0000    0    32.060         -6.445383411271910         -4.710274669628094         -5.461195143464383
   5 H     1.0000    0     1.008         -0.559472319208726         -5.262263673346492         -2.292880307332012
   6 C     4.0000    0    12.011         -3.338862619718764         -1.120834364551373          0.448526497886209
   7 C     4.0000    0    12.011         -0.932749922442191          0.952705430416399         -0.011432843110224
   8 C     4.0000    0    12.011         -0.138176774912322          3.019952437358213          2.315783788075137
   9 H     1.0000    0     1.008         -1.813475684417529          3.033180520295661          3.728826504714753
  10 H     1.0000    0     1.008         -0.023905035594104          4.999591740731438          1.389836879715063
  11 H     1.0000    0     1.008          0.843422568091733         -0.215561060096397         -0.475001561022446
  12 H     1.0000    0     1.008         -1.481205138290155          2.155686190009329         -1.745143187414937
  13 H     1.0000    0     1.008         -5.054223723263101         -0.022525535516341          1.257612742124593
  14 H     1.0000    0     1.008         -2.628268901580355         -2.438993932006802          2.081703411866312
  15 C     4.0000    0    12.011          2.446137096793025          2.474048351791042          3.880911663972735
  16 C     4.0000    0    12.011          4.988404562018624          3.690918598468293          2.355316858796770
  17 C     4.0000    0    12.011          6.174188813792870          1.642134215854889          0.233929198118112
  18 H     1.0000    0     1.008          5.148086420334970          1.912554025619021         -1.679116156295728
  19 H     1.0000    0     1.008          5.868733481505839         -0.404344700875130          0.943162313440097
  20 H     1.0000    0     1.008          8.312924160380925          2.016186606803262         -0.020257864155636
  21 H     1.0000    0     1.008          4.401304446731970          5.510743762695798          1.318764279818285
  22 H     1.0000    0     1.008          6.526055819929008          4.154562905425872          3.822783688093318
  23 H     1.0000    0     1.008          2.745261846531420          0.333857916079868          4.160062008475583
  24 H     1.0000    0     1.008          2.341729727893876          3.437468529386774          5.840935610075857
  25 H     1.0000    0     1.008         -2.827124782652889         -7.498905730933006         -6.210150302121392
  26 H     1.0000    0     1.008         -7.885109060922494         -1.323507492414427         -2.653440053684186

--------------------------------
INTERNAL COORDINATES (ANGSTROEM)
--------------------------------
 C      0   0   0   0.000000     0.000     0.000
 C      1   0   0   1.395675     0.000     0.000
 C      2   1   0   1.429778   114.101     0.000
 C      3   2   1   1.398324   113.694     0.000
 S      1   2   3   1.658037   105.480     0.000
 H      2   1   3   1.141641   123.619   180.091
 C      3   2   1   1.623362   125.899   180.599
 C      7   3   2   1.698363   116.365    66.059
 C      8   7   3   1.700034   119.824   176.025
 H      9   8   7   1.159791   106.372   344.408
 H      9   8   7   1.158089   106.768   229.386
 H      8   7   3   1.151436   107.195   298.496
 H      8   7   3   1.153766   106.370    55.452
 H      7   3   2   1.159776   112.723   192.203
 H      7   3   2   1.172549   107.999   309.066
 C      9   8   7   1.624696   117.584   106.067
 C     16   9   8   1.695956   110.948    85.158
 C     17  16   9   1.682075   111.646   272.872
 H     18  17  16   1.157648   109.206    88.028
 H     18  17  16   1.157483   109.545   328.117
 H     18  17  16   1.156796   109.408   208.030
 H     17  16   9   1.150993   109.294    33.262
 H     17  16   9   1.151225   108.693   152.731
 H     16   9   8   1.153050   110.824   323.962
 H     16   9   8   1.157045   109.782   203.582
 H      1   2   3   1.059997   127.260   180.000
 H      4   3   2   1.059998   127.207   180.000

---------------------------
INTERNAL COORDINATES (A.U.)
---------------------------
 C      0   0   0   0.000000     0.000     0.000
 C      1   0   0   2.637443     0.000     0.000
 C      2   1   0   2.701888   114.101     0.000
 C      3   2   1   2.642449   113.694     0.000
 S      1   2   3   3.133236   105.480     0.000
 H      2   1   3   2.157389   123.619   180.091
 C      3   2   1   3.067709   125.899   180.599
 C      7   3   2   3.209440   116.365    66.059
 C      8   7   3   3.212599   119.824   176.025
 H      9   8   7   2.191687   106.372   344.408
 H      9   8   7   2.188471   106.768   229.386
 H      8   7   3   2.175898   107.195   298.496
 H      8   7   3   2.180302   106.370    55.452
 H      7   3   2   2.191658   112.723   192.203
 H      7   3   2   2.215797   107.999   309.066
 C      9   8   7   3.070230   117.584   106.067
 C     16   9   8   3.204893   110.948    85.158
 C     17  16   9   3.178661   111.646   272.872
 H     18  17  16   2.187637   109.206    88.028
 H     18  17  16   2.187325   109.545   328.117
 H     18  17  16   2.186027   109.408   208.030
 H     17  16   9   2.175061   109.294    33.262
 H     17  16   9   2.175499   108.693   152.731
 H     16   9   8   2.178948   110.824   323.962
 H     16   9   8   2.186498   109.782   203.582
 H      1   2   3   2.003104   127.260   180.000
 H      4   3   2   2.003106   127.207   180.000

----------------------------
SLATER BASIS SET DIM=  60
----------------------------
  0 C     2 shells
 l=0 nsto= 1
    2       1.625000000000        1.000000000000
 l=1 nsto= 1
    2       1.625000000000        1.000000000000
  1 C     2 shells
 l=0 nsto= 1
    2       1.625000000000        1.000000000000
 l=1 nsto= 1
    2       1.625000000000        1.000000000000
  2 C     2 shells
 l=0 nsto= 1
    2       1.625000000000        1.000000000000
 l=1 nsto= 1
    2       1.625000000000        1.000000000000
  3 C     2 shells
 l=0 nsto= 1
    2       1.625000000000        1.000000000000
 l=1 nsto= 1
    2       1.625000000000        1.000000000000
  4 S     2 shells
 l=0 nsto= 1
    3       1.925000000000        1.000000000000
 l=1 nsto= 1
    3       1.925000000000        1.000000000000
  5 H     1 shells
 l=0 nsto= 1
    1       1.200000000000        1.000000000000
  6 C     2 shells
 l=0 nsto= 1
    2       1.625000000000        1.000000000000
 l=1 nsto= 1
    2       1.625000000000        1.000000000000
  7 C     2 shells
 l=0 nsto= 1
    2       1.625000000000        1.000000000000
 l=1 nsto= 1
    2       1.625000000000        1.000000000000
  8 C     2 shells
 l=0 nsto= 1
    2       1.625000000000        1.000000000000
 l=1 nsto= 1
    2       1.625000000000        1.000000000000
  9 H     1 shells
 l=0 nsto= 1
    1       1.200000000000        1.000000000000
 10 H     1 shells
 l=0 nsto= 1
    1       1.200000000000        1.000000000000
 11 H     1 shells
 l=0 nsto= 1
    1       1.200000000000        1.000000000000
 12 H     1 shells
 l=0 nsto= 1
    1       1.200000000000        1.000000000000
 13 H     1 shells
 l=0 nsto= 1
    1       1.200000000000        1.000000000000
 14 H     1 shells
 l=0 nsto= 1
    1       1.200000000000        1.000000000000
 15 C     2 shells
 l=0 nsto= 1
    2       1.625000000000        1.000000000000
 l=1 nsto= 1
    2       1.625000000000        1.000000000000
 16 C     2 shells
 l=0 nsto= 1
    2       1.625000000000        1.000000000000
 l=1 nsto= 1
    2       1.625000000000        1.000000000000
 17 C     2 shells
 l=0 nsto= 1
    2       1.625000000000        1.000000000000
 l=1 nsto= 1
    2       1.625000000000        1.000000000000
 18 H     1 shells
 l=0 nsto= 1
    1       1.200000000000        1.000000000000
 19 H     1 shells
 l=0 nsto= 1
    1       1.200000000000        1.000000000000
 20 H     1 shells
 l=0 nsto= 1
    1       1.200000000000        1.000000000000
 21 H     1 shells
 l=0 nsto= 1
    1       1.200000000000        1.000000000000
 22 H     1 shells
 l=0 nsto= 1
    1       1.200000000000        1.000000000000
 23 H     1 shells
 l=0 nsto= 1
    1       1.200000000000        1.000000000000
 24 H     1 shells
 l=0 nsto= 1
    1       1.200000000000        1.000000000000
 25 H     1 shells
 l=0 nsto= 1
    1       1.200000000000        1.000000000000
 26 H     1 shells
 l=0 nsto= 1
    1       1.200000000000        1.000000000000
------------------------------------------------------------------------------
                           ORCA NDO INTEGRAL CALCULATION
------------------------------------------------------------------------------

--------------
NDO PARAMETERS
--------------

Gamma integral treatment              ... Mataga-Nishimoto
Nuclear repulsuion treatment          ... Direct (ZA*ZB/RAB)
Interaction factors:
s-s (sigma) =    1.0000
s-p (sigma) =    1.0000
s-d (sigma) =    1.0000
p-p (sigma) =    1.2670  p-p(pi) =    0.5850
p-d (sigma) =    1.0000  p-d(pi) =    1.0000
d-d (sigma) =    1.0000  d-d(pi) =    1.0000 d-d (delta) =    1.0000

fGamma parameter for Mataga-Nishimoto gamma integrals:    1.2000

--------------------------
Parameters for Element H :
--------------------------
 One-electron parameters (in eV)
  U(s)  =   -13.060000 Beta(s) =    12.000000 Neff(s) =     1.000000
 One-center electron repulsion parameters (in eV)
  G(s,s)=    12.850000
--------------------------
Parameters for Element C :
--------------------------
 One-electron parameters (in eV)
  U(s)  =   -50.870766 Beta(s) =    17.000000 Neff(s) =     2.000000
  U(p)  =   -41.599980 Beta(p) =    17.000000 Neff(p) =     2.000000 
 One-center electron repulsion parameters (in eV)
  G(s,s)=    11.110000
  G(s,p)=    11.110000 G(p,p)  =    11.110000
 Slater-Condon parameters (in eV)
 F2(p,p)=     4.5098 G1(s,p)=    6.8977
--------------------------
Parameters for Element S :
--------------------------
 One-electron parameters (in eV)
  U(s)  =   -69.509597 Beta(s) =    15.000000 Neff(s) =     2.000000
  U(p)  =   -60.725746 Beta(p) =    15.000000 Neff(p) =     4.000000 
 One-center electron repulsion parameters (in eV)
  G(s,s)=    10.090000
  G(s,p)=    10.090000 G(p,p)  =    10.090000
 Slater-Condon parameters (in eV)
 F2(p,p)=     4.5377 G1(s,p)=    3.0756

 Number of atoms                    ....   27
 Number of basis functions          ....   60

 Overlap integrals                  .... done
 One electron matrix                .... done
 Nuclear repulsion                  .... done
 Integral list                      .... done
 Electron-electron repulsion        .... done
-------------------------------------------------------------------------------
                                 ORCA SCF
-------------------------------------------------------------------------------

------------
SCF SETTINGS
------------
Hamiltonian:
 ZDO-Hamiltonian        Method          .... INDO


General Settings:
 Integral files         IntName         .... /Users/mattyjones/GoogleDrive/Boise/Code/MorphCT/tests/output_EZ/donor_polymer/chromophores/input_orca/single/00026
 Hartree-Fock type      HFTyp           .... RHF
 Total Charge           Charge          ....    0
 Multiplicity           Mult            ....    1
 Number of Electrons    NEL             ....   62
 Basis Dimension        Dim             ....   60
 Nuclear Repulsion      ENuc            ....    296.2896378542 Eh

Convergence Acceleration:
 DIIS                   CNVDIIS         .... on
   Start iteration      DIISMaxIt       ....    12
   Startup error        DIISStart       ....  0.200000
   # of expansion vecs  DIISMaxEq       ....     5
   Bias factor          DIISBfac        ....   1.050
   Max. coefficient     DIISMaxC        ....  10.000
 Newton-Raphson         CNVNR           .... off
 SOSCF                  CNVSOSCF        .... on
   Start iteration      SOSCFMaxIt      ....   150
   Startup grad/error   SOSCFStart      ....  0.003300
 Level Shifting         CNVShift        .... on
   Level shift para.    LevelShift      ....    0.2500
   Turn off err/grad.   ShiftErr        ....    0.0010
 Zerner damping         CNVZerner       .... off
 Static damping         CNVDamp         .... on
   Fraction old density DampFac         ....    0.7000
   Max. Damping (<1)    DampMax         ....    0.9800
   Min. Damping (>=0)   DampMin         ....    0.0000
   Turn off err/grad.   DampErr         ....    0.1000
 Fernandez-Rico         CNVRico         .... off

SCF Procedure:
 Maximum # iterations   MaxIter         ....   125
 SCF integral mode      SCFMode         .... Conventional
 Integral Buffer length BufferLength    .... 1048576
 Integral index format  IndFormat       ....     0
 Integral value format  ValFormat       ....     0
 Integral Storage       Thresh          ....  1.000e-08 Eh

Convergence Tolerance:
 Convergence Check Mode ConvCheckMode   .... Total+1el-Energy
 Energy Change          TolE            ....  1.000e-06 Eh
 1-El. energy change                    ....  1.000e-03 Eh
 Orbital Gradient       TolG            ....  5.000e-05
 Orbital Rotation angle TolX            ....  5.000e-05
 DIIS Error             TolErr          ....  1.000e-06


Diagonalization of the overlap matrix:
Smallest eigenvalue                        ... 1.698e-01
Time for diagonalization                   ...    0.001 sec
Threshold for overlap eigenvalues          ... 1.000e-08
Number of eigenvalues below threshold      ... 0
Time for construction of square roots      ...    0.000 sec
Total time needed                          ...    0.002 sec

-------------------------------
INITIAL GUESS: EXTENDED HUECKEL
-------------------------------
EHT matrix was read from disk
EHT matrix was diagonalized
Initial density was built
                      ------------------
                      INITIAL GUESS DONE
                      ------------------

 InCore treatment chosen:
   Memory dedicated               ...    1024 MB
   Memory needed                  ...      0 MB
   Number of tiny    integrals    ...       0
   Number of small   integrals    ...       0
   Number of regular integrals    ...    1896

--------------
SCF ITERATIONS
--------------
ITER       Energy         Delta-E        Max-DP      RMS-DP      [F,P]     Damp
  0     -6.3091893412   0.000000000000 0.03966010  0.00202727  0.0991421 0.7000
  1     -6.3299376163  -0.020748275169 0.03636335  0.00190688  0.0707157 0.7000
                               ***Turning on DIIS***
  2     -6.3452802649  -0.015342648544 0.08887775  0.00488588  0.0461278 0.0000
  3     -6.3857741600  -0.040493895119 0.01452118  0.00100133  0.0198527 0.0000
  4     -6.3778815858   0.007892574220 0.00926630  0.00068434  0.0057961 0.0000
  5     -6.3863577369  -0.008476151111 0.00610852  0.00046272  0.0032726 0.0000
  6     -6.3875968933  -0.001239156424 0.00409593  0.00033019  0.0016391 0.0000
                      *** Initiating the SOSCF procedure ***
                           *** Shutting down DIIS ***
                      *** Re-Reading the Fockian *** 
                      *** Removing any level shift *** 
ITER      Energy       Delta-E        Grad      Rot      Max-DP    RMS-DP
  7     -6.38552833   0.0020685611  0.002995  0.002995  0.004064  0.000310
  8     -6.38459473   0.0009336047  0.000213  0.000565  0.000435  0.000032
                 **** Energy Check signals convergence ****
              ***Rediagonalizing the Fockian in SOSCF/NRSCF***

               *****************************************************
               *                     SUCCESS                       *
               *           SCF CONVERGED AFTER   9 CYCLES          *
               *****************************************************


----------------
TOTAL SCF ENERGY
----------------

Total Energy       :           -6.38459551 Eh            -173.73368 eV

Components:
Nuclear Repulsion  :          296.28963785 Eh            8062.45093 eV
Electronic Energy  :         -302.67423336 Eh           -8236.18461 eV

One Electron Energy:         -560.12493623 Eh          -15241.77439 eV
Two Electron Energy:          257.45070287 Eh            7005.58978 eV


---------------
SCF CONVERGENCE
---------------

  Last Energy change         ...   -7.8215e-07  Tolerance :   1.0000e-06
  Last MAX-Density change    ...    3.9292e-04  Tolerance :   1.0000e-05
  Last RMS-Density change    ...    2.5750e-05  Tolerance :   1.0000e-06
  Last Orbital Gradient      ...    1.3253e-04  Tolerance :   5.0000e-05
  Last Orbital Rotation      ...    5.3860e-04  Tolerance :   5.0000e-05

             **** THE GBW FILE WAS UPDATED (/Users/mattyjones/GoogleDrive/Boise/Code/MorphCT/tests/output_EZ/donor_polymer/chromophores/input_orca/single/00026.gbw) ****
             **** DENSITY FILE WAS UPDATED (/Users/mattyjones/GoogleDrive/Boise/Code/MorphCT/tests/output_EZ/donor_polymer/chromophores/input_orca/single/00026.scfp.tmp) ****
             **** ENERGY FILE WAS UPDATED (/Users/mattyjones/GoogleDrive/Boise/Code/MorphCT/tests/output_EZ/donor_polymer/chromophores/input_orca/single/00026.en.tmp) ****
----------------
ORBITAL ENERGIES
----------------

  NO   OCC          E(Eh)            E(eV) 
   0   2.0000      -1.556025       -42.3416 
   1   2.0000      -1.409798       -38.3625 
   2   2.0000      -1.284002       -34.9395 
   3   2.0000      -1.176153       -32.0047 
   4   2.0000      -1.112289       -30.2669 
   5   2.0000      -1.041149       -28.3311 
   6   2.0000      -0.951719       -25.8976 
   7   2.0000      -0.902617       -24.5615 
   8   2.0000      -0.865493       -23.5513 
   9   2.0000      -0.833317       -22.6757 
  10   2.0000      -0.781124       -21.2555 
  11   2.0000      -0.729158       -19.8414 
  12   2.0000      -0.696086       -18.9415 
  13   2.0000      -0.668864       -18.2007 
  14   2.0000      -0.653547       -17.7839 
  15   2.0000      -0.607128       -16.5208 
  16   2.0000      -0.586885       -15.9700 
  17   2.0000      -0.575608       -15.6631 
  18   2.0000      -0.571982       -15.5644 
  19   2.0000      -0.550311       -14.9747 
  20   2.0000      -0.537105       -14.6154 
  21   2.0000      -0.512196       -13.9376 
  22   2.0000      -0.509448       -13.8628 
  23   2.0000      -0.497374       -13.5342 
  24   2.0000      -0.495366       -13.4796 
  25   2.0000      -0.479379       -13.0446 
  26   2.0000      -0.469757       -12.7827 
  27   2.0000      -0.457496       -12.4491 
  28   2.0000      -0.437873       -11.9151 
  29   2.0000      -0.357448        -9.7266 
  30   2.0000      -0.304929        -8.2975 
  31   0.0000       0.007584         0.2064 
  32   0.0000       0.067316         1.8318 
  33   0.0000       0.077762         2.1160 
  34   0.0000       0.089746         2.4421 
  35   0.0000       0.104598         2.8462 
  36   0.0000       0.108126         2.9423 
  37   0.0000       0.123914         3.3719 
  38   0.0000       0.141397         3.8476 
  39   0.0000       0.157384         4.2826 
  40   0.0000       0.163803         4.4573 
  41   0.0000       0.168839         4.5943 
  42   0.0000       0.205395         5.5891 
  43   0.0000       0.231810         6.3079 
  44   0.0000       0.233436         6.3521 
  45   0.0000       0.235805         6.4166 
  46   0.0000       0.239537         6.5181 
  47   0.0000       0.242527         6.5995 
  48   0.0000       0.245635         6.6841 
  49   0.0000       0.247401         6.7321 
  50   0.0000       0.251164         6.8345 
  51   0.0000       0.266255         7.2452 
  52   0.0000       0.267125         7.2688 
  53   0.0000       0.283650         7.7185 
  54   0.0000       0.305773         8.3205 
  55   0.0000       0.310161         8.4399 
  56   0.0000       0.337111         9.1733 
  57   0.0000       0.353155         9.6098 
  58   0.0000       0.407537        11.0897 
  59   0.0000       0.431285        11.7359 
-------
TIMINGS
-------

Total SCF time: 0 days 0 hours 0 min 0 sec 

Total time                  ....       0.088 sec
Sum of individual times     ....       0.066 sec  ( 74.9%)

Fock matrix formation       ....       0.051 sec  ( 57.4%)
Diagonalization             ....       0.006 sec  (  6.4%)
Density matrix formation    ....       0.001 sec  (  0.7%)
Population analysis         ....       0.000 sec  (  0.0%)
Initial guess               ....       0.001 sec  (  0.9%)
Orbital Transformation      ....       0.000 sec  (  0.0%)
Orbital Orthonormalization  ....       0.000 sec  (  0.0%)
DIIS solution               ....       0.007 sec  (  7.7%)
SOSCF solution              ....       0.002 sec  (  1.8%)

-------------------------   --------------------
FINAL SINGLE POINT ENERGY        -6.384595509691
-------------------------   --------------------


                            ***************************************
                            *     ORCA property calculations      *
                            ***************************************

                                    ---------------------
                                    Active property flags
                                    ---------------------
   (+) Dipole Moment


------------------------------------------------------------------------------
                       ORCA ELECTRIC PROPERTIES CALCULATION
------------------------------------------------------------------------------

Dipole Moment Calculation                       ... on
Quadrupole Moment Calculation                   ... off
Polarizability Calculation                      ... off
GBWName                                         ... /Users/mattyjones/GoogleDrive/Boise/Code/MorphCT/tests/output_EZ/donor_polymer/chromophores/input_orca/single/00026.gbw
Electron density file                           ... /Users/mattyjones/GoogleDrive/Boise/Code/MorphCT/tests/output_EZ/donor_polymer/chromophores/input_orca/single/00026.scfp.tmp

-------------
DIPOLE MOMENT
-------------
                                X             Y             Z
Electronic contribution:    -91.87310     -67.24578     -73.81638
Nuclear contribution   :     49.37278      36.31208      39.38732
                        -----------------------------------------
Total Dipole Moment    :    -42.50032     -30.93369     -34.42906
                        -----------------------------------------
Magnitude (a.u.)       :     62.83734
Magnitude (Debye)      :    159.71982


Timings for individual modules:

Sum of individual times         ...        0.168 sec (=   0.003 min)
STO integral calculation        ...        0.039 sec (=   0.001 min)  23.1 %
SCF iterations                  ...        0.129 sec (=   0.002 min)  76.9 %
                             ****ORCA TERMINATED NORMALLY****
TOTAL RUN TIME: 0 days 0 hours 0 minutes 0 seconds 484 msec

