
                                 *****************
                                 * O   R   C   A *
                                 *****************

           --- An Ab Initio, DFT and Semiempirical electronic structure package ---

                  #######################################################
                  #                        -***-                        #
                  #  Department of molecular theory and spectroscopy    #
                  #              Directorship: Frank Neese              #
                  # Max Planck Institute for Chemical Energy Conversion #
                  #                  D-45470 Muelheim/Ruhr              #
                  #                       Germany                       #
                  #                                                     #
                  #                  All rights reserved                #
                  #                        -***-                        #
                  #######################################################


                         Program Version 4.0.1.2 - RELEASE -


 With contributions from (in alphabetic order):
   Daniel Aravena         : Magnetic Properties
   Michael Atanasov       : Ab Initio Ligand Field Theory
   Ute Becker             : Parallelization
   Martin Brehm           : Molecular dynamics
   Dmytro Bykov           : SCF Hessian
   Vijay G. Chilkuri      : MRCI spin determinant printing
   Dipayan Datta          : RHF DLPNO-CCSD density
   Achintya Kumar Dutta   : EOM-CC, STEOM-CC
   Dmitry Ganyushin       : Spin-Orbit,Spin-Spin,Magnetic field MRCI
   Yang Guo               : DLPNO-NEVPT2, CIM, IAO-localization
   Andreas Hansen         : Spin unrestricted coupled pair/coupled cluster methods
   Lee Huntington         : MR-EOM, pCC
   Robert Izsak           : Overlap fitted RIJCOSX, COSX-SCS-MP3, EOM
   Christian Kollmar      : KDIIS, OOCD, Brueckner-CCSD(T), CCSD density
   Simone Kossmann        : Meta GGA functionals, TD-DFT gradient, OOMP2, MP2 Hessian
   Martin Krupicka        : AUTO-CI
   Dagmar Lenk            : GEPOL surface
   Dimitrios Liakos       : Extrapolation schemes; parallel MDCI
   Dimitrios Manganas     : ROCIS; embedding schemes
   Dimitrios Pantazis     : SARC Basis sets
   Taras Petrenko         : DFT Hessian,TD-DFT gradient, ASA, ECA, R-Raman, ABS, FL, XAS/XES, NRVS
   Peter Pinski           : DLPNO-MP2
   Christoph Reimann      : Effective Core Potentials
   Marius Retegan         : Local ZFS, SOC
   Christoph Riplinger    : Optimizer, TS searches, QM/MM, DLPNO-CCSD(T), (RO)-DLPNO pert. Triples
   Tobias Risthaus        : Range-separated hybrids, TD-DFT gradient, RPA, STAB
   Michael Roemelt        : Restricted open shell CIS
   Masaaki Saitow         : Open-shell DLPNO
   Barbara Sandhoefer     : DKH picture change effects
   Kantharuban Sivalingam : CASSCF convergence, NEVPT2, FIC-MRCI
   Georgi Stoychev        : AutoAux
   Boris Wezisla          : Elementary symmetry handling
   Frank Wennmohs         : Technical directorship


 We gratefully acknowledge several colleagues who have allowed us to
 interface, adapt or use parts of their codes:
   Stefan Grimme, W. Hujo, H. Kruse,             : VdW corrections, initial TS optimization,
                  C. Bannwarth                     DFT functionals, gCP, sTDA/sTD-DF
   Ed Valeev                                     : LibInt (2-el integral package), F12 methods
   Garnet Chan, S. Sharma, J. Yang, R. Olivares  : DMRG
   Ulf Ekstrom                                   : XCFun DFT Library
   Mihaly Kallay                                 : mrcc  (arbitrary order and MRCC methods)
   Andreas Klamt, Michael Diedenhofen            : otool_cosmo (COSMO solvation model)
   Jiri Pittner, Ondrej Demel                    : Mk-CCSD
   Frank Weinhold                                : gennbo (NPA and NBO analysis)
   Christopher J. Cramer and Donald G. Truhlar   : smd solvation model


 Your calculation uses the libint2 library for the computation of 2-el integrals
 For citations please refer to: http://libint.valeyev.net

 This ORCA versions uses:
   CBLAS   interface :  Fast vector & matrix operations
   LAPACKE interface :  Fast linear algebra routines
   SCALAPACK package :  Parallel linear algebra routines


leaving
Your calculation utilizes the basis: def2-SVP
   F. Weigend and R. Ahlrichs, Phys. Chem. Chem. Phys. 7, 3297 (2005).

================================================================================
                                        WARNINGS
                       Please study these warnings very carefully!
================================================================================

Warning: TCutStore was < 0. Adjusted to Thresh (uncritical)

WARNING: Direct SCF is incompatible with Method<>HF and Method<>DFT
  ===> : conventional SCF is chosen

WARNING: The NDO methods need Guess=HUECKEL or Guess=HCORE or Guess=MOREAD
  ===> : Guess is set to Hueckel

WARNING: The NDO methods need %rel::SOCType==1
  ===> : %rel::SOCType is set to 1

WARNING: The NDO methods cannot have frozencore=1
  ===> : %method FrozenCore=0 end

INFO   : the flag for use of LIBINT has been found!

================================================================================
                                       INPUT FILE
================================================================================
NAME = /home/mattyjones/Software/morphct/tests/output_EZ/donor_polymer/chromophores/input_orca/single/00025.inp
|  1> # ================================================================
|  2> # Orca input file made by Matty Jones
|  3> # ================================================================
|  4> ! ZINDO/S 
|  5> ! NOPOP
|  6> ! NOMOPRINT
|  7> * xyz 0   1
|  8>  C  3.58794  2.02570  -1.53352
|  9>  C  2.71555  1.40654  -0.63716
| 10>  C  2.01377  2.31428  0.21593
| 11>  C  2.33364  3.65700  -0.00793
| 12>  S  3.45217  3.65049  -1.23237
| 13>  H  3.10303  0.44655  -0.09285
| 14>  C  0.95411  1.74665  1.30237
| 15>  C  -0.19078  0.73475  0.50449
| 16>  C  -1.53456  -0.22510  0.95367
| 17>  H  -1.82377  0.09245  2.02734
| 18>  H  -2.40035  0.04916  0.23824
| 19>  H  0.51303  -0.03998  0.04588
| 20>  H  -0.62273  1.43165  -0.31188
| 21>  H  0.36459  2.60755  1.80713
| 22>  H  1.48933  1.11754  2.11672
| 23>  C  -1.31001  -1.84341  0.92127
| 24>  C  -1.49916  -2.56311  -0.61399
| 25>  C  -2.99395  -3.15251  -1.11155
| 26>  H  -2.84871  -4.19308  -1.59913
| 27>  H  -3.44795  -2.42629  -1.89122
| 28>  H  -3.70160  -3.24282  -0.20281
| 29>  H  -0.75685  -3.44458  -0.66472
| 30>  H  -1.21849  -1.76286  -1.39462
| 31>  H  -2.07971  -2.34883  1.62001
| 32>  H  -0.24834  -2.09600  1.29659
| 33>  H  4.20682  1.55620  -2.25475
| 34>  H  1.94298  4.50207  0.49886
| 35> *
| 36> 
| 37>                          ****END OF INPUT****
================================================================================

                       ****************************
                       * Single Point Calculation *
                       ****************************

---------------------------------
CARTESIAN COORDINATES (ANGSTROEM)
---------------------------------
  C      3.587940    2.025700   -1.533520
  C      2.715550    1.406540   -0.637160
  C      2.013770    2.314280    0.215930
  C      2.333640    3.657000   -0.007930
  S      3.452170    3.650490   -1.232370
  H      3.103030    0.446550   -0.092850
  C      0.954110    1.746650    1.302370
  C     -0.190780    0.734750    0.504490
  C     -1.534560   -0.225100    0.953670
  H     -1.823770    0.092450    2.027340
  H     -2.400350    0.049160    0.238240
  H      0.513030   -0.039980    0.045880
  H     -0.622730    1.431650   -0.311880
  H      0.364590    2.607550    1.807130
  H      1.489330    1.117540    2.116720
  C     -1.310010   -1.843410    0.921270
  C     -1.499160   -2.563110   -0.613990
  C     -2.993950   -3.152510   -1.111550
  H     -2.848710   -4.193080   -1.599130
  H     -3.447950   -2.426290   -1.891220
  H     -3.701600   -3.242820   -0.202810
  H     -0.756850   -3.444580   -0.664720
  H     -1.218490   -1.762860   -1.394620
  H     -2.079710   -2.348830    1.620010
  H     -0.248340   -2.096000    1.296590
  H      4.206820    1.556200   -2.254750
  H      1.942980    4.502070    0.498860

----------------------------
CARTESIAN COORDINATES (A.U.)
----------------------------
  NO LB      ZA    FRAG     MASS         X           Y           Z
   0 C     4.0000    0    12.011    6.780224    3.828018   -2.897933
   1 C     4.0000    0    12.011    5.131646    2.657975   -1.204058
   2 C     4.0000    0    12.011    3.805474    4.373355    0.408049
   3 C     4.0000    0    12.011    4.409940    6.910728   -0.014986
   4 S     6.0000    0    32.060    6.523656    6.898426   -2.328842
   5 H     1.0000    0     1.008    5.863877    0.843857   -0.175461
   6 C     4.0000    0    12.011    1.803007    3.300690    2.461123
   7 C     4.0000    0    12.011   -0.360522    1.388476    0.953348
   8 C     4.0000    0    12.011   -2.899898   -0.425377    1.802175
   9 H     1.0000    0     1.008   -3.446426    0.174705    3.831117
  10 H     1.0000    0     1.008   -4.536004    0.092899    0.450208
  11 H     1.0000    0     1.008    0.969486   -0.075551    0.086701
  12 H     1.0000    0     1.008   -1.176789    2.705426   -0.589368
  13 H     1.0000    0     1.008    0.688975    4.927555    3.414981
  14 H     1.0000    0     1.008    2.814426    2.111845    4.000021
  15 C     4.0000    0    12.011   -2.475560   -3.483540    1.740948
  16 C     4.0000    0    12.011   -2.833002   -4.843576   -1.160273
  17 C     4.0000    0    12.011   -5.657746   -5.957381   -2.100525
  18 H     1.0000    0     1.008   -5.383282   -7.923773   -3.021918
  19 H     1.0000    0     1.008   -6.515681   -4.585024   -3.573888
  20 H     1.0000    0     1.008   -6.995010   -6.128042   -0.383255
  21 H     1.0000    0     1.008   -1.430239   -6.509313   -1.256139
  22 H     1.0000    0     1.008   -2.302612   -3.331323   -2.635450
  23 H     1.0000    0     1.008   -3.930082   -4.438645    3.061375
  24 H     1.0000    0     1.008   -0.469295   -3.960866    2.450200
  25 H     1.0000    0     1.008    7.949738    2.940792   -4.260860
  26 H     1.0000    0     1.008    3.671700    8.507679    0.942709

--------------------------------
INTERNAL COORDINATES (ANGSTROEM)
--------------------------------
 C      0   0   0     0.000000000000     0.00000000     0.00000000
 C      1   0   0     1.395666388253     0.00000000     0.00000000
 C      2   1   0     1.429772577755   114.10150300     0.00000000
 C      3   2   1     1.398330116568   113.69304450     0.00000000
 S      1   2   3     1.658031169641   105.47987125     0.00000000
 H      2   1   3     1.169613152542   117.12462941   223.20221278
 C      3   2   1     1.620319414838   119.91078858   179.46007213
 C      7   3   2     1.723753815514   109.24769111   306.54189271
 C      8   7   3     1.711379380295   136.82570281   177.97191110
 H      9   8   7     1.156394264730   106.62174338    14.94113158
 H      9   8   7     1.156136218877   107.01038436   131.22809667
 H      8   7   3     1.142750288164   100.05979486    58.04740043
 H      8   7   3     1.157026529255   102.76596702   303.84315044
 H      7   3   2     1.159079504607   111.37189263   188.01212858
 H      7   3   2     1.159916274134   111.03800433    65.85430279
 C      9   8   7     1.634135771165   116.25272878   253.26689353
 C     16   9   8     1.706097617401   114.85742793   276.95059873
 C     17  16   9     1.682068802903   120.83179289   268.87354756
 H     18  17  16     1.158280984433   109.14007691   224.77847990
 H     18  17  16     1.158186857679   109.13310820   105.49597419
 H     18  17  16     1.155306368978   109.81858839   345.11210961
 H     17  16   9     1.153510741129   106.89291914   146.49149422
 H     17  16   9     1.152631297640   106.83226045    28.61644949
 H     16   9   8     1.155908756780   109.24018047   157.26878239
 H     16   9   8     1.154040726924   109.67716529    38.25075085
 H      1   2   3     1.060007272286   127.26016449   180.00004537
 H      4   3   2     1.059997473865   127.20627040   179.99946559

---------------------------
INTERNAL COORDINATES (A.U.)
---------------------------
 C      0   0   0     0.000000000000     0.00000000     0.00000000
 C      1   0   0     2.637427248118     0.00000000     0.00000000
 C      2   1   0     2.701878605747   114.10150300     0.00000000
 C      3   2   1     2.642460965127   113.69304450     0.00000000
 S      1   2   3     3.133224832126   105.47987125     0.00000000
 H      2   1   3     2.210248540937   117.12462941   223.20221278
 C      3   2   1     3.061959943519   119.91078858   179.46007213
 C      7   3   2     3.257422633624   109.24769111   306.54189271
 C      8   7   3     3.234038339998   136.82570281   177.97191110
 H      9   8   7     2.185268463177   106.62174338    14.94113158
 H      9   8   7     2.184780827185   107.01038436   131.22809667
 H      8   7   3     2.159485084090   100.05979486    58.04740043
 H      8   7   3     2.186463269973   102.76596702   303.84315044
 H      7   3   2     2.190342831148   111.37189263   188.01212858
 H      7   3   2     2.191924096391   111.03800433    65.85430279
 C      9   8   7     3.088069073145   116.25272878   253.26689353
 C     16   9   8     3.224057254623   114.85742793   276.95059873
 C     17  16   9     3.178649375900   120.83179289   268.87354756
 H     18  17  16     2.188833846708   109.14007691   224.77847990
 H     18  17  16     2.188655972920   109.13310820   105.49597419
 H     18  17  16     2.183212638142   109.81858839   345.11210961
 H     17  16   9     2.179819393270   106.89291914   146.49149422
 H     17  16   9     2.178157485926   106.83226045    28.61644949
 H     16   9   8     2.184350986115   109.24018047   157.26878239
 H     16   9   8     2.180820921278   109.67716529    38.25075085
 H      1   2   3     2.003123444586   127.26016449   180.00004537
 H      4   3   2     2.003104928253   127.20627040   179.99946559

----------------------------
SLATER BASIS SET DIM=  60
----------------------------
  0 C     2 shells
 l=0 nsto= 1
    2       1.625000000000        1.000000000000
 l=1 nsto= 1
    2       1.625000000000        1.000000000000
  1 C     2 shells
 l=0 nsto= 1
    2       1.625000000000        1.000000000000
 l=1 nsto= 1
    2       1.625000000000        1.000000000000
  2 C     2 shells
 l=0 nsto= 1
    2       1.625000000000        1.000000000000
 l=1 nsto= 1
    2       1.625000000000        1.000000000000
  3 C     2 shells
 l=0 nsto= 1
    2       1.625000000000        1.000000000000
 l=1 nsto= 1
    2       1.625000000000        1.000000000000
  4 S     2 shells
 l=0 nsto= 1
    3       1.925000000000        1.000000000000
 l=1 nsto= 1
    3       1.925000000000        1.000000000000
  5 H     1 shells
 l=0 nsto= 1
    1       1.200000000000        1.000000000000
  6 C     2 shells
 l=0 nsto= 1
    2       1.625000000000        1.000000000000
 l=1 nsto= 1
    2       1.625000000000        1.000000000000
  7 C     2 shells
 l=0 nsto= 1
    2       1.625000000000        1.000000000000
 l=1 nsto= 1
    2       1.625000000000        1.000000000000
  8 C     2 shells
 l=0 nsto= 1
    2       1.625000000000        1.000000000000
 l=1 nsto= 1
    2       1.625000000000        1.000000000000
  9 H     1 shells
 l=0 nsto= 1
    1       1.200000000000        1.000000000000
 10 H     1 shells
 l=0 nsto= 1
    1       1.200000000000        1.000000000000
 11 H     1 shells
 l=0 nsto= 1
    1       1.200000000000        1.000000000000
 12 H     1 shells
 l=0 nsto= 1
    1       1.200000000000        1.000000000000
 13 H     1 shells
 l=0 nsto= 1
    1       1.200000000000        1.000000000000
 14 H     1 shells
 l=0 nsto= 1
    1       1.200000000000        1.000000000000
 15 C     2 shells
 l=0 nsto= 1
    2       1.625000000000        1.000000000000
 l=1 nsto= 1
    2       1.625000000000        1.000000000000
 16 C     2 shells
 l=0 nsto= 1
    2       1.625000000000        1.000000000000
 l=1 nsto= 1
    2       1.625000000000        1.000000000000
 17 C     2 shells
 l=0 nsto= 1
    2       1.625000000000        1.000000000000
 l=1 nsto= 1
    2       1.625000000000        1.000000000000
 18 H     1 shells
 l=0 nsto= 1
    1       1.200000000000        1.000000000000
 19 H     1 shells
 l=0 nsto= 1
    1       1.200000000000        1.000000000000
 20 H     1 shells
 l=0 nsto= 1
    1       1.200000000000        1.000000000000
 21 H     1 shells
 l=0 nsto= 1
    1       1.200000000000        1.000000000000
 22 H     1 shells
 l=0 nsto= 1
    1       1.200000000000        1.000000000000
 23 H     1 shells
 l=0 nsto= 1
    1       1.200000000000        1.000000000000
 24 H     1 shells
 l=0 nsto= 1
    1       1.200000000000        1.000000000000
 25 H     1 shells
 l=0 nsto= 1
    1       1.200000000000        1.000000000000
 26 H     1 shells
 l=0 nsto= 1
    1       1.200000000000        1.000000000000
------------------------------------------------------------------------------
                           ORCA NDO INTEGRAL CALCULATION
------------------------------------------------------------------------------

--------------
NDO PARAMETERS
--------------

Gamma integral treatment              ... Mataga-Nishimoto
Nuclear repulsuion treatment          ... Direct (ZA*ZB/RAB)
Interaction factors:
s-s (sigma) =    1.0000
s-p (sigma) =    1.0000
s-d (sigma) =    1.0000
p-p (sigma) =    1.2670  p-p(pi) =    0.5850
p-d (sigma) =    1.0000  p-d(pi) =    1.0000
d-d (sigma) =    1.0000  d-d(pi) =    1.0000 d-d (delta) =    1.0000

fGamma parameter for Mataga-Nishimoto gamma integrals:    1.2000

--------------------------
Parameters for Element H :
--------------------------
 One-electron parameters (in eV)
  U(s)  =   -13.060000 Beta(s) =    12.000000 Neff(s) =     1.000000
 One-center electron repulsion parameters (in eV)
  G(s,s)=    12.850000
--------------------------
Parameters for Element C :
--------------------------
 One-electron parameters (in eV)
  U(s)  =   -50.870766 Beta(s) =    17.000000 Neff(s) =     2.000000
  U(p)  =   -41.599980 Beta(p) =    17.000000 Neff(p) =     2.000000 
 One-center electron repulsion parameters (in eV)
  G(s,s)=    11.110000
  G(s,p)=    11.110000 G(p,p)  =    11.110000
 Slater-Condon parameters (in eV)
 F2(p,p)=     4.5098 G1(s,p)=    6.8977
--------------------------
Parameters for Element S :
--------------------------
 One-electron parameters (in eV)
  U(s)  =   -69.509597 Beta(s) =    15.000000 Neff(s) =     2.000000
  U(p)  =   -60.725746 Beta(p) =    15.000000 Neff(p) =     4.000000 
 One-center electron repulsion parameters (in eV)
  G(s,s)=    10.090000
  G(s,p)=    10.090000 G(p,p)  =    10.090000
 Slater-Condon parameters (in eV)
 F2(p,p)=     4.5377 G1(s,p)=    3.0756

 Number of atoms                    ....   27
 Number of basis functions          ....   60

 Overlap integrals                  .... done
 One electron matrix                .... done
 Nuclear repulsion                  .... done
 Integral list                      .... done
 Electron-electron repulsion        .... done
-------------------------------------------------------------------------------
                                 ORCA SCF
-------------------------------------------------------------------------------

------------
SCF SETTINGS
------------
Hamiltonian:
 ZDO-Hamiltonian        Method          .... INDO


General Settings:
 Integral files         IntName         .... /home/mattyjones/Software/morphct/tests/output_EZ/donor_polymer/chromophores/input_orca/single/00025
 Hartree-Fock type      HFTyp           .... RHF
 Total Charge           Charge          ....    0
 Multiplicity           Mult            ....    1
 Number of Electrons    NEL             ....   62
 Basis Dimension        Dim             ....   60
 Nuclear Repulsion      ENuc            ....    292.7668515027 Eh

Convergence Acceleration:
 DIIS                   CNVDIIS         .... on
   Start iteration      DIISMaxIt       ....    12
   Startup error        DIISStart       ....  0.200000
   # of expansion vecs  DIISMaxEq       ....     5
   Bias factor          DIISBfac        ....   1.050
   Max. coefficient     DIISMaxC        ....  10.000
 Newton-Raphson         CNVNR           .... off
 SOSCF                  CNVSOSCF        .... on
   Start iteration      SOSCFMaxIt      ....   150
   Startup grad/error   SOSCFStart      ....  0.003300
 Level Shifting         CNVShift        .... on
   Level shift para.    LevelShift      ....    0.2500
   Turn off err/grad.   ShiftErr        ....    0.0010
 Zerner damping         CNVZerner       .... off
 Static damping         CNVDamp         .... on
   Fraction old density DampFac         ....    0.7000
   Max. Damping (<1)    DampMax         ....    0.9800
   Min. Damping (>=0)   DampMin         ....    0.0000
   Turn off err/grad.   DampErr         ....    0.1000
 Fernandez-Rico         CNVRico         .... off

SCF Procedure:
 Maximum # iterations   MaxIter         ....   125
 SCF integral mode      SCFMode         .... Conventional
 Integral Buffer length BufferLength    .... 1048576
 Integral index format  IndFormat       ....     0
 Integral value format  ValFormat       ....     0
 Integral Storage       Thresh          ....  1.000e-08 Eh

Convergence Tolerance:
 Convergence Check Mode ConvCheckMode   .... Total+1el-Energy
 Convergence forced     ConvForced      .... 0
 Energy Change          TolE            ....  1.000e-06 Eh
 1-El. energy change                    ....  1.000e-03 Eh
 Orbital Gradient       TolG            ....  5.000e-05
 Orbital Rotation angle TolX            ....  5.000e-05
 DIIS Error             TolErr          ....  1.000e-06


Diagonalization of the overlap matrix:
Smallest eigenvalue                        ... 1.685e-01
Time for diagonalization                   ...    0.001 sec
Threshold for overlap eigenvalues          ... 1.000e-08
Number of eigenvalues below threshold      ... 0
Time for construction of square roots      ...    0.000 sec
Total time needed                          ...    0.001 sec

-------------------------------
INITIAL GUESS: EXTENDED HUECKEL
-------------------------------
EHT matrix was read from disk
EHT matrix was diagonalized
Initial density was built
                      ------------------
                      INITIAL GUESS DONE
                      ------------------

 InCore treatment chosen:
   Memory dedicated               ...    1024 MB
   Memory needed                  ...      0 MB
   Number of tiny    integrals    ...       0
   Number of small   integrals    ...       0
   Number of regular integrals    ...    1896

--------------
SCF ITERATIONS
--------------
ITER       Energy         Delta-E        Max-DP      RMS-DP      [F,P]     Damp
  0     -7.2210637046   0.000000000000 0.04357570  0.00213080  0.1172127 0.7000
  1     -7.2436124135  -0.022548708806 0.04095834  0.00201403  0.0794335 0.7000
                               ***Turning on DIIS***
  2     -7.2602536234  -0.016641209923 0.10317171  0.00517057  0.0500252 0.0000
  3     -7.3026114726  -0.042357849247 0.02111977  0.00107583  0.0244903 0.0000
  4     -7.2943475641   0.008263908512 0.01159516  0.00075932  0.0061491 0.0000
  5     -7.3048014826  -0.010453918467 0.00752257  0.00051927  0.0035282 0.0000
  6     -7.3056571309  -0.000855648337 0.00492156  0.00037514  0.0019151 0.0000
                      *** Initiating the SOSCF procedure ***
                           *** Shutting down DIIS ***
                      *** Re-Reading the Fockian *** 
                      *** Removing any level shift *** 
ITER      Energy       Delta-E        Grad      Rot      Max-DP    RMS-DP
  7     -7.30410470   0.0015524348  0.003273  0.003273  0.003018  0.000221
  8     -7.30281753   0.0012871665  0.000953  0.002728  0.001544  0.000106
  9     -7.30282801  -0.0000104798  0.000419  0.002801  0.001879  0.000123
 10     -7.30283223  -0.0000042177  0.000052  0.000118  0.000154  0.000009
                 **** Energy Check signals convergence ****
              ***Rediagonalizing the Fockian in SOSCF/NRSCF***

               *****************************************************
               *                     SUCCESS                       *
               *           SCF CONVERGED AFTER  11 CYCLES          *
               *****************************************************


----------------
TOTAL SCF ENERGY
----------------

Total Energy       :           -7.30283228 Eh            -198.72017 eV

Components:
Nuclear Repulsion  :          292.76685150 Eh            7966.59104 eV
Electronic Energy  :         -300.06968378 Eh           -8165.31121 eV
One Electron Energy:         -555.03818167 Eh          -15103.35676 eV
Two Electron Energy:          254.96849788 Eh            6938.04555 eV


---------------
SCF CONVERGENCE
---------------

  Last Energy change         ...   -5.3661e-08  Tolerance :   1.0000e-06
  Last MAX-Density change    ...    6.5105e-05  Tolerance :   1.0000e-05
  Last RMS-Density change    ...    3.3980e-06  Tolerance :   1.0000e-06
  Last Orbital Gradient      ...    2.1374e-05  Tolerance :   5.0000e-05
  Last Orbital Rotation      ...    5.5072e-05  Tolerance :   5.0000e-05

             **** THE GBW FILE WAS UPDATED (/home/mattyjones/Software/morphct/tests/output_EZ/donor_polymer/chromophores/input_orca/single/00025.gbw) ****
             **** DENSITY FILE WAS UPDATED (/home/mattyjones/Software/morphct/tests/output_EZ/donor_polymer/chromophores/input_orca/single/00025.scfp.tmp) ****
             **** ENERGY FILE WAS UPDATED (/home/mattyjones/Software/morphct/tests/output_EZ/donor_polymer/chromophores/input_orca/single/00025.en.tmp) ****
----------------
ORBITAL ENERGIES
----------------

  NO   OCC          E(Eh)            E(eV) 
   0   2.0000      -1.563023       -42.5320 
   1   2.0000      -1.391399       -37.8619 
   2   2.0000      -1.285070       -34.9685 
   3   2.0000      -1.188550       -32.3421 
   4   2.0000      -1.114394       -30.3242 
   5   2.0000      -1.030622       -28.0446 
   6   2.0000      -0.956626       -26.0311 
   7   2.0000      -0.915054       -24.8999 
   8   2.0000      -0.845936       -23.0191 
   9   2.0000      -0.821225       -22.3467 
  10   2.0000      -0.771981       -21.0067 
  11   2.0000      -0.725444       -19.7403 
  12   2.0000      -0.697619       -18.9832 
  13   2.0000      -0.685263       -18.6469 
  14   2.0000      -0.635878       -17.3031 
  15   2.0000      -0.622927       -16.9507 
  16   2.0000      -0.588967       -16.0266 
  17   2.0000      -0.579257       -15.7624 
  18   2.0000      -0.566656       -15.4195 
  19   2.0000      -0.564858       -15.3706 
  20   2.0000      -0.528295       -14.3756 
  21   2.0000      -0.516837       -14.0638 
  22   2.0000      -0.500475       -13.6186 
  23   2.0000      -0.492723       -13.4077 
  24   2.0000      -0.484165       -13.1748 
  25   2.0000      -0.479507       -13.0480 
  26   2.0000      -0.466502       -12.6942 
  27   2.0000      -0.446350       -12.1458 
  28   2.0000      -0.432977       -11.7819 
  29   2.0000      -0.346794        -9.4367 
  30   2.0000      -0.305288        -8.3073 
  31   0.0000       0.002366         0.0644 
  32   0.0000       0.054783         1.4907 
  33   0.0000       0.067737         1.8432 
  34   0.0000       0.088027         2.3953 
  35   0.0000       0.105957         2.8832 
  36   0.0000       0.107873         2.9354 
  37   0.0000       0.128239         3.4896 
  38   0.0000       0.143230         3.8975 
  39   0.0000       0.160719         4.3734 
  40   0.0000       0.168798         4.5932 
  41   0.0000       0.179202         4.8763 
  42   0.0000       0.204285         5.5589 
  43   0.0000       0.230676         6.2770 
  44   0.0000       0.235843         6.4176 
  45   0.0000       0.237726         6.4689 
  46   0.0000       0.238408         6.4874 
  47   0.0000       0.239978         6.5301 
  48   0.0000       0.242768         6.6061 
  49   0.0000       0.246500         6.7076 
  50   0.0000       0.251568         6.8455 
  51   0.0000       0.253033         6.8854 
  52   0.0000       0.264980         7.2105 
  53   0.0000       0.285089         7.7577 
  54   0.0000       0.308539         8.3958 
  55   0.0000       0.315900         8.5961 
  56   0.0000       0.332604         9.0506 
  57   0.0000       0.353330         9.6146 
  58   0.0000       0.413746        11.2586 
  59   0.0000       0.427105        11.6221 
-------
TIMINGS
-------

Total SCF time: 0 days 0 hours 0 min 0 sec 

Total time                  ....       0.107 sec
Sum of individual times     ....       0.073 sec  ( 68.0%)

Fock matrix formation       ....       0.049 sec  ( 45.6%)
Diagonalization             ....       0.010 sec  (  9.5%)
Density matrix formation    ....       0.000 sec  (  0.4%)
Population analysis         ....       0.000 sec  (  0.0%)
Initial guess               ....       0.001 sec  (  0.6%)
Orbital Transformation      ....       0.000 sec  (  0.0%)
Orbital Orthonormalization  ....       0.000 sec  (  0.0%)
DIIS solution               ....       0.002 sec  (  1.7%)
SOSCF solution              ....       0.011 sec  ( 10.1%)

-------------------------   --------------------
FINAL SINGLE POINT ENERGY        -7.302832280673
-------------------------   --------------------


                            ***************************************
                            *     ORCA property calculations      *
                            ***************************************

                                    ---------------------
                                    Active property flags
                                    ---------------------
   (+) Dipole Moment


------------------------------------------------------------------------------
                       ORCA ELECTRIC PROPERTIES CALCULATION
------------------------------------------------------------------------------

Dipole Moment Calculation                       ... on
Quadrupole Moment Calculation                   ... off
Polarizability Calculation                      ... off
GBWName                                         ... /home/mattyjones/Software/morphct/tests/output_EZ/donor_polymer/chromophores/input_orca/single/00025.gbw
Electron density file                           ... /home/mattyjones/Software/morphct/tests/output_EZ/donor_polymer/chromophores/input_orca/single/00025.scfp.tmp
The origin for moment calculation is the CENTER OF MASS  = ( 1.707298,  1.779440 -0.430479)

-------------
DIPOLE MOMENT
-------------
                                X             Y             Z
Electronic contribution:     93.17835      97.84448     -28.61326
Nuclear contribution   :    -50.12352     -52.58505      15.00907
                        -----------------------------------------
Total Dipole Moment    :     43.05483      45.25943     -13.60419
                        -----------------------------------------
Magnitude (a.u.)       :     63.93128
Magnitude (Debye)      :    162.50039


Timings for individual modules:

Sum of individual times         ...        0.131 sec (=   0.002 min)
STO integral calculation        ...        0.015 sec (=   0.000 min)  11.1 %
SCF iterations                  ...        0.116 sec (=   0.002 min)  88.9 %
                             ****ORCA TERMINATED NORMALLY****
TOTAL RUN TIME: 0 days 0 hours 0 minutes 0 seconds 368 msec

