
                                 *****************
                                 * O   R   C   A *
                                 *****************

           --- An Ab Initio, DFT and Semiempirical electronic structure package ---

                  #######################################################
                  #                        -***-                        #
                  #  Department of molecular theory and spectroscopy    #
                  #              Directorship: Frank Neese              #
                  # Max Planck Institute for Chemical Energy Conversion #
                  #                  D-45470 Muelheim/Ruhr              #
                  #                       Germany                       #
                  #                                                     #
                  #                  All rights reserved                #
                  #                        -***-                        #
                  #######################################################


                         Program Version 4.0.1.2 - RELEASE -


 With contributions from (in alphabetic order):
   Daniel Aravena         : Magnetic Properties
   Michael Atanasov       : Ab Initio Ligand Field Theory
   Ute Becker             : Parallelization
   Martin Brehm           : Molecular dynamics
   Dmytro Bykov           : SCF Hessian
   Vijay G. Chilkuri      : MRCI spin determinant printing
   Dipayan Datta          : RHF DLPNO-CCSD density
   Achintya Kumar Dutta   : EOM-CC, STEOM-CC
   Dmitry Ganyushin       : Spin-Orbit,Spin-Spin,Magnetic field MRCI
   Yang Guo               : DLPNO-NEVPT2, CIM, IAO-localization
   Andreas Hansen         : Spin unrestricted coupled pair/coupled cluster methods
   Lee Huntington         : MR-EOM, pCC
   Robert Izsak           : Overlap fitted RIJCOSX, COSX-SCS-MP3, EOM
   Christian Kollmar      : KDIIS, OOCD, Brueckner-CCSD(T), CCSD density
   Simone Kossmann        : Meta GGA functionals, TD-DFT gradient, OOMP2, MP2 Hessian
   Martin Krupicka        : AUTO-CI
   Dagmar Lenk            : GEPOL surface
   Dimitrios Liakos       : Extrapolation schemes; parallel MDCI
   Dimitrios Manganas     : ROCIS; embedding schemes
   Dimitrios Pantazis     : SARC Basis sets
   Taras Petrenko         : DFT Hessian,TD-DFT gradient, ASA, ECA, R-Raman, ABS, FL, XAS/XES, NRVS
   Peter Pinski           : DLPNO-MP2
   Christoph Reimann      : Effective Core Potentials
   Marius Retegan         : Local ZFS, SOC
   Christoph Riplinger    : Optimizer, TS searches, QM/MM, DLPNO-CCSD(T), (RO)-DLPNO pert. Triples
   Tobias Risthaus        : Range-separated hybrids, TD-DFT gradient, RPA, STAB
   Michael Roemelt        : Restricted open shell CIS
   Masaaki Saitow         : Open-shell DLPNO
   Barbara Sandhoefer     : DKH picture change effects
   Kantharuban Sivalingam : CASSCF convergence, NEVPT2, FIC-MRCI
   Georgi Stoychev        : AutoAux
   Boris Wezisla          : Elementary symmetry handling
   Frank Wennmohs         : Technical directorship


 We gratefully acknowledge several colleagues who have allowed us to
 interface, adapt or use parts of their codes:
   Stefan Grimme, W. Hujo, H. Kruse,             : VdW corrections, initial TS optimization,
                  C. Bannwarth                     DFT functionals, gCP, sTDA/sTD-DF
   Ed Valeev                                     : LibInt (2-el integral package), F12 methods
   Garnet Chan, S. Sharma, J. Yang, R. Olivares  : DMRG
   Ulf Ekstrom                                   : XCFun DFT Library
   Mihaly Kallay                                 : mrcc  (arbitrary order and MRCC methods)
   Andreas Klamt, Michael Diedenhofen            : otool_cosmo (COSMO solvation model)
   Jiri Pittner, Ondrej Demel                    : Mk-CCSD
   Frank Weinhold                                : gennbo (NPA and NBO analysis)
   Christopher J. Cramer and Donald G. Truhlar   : smd solvation model


 Your calculation uses the libint2 library for the computation of 2-el integrals
 For citations please refer to: http://libint.valeyev.net

 This ORCA versions uses:
   CBLAS   interface :  Fast vector & matrix operations
   LAPACKE interface :  Fast linear algebra routines
   SCALAPACK package :  Parallel linear algebra routines


leaving
Your calculation utilizes the basis: def2-SVP
   F. Weigend and R. Ahlrichs, Phys. Chem. Chem. Phys. 7, 3297 (2005).

================================================================================
                                        WARNINGS
                       Please study these warnings very carefully!
================================================================================

Warning: TCutStore was < 0. Adjusted to Thresh (uncritical)

WARNING: Direct SCF is incompatible with Method<>HF and Method<>DFT
  ===> : conventional SCF is chosen

WARNING: The NDO methods need Guess=HUECKEL or Guess=HCORE or Guess=MOREAD
  ===> : Guess is set to Hueckel

WARNING: The NDO methods need %rel::SOCType==1
  ===> : %rel::SOCType is set to 1

WARNING: The NDO methods cannot have frozencore=1
  ===> : %method FrozenCore=0 end

INFO   : the flag for use of LIBINT has been found!

================================================================================
                                       INPUT FILE
================================================================================
NAME = /home/mattyjones/Software/morphct/tests/output_EZ/donor_polymer/chromophores/input_orca/single/00020.inp
|  1> # ================================================================
|  2> # Orca input file made by Matty Jones
|  3> # ================================================================
|  4> ! ZINDO/S 
|  5> ! NOPOP
|  6> ! NOMOPRINT
|  7> * xyz 0   1
|  8>  C  -2.05930  -4.52167  -0.07920
|  9>  C  -1.21822  -3.42689  0.12562
| 10>  C  -1.84315  -2.32715  0.79216
| 11>  C  -3.18447  -2.55468  1.11530
| 12>  S  -3.52187  -4.08307  0.56701
| 13>  H  -0.12643  -3.37723  -0.20156
| 14>  C  -0.83841  -1.07220  1.01603
| 15>  C  -1.08428  0.49608  0.43132
| 16>  C  0.29409  1.43632  0.80331
| 17>  H  -0.02704  2.54542  0.75846
| 18>  H  0.61070  1.18275  1.88338
| 19>  H  -1.21979  0.46149  -0.70764
| 20>  H  -2.00297  0.95955  0.93703
| 21>  H  -0.73615  -0.92876  2.17464
| 22>  H  0.22933  -1.36407  0.63534
| 23>  C  1.56460  1.20558  -0.20432
| 24>  C  1.78916  2.20011  -1.55716
| 25>  C  2.82269  3.50673  -1.30836
| 26>  H  2.29402  4.29237  -0.64489
| 27>  H  3.09269  3.97820  -2.33119
| 28>  H  3.78844  3.14078  -0.78641
| 29>  H  2.23274  1.55457  -2.40306
| 30>  H  0.76163  2.60746  -1.88009
| 31>  H  2.53629  1.29381  0.42354
| 32>  H  1.50725  0.12396  -0.61801
| 33>  H  -1.81464  -5.43991  -0.54885
| 34>  H  -3.84691  -1.88955  1.60761
| 35> *
| 36> 
| 37>                          ****END OF INPUT****
================================================================================

                       ****************************
                       * Single Point Calculation *
                       ****************************

---------------------------------
CARTESIAN COORDINATES (ANGSTROEM)
---------------------------------
  C     -2.059300   -4.521670   -0.079200
  C     -1.218220   -3.426890    0.125620
  C     -1.843150   -2.327150    0.792160
  C     -3.184470   -2.554680    1.115300
  S     -3.521870   -4.083070    0.567010
  H     -0.126430   -3.377230   -0.201560
  C     -0.838410   -1.072200    1.016030
  C     -1.084280    0.496080    0.431320
  C      0.294090    1.436320    0.803310
  H     -0.027040    2.545420    0.758460
  H      0.610700    1.182750    1.883380
  H     -1.219790    0.461490   -0.707640
  H     -2.002970    0.959550    0.937030
  H     -0.736150   -0.928760    2.174640
  H      0.229330   -1.364070    0.635340
  C      1.564600    1.205580   -0.204320
  C      1.789160    2.200110   -1.557160
  C      2.822690    3.506730   -1.308360
  H      2.294020    4.292370   -0.644890
  H      3.092690    3.978200   -2.331190
  H      3.788440    3.140780   -0.786410
  H      2.232740    1.554570   -2.403060
  H      0.761630    2.607460   -1.880090
  H      2.536290    1.293810    0.423540
  H      1.507250    0.123960   -0.618010
  H     -1.814640   -5.439910   -0.548850
  H     -3.846910   -1.889550    1.607610

----------------------------
CARTESIAN COORDINATES (A.U.)
----------------------------
  NO LB      ZA    FRAG     MASS         X           Y           Z
   0 C     4.0000    0    12.011   -3.891513   -8.544718   -0.149666
   1 C     4.0000    0    12.011   -2.302102   -6.475884    0.237387
   2 C     4.0000    0    12.011   -3.483049   -4.397676    1.496965
   3 C     4.0000    0    12.011   -6.017776   -4.827646    2.107612
   4 S     6.0000    0    32.060   -6.655370   -7.715884    1.071494
   5 H     1.0000    0     1.008   -0.238918   -6.382040   -0.380893
   6 C     4.0000    0    12.011   -1.584365   -2.026164    1.920018
   7 C     4.0000    0    12.011   -2.048992    0.937455    0.815077
   8 C     4.0000    0    12.011    0.555750    2.714251    1.518036
   9 H     1.0000    0     1.008   -0.051098    4.810147    1.433282
  10 H     1.0000    0     1.008    1.154056    2.235074    3.559072
  11 H     1.0000    0     1.008   -2.305069    0.872090   -1.337246
  12 H     1.0000    0     1.008   -3.785065    1.813287    1.770730
  13 H     1.0000    0     1.008   -1.391122   -1.755102    4.109474
  14 H     1.0000    0     1.008    0.433371   -2.577719    1.200619
  15 C     4.0000    0    12.011    2.956666    2.278216   -0.386109
  16 C     4.0000    0    12.011    3.381022    4.157605   -2.942606
  17 C     4.0000    0    12.011    5.334111    6.626759   -2.472442
  18 H     1.0000    0     1.008    4.335070    8.111404   -1.218665
  19 H     1.0000    0     1.008    5.844337    7.517709   -4.405311
  20 H     1.0000    0     1.008    7.159114    5.935214   -1.486100
  21 H     1.0000    0     1.008    4.219267    2.937712   -4.541125
  22 H     1.0000    0     1.008    1.439272    4.927385   -3.552855
  23 H     1.0000    0     1.008    4.792893    2.444947    0.800375
  24 H     1.0000    0     1.008    2.848290    0.234250   -1.167870
  25 H     1.0000    0     1.008   -3.429173  -10.279940   -1.037176
  26 H     1.0000    0     1.008   -7.269606   -3.570732    3.037943

--------------------------------
INTERNAL COORDINATES (ANGSTROEM)
--------------------------------
 C      0   0   0     0.000000000000     0.00000000     0.00000000
 C      1   0   0     1.395675480619     0.00000000     0.00000000
 C      2   1   0     1.429769612245   114.10178701     0.00000000
 C      3   2   1     1.398330684388   113.69319423     0.00000000
 S      1   2   3     1.658031462005   105.47949180     0.00000000
 H      2   1   3     1.140841037174   124.66519677   180.33189795
 C      3   2   1     1.623120373540   112.85737894   179.93859272
 C      7   3   2     1.691697372286   125.38903921   121.32002967
 C      8   7   3     1.709482867595   108.51110160   184.64417961
 H      9   8   7     1.155525339142   107.18097384   200.27362289
 H      9   8   7     1.153729102476   107.70384052   317.28700362
 H      8   7   3     1.147514405051   109.40705656   303.61974303
 H      8   7   3     1.146533192324   109.80074150    65.44108551
 H      7   3   2     1.171925455522   106.55924382   242.62095893
 H      7   3   2     1.170547598605   109.08721909   356.42856618
 C      9   8   7     1.637911726742   114.46222588    79.17050231
 C     16   9   8     1.694016877159   120.75794457    93.24221069
 C     17  16   9     1.684441012710   114.75756334    94.52983726
 H     18  17  16     1.156250240822   109.34633930   287.57243568
 H     18  17  16     1.158173203714   109.16976170   167.57822229
 H     18  17  16     1.157162161281   109.47469289    47.81980643
 H     17  16   9     1.152836466287   107.95317689   214.82129792
 H     17  16   9     1.151536238379   108.26103546   333.40580291
 H     16   9   8     1.160247460070   107.81884077   215.19742176
 H     16   9   8     1.159452570397   108.21290762   331.52575737
 H      1   2   3     1.059997328157   127.26004814   180.00020054
 H      4   3   2     1.059997078581   127.20675811   180.00016864

---------------------------
INTERNAL COORDINATES (A.U.)
---------------------------
 C      0   0   0     0.000000000000     0.00000000     0.00000000
 C      1   0   0     2.637444430198     0.00000000     0.00000000
 C      2   1   0     2.701873001746   114.10178701     0.00000000
 C      3   2   1     2.642462038151   113.69319423     0.00000000
 S      1   2   3     3.133225384615   105.47949180     0.00000000
 H      2   1   3     2.155877122597   124.66519677   180.33189795
 C      3   2   1     3.067252988378   112.85737894   179.93859272
 C      7   3   2     3.196844735095   125.38903921   121.32002967
 C      8   7   3     3.230454450384   108.51110160   184.64417961
 H      9   8   7     2.183626431785   107.18097384   200.27362289
 H      9   8   7     2.180232036414   107.70384052   317.28700362
 H      8   7   3     2.168487960276   109.40705656   303.61974303
 H      8   7   3     2.166633736942   109.80074150    65.44108551
 H      7   3   2     2.214618160307   106.55924382   242.62095893
 H      7   3   2     2.212014388083   109.08721909   356.42856618
 C      9   8   7     3.095204595081   114.46222588    79.17050231
 C     16   9   8     3.201227964071   120.75794457    93.24221069
 C     17  16   9     3.183132202767   114.75756334    94.52983726
 H     18  17  16     2.184996297433   109.34633930   287.57243568
 H     18  17  16     2.188630170665   109.16976170   167.57822229
 H     18  17  16     2.186719577357   109.47469289    47.81980643
 H     17  16   9     2.178545198479   107.95317689   214.82129792
 H     17  16   9     2.176088123822   108.26103546   333.40580291
 H     16   9   8     2.192549947111   107.81884077   215.19742176
 H     16   9   8     2.191047823321   108.21290762   331.52575737
 H      1   2   3     2.003104652905   127.26004814   180.00020054
 H      4   3   2     2.003104181274   127.20675811   180.00016864

----------------------------
SLATER BASIS SET DIM=  60
----------------------------
  0 C     2 shells
 l=0 nsto= 1
    2       1.625000000000        1.000000000000
 l=1 nsto= 1
    2       1.625000000000        1.000000000000
  1 C     2 shells
 l=0 nsto= 1
    2       1.625000000000        1.000000000000
 l=1 nsto= 1
    2       1.625000000000        1.000000000000
  2 C     2 shells
 l=0 nsto= 1
    2       1.625000000000        1.000000000000
 l=1 nsto= 1
    2       1.625000000000        1.000000000000
  3 C     2 shells
 l=0 nsto= 1
    2       1.625000000000        1.000000000000
 l=1 nsto= 1
    2       1.625000000000        1.000000000000
  4 S     2 shells
 l=0 nsto= 1
    3       1.925000000000        1.000000000000
 l=1 nsto= 1
    3       1.925000000000        1.000000000000
  5 H     1 shells
 l=0 nsto= 1
    1       1.200000000000        1.000000000000
  6 C     2 shells
 l=0 nsto= 1
    2       1.625000000000        1.000000000000
 l=1 nsto= 1
    2       1.625000000000        1.000000000000
  7 C     2 shells
 l=0 nsto= 1
    2       1.625000000000        1.000000000000
 l=1 nsto= 1
    2       1.625000000000        1.000000000000
  8 C     2 shells
 l=0 nsto= 1
    2       1.625000000000        1.000000000000
 l=1 nsto= 1
    2       1.625000000000        1.000000000000
  9 H     1 shells
 l=0 nsto= 1
    1       1.200000000000        1.000000000000
 10 H     1 shells
 l=0 nsto= 1
    1       1.200000000000        1.000000000000
 11 H     1 shells
 l=0 nsto= 1
    1       1.200000000000        1.000000000000
 12 H     1 shells
 l=0 nsto= 1
    1       1.200000000000        1.000000000000
 13 H     1 shells
 l=0 nsto= 1
    1       1.200000000000        1.000000000000
 14 H     1 shells
 l=0 nsto= 1
    1       1.200000000000        1.000000000000
 15 C     2 shells
 l=0 nsto= 1
    2       1.625000000000        1.000000000000
 l=1 nsto= 1
    2       1.625000000000        1.000000000000
 16 C     2 shells
 l=0 nsto= 1
    2       1.625000000000        1.000000000000
 l=1 nsto= 1
    2       1.625000000000        1.000000000000
 17 C     2 shells
 l=0 nsto= 1
    2       1.625000000000        1.000000000000
 l=1 nsto= 1
    2       1.625000000000        1.000000000000
 18 H     1 shells
 l=0 nsto= 1
    1       1.200000000000        1.000000000000
 19 H     1 shells
 l=0 nsto= 1
    1       1.200000000000        1.000000000000
 20 H     1 shells
 l=0 nsto= 1
    1       1.200000000000        1.000000000000
 21 H     1 shells
 l=0 nsto= 1
    1       1.200000000000        1.000000000000
 22 H     1 shells
 l=0 nsto= 1
    1       1.200000000000        1.000000000000
 23 H     1 shells
 l=0 nsto= 1
    1       1.200000000000        1.000000000000
 24 H     1 shells
 l=0 nsto= 1
    1       1.200000000000        1.000000000000
 25 H     1 shells
 l=0 nsto= 1
    1       1.200000000000        1.000000000000
 26 H     1 shells
 l=0 nsto= 1
    1       1.200000000000        1.000000000000
------------------------------------------------------------------------------
                           ORCA NDO INTEGRAL CALCULATION
------------------------------------------------------------------------------

--------------
NDO PARAMETERS
--------------

Gamma integral treatment              ... Mataga-Nishimoto
Nuclear repulsuion treatment          ... Direct (ZA*ZB/RAB)
Interaction factors:
s-s (sigma) =    1.0000
s-p (sigma) =    1.0000
s-d (sigma) =    1.0000
p-p (sigma) =    1.2670  p-p(pi) =    0.5850
p-d (sigma) =    1.0000  p-d(pi) =    1.0000
d-d (sigma) =    1.0000  d-d(pi) =    1.0000 d-d (delta) =    1.0000

fGamma parameter for Mataga-Nishimoto gamma integrals:    1.2000

--------------------------
Parameters for Element H :
--------------------------
 One-electron parameters (in eV)
  U(s)  =   -13.060000 Beta(s) =    12.000000 Neff(s) =     1.000000
 One-center electron repulsion parameters (in eV)
  G(s,s)=    12.850000
--------------------------
Parameters for Element C :
--------------------------
 One-electron parameters (in eV)
  U(s)  =   -50.870766 Beta(s) =    17.000000 Neff(s) =     2.000000
  U(p)  =   -41.599980 Beta(p) =    17.000000 Neff(p) =     2.000000 
 One-center electron repulsion parameters (in eV)
  G(s,s)=    11.110000
  G(s,p)=    11.110000 G(p,p)  =    11.110000
 Slater-Condon parameters (in eV)
 F2(p,p)=     4.5098 G1(s,p)=    6.8977
--------------------------
Parameters for Element S :
--------------------------
 One-electron parameters (in eV)
  U(s)  =   -69.509597 Beta(s) =    15.000000 Neff(s) =     2.000000
  U(p)  =   -60.725746 Beta(p) =    15.000000 Neff(p) =     4.000000 
 One-center electron repulsion parameters (in eV)
  G(s,s)=    10.090000
  G(s,p)=    10.090000 G(p,p)  =    10.090000
 Slater-Condon parameters (in eV)
 F2(p,p)=     4.5377 G1(s,p)=    3.0756

 Number of atoms                    ....   27
 Number of basis functions          ....   60

 Overlap integrals                  .... done
 One electron matrix                .... done
 Nuclear repulsion                  .... done
 Integral list                      .... done
 Electron-electron repulsion        .... done
-------------------------------------------------------------------------------
                                 ORCA SCF
-------------------------------------------------------------------------------

------------
SCF SETTINGS
------------
Hamiltonian:
 ZDO-Hamiltonian        Method          .... INDO


General Settings:
 Integral files         IntName         .... /home/mattyjones/Software/morphct/tests/output_EZ/donor_polymer/chromophores/input_orca/single/00020
 Hartree-Fock type      HFTyp           .... RHF
 Total Charge           Charge          ....    0
 Multiplicity           Mult            ....    1
 Number of Electrons    NEL             ....   62
 Basis Dimension        Dim             ....   60
 Nuclear Repulsion      ENuc            ....    291.8554777188 Eh

Convergence Acceleration:
 DIIS                   CNVDIIS         .... on
   Start iteration      DIISMaxIt       ....    12
   Startup error        DIISStart       ....  0.200000
   # of expansion vecs  DIISMaxEq       ....     5
   Bias factor          DIISBfac        ....   1.050
   Max. coefficient     DIISMaxC        ....  10.000
 Newton-Raphson         CNVNR           .... off
 SOSCF                  CNVSOSCF        .... on
   Start iteration      SOSCFMaxIt      ....   150
   Startup grad/error   SOSCFStart      ....  0.003300
 Level Shifting         CNVShift        .... on
   Level shift para.    LevelShift      ....    0.2500
   Turn off err/grad.   ShiftErr        ....    0.0010
 Zerner damping         CNVZerner       .... off
 Static damping         CNVDamp         .... on
   Fraction old density DampFac         ....    0.7000
   Max. Damping (<1)    DampMax         ....    0.9800
   Min. Damping (>=0)   DampMin         ....    0.0000
   Turn off err/grad.   DampErr         ....    0.1000
 Fernandez-Rico         CNVRico         .... off

SCF Procedure:
 Maximum # iterations   MaxIter         ....   125
 SCF integral mode      SCFMode         .... Conventional
 Integral Buffer length BufferLength    .... 1048576
 Integral index format  IndFormat       ....     0
 Integral value format  ValFormat       ....     0
 Integral Storage       Thresh          ....  1.000e-08 Eh

Convergence Tolerance:
 Convergence Check Mode ConvCheckMode   .... Total+1el-Energy
 Convergence forced     ConvForced      .... 0
 Energy Change          TolE            ....  1.000e-06 Eh
 1-El. energy change                    ....  1.000e-03 Eh
 Orbital Gradient       TolG            ....  5.000e-05
 Orbital Rotation angle TolX            ....  5.000e-05
 DIIS Error             TolErr          ....  1.000e-06


Diagonalization of the overlap matrix:
Smallest eigenvalue                        ... 1.697e-01
Time for diagonalization                   ...    0.001 sec
Threshold for overlap eigenvalues          ... 1.000e-08
Number of eigenvalues below threshold      ... 0
Time for construction of square roots      ...    0.000 sec
Total time needed                          ...    0.001 sec

-------------------------------
INITIAL GUESS: EXTENDED HUECKEL
-------------------------------
EHT matrix was read from disk
EHT matrix was diagonalized
Initial density was built
                      ------------------
                      INITIAL GUESS DONE
                      ------------------

 InCore treatment chosen:
   Memory dedicated               ...    1024 MB
   Memory needed                  ...      0 MB
   Number of tiny    integrals    ...       0
   Number of small   integrals    ...       0
   Number of regular integrals    ...    1896

--------------
SCF ITERATIONS
--------------
ITER       Energy         Delta-E        Max-DP      RMS-DP      [F,P]     Damp
  0     -7.3314783396   0.000000000000 0.04343884  0.00204466  0.0897109 0.7000
  1     -7.3524795733  -0.021001233773 0.04186461  0.00192733  0.0608767 0.7000
                               ***Turning on DIIS***
  2     -7.3680139439  -0.015534370536 0.10887214  0.00495053  0.0362890 0.0000
  3     -7.4087811256  -0.040767181775 0.01706049  0.00103192  0.0197471 0.0000
  4     -7.4010786144   0.007702511215 0.01355541  0.00071173  0.0077787 0.0000
  5     -7.4097390940  -0.008660479552 0.00950566  0.00048042  0.0045775 0.0000
  6     -7.4108147286  -0.001075634641 0.00698398  0.00033919  0.0025329 0.0000
                      *** Initiating the SOSCF procedure ***
                           *** Shutting down DIIS ***
                      *** Re-Reading the Fockian *** 
                      *** Removing any level shift *** 
ITER      Energy       Delta-E        Grad      Rot      Max-DP    RMS-DP
  7     -7.40887050   0.0019442291  0.003020  0.003020  0.004164  0.000190
  8     -7.40784516   0.0010253378  0.000801  0.002198  0.002060  0.000087
  9     -7.40785227  -0.0000071042  0.000348  0.002127  0.002302  0.000092
 10     -7.40785484  -0.0000025752  0.000032  0.000091  0.000144  0.000007
                 **** Energy Check signals convergence ****
              ***Rediagonalizing the Fockian in SOSCF/NRSCF***

               *****************************************************
               *                     SUCCESS                       *
               *           SCF CONVERGED AFTER  11 CYCLES          *
               *****************************************************


----------------
TOTAL SCF ENERGY
----------------

Total Energy       :           -7.40785487 Eh            -201.57798 eV

Components:
Nuclear Repulsion  :          291.85547772 Eh            7941.79130 eV
Electronic Energy  :         -299.26333259 Eh           -8143.36928 eV
One Electron Energy:         -553.32279325 Eh          -15056.67867 eV
Two Electron Energy:          254.05946066 Eh            6913.30939 eV


---------------
SCF CONVERGENCE
---------------

  Last Energy change         ...   -2.7862e-08  Tolerance :   1.0000e-06
  Last MAX-Density change    ...    6.0650e-05  Tolerance :   1.0000e-05
  Last RMS-Density change    ...    2.3130e-06  Tolerance :   1.0000e-06
  Last Orbital Gradient      ...    1.2733e-05  Tolerance :   5.0000e-05
  Last Orbital Rotation      ...    2.5487e-05  Tolerance :   5.0000e-05

             **** THE GBW FILE WAS UPDATED (/home/mattyjones/Software/morphct/tests/output_EZ/donor_polymer/chromophores/input_orca/single/00020.gbw) ****
             **** DENSITY FILE WAS UPDATED (/home/mattyjones/Software/morphct/tests/output_EZ/donor_polymer/chromophores/input_orca/single/00020.scfp.tmp) ****
             **** ENERGY FILE WAS UPDATED (/home/mattyjones/Software/morphct/tests/output_EZ/donor_polymer/chromophores/input_orca/single/00020.en.tmp) ****
----------------
ORBITAL ENERGIES
----------------

  NO   OCC          E(Eh)            E(eV) 
   0   2.0000      -1.557044       -42.3693 
   1   2.0000      -1.403685       -38.1962 
   2   2.0000      -1.290627       -35.1197 
   3   2.0000      -1.168780       -31.8041 
   4   2.0000      -1.111741       -30.2520 
   5   2.0000      -1.056657       -28.7531 
   6   2.0000      -0.956355       -26.0237 
   7   2.0000      -0.902783       -24.5660 
   8   2.0000      -0.840350       -22.8671 
   9   2.0000      -0.833471       -22.6799 
  10   2.0000      -0.790473       -21.5099 
  11   2.0000      -0.733861       -19.9694 
  12   2.0000      -0.700221       -19.0540 
  13   2.0000      -0.673752       -18.3337 
  14   2.0000      -0.628859       -17.1121 
  15   2.0000      -0.616111       -16.7652 
  16   2.0000      -0.589202       -16.0330 
  17   2.0000      -0.575744       -15.6668 
  18   2.0000      -0.560275       -15.2459 
  19   2.0000      -0.552301       -15.0289 
  20   2.0000      -0.527830       -14.3630 
  21   2.0000      -0.527413       -14.3516 
  22   2.0000      -0.513341       -13.9687 
  23   2.0000      -0.496492       -13.5102 
  24   2.0000      -0.486778       -13.2459 
  25   2.0000      -0.482751       -13.1363 
  26   2.0000      -0.470684       -12.8080 
  27   2.0000      -0.455922       -12.4063 
  28   2.0000      -0.437020       -11.8919 
  29   2.0000      -0.356647        -9.7049 
  30   2.0000      -0.304777        -8.2934 
  31   0.0000       0.007812         0.2126 
  32   0.0000       0.069420         1.8890 
  33   0.0000       0.077945         2.1210 
  34   0.0000       0.084057         2.2873 
  35   0.0000       0.104609         2.8466 
  36   0.0000       0.107911         2.9364 
  37   0.0000       0.123439         3.3589 
  38   0.0000       0.143254         3.8981 
  39   0.0000       0.157401         4.2831 
  40   0.0000       0.166547         4.5320 
  41   0.0000       0.168206         4.5771 
  42   0.0000       0.203515         5.5379 
  43   0.0000       0.231205         6.2914 
  44   0.0000       0.235007         6.3949 
  45   0.0000       0.238293         6.4843 
  46   0.0000       0.240108         6.5337 
  47   0.0000       0.241606         6.5744 
  48   0.0000       0.242982         6.6119 
  49   0.0000       0.246114         6.6971 
  50   0.0000       0.251457         6.8425 
  51   0.0000       0.265521         7.2252 
  52   0.0000       0.267797         7.2871 
  53   0.0000       0.277915         7.5624 
  54   0.0000       0.294479         8.0132 
  55   0.0000       0.310404         8.4465 
  56   0.0000       0.341026         9.2798 
  57   0.0000       0.348932         9.4949 
  58   0.0000       0.420793        11.4504 
  59   0.0000       0.428474        11.6594 
-------
TIMINGS
-------

Total SCF time: 0 days 0 hours 0 min 0 sec 

Total time                  ....       0.104 sec
Sum of individual times     ....       0.057 sec  ( 55.2%)

Fock matrix formation       ....       0.039 sec  ( 37.7%)
Diagonalization             ....       0.005 sec  (  5.2%)
Density matrix formation    ....       0.000 sec  (  0.4%)
Population analysis         ....       0.000 sec  (  0.0%)
Initial guess               ....       0.001 sec  (  0.6%)
Orbital Transformation      ....       0.000 sec  (  0.0%)
Orbital Orthonormalization  ....       0.000 sec  (  0.0%)
DIIS solution               ....       0.001 sec  (  1.3%)
SOSCF solution              ....       0.010 sec  ( 10.0%)

-------------------------   --------------------
FINAL SINGLE POINT ENERGY        -7.407854868884
-------------------------   --------------------


                            ***************************************
                            *     ORCA property calculations      *
                            ***************************************

                                    ---------------------
                                    Active property flags
                                    ---------------------
   (+) Dipole Moment


------------------------------------------------------------------------------
                       ORCA ELECTRIC PROPERTIES CALCULATION
------------------------------------------------------------------------------

Dipole Moment Calculation                       ... on
Quadrupole Moment Calculation                   ... off
Polarizability Calculation                      ... off
GBWName                                         ... /home/mattyjones/Software/morphct/tests/output_EZ/donor_polymer/chromophores/input_orca/single/00020.gbw
Electron density file                           ... /home/mattyjones/Software/morphct/tests/output_EZ/donor_polymer/chromophores/input_orca/single/00020.scfp.tmp
The origin for moment calculation is the CENTER OF MASS  = (-1.692157, -2.048498  0.337886)

-------------
DIPOLE MOMENT
-------------
                                X             Y             Z
Electronic contribution:    -93.80195    -110.60943      16.78360
Nuclear contribution   :     50.33612      59.75405      -9.15860
                        -----------------------------------------
Total Dipole Moment    :    -43.46583     -50.85538       7.62499
                        -----------------------------------------
Magnitude (a.u.)       :     67.33267
Magnitude (Debye)      :    171.14605


Timings for individual modules:

Sum of individual times         ...        0.129 sec (=   0.002 min)
STO integral calculation        ...        0.015 sec (=   0.000 min)  11.7 %
SCF iterations                  ...        0.114 sec (=   0.002 min)  88.3 %
                             ****ORCA TERMINATED NORMALLY****
TOTAL RUN TIME: 0 days 0 hours 0 minutes 0 seconds 399 msec

