
                                 *****************
                                 * O   R   C   A *
                                 *****************

           --- An Ab Initio, DFT and Semiempirical electronic structure package ---

                  #######################################################
                  #                        -***-                        #
                  #  Department of molecular theory and spectroscopy    #
                  #              Directorship: Frank Neese              #
                  # Max Planck Institute for Chemical Energy Conversion #
                  #                  D-45470 Muelheim/Ruhr              #
                  #                       Germany                       #
                  #                                                     #
                  #                  All rights reserved                #
                  #                        -***-                        #
                  #######################################################


                         Program Version 4.0.1.2 - RELEASE -


 With contributions from (in alphabetic order):
   Daniel Aravena         : Magnetic Properties
   Michael Atanasov       : Ab Initio Ligand Field Theory
   Ute Becker             : Parallelization
   Martin Brehm           : Molecular dynamics
   Dmytro Bykov           : SCF Hessian
   Vijay G. Chilkuri      : MRCI spin determinant printing
   Dipayan Datta          : RHF DLPNO-CCSD density
   Achintya Kumar Dutta   : EOM-CC, STEOM-CC
   Dmitry Ganyushin       : Spin-Orbit,Spin-Spin,Magnetic field MRCI
   Yang Guo               : DLPNO-NEVPT2, CIM, IAO-localization
   Andreas Hansen         : Spin unrestricted coupled pair/coupled cluster methods
   Lee Huntington         : MR-EOM, pCC
   Robert Izsak           : Overlap fitted RIJCOSX, COSX-SCS-MP3, EOM
   Christian Kollmar      : KDIIS, OOCD, Brueckner-CCSD(T), CCSD density
   Simone Kossmann        : Meta GGA functionals, TD-DFT gradient, OOMP2, MP2 Hessian
   Martin Krupicka        : AUTO-CI
   Dagmar Lenk            : GEPOL surface
   Dimitrios Liakos       : Extrapolation schemes; parallel MDCI
   Dimitrios Manganas     : ROCIS; embedding schemes
   Dimitrios Pantazis     : SARC Basis sets
   Taras Petrenko         : DFT Hessian,TD-DFT gradient, ASA, ECA, R-Raman, ABS, FL, XAS/XES, NRVS
   Peter Pinski           : DLPNO-MP2
   Christoph Reimann      : Effective Core Potentials
   Marius Retegan         : Local ZFS, SOC
   Christoph Riplinger    : Optimizer, TS searches, QM/MM, DLPNO-CCSD(T), (RO)-DLPNO pert. Triples
   Tobias Risthaus        : Range-separated hybrids, TD-DFT gradient, RPA, STAB
   Michael Roemelt        : Restricted open shell CIS
   Masaaki Saitow         : Open-shell DLPNO
   Barbara Sandhoefer     : DKH picture change effects
   Kantharuban Sivalingam : CASSCF convergence, NEVPT2, FIC-MRCI
   Georgi Stoychev        : AutoAux
   Boris Wezisla          : Elementary symmetry handling
   Frank Wennmohs         : Technical directorship


 We gratefully acknowledge several colleagues who have allowed us to
 interface, adapt or use parts of their codes:
   Stefan Grimme, W. Hujo, H. Kruse,             : VdW corrections, initial TS optimization,
                  C. Bannwarth                     DFT functionals, gCP, sTDA/sTD-DF
   Ed Valeev                                     : LibInt (2-el integral package), F12 methods
   Garnet Chan, S. Sharma, J. Yang, R. Olivares  : DMRG
   Ulf Ekstrom                                   : XCFun DFT Library
   Mihaly Kallay                                 : mrcc  (arbitrary order and MRCC methods)
   Andreas Klamt, Michael Diedenhofen            : otool_cosmo (COSMO solvation model)
   Jiri Pittner, Ondrej Demel                    : Mk-CCSD
   Frank Weinhold                                : gennbo (NPA and NBO analysis)
   Christopher J. Cramer and Donald G. Truhlar   : smd solvation model


 Your calculation uses the libint2 library for the computation of 2-el integrals
 For citations please refer to: http://libint.valeyev.net

 This ORCA versions uses:
   CBLAS   interface :  Fast vector & matrix operations
   LAPACKE interface :  Fast linear algebra routines
   SCALAPACK package :  Parallel linear algebra routines


leaving
Your calculation utilizes the basis: def2-SVP
   F. Weigend and R. Ahlrichs, Phys. Chem. Chem. Phys. 7, 3297 (2005).

================================================================================
                                        WARNINGS
                       Please study these warnings very carefully!
================================================================================

Warning: TCutStore was < 0. Adjusted to Thresh (uncritical)

WARNING: Direct SCF is incompatible with Method<>HF and Method<>DFT
  ===> : conventional SCF is chosen

WARNING: The NDO methods need Guess=HUECKEL or Guess=HCORE or Guess=MOREAD
  ===> : Guess is set to Hueckel

WARNING: The NDO methods need %rel::SOCType==1
  ===> : %rel::SOCType is set to 1

WARNING: The NDO methods cannot have frozencore=1
  ===> : %method FrozenCore=0 end

INFO   : the flag for use of LIBINT has been found!

================================================================================
                                       INPUT FILE
================================================================================
NAME = /home/mattyjones/Software/morphct/tests/output_EZ/donor_polymer/chromophores/input_orca/single/00028.inp
|  1> # ================================================================
|  2> # Orca input file made by Matty Jones
|  3> # ================================================================
|  4> ! ZINDO/S 
|  5> ! NOPOP
|  6> ! NOMOPRINT
|  7> * xyz 0   1
|  8>  C  -2.23615  -4.08713  -1.66710
|  9>  C  -1.46930  -3.15425  -0.96740
| 10>  C  -2.23854  -2.16821  -0.27439
| 11>  C  -3.61977  -2.32326  -0.42765
| 12>  S  -3.81384  -3.65349  -1.39886
| 13>  H  -0.33141  -3.19682  -0.89827
| 14>  C  -1.54632  -1.00259  0.61135
| 15>  C  -0.15508  -0.17790  0.11684
| 16>  C  0.33704  1.03997  1.19959
| 17>  H  0.02829  0.71115  2.26457
| 18>  H  -0.23746  2.00484  0.92674
| 19>  H  0.69932  -0.94524  0.03422
| 20>  H  -0.35530  0.30501  -0.90600
| 21>  H  -2.32156  -0.14031  0.76436
| 22>  H  -1.26536  -1.43850  1.65182
| 23>  C  1.94023  1.32624  1.16799
| 24>  C  2.52153  2.00573  -0.26404
| 25>  C  2.52917  3.68126  -0.35930
| 26>  H  3.34615  4.10433  0.34226
| 27>  H  1.49308  4.08972  -0.04645
| 28>  H  2.75627  3.99467  -1.45093
| 29>  H  3.60932  1.64252  -0.40033
| 30>  H  1.87806  1.60232  -1.13234
| 31>  H  2.51236  0.33706  1.34824
| 32>  H  2.20636  2.06155  2.02307
| 33>  H  -1.88415  -4.90121  -2.24759
| 34>  H  -4.38297  -1.71742  -0.01042
| 35> *
| 36> 
| 37>                          ****END OF INPUT****
================================================================================

                       ****************************
                       * Single Point Calculation *
                       ****************************

---------------------------------
CARTESIAN COORDINATES (ANGSTROEM)
---------------------------------
  C     -2.236150   -4.087130   -1.667100
  C     -1.469300   -3.154250   -0.967400
  C     -2.238540   -2.168210   -0.274390
  C     -3.619770   -2.323260   -0.427650
  S     -3.813840   -3.653490   -1.398860
  H     -0.331410   -3.196820   -0.898270
  C     -1.546320   -1.002590    0.611350
  C     -0.155080   -0.177900    0.116840
  C      0.337040    1.039970    1.199590
  H      0.028290    0.711150    2.264570
  H     -0.237460    2.004840    0.926740
  H      0.699320   -0.945240    0.034220
  H     -0.355300    0.305010   -0.906000
  H     -2.321560   -0.140310    0.764360
  H     -1.265360   -1.438500    1.651820
  C      1.940230    1.326240    1.167990
  C      2.521530    2.005730   -0.264040
  C      2.529170    3.681260   -0.359300
  H      3.346150    4.104330    0.342260
  H      1.493080    4.089720   -0.046450
  H      2.756270    3.994670   -1.450930
  H      3.609320    1.642520   -0.400330
  H      1.878060    1.602320   -1.132340
  H      2.512360    0.337060    1.348240
  H      2.206360    2.061550    2.023070
  H     -1.884150   -4.901210   -2.247590
  H     -4.382970   -1.717420   -0.010420

----------------------------
CARTESIAN COORDINATES (A.U.)
----------------------------
  NO LB      ZA    FRAG     MASS         X           Y           Z
   0 C     4.0000    0    12.011   -4.225711   -7.723556   -3.150362
   1 C     4.0000    0    12.011   -2.776575   -5.960669   -1.828121
   2 C     4.0000    0    12.011   -4.230228   -4.097323   -0.518522
   3 C     4.0000    0    12.011   -6.840374   -4.390325   -0.808141
   4 S     6.0000    0    32.060   -7.207113   -6.904096   -2.643462
   5 H     1.0000    0     1.008   -0.626274   -6.041114   -1.697484
   6 C     4.0000    0    12.011   -2.922121   -1.894621    1.155284
   7 C     4.0000    0    12.011   -0.293059   -0.336182    0.220796
   8 C     4.0000    0    12.011    0.636913    1.965258    2.266897
   9 H     1.0000    0     1.008    0.053460    1.343879    4.279417
  10 H     1.0000    0     1.008   -0.448734    3.788599    1.751285
  11 H     1.0000    0     1.008    1.321523   -1.786245    0.064666
  12 H     1.0000    0     1.008   -0.671420    0.576385   -1.712092
  13 H     1.0000    0     1.008   -4.387113   -0.265147    1.444431
  14 H     1.0000    0     1.008   -2.391184   -2.718371    3.121487
  15 C     4.0000    0    12.011    3.666503    2.506230    2.207181
  16 C     4.0000    0    12.011    4.765001    3.790280   -0.498963
  17 C     4.0000    0    12.011    4.779439    6.956573   -0.678979
  18 H     1.0000    0     1.008    6.323307    7.756060    0.646778
  19 H     1.0000    0     1.008    2.821512    7.728451   -0.087778
  20 H     1.0000    0     1.008    5.208595    7.548832   -2.741860
  21 H     1.0000    0     1.008    6.820626    3.103913   -0.756514
  22 H     1.0000    0     1.008    3.549019    3.027946   -2.139812
  23 H     1.0000    0     1.008    4.747672    0.636951    2.547804
  24 H     1.0000    0     1.008    4.169416    3.895765    3.823048
  25 H     1.0000    0     1.008   -3.560527   -9.261945   -4.247330
  26 H     1.0000    0     1.008   -8.282613   -3.245453   -0.019691

--------------------------------
INTERNAL COORDINATES (ANGSTROEM)
--------------------------------
 C      0   0   0     0.000000000000     0.00000000     0.00000000
 C      1   0   0     1.395673352508     0.00000000     0.00000000
 C      2   1   0     1.429778975681   114.10123179     0.00000000
 C      3   2   1     1.398329518747   113.69330558     0.00000000
 S      1   2   3     1.658041641003   105.47990235     0.00000000
 H      2   1   3     1.140782544528   123.60694452   176.75418114
 C      3   2   1     1.619374527526   122.10931486   179.34727764
 C      7   3   2     1.691213314103   122.86801100    41.05511780
 C      8   7   3     1.702274065420   113.62222583   177.81535104
 H      9   8   7     1.156560225540   107.76508168    30.76252847
 H      9   8   7     1.155626016235   107.66464539   273.57065773
 H      8   7   3     1.151362714352   107.84526061   297.41070245
 H      8   7   3     1.148691334563   108.78260979    56.94937407
 H      7   3   2     1.169587925767   108.59591581   160.97521759
 H      7   3   2     1.162554889285   108.84068748   279.07690349
 C      9   8   7     1.628854581907   113.44936459   151.91766398
 C     16   9   8     1.688290931978   115.21886895    67.20312807
 C     17  16   9     1.678253144821   116.84203271    89.19493979
 H     18  17  16     1.156992212117   109.50363752    70.93081709
 H     18  17  16     1.156804729503   109.45657499   310.47190762
 H     18  17  16     1.158212543103   108.93830708   190.68348768
 H     17  16   9     1.154895472456   107.32723228   210.09986517
 H     17  16   9     1.153576247588   107.79708828   327.45187712
 H     16   9   8     1.156849113670   109.47933651   305.50919086
 H     16   9   8     1.158735422519   108.86047891   187.29061871
 H      1   2   3     1.059999474764   127.25957554   180.00035810
 H      4   3   2     1.059998687971   127.20588039   180.00004678

---------------------------
INTERNAL COORDINATES (A.U.)
---------------------------
 C      0   0   0     0.000000000000     0.00000000     0.00000000
 C      1   0   0     2.637440408651     0.00000000     0.00000000
 C      2   1   0     2.701890696076   114.10123179     0.00000000
 C      3   2   1     2.642459835410   113.69330558     0.00000000
 S      1   2   3     3.133244620133   105.47990235     0.00000000
 H      2   1   3     2.155766587516   123.60694452   176.75418114
 C      3   2   1     3.060174365272   122.10931486   179.34727764
 C      7   3   2     3.195929997696   122.86801100    41.05511780
 C      8   7   3     3.216831788520   113.62222583   177.81535104
 H      9   8   7     2.185582083656   107.76508168    30.76252847
 H      9   8   7     2.183816683919   107.66464539   273.57065773
 H      8   7   3     2.175760210933   107.84526061   297.41070245
 H      8   7   3     2.170712034732   108.78260979    56.94937407
 H      7   3   2     2.210200869241   108.59591581   160.97521759
 H      7   3   2     2.196910356399   108.84068748   279.07690349
 C      9   8   7     3.078089071787   113.44936459   151.91766398
 C     16   9   8     3.190407495822   115.21886895    67.20312807
 C     17  16   9     3.171438827103   116.84203271    89.19493979
 H     18  17  16     2.186398419981   109.50363752    70.93081709
 H     18  17  16     2.186044129185   109.45657499   310.47190762
 H     18  17  16     2.188704511336   108.93830708   190.68348768
 H     17  16   9     2.182436156248   107.32723228   210.09986517
 H     17  16   9     2.179943182539   107.79708828   327.45187712
 H     16   9   8     2.186128003107   109.47933651   305.50919086
 H     16   9   8     2.189692610234   108.86047891   187.29061871
 H      1   2   3     2.003108709404   127.25957554   180.00035810
 H      4   3   2     2.003107222581   127.20588039   180.00004678

----------------------------
SLATER BASIS SET DIM=  60
----------------------------
  0 C     2 shells
 l=0 nsto= 1
    2       1.625000000000        1.000000000000
 l=1 nsto= 1
    2       1.625000000000        1.000000000000
  1 C     2 shells
 l=0 nsto= 1
    2       1.625000000000        1.000000000000
 l=1 nsto= 1
    2       1.625000000000        1.000000000000
  2 C     2 shells
 l=0 nsto= 1
    2       1.625000000000        1.000000000000
 l=1 nsto= 1
    2       1.625000000000        1.000000000000
  3 C     2 shells
 l=0 nsto= 1
    2       1.625000000000        1.000000000000
 l=1 nsto= 1
    2       1.625000000000        1.000000000000
  4 S     2 shells
 l=0 nsto= 1
    3       1.925000000000        1.000000000000
 l=1 nsto= 1
    3       1.925000000000        1.000000000000
  5 H     1 shells
 l=0 nsto= 1
    1       1.200000000000        1.000000000000
  6 C     2 shells
 l=0 nsto= 1
    2       1.625000000000        1.000000000000
 l=1 nsto= 1
    2       1.625000000000        1.000000000000
  7 C     2 shells
 l=0 nsto= 1
    2       1.625000000000        1.000000000000
 l=1 nsto= 1
    2       1.625000000000        1.000000000000
  8 C     2 shells
 l=0 nsto= 1
    2       1.625000000000        1.000000000000
 l=1 nsto= 1
    2       1.625000000000        1.000000000000
  9 H     1 shells
 l=0 nsto= 1
    1       1.200000000000        1.000000000000
 10 H     1 shells
 l=0 nsto= 1
    1       1.200000000000        1.000000000000
 11 H     1 shells
 l=0 nsto= 1
    1       1.200000000000        1.000000000000
 12 H     1 shells
 l=0 nsto= 1
    1       1.200000000000        1.000000000000
 13 H     1 shells
 l=0 nsto= 1
    1       1.200000000000        1.000000000000
 14 H     1 shells
 l=0 nsto= 1
    1       1.200000000000        1.000000000000
 15 C     2 shells
 l=0 nsto= 1
    2       1.625000000000        1.000000000000
 l=1 nsto= 1
    2       1.625000000000        1.000000000000
 16 C     2 shells
 l=0 nsto= 1
    2       1.625000000000        1.000000000000
 l=1 nsto= 1
    2       1.625000000000        1.000000000000
 17 C     2 shells
 l=0 nsto= 1
    2       1.625000000000        1.000000000000
 l=1 nsto= 1
    2       1.625000000000        1.000000000000
 18 H     1 shells
 l=0 nsto= 1
    1       1.200000000000        1.000000000000
 19 H     1 shells
 l=0 nsto= 1
    1       1.200000000000        1.000000000000
 20 H     1 shells
 l=0 nsto= 1
    1       1.200000000000        1.000000000000
 21 H     1 shells
 l=0 nsto= 1
    1       1.200000000000        1.000000000000
 22 H     1 shells
 l=0 nsto= 1
    1       1.200000000000        1.000000000000
 23 H     1 shells
 l=0 nsto= 1
    1       1.200000000000        1.000000000000
 24 H     1 shells
 l=0 nsto= 1
    1       1.200000000000        1.000000000000
 25 H     1 shells
 l=0 nsto= 1
    1       1.200000000000        1.000000000000
 26 H     1 shells
 l=0 nsto= 1
    1       1.200000000000        1.000000000000
------------------------------------------------------------------------------
                           ORCA NDO INTEGRAL CALCULATION
------------------------------------------------------------------------------

--------------
NDO PARAMETERS
--------------

Gamma integral treatment              ... Mataga-Nishimoto
Nuclear repulsuion treatment          ... Direct (ZA*ZB/RAB)
Interaction factors:
s-s (sigma) =    1.0000
s-p (sigma) =    1.0000
s-d (sigma) =    1.0000
p-p (sigma) =    1.2670  p-p(pi) =    0.5850
p-d (sigma) =    1.0000  p-d(pi) =    1.0000
d-d (sigma) =    1.0000  d-d(pi) =    1.0000 d-d (delta) =    1.0000

fGamma parameter for Mataga-Nishimoto gamma integrals:    1.2000

--------------------------
Parameters for Element H :
--------------------------
 One-electron parameters (in eV)
  U(s)  =   -13.060000 Beta(s) =    12.000000 Neff(s) =     1.000000
 One-center electron repulsion parameters (in eV)
  G(s,s)=    12.850000
--------------------------
Parameters for Element C :
--------------------------
 One-electron parameters (in eV)
  U(s)  =   -50.870766 Beta(s) =    17.000000 Neff(s) =     2.000000
  U(p)  =   -41.599980 Beta(p) =    17.000000 Neff(p) =     2.000000 
 One-center electron repulsion parameters (in eV)
  G(s,s)=    11.110000
  G(s,p)=    11.110000 G(p,p)  =    11.110000
 Slater-Condon parameters (in eV)
 F2(p,p)=     4.5098 G1(s,p)=    6.8977
--------------------------
Parameters for Element S :
--------------------------
 One-electron parameters (in eV)
  U(s)  =   -69.509597 Beta(s) =    15.000000 Neff(s) =     2.000000
  U(p)  =   -60.725746 Beta(p) =    15.000000 Neff(p) =     4.000000 
 One-center electron repulsion parameters (in eV)
  G(s,s)=    10.090000
  G(s,p)=    10.090000 G(p,p)  =    10.090000
 Slater-Condon parameters (in eV)
 F2(p,p)=     4.5377 G1(s,p)=    3.0756

 Number of atoms                    ....   27
 Number of basis functions          ....   60

 Overlap integrals                  .... done
 One electron matrix                .... done
 Nuclear repulsion                  .... done
 Integral list                      .... done
 Electron-electron repulsion        .... done
-------------------------------------------------------------------------------
                                 ORCA SCF
-------------------------------------------------------------------------------

------------
SCF SETTINGS
------------
Hamiltonian:
 ZDO-Hamiltonian        Method          .... INDO


General Settings:
 Integral files         IntName         .... /home/mattyjones/Software/morphct/tests/output_EZ/donor_polymer/chromophores/input_orca/single/00028
 Hartree-Fock type      HFTyp           .... RHF
 Total Charge           Charge          ....    0
 Multiplicity           Mult            ....    1
 Number of Electrons    NEL             ....   62
 Basis Dimension        Dim             ....   60
 Nuclear Repulsion      ENuc            ....    291.4338114754 Eh

Convergence Acceleration:
 DIIS                   CNVDIIS         .... on
   Start iteration      DIISMaxIt       ....    12
   Startup error        DIISStart       ....  0.200000
   # of expansion vecs  DIISMaxEq       ....     5
   Bias factor          DIISBfac        ....   1.050
   Max. coefficient     DIISMaxC        ....  10.000
 Newton-Raphson         CNVNR           .... off
 SOSCF                  CNVSOSCF        .... on
   Start iteration      SOSCFMaxIt      ....   150
   Startup grad/error   SOSCFStart      ....  0.003300
 Level Shifting         CNVShift        .... on
   Level shift para.    LevelShift      ....    0.2500
   Turn off err/grad.   ShiftErr        ....    0.0010
 Zerner damping         CNVZerner       .... off
 Static damping         CNVDamp         .... on
   Fraction old density DampFac         ....    0.7000
   Max. Damping (<1)    DampMax         ....    0.9800
   Min. Damping (>=0)   DampMin         ....    0.0000
   Turn off err/grad.   DampErr         ....    0.1000
 Fernandez-Rico         CNVRico         .... off

SCF Procedure:
 Maximum # iterations   MaxIter         ....   125
 SCF integral mode      SCFMode         .... Conventional
 Integral Buffer length BufferLength    .... 1048576
 Integral index format  IndFormat       ....     0
 Integral value format  ValFormat       ....     0
 Integral Storage       Thresh          ....  1.000e-08 Eh

Convergence Tolerance:
 Convergence Check Mode ConvCheckMode   .... Total+1el-Energy
 Convergence forced     ConvForced      .... 0
 Energy Change          TolE            ....  1.000e-06 Eh
 1-El. energy change                    ....  1.000e-03 Eh
 Orbital Gradient       TolG            ....  5.000e-05
 Orbital Rotation angle TolX            ....  5.000e-05
 DIIS Error             TolErr          ....  1.000e-06


Diagonalization of the overlap matrix:
Smallest eigenvalue                        ... 1.698e-01
Time for diagonalization                   ...    0.001 sec
Threshold for overlap eigenvalues          ... 1.000e-08
Number of eigenvalues below threshold      ... 0
Time for construction of square roots      ...    0.000 sec
Total time needed                          ...    0.001 sec

-------------------------------
INITIAL GUESS: EXTENDED HUECKEL
-------------------------------
EHT matrix was read from disk
EHT matrix was diagonalized
Initial density was built
                      ------------------
                      INITIAL GUESS DONE
                      ------------------

 InCore treatment chosen:
   Memory dedicated               ...    1024 MB
   Memory needed                  ...      0 MB
   Number of tiny    integrals    ...       0
   Number of small   integrals    ...       0
   Number of regular integrals    ...    1896

--------------
SCF ITERATIONS
--------------
ITER       Energy         Delta-E        Max-DP      RMS-DP      [F,P]     Damp
  0     -7.3889445039   0.000000000000 0.04133648  0.00203743  0.1102145 0.7000
  1     -7.4097665762  -0.020822072328 0.03928720  0.00191808  0.0754130 0.7000
                               ***Turning on DIIS***
  2     -7.4251688949  -0.015402318618 0.10040668  0.00492019  0.0460503 0.0000
  3     -7.4656823128  -0.040513417899 0.01838272  0.00101964  0.0208701 0.0000
  4     -7.4579579230   0.007724389751 0.01113007  0.00069922  0.0068900 0.0000
  5     -7.4664647948  -0.008506871767 0.00785550  0.00047367  0.0039782 0.0000
  6     -7.4677056497  -0.001240854881 0.00589701  0.00033672  0.0021391 0.0000
                      *** Initiating the SOSCF procedure ***
                           *** Shutting down DIIS ***
                      *** Re-Reading the Fockian *** 
                      *** Removing any level shift *** 
ITER      Energy       Delta-E        Grad      Rot      Max-DP    RMS-DP
  7     -7.46564372   0.0020619327  0.003014  0.003014  0.003502  0.000189
  8     -7.46466500   0.0009787211  0.000798  0.002186  0.001738  0.000087
  9     -7.46467213  -0.0000071320  0.000352  0.002134  0.001940  0.000092
 10     -7.46467473  -0.0000026033  0.000028  0.000065  0.000111  0.000005
                 **** Energy Check signals convergence ****
              ***Rediagonalizing the Fockian in SOSCF/NRSCF***

               *****************************************************
               *                     SUCCESS                       *
               *           SCF CONVERGED AFTER  11 CYCLES          *
               *****************************************************


----------------
TOTAL SCF ENERGY
----------------

Total Energy       :           -7.46467475 Eh            -203.12413 eV

Components:
Nuclear Repulsion  :          291.43381148 Eh            7930.31718 eV
Electronic Energy  :         -298.89848623 Eh           -8133.44131 eV
One Electron Energy:         -552.56071978 Eh          -15035.94160 eV
Two Electron Energy:          253.66223355 Eh            6902.50029 eV


---------------
SCF CONVERGENCE
---------------

  Last Energy change         ...   -2.2630e-08  Tolerance :   1.0000e-06
  Last MAX-Density change    ...    4.0634e-05  Tolerance :   1.0000e-05
  Last RMS-Density change    ...    1.8074e-06  Tolerance :   1.0000e-06
  Last Orbital Gradient      ...    7.9111e-06  Tolerance :   5.0000e-05
  Last Orbital Rotation      ...    1.9564e-05  Tolerance :   5.0000e-05

             **** THE GBW FILE WAS UPDATED (/home/mattyjones/Software/morphct/tests/output_EZ/donor_polymer/chromophores/input_orca/single/00028.gbw) ****
             **** DENSITY FILE WAS UPDATED (/home/mattyjones/Software/morphct/tests/output_EZ/donor_polymer/chromophores/input_orca/single/00028.scfp.tmp) ****
             **** ENERGY FILE WAS UPDATED (/home/mattyjones/Software/morphct/tests/output_EZ/donor_polymer/chromophores/input_orca/single/00028.en.tmp) ****
----------------
ORBITAL ENERGIES
----------------

  NO   OCC          E(Eh)            E(eV) 
   0   2.0000      -1.555845       -42.3367 
   1   2.0000      -1.407104       -38.2893 
   2   2.0000      -1.289079       -35.0776 
   3   2.0000      -1.179369       -32.0923 
   4   2.0000      -1.114482       -30.3266 
   5   2.0000      -1.033176       -28.1141 
   6   2.0000      -0.954410       -25.9708 
   7   2.0000      -0.923564       -25.1314 
   8   2.0000      -0.841351       -22.8943 
   9   2.0000      -0.831709       -22.6319 
  10   2.0000      -0.775760       -21.1095 
  11   2.0000      -0.724553       -19.7161 
  12   2.0000      -0.710617       -19.3369 
  13   2.0000      -0.673895       -18.3376 
  14   2.0000      -0.638201       -17.3663 
  15   2.0000      -0.623721       -16.9723 
  16   2.0000      -0.584455       -15.9038 
  17   2.0000      -0.578294       -15.7362 
  18   2.0000      -0.565438       -15.3864 
  19   2.0000      -0.548859       -14.9352 
  20   2.0000      -0.536480       -14.5984 
  21   2.0000      -0.523566       -14.2469 
  22   2.0000      -0.509836       -13.8733 
  23   2.0000      -0.491314       -13.3693 
  24   2.0000      -0.486008       -13.2250 
  25   2.0000      -0.480981       -13.0882 
  26   2.0000      -0.468958       -12.7610 
  27   2.0000      -0.465911       -12.6781 
  28   2.0000      -0.439174       -11.9505 
  29   2.0000      -0.357176        -9.7192 
  30   2.0000      -0.304843        -8.2952 
  31   0.0000       0.007785         0.2118 
  32   0.0000       0.070657         1.9227 
  33   0.0000       0.075570         2.0564 
  34   0.0000       0.089021         2.4224 
  35   0.0000       0.102928         2.8008 
  36   0.0000       0.107905         2.9362 
  37   0.0000       0.125528         3.4158 
  38   0.0000       0.141250         3.8436 
  39   0.0000       0.157772         4.2932 
  40   0.0000       0.164773         4.4837 
  41   0.0000       0.169334         4.6078 
  42   0.0000       0.204816         5.5733 
  43   0.0000       0.235276         6.4022 
  44   0.0000       0.236347         6.4313 
  45   0.0000       0.237239         6.4556 
  46   0.0000       0.240212         6.5365 
  47   0.0000       0.240672         6.5490 
  48   0.0000       0.244165         6.6441 
  49   0.0000       0.244310         6.6480 
  50   0.0000       0.256003         6.9662 
  51   0.0000       0.262202         7.1349 
  52   0.0000       0.267118         7.2687 
  53   0.0000       0.279940         7.6175 
  54   0.0000       0.302622         8.2348 
  55   0.0000       0.310163         8.4400 
  56   0.0000       0.338457         9.2099 
  57   0.0000       0.353422         9.6171 
  58   0.0000       0.413619        11.2551 
  59   0.0000       0.430245        11.7076 
-------
TIMINGS
-------

Total SCF time: 0 days 0 hours 0 min 0 sec 

Total time                  ....       0.106 sec
Sum of individual times     ....       0.054 sec  ( 50.4%)

Fock matrix formation       ....       0.038 sec  ( 35.7%)
Diagonalization             ....       0.008 sec  (  7.7%)
Density matrix formation    ....       0.000 sec  (  0.4%)
Population analysis         ....       0.000 sec  (  0.0%)
Initial guess               ....       0.001 sec  (  0.7%)
Orbital Transformation      ....       0.000 sec  (  0.0%)
Orbital Orthonormalization  ....       0.000 sec  (  0.0%)
DIIS solution               ....       0.002 sec  (  1.6%)
SOSCF solution              ....       0.004 sec  (  4.2%)

-------------------------   --------------------
FINAL SINGLE POINT ENERGY        -7.464674753833
-------------------------   --------------------


                            ***************************************
                            *     ORCA property calculations      *
                            ***************************************

                                    ---------------------
                                    Active property flags
                                    ---------------------
   (+) Dipole Moment


------------------------------------------------------------------------------
                       ORCA ELECTRIC PROPERTIES CALCULATION
------------------------------------------------------------------------------

Dipole Moment Calculation                       ... on
Quadrupole Moment Calculation                   ... off
Polarizability Calculation                      ... off
GBWName                                         ... /home/mattyjones/Software/morphct/tests/output_EZ/donor_polymer/chromophores/input_orca/single/00028.gbw
Electron density file                           ... /home/mattyjones/Software/morphct/tests/output_EZ/donor_polymer/chromophores/input_orca/single/00028.scfp.tmp
The origin for moment calculation is the CENTER OF MASS  = (-1.816183, -1.874301 -0.594493)

-------------
DIPOLE MOMENT
-------------
                                X             Y             Z
Electronic contribution:   -101.17438    -100.20524     -35.23740
Nuclear contribution   :     54.24709      54.13326      18.74242
                        -----------------------------------------
Total Dipole Moment    :    -46.92728     -46.07198     -16.49498
                        -----------------------------------------
Magnitude (a.u.)       :     67.80030
Magnitude (Debye)      :    172.33468


Timings for individual modules:

Sum of individual times         ...        0.181 sec (=   0.003 min)
STO integral calculation        ...        0.064 sec (=   0.001 min)  35.5 %
SCF iterations                  ...        0.117 sec (=   0.002 min)  64.5 %
                             ****ORCA TERMINATED NORMALLY****
TOTAL RUN TIME: 0 days 0 hours 0 minutes 0 seconds 438 msec

